Loading checkpoint shards:   0%|          | 0/2 [00:00<?, ?it/s]Loading checkpoint shards: 100%|██████████| 2/2 [00:00<00:00, 103.68it/s]
[1/111] global=222 correct=1 p_gold=0.6514
[2/111] global=223 correct=0 p_gold=0.0676
[3/111] global=224 correct=0 p_gold=0.0741
[4/111] global=225 correct=1 p_gold=0.1937
[5/111] global=226 correct=0 p_gold=0.0197
[6/111] global=227 correct=0 p_gold=0.0433
[7/111] global=228 correct=0 p_gold=0.0565
[8/111] global=229 correct=1 p_gold=0.1875
[9/111] global=230 correct=1 p_gold=0.3346
[10/111] global=231 correct=1 p_gold=0.2394
[11/111] global=232 correct=1 p_gold=0.4240
[12/111] global=233 correct=1 p_gold=0.3877
[13/111] global=234 correct=1 p_gold=0.3616
[14/111] global=235 correct=0 p_gold=0.0411
[15/111] global=236 correct=0 p_gold=0.0124
[16/111] global=237 correct=1 p_gold=0.2329
[17/111] global=238 correct=0 p_gold=0.0109
[18/111] global=239 correct=0 p_gold=0.0339
[19/111] global=240 correct=0 p_gold=0.0111
[20/111] global=241 correct=1 p_gold=0.1492
[21/111] global=242 correct=0 p_gold=0.0076
[22/111] global=243 correct=1 p_gold=0.1712
[23/111] global=244 correct=0 p_gold=0.0268
[24/111] global=245 correct=1 p_gold=0.4904
[25/111] global=246 correct=0 p_gold=0.0546
[26/111] global=247 correct=1 p_gold=0.6221
[27/111] global=248 correct=0 p_gold=0.1289
[28/111] global=249 correct=1 p_gold=0.5062
[29/111] global=250 correct=1 p_gold=0.6087
[30/111] global=251 correct=0 p_gold=0.0941
[31/111] global=252 correct=1 p_gold=0.4856
[32/111] global=253 correct=1 p_gold=0.5965
[33/111] global=254 correct=1 p_gold=0.8018
[34/111] global=255 correct=0 p_gold=0.0360
[35/111] global=256 correct=1 p_gold=0.1363
[36/111] global=257 correct=0 p_gold=0.0297
[37/111] global=258 correct=0 p_gold=0.0180
[38/111] global=259 correct=0 p_gold=0.0251
[39/111] global=260 correct=0 p_gold=0.0211
[40/111] global=261 correct=0 p_gold=0.0172
[41/111] global=262 correct=0 p_gold=0.0094
[42/111] global=263 correct=1 p_gold=0.4476
[43/111] global=264 correct=0 p_gold=0.0117
[44/111] global=265 correct=0 p_gold=0.0171
[45/111] global=266 correct=1 p_gold=0.3462
[46/111] global=267 correct=0 p_gold=0.0070
[47/111] global=268 correct=0 p_gold=0.0133
[48/111] global=269 correct=1 p_gold=0.2296
[49/111] global=270 correct=0 p_gold=0.0143
[50/111] global=271 correct=0 p_gold=0.0151
[51/111] global=272 correct=1 p_gold=0.2573
[52/111] global=273 correct=0 p_gold=0.0072
[53/111] global=274 correct=0 p_gold=0.1127
[54/111] global=275 correct=0 p_gold=0.2196
[55/111] global=276 correct=0 p_gold=0.0670
[56/111] global=277 correct=0 p_gold=0.1360
[57/111] global=278 correct=0 p_gold=0.0410
[58/111] global=279 correct=1 p_gold=0.1154
[59/111] global=280 correct=1 p_gold=0.2171
[60/111] global=281 correct=0 p_gold=0.0227
[61/111] global=282 correct=0 p_gold=0.0374
[62/111] global=283 correct=0 p_gold=0.0468
[63/111] global=284 correct=1 p_gold=0.1353
[64/111] global=285 correct=0 p_gold=0.0076
[65/111] global=286 correct=0 p_gold=0.0479
[66/111] global=287 correct=1 p_gold=0.3722
[67/111] global=288 correct=0 p_gold=0.0197
[68/111] global=289 correct=1 p_gold=0.4602
[69/111] global=290 correct=1 p_gold=0.4940
[70/111] global=291 correct=1 p_gold=0.2347
[71/111] global=292 correct=1 p_gold=0.2942
[72/111] global=293 correct=0 p_gold=0.0204
[73/111] global=294 correct=1 p_gold=0.6305
[74/111] global=295 correct=1 p_gold=0.5909
[75/111] global=296 correct=1 p_gold=0.6228
[76/111] global=297 correct=0 p_gold=0.0593
[77/111] global=298 correct=1 p_gold=0.1036
[78/111] global=299 correct=1 p_gold=0.2187
[79/111] global=300 correct=0 p_gold=0.0114
[80/111] global=301 correct=0 p_gold=0.0458
[81/111] global=302 correct=0 p_gold=0.0833
[82/111] global=303 correct=1 p_gold=0.2367
[83/111] global=304 correct=0 p_gold=0.0114
[84/111] global=305 correct=0 p_gold=0.0985
[85/111] global=306 correct=0 p_gold=0.0196
[86/111] global=307 correct=1 p_gold=0.2047
[87/111] global=308 correct=0 p_gold=0.1341
[88/111] global=309 correct=1 p_gold=0.3136
[89/111] global=310 correct=1 p_gold=0.3065
[90/111] global=311 correct=1 p_gold=0.4638
[91/111] global=312 correct=0 p_gold=0.0569
[92/111] global=313 correct=1 p_gold=0.7947
[93/111] global=314 correct=0 p_gold=0.0007
[94/111] global=315 correct=0 p_gold=0.0016
[95/111] global=316 correct=0 p_gold=0.0063
[96/111] global=317 correct=0 p_gold=0.0078
[97/111] global=318 correct=0 p_gold=0.0061
[98/111] global=319 correct=0 p_gold=0.0287
[99/111] global=320 correct=0 p_gold=0.0896
[100/111] global=321 correct=0 p_gold=0.1236
[101/111] global=322 correct=1 p_gold=0.7576
[102/111] global=323 correct=1 p_gold=0.6561
[103/111] global=324 correct=1 p_gold=0.6936
[104/111] global=325 correct=1 p_gold=0.4280
[105/111] global=326 correct=0 p_gold=0.2535
[106/111] global=327 correct=0 p_gold=0.0859
[107/111] global=328 correct=1 p_gold=0.4656
[108/111] global=329 correct=1 p_gold=0.2399
[109/111] global=330 correct=1 p_gold=0.5242
[110/111] global=331 correct=0 p_gold=0.0572
[111/111] global=332 correct=1 p_gold=0.5209
{
  "decision_file": "alfworld_expert_large/valid_seen.jsonl",
  "model_path": "seed_model",
  "tokenizer_path": "model",
  "condition_name": "seed_checkpoint_same_plain_prompt",
  "prompt_mode": "existing_plain_prompt",
  "decision_offset": 222,
  "evaluated_decisions": 111,
  "top1_accuracy": 0.45045045045045046,
  "mean_expert_probability": 0.20578491953432326,
  "mean_nll": 2.444305669651797
}
Loading checkpoint shards:   0%|          | 0/2 [00:00<?, ?it/s]Loading checkpoint shards: 100%|██████████| 2/2 [00:00<00:00, 105.38it/s]
[1/132] global=264 correct=0 p_gold=0.0363
[2/132] global=265 correct=0 p_gold=0.0364
[3/132] global=266 correct=0 p_gold=0.0263
[4/132] global=267 correct=0 p_gold=0.0838
[5/132] global=268 correct=0 p_gold=0.0153
[6/132] global=269 correct=0 p_gold=0.0126
[7/132] global=270 correct=0 p_gold=0.0129
[8/132] global=271 correct=0 p_gold=0.0150
[9/132] global=272 correct=1 p_gold=0.1530
[10/132] global=273 correct=0 p_gold=0.0066
[11/132] global=274 correct=0 p_gold=0.0336
[12/132] global=275 correct=0 p_gold=0.0311
[13/132] global=276 correct=1 p_gold=0.1580
[14/132] global=277 correct=0 p_gold=0.0041
[15/132] global=278 correct=0 p_gold=0.0148
[16/132] global=279 correct=0 p_gold=0.0380
[17/132] global=280 correct=0 p_gold=0.0024
[18/132] global=281 correct=0 p_gold=0.0069
[19/132] global=282 correct=1 p_gold=0.1310
[20/132] global=283 correct=0 p_gold=0.0031
[21/132] global=284 correct=0 p_gold=0.0073
[22/132] global=285 correct=0 p_gold=0.1114
[23/132] global=286 correct=0 p_gold=0.0025
[24/132] global=287 correct=0 p_gold=0.0811
[25/132] global=288 correct=0 p_gold=0.0325
[26/132] global=289 correct=0 p_gold=0.0262
[27/132] global=290 correct=0 p_gold=0.0305
[28/132] global=291 correct=1 p_gold=0.1545
[29/132] global=292 correct=1 p_gold=0.3941
[30/132] global=293 correct=0 p_gold=0.1470
[31/132] global=294 correct=1 p_gold=0.5137
[32/132] global=295 correct=1 p_gold=0.2006
[33/132] global=296 correct=1 p_gold=0.5696
[34/132] global=297 correct=0 p_gold=0.0900
[35/132] global=298 correct=1 p_gold=0.1250
[36/132] global=299 correct=1 p_gold=0.3390
[37/132] global=300 correct=0 p_gold=0.0223
[38/132] global=301 correct=0 p_gold=0.0229
[39/132] global=302 correct=1 p_gold=0.2844
[40/132] global=303 correct=0 p_gold=0.0267
[41/132] global=304 correct=0 p_gold=0.0180
[42/132] global=305 correct=1 p_gold=0.2767
[43/132] global=306 correct=0 p_gold=0.0249
[44/132] global=307 correct=1 p_gold=0.0901
[45/132] global=308 correct=0 p_gold=0.0292
[46/132] global=309 correct=0 p_gold=0.0260
[47/132] global=310 correct=1 p_gold=0.4047
[48/132] global=311 correct=0 p_gold=0.1227
[49/132] global=312 correct=1 p_gold=0.6822
[50/132] global=313 correct=1 p_gold=0.4385
[51/132] global=314 correct=1 p_gold=0.7230
[52/132] global=315 correct=1 p_gold=0.5893
[53/132] global=316 correct=0 p_gold=0.0153
[54/132] global=317 correct=0 p_gold=0.0630
[55/132] global=318 correct=0 p_gold=0.0387
[56/132] global=319 correct=0 p_gold=0.0427
[57/132] global=320 correct=0 p_gold=0.0311
[58/132] global=321 correct=0 p_gold=0.0769
[59/132] global=322 correct=0 p_gold=0.0125
[60/132] global=323 correct=0 p_gold=0.0182
[61/132] global=324 correct=0 p_gold=0.0176
[62/132] global=325 correct=0 p_gold=0.0384
[63/132] global=326 correct=1 p_gold=0.1569
[64/132] global=327 correct=0 p_gold=0.0149
[65/132] global=328 correct=0 p_gold=0.0449
[66/132] global=329 correct=0 p_gold=0.0264
[67/132] global=330 correct=1 p_gold=0.2290
[68/132] global=331 correct=0 p_gold=0.0100
[69/132] global=332 correct=0 p_gold=0.0112
[70/132] global=333 correct=1 p_gold=0.1483
[71/132] global=334 correct=0 p_gold=0.0061
[72/132] global=335 correct=0 p_gold=0.0080
[73/132] global=336 correct=1 p_gold=0.1896
[74/132] global=337 correct=0 p_gold=0.0043
[75/132] global=338 correct=0 p_gold=0.0061
[76/132] global=339 correct=1 p_gold=0.1776
[77/132] global=340 correct=0 p_gold=0.0056
[78/132] global=341 correct=1 p_gold=0.1184
[79/132] global=342 correct=0 p_gold=0.0368
[80/132] global=343 correct=1 p_gold=0.3764
[81/132] global=344 correct=1 p_gold=0.2180
[82/132] global=345 correct=1 p_gold=0.6404
[83/132] global=346 correct=1 p_gold=0.6121
[84/132] global=347 correct=1 p_gold=0.5464
[85/132] global=348 correct=0 p_gold=0.0631
[86/132] global=349 correct=0 p_gold=0.0955
[87/132] global=350 correct=1 p_gold=0.1876
[88/132] global=351 correct=0 p_gold=0.0160
[89/132] global=352 correct=1 p_gold=0.0994
[90/132] global=353 correct=0 p_gold=0.0705
[91/132] global=354 correct=1 p_gold=0.2185
[92/132] global=355 correct=0 p_gold=0.0059
[93/132] global=356 correct=0 p_gold=0.0628
[94/132] global=357 correct=1 p_gold=0.2290
[95/132] global=358 correct=1 p_gold=0.2710
[96/132] global=359 correct=1 p_gold=0.2794
[97/132] global=360 correct=1 p_gold=0.6654
[98/132] global=361 correct=1 p_gold=0.6005
[99/132] global=362 correct=0 p_gold=0.0319
[100/132] global=363 correct=0 p_gold=0.0205
[101/132] global=364 correct=1 p_gold=0.8691
[102/132] global=365 correct=1 p_gold=0.8532
[103/132] global=366 correct=1 p_gold=0.8666
[104/132] global=367 correct=0 p_gold=0.0245
[105/132] global=368 correct=0 p_gold=0.0251
[106/132] global=369 correct=1 p_gold=0.8270
[107/132] global=370 correct=1 p_gold=0.5535
[108/132] global=371 correct=1 p_gold=0.7336
[109/132] global=372 correct=1 p_gold=0.6593
[110/132] global=373 correct=0 p_gold=0.0607
[111/132] global=374 correct=0 p_gold=0.0231
[112/132] global=375 correct=0 p_gold=0.0140
[113/132] global=376 correct=0 p_gold=0.0043
[114/132] global=377 correct=0 p_gold=0.0015
[115/132] global=378 correct=0 p_gold=0.0209
[116/132] global=379 correct=0 p_gold=0.0212
[117/132] global=380 correct=1 p_gold=0.4888
[118/132] global=381 correct=0 p_gold=0.0046
[119/132] global=382 correct=0 p_gold=0.0200
[120/132] global=383 correct=0 p_gold=0.0093
[121/132] global=384 correct=0 p_gold=0.0302
[122/132] global=385 correct=0 p_gold=0.0022
[123/132] global=386 correct=0 p_gold=0.0132
[124/132] global=387 correct=0 p_gold=0.0115
[125/132] global=388 correct=0 p_gold=0.2682
[126/132] global=389 correct=0 p_gold=0.0045
[127/132] global=390 correct=0 p_gold=0.0106
[128/132] global=391 correct=0 p_gold=0.0139
[129/132] global=392 correct=1 p_gold=0.4039
[130/132] global=393 correct=0 p_gold=0.0038
[131/132] global=394 correct=1 p_gold=0.5282
[132/132] global=395 correct=0 p_gold=0.0310
{
  "decision_file": "alfworld_expert_large/valid_unseen.jsonl",
  "model_path": "seed_model",
  "tokenizer_path": "model",
  "condition_name": "seed_checkpoint_same_plain_prompt",
  "prompt_mode": "existing_plain_prompt",
  "decision_offset": 264,
  "evaluated_decisions": 132,
  "top1_accuracy": 0.3560606060606061,
  "mean_expert_probability": 0.16430288856535105,
  "mean_nll": 2.9410412120763993
}
