Loading checkpoint shards:   0%|          | 0/2 [00:00<?, ?it/s]Loading checkpoint shards:  50%|█████     | 1/2 [00:04<00:04,  4.88s/it]Loading checkpoint shards: 100%|██████████| 2/2 [00:07<00:00,  3.32s/it]Loading checkpoint shards: 100%|██████████| 2/2 [00:07<00:00,  3.56s/it]
cached source 171
cached source 195
cached source 407
cached source 65
cached source 238
cached source 21
cached source 264
cached source 226
cached source 421
cached source 146
cached source 389
cached source 51
cached transfer_validation 285
cached transfer_validation 304
cached transfer_validation 134
cached same_skill_holdout 88
cached same_skill_holdout 432
cached same_skill_holdout 116
cached harm_validation 209
cached harm_validation 362
cached harm_validation 251
cached protection_test 323
cached protection_test 319
cached protection_test 440
strategy mean12 complete
strategy cosine_purified complete
strategy transfer_weighted complete
strategy transfer_harm_weighted complete
wrote outputs/output_gradient_self_evolution/evolution_close_seed_20260921.json
