Loading checkpoint shards:   0%|          | 0/2 [00:00<?, ?it/s]Loading checkpoint shards:  50%|█████     | 1/2 [00:05<00:05,  5.30s/it]Loading checkpoint shards: 100%|██████████| 2/2 [00:06<00:00,  3.03s/it]Loading checkpoint shards: 100%|██████████| 2/2 [00:06<00:00,  3.37s/it]
cached source 21
cached source 226
cached source 130
cached source 421
cached source 189
cached source 162
cached source 88
cached source 238
cached source 65
cached source 273
cached source 407
cached source 432
cached transfer_validation 48
cached transfer_validation 146
cached transfer_validation 383
cached same_skill_holdout 281
cached same_skill_holdout 116
cached same_skill_holdout 300
cached harm_validation 205
cached harm_validation 358
cached harm_validation 96
cached protection_test 443
cached protection_test 397
cached protection_test 250
cached protection_test 56
cached protection_test 317
cached protection_test 212
cached protection_test 83
cached protection_test 295
cached protection_test 326
cached heldout_feedback 242
candidate search rank=1/6
candidate search rank=2/6
candidate search rank=3/6
candidate search rank=4/6
candidate search rank=5/6
candidate search rank=6/6
evaluating 814 unique directions/doses
evaluated panel 1/30
evaluated panel 2/30
evaluated panel 3/30
evaluated panel 4/30
evaluated panel 5/30
evaluated panel 6/30
evaluated panel 7/30
evaluated panel 8/30
evaluated panel 9/30
evaluated panel 10/30
evaluated panel 11/30
evaluated panel 12/30
evaluated panel 13/30
evaluated panel 14/30
evaluated panel 15/30
evaluated panel 16/30
evaluated panel 17/30
evaluated panel 18/30
evaluated panel 19/30
evaluated panel 20/30
evaluated panel 21/30
evaluated panel 22/30
evaluated panel 23/30
evaluated panel 24/30
evaluated panel 25/30
evaluated panel 26/30
evaluated panel 27/30
evaluated panel 28/30
evaluated panel 29/30
evaluated panel 30/30
wrote outputs/output_gradient_self_evolution/repair_space_seed_20260904.json and outputs/output_gradient_self_evolution/repair_space_seed_20260904.npz
