Loading checkpoint shards:   0%|          | 0/2 [00:00<?, ?it/s]Loading checkpoint shards:  50%|█████     | 1/2 [00:04<00:04,  4.44s/it]Loading checkpoint shards: 100%|██████████| 2/2 [00:07<00:00,  3.41s/it]Loading checkpoint shards: 100%|██████████| 2/2 [00:07<00:00,  3.57s/it]
cached source 21
cached source 226
cached source 130
cached source 421
cached source 189
cached source 162
cached source 88
cached source 238
cached source 65
cached source 273
cached source 407
cached source 432
cached transfer_validation 48
cached transfer_validation 146
cached transfer_validation 383
cached same_skill_holdout 281
cached same_skill_holdout 116
cached same_skill_holdout 300
cached harm_validation 205
cached harm_validation 358
cached harm_validation 96
cached protection_test 443
cached protection_test 397
cached protection_test 250
cached protection_test 56
cached protection_test 317
cached protection_test 212
cached protection_test 83
cached protection_test 295
cached protection_test 326
tomography K=1/12 complete
tomography K=2/12 complete
tomography K=3/12 complete
tomography K=4/12 complete
tomography K=5/12 complete
tomography K=6/12 complete
tomography K=7/12 complete
tomography K=8/12 complete
tomography K=9/12 complete
tomography K=10/12 complete
tomography K=11/12 complete
tomography K=12/12 complete
wrote outputs/output_gradient_self_evolution/scope_tomography_seed_20260904.json and outputs/output_gradient_self_evolution/scope_tomography_seed_20260904.npz
