Loading checkpoint shards:   0%|          | 0/2 [00:00<?, ?it/s]Loading checkpoint shards:  50%|█████     | 1/2 [00:05<00:05,  5.20s/it]Loading checkpoint shards: 100%|██████████| 2/2 [00:07<00:00,  3.47s/it]Loading checkpoint shards: 100%|██████████| 2/2 [00:07<00:00,  3.73s/it]
cached source 171
cached source 195
cached source 407
cached source 65
cached source 238
cached source 21
cached source 264
cached source 226
cached source 421
cached source 146
cached source 389
cached source 51
cached transfer_validation 285
cached transfer_validation 304
cached transfer_validation 134
cached same_skill_holdout 88
cached same_skill_holdout 432
cached same_skill_holdout 116
cached harm_validation 209
cached harm_validation 362
cached harm_validation 251
cached protection_test 323
cached protection_test 319
cached protection_test 440
cached protection_test 79
cached protection_test 220
cached protection_test 60
cached protection_test 396
cached protection_test 293
cached protection_test 205
tomography K=1/12 complete
tomography K=2/12 complete
tomography K=3/12 complete
tomography K=4/12 complete
tomography K=5/12 complete
tomography K=6/12 complete
tomography K=7/12 complete
tomography K=8/12 complete
tomography K=9/12 complete
tomography K=10/12 complete
tomography K=11/12 complete
tomography K=12/12 complete
wrote outputs/output_gradient_self_evolution/scope_tomography_seed_20260921.json and outputs/output_gradient_self_evolution/scope_tomography_seed_20260921.npz
