Loading checkpoint shards:   0%|          | 0/2 [00:00<?, ?it/s]Loading checkpoint shards:  50%|█████     | 1/2 [00:05<00:05,  5.08s/it]Loading checkpoint shards: 100%|██████████| 2/2 [00:07<00:00,  3.56s/it]Loading checkpoint shards: 100%|██████████| 2/2 [00:07<00:00,  3.79s/it]
cached source 65
cached source 189
cached source 242
cached source 12
cached source 407
cached source 424
cached source 264
cached source 285
cached source 159
cached source 109
cached source 51
cached source 432
cached transfer_validation 130
cached transfer_validation 389
cached transfer_validation 146
cached same_skill_holdout 304
cached same_skill_holdout 88
cached same_skill_holdout 226
cached harm_validation 363
cached harm_validation 214
cached harm_validation 329
cached protection_test 205
cached protection_test 222
cached protection_test 295
cached protection_test 312
cached protection_test 84
cached protection_test 252
cached protection_test 399
cached protection_test 56
cached protection_test 323
tomography K=1/12 complete
tomography K=2/12 complete
tomography K=3/12 complete
tomography K=4/12 complete
tomography K=5/12 complete
tomography K=6/12 complete
tomography K=7/12 complete
tomography K=8/12 complete
tomography K=9/12 complete
tomography K=10/12 complete
tomography K=11/12 complete
tomography K=12/12 complete
wrote outputs/output_gradient_self_evolution/scope_tomography_seed_20260938.json and outputs/output_gradient_self_evolution/scope_tomography_seed_20260938.npz
