Loading checkpoint shards:   0%|          | 0/2 [00:00<?, ?it/s]Loading checkpoint shards:  50%|█████     | 1/2 [00:04<00:04,  4.82s/it]Loading checkpoint shards: 100%|██████████| 2/2 [00:07<00:00,  3.36s/it]Loading checkpoint shards: 100%|██████████| 2/2 [00:07<00:00,  3.58s/it]
cached source 21
cached source 226
cached source 130
cached source 421
cached source 189
cached source 162
cached source 88
cached source 238
cached source 65
cached source 273
cached source 407
cached source 432
cached transfer_validation 48
cached transfer_validation 146
cached transfer_validation 383
cached same_skill_holdout 281
cached same_skill_holdout 116
cached same_skill_holdout 300
cached harm_validation 205
cached harm_validation 358
cached harm_validation 96
cached protection_test 443
cached protection_test 397
cached protection_test 250
cached protection_test 56
cached protection_test 317
cached protection_test 212
cached protection_test 83
cached protection_test 295
cached protection_test 326
cached heldout_feedback_auxiliary 186
cached heldout_feedback_auxiliary 15
cached heldout_feedback_auxiliary 109
cached heldout_feedback_auxiliary 264
cached heldout_feedback_auxiliary 165
cached heldout_feedback_auxiliary 42
cached heldout_feedback_auxiliary 242
cached heldout_feedback_auxiliary 134
cached heldout_feedback_auxiliary 285
cached heldout_feedback_auxiliary 296
cached heldout_feedback_auxiliary 348
cached heldout_feedback_auxiliary 398
source 1/18 complete
source 2/18 complete
source 3/18 complete
source 4/18 complete
source 5/18 complete
source 6/18 complete
source 7/18 complete
source 8/18 complete
source 9/18 complete
source 10/18 complete
source 11/18 complete
source 12/18 complete
source 13/18 complete
source 14/18 complete
source 15/18 complete
source 16/18 complete
source 17/18 complete
source 18/18 complete
wrote outputs/output_gradient_self_evolution/scope_topology_seed_20260904.json and outputs/output_gradient_self_evolution/scope_topology_seed_20260904.npz
