Loading checkpoint shards:   0%|          | 0/2 [00:00<?, ?it/s]Loading checkpoint shards: 100%|██████████| 2/2 [00:00<00:00, 103.94it/s]
Loading checkpoint shards:   0%|          | 0/2 [00:00<?, ?it/s]Loading checkpoint shards: 100%|██████████| 2/2 [00:00<00:00, 31.12it/s]
[1/111] split=valid_seen global=0 nodes=34 score_error=(1.91e-07,2.13e-07)
[2/111] split=valid_seen global=4 nodes=40 score_error=(2.41e-07,2.23e-07)
[3/111] split=valid_seen global=8 nodes=40 score_error=(2.86e-07,2.62e-07)
[4/111] split=valid_seen global=12 nodes=52 score_error=(2.04e-07,1.82e-07)
[5/111] split=valid_seen global=16 nodes=40 score_error=(1.17e-07,1.89e-07)
[6/111] split=valid_seen global=20 nodes=40 score_error=(3.38e-07,1.91e-07)
[7/111] split=valid_seen global=24 nodes=47 score_error=(3.58e-07,2.29e-07)
[8/111] split=valid_seen global=28 nodes=23 score_error=(2.62e-07,4.29e-07)
[9/111] split=valid_seen global=32 nodes=29 score_error=(3.8e-07,2.86e-07)
[10/111] split=valid_seen global=36 nodes=29 score_error=(1.47e-07,1.79e-07)
[11/111] split=valid_seen global=40 nodes=29 score_error=(1.89e-07,1.68e-07)
[12/111] split=valid_seen global=44 nodes=29 score_error=(2.78e-07,9.92e-08)
[13/111] split=valid_seen global=48 nodes=32 score_error=(1.86e-07,1.49e-07)
[14/111] split=valid_seen global=52 nodes=29 score_error=(1.83e-07,1.94e-07)
[15/111] split=valid_seen global=56 nodes=32 score_error=(2.38e-07,4.05e-07)
[16/111] split=valid_seen global=60 nodes=42 score_error=(3.77e-07,2.58e-07)
[17/111] split=valid_seen global=64 nodes=41 score_error=(3.7e-07,2.38e-07)
[18/111] split=valid_seen global=68 nodes=52 score_error=(3.28e-07,3.81e-07)
[19/111] split=valid_seen global=72 nodes=36 score_error=(3.18e-07,1.45e-07)
[20/111] split=valid_seen global=76 nodes=58 score_error=(3.81e-07,1.56e-07)
[21/111] split=valid_seen global=80 nodes=47 score_error=(5.01e-07,5.01e-07)
[22/111] split=valid_seen global=84 nodes=56 score_error=(3.81e-07,4.47e-07)
[23/111] split=valid_seen global=88 nodes=41 score_error=(3.97e-07,1.94e-07)
[24/111] split=valid_seen global=92 nodes=50 score_error=(4.17e-07,7.15e-07)
[25/111] split=valid_seen global=96 nodes=85 score_error=(7.63e-07,4.09e-07)
[26/111] split=valid_seen global=100 nodes=37 score_error=(1.67e-07,1.36e-07)
[27/111] split=valid_seen global=104 nodes=42 score_error=(7.75e-08,2.3e-07)
[28/111] split=valid_seen global=108 nodes=41 score_error=(4.77e-07,2.05e-07)
[29/111] split=valid_seen global=112 nodes=41 score_error=(3.81e-07,2.38e-07)
[30/111] split=valid_seen global=116 nodes=64 score_error=(2.54e-07,2.68e-07)
[31/111] split=valid_seen global=120 nodes=70 score_error=(1.79e-07,1.88e-07)
[32/111] split=valid_seen global=124 nodes=50 score_error=(2.86e-07,3.1e-07)
[33/111] split=valid_seen global=128 nodes=46 score_error=(3.93e-07,2.04e-07)
[34/111] split=valid_seen global=132 nodes=37 score_error=(4.3e-07,1.15e-07)
[35/111] split=valid_seen global=136 nodes=112 score_error=(5.56e-07,5.96e-07)
[36/111] split=valid_seen global=140 nodes=49 score_error=(4.29e-07,4.5e-07)
[37/111] split=valid_seen global=144 nodes=56 score_error=(5.57e-07,3.33e-07)
[38/111] split=valid_seen global=148 nodes=86 score_error=(3.76e-07,4.77e-07)
[39/111] split=valid_seen global=152 nodes=49 score_error=(5.18e-07,4.05e-07)
[40/111] split=valid_seen global=156 nodes=34 score_error=(1.66e-07,1.68e-07)
[41/111] split=valid_seen global=160 nodes=40 score_error=(3.04e-07,1.57e-07)
[42/111] split=valid_seen global=164 nodes=40 score_error=(2.86e-07,1.67e-07)
[43/111] split=valid_seen global=168 nodes=40 score_error=(1.19e-07,1.4e-07)
[44/111] split=valid_seen global=172 nodes=40 score_error=(1.85e-07,1.38e-07)
[45/111] split=valid_seen global=176 nodes=132 score_error=(2.69e-07,2.5e-07)
[46/111] split=valid_seen global=180 nodes=47 score_error=(3.58e-07,3.36e-07)
[47/111] split=valid_seen global=184 nodes=24 score_error=(1.91e-07,6.68e-07)
[48/111] split=valid_seen global=188 nodes=22 score_error=(4.77e-07,1.43e-07)
[49/111] split=valid_seen global=192 nodes=29 score_error=(5.72e-07,1.79e-07)
[50/111] split=valid_seen global=196 nodes=22 score_error=(3.62e-07,2.74e-07)
[51/111] split=valid_seen global=200 nodes=29 score_error=(3.1e-07,1.19e-07)
[52/111] split=valid_seen global=204 nodes=68 score_error=(3.41e-07,5.75e-07)
[53/111] split=valid_seen global=208 nodes=75 score_error=(1.19e-07,3.06e-07)
[54/111] split=valid_seen global=212 nodes=51 score_error=(2.62e-07,6.91e-07)
[55/111] split=valid_seen global=216 nodes=48 score_error=(7.63e-07,3.52e-07)
[56/111] split=valid_seen global=220 nodes=61 score_error=(4.53e-07,6.91e-07)
[57/111] split=valid_seen global=224 nodes=61 score_error=(4.34e-07,1.55e-07)
[58/111] split=valid_seen global=228 nodes=53 score_error=(4.5e-07,1.25e-07)
[59/111] split=valid_seen global=232 nodes=48 score_error=(5.96e-07,4.53e-07)
[60/111] split=valid_seen global=236 nodes=33 score_error=(2.48e-07,1.91e-07)
[61/111] split=valid_seen global=240 nodes=50 score_error=(4.53e-07,2.67e-07)
[62/111] split=valid_seen global=244 nodes=64 score_error=(4.29e-07,1.19e-07)
[63/111] split=valid_seen global=248 nodes=45 score_error=(7.15e-07,4.05e-07)
[64/111] split=valid_seen global=252 nodes=55 score_error=(2.86e-07,4.53e-07)
[65/111] split=valid_seen global=256 nodes=52 score_error=(2.98e-07,1.31e-07)
[66/111] split=valid_seen global=260 nodes=25 score_error=(1.39e-07,1.66e-07)
[67/111] split=valid_seen global=264 nodes=30 score_error=(3.34e-07,2.86e-07)
[68/111] split=valid_seen global=268 nodes=30 score_error=(2.06e-07,1.43e-07)
[69/111] split=valid_seen global=272 nodes=30 score_error=(3.18e-07,1.67e-07)
[70/111] split=valid_seen global=276 nodes=35 score_error=(3.34e-07,2.37e-07)
[71/111] split=valid_seen global=280 nodes=40 score_error=(4.57e-07,2.15e-07)
[72/111] split=valid_seen global=284 nodes=40 score_error=(6.44e-07,2.15e-07)
[73/111] split=valid_seen global=288 nodes=47 score_error=(3.66e-07,3.33e-07)
[74/111] split=valid_seen global=292 nodes=56 score_error=(6.44e-07,4.29e-07)
[75/111] split=valid_seen global=296 nodes=32 score_error=(5.56e-07,5.63e-07)
[76/111] split=valid_seen global=300 nodes=36 score_error=(2.71e-07,1.21e-07)
[77/111] split=valid_seen global=304 nodes=61 score_error=(4.53e-07,2.59e-07)
[78/111] split=valid_seen global=308 nodes=46 score_error=(2.99e-07,3.8e-07)
[79/111] split=valid_seen global=312 nodes=16 score_error=(3.1e-07,2.86e-07)
[80/111] split=valid_seen global=316 nodes=30 score_error=(4.77e-07,2.62e-07)
[81/111] split=valid_seen global=320 nodes=37 score_error=(2.15e-07,3.18e-07)
[82/111] split=valid_seen global=324 nodes=44 score_error=(5.96e-07,3.57e-07)
[83/111] split=valid_seen global=328 nodes=59 score_error=(4.37e-07,2.38e-07)
[84/111] split=valid_seen global=332 nodes=55 score_error=(3.97e-07,2.18e-07)
[85/111] split=valid_seen global=336 nodes=62 score_error=(2.13e-07,2.86e-07)
[86/111] split=valid_seen global=340 nodes=70 score_error=(3.58e-07,3.58e-07)
[87/111] split=valid_seen global=344 nodes=54 score_error=(2.69e-07,4.47e-07)
[88/111] split=valid_seen global=348 nodes=54 score_error=(4.24e-07,2.55e-07)
[89/111] split=valid_seen global=352 nodes=54 score_error=(2.47e-07,2.98e-07)
[90/111] split=valid_seen global=356 nodes=51 score_error=(7.63e-07,2.03e-07)
[91/111] split=valid_seen global=360 nodes=48 score_error=(2.8e-07,3.64e-07)
[92/111] split=valid_seen global=364 nodes=35 score_error=(3.1e-07,1.9e-07)
[93/111] split=valid_seen global=368 nodes=49 score_error=(3.81e-07,1.33e-07)
[94/111] split=valid_seen global=372 nodes=41 score_error=(1.57e-07,1.7e-07)
[95/111] split=valid_seen global=376 nodes=39 score_error=(4.38e-07,1.18e-07)
[96/111] split=valid_seen global=380 nodes=66 score_error=(2.8e-07,1.6e-07)
[97/111] split=valid_seen global=384 nodes=41 score_error=(2.15e-07,2.11e-07)
[98/111] split=valid_seen global=388 nodes=41 score_error=(1.91e-07,1.43e-07)
[99/111] split=valid_seen global=392 nodes=49 score_error=(2.8e-07,2.86e-07)
[100/111] split=valid_seen global=396 nodes=31 score_error=(2.15e-07,1.77e-07)
[101/111] split=valid_seen global=400 nodes=35 score_error=(3.34e-07,9.3e-08)
[102/111] split=valid_seen global=404 nodes=39 score_error=(3.72e-07,1.1e-07)
[103/111] split=valid_seen global=408 nodes=39 score_error=(3.21e-07,1.37e-07)
[104/111] split=valid_seen global=412 nodes=48 score_error=(5.72e-07,2.68e-07)
[105/111] split=valid_seen global=416 nodes=52 score_error=(3.9e-07,3.34e-07)
[106/111] split=valid_seen global=420 nodes=34 score_error=(3.58e-07,1.88e-07)
[107/111] split=valid_seen global=424 nodes=49 score_error=(2.09e-07,2.54e-07)
[108/111] split=valid_seen global=428 nodes=38 score_error=(6.68e-07,4.44e-07)
[109/111] split=valid_seen global=432 nodes=43 score_error=(4.77e-07,2.71e-07)
[110/111] split=valid_seen global=436 nodes=45 score_error=(4.29e-07,4.77e-07)
[111/111] split=valid_seen global=440 nodes=33 score_error=(2.91e-07,1.36e-07)
{
  "decision_file": "/data/user/agent_self_evolution_gradient/data/alfworld_expert_large/valid_seen.jsonl",
  "value_trace": "/data/user/agent_self_evolution_gradient/outputs/action_value_alignment/analysis/trace.jsonl",
  "base_model": "/data/user/agent_self_evolution_gradient/model",
  "seed_model": "/data/user/agent_self_evolution_gradient/seed_model",
  "tokenizer_path": "/data/user/agent_self_evolution_gradient/model",
  "output_dir": "/data/user/agent_self_evolution_gradient/outputs/token_value_alignment/valid_seen_shard_0",
  "device": "cuda:0",
  "split": "valid_seen",
  "shard_index": 0,
  "num_shards": 4,
  "batch_size": 4,
  "max_length": 1536,
  "history_window": 3,
  "top_k_movers": 12,
  "max_decisions": -1,
  "resume": true,
  "selected_decisions": 111,
  "previously_completed": 0,
  "newly_completed": 111,
  "trace_rows": 111,
  "tokenizer_class": "Qwen2TokenizerFast",
  "vocabulary_size": 151665,
  "dtype": "torch.bfloat16"
}
Loading checkpoint shards:   0%|          | 0/2 [00:00<?, ?it/s]Loading checkpoint shards: 100%|██████████| 2/2 [00:00<00:00, 106.40it/s]
Loading checkpoint shards:   0%|          | 0/2 [00:00<?, ?it/s]Loading checkpoint shards: 100%|██████████| 2/2 [00:00<00:00, 26.50it/s]
[1/132] split=valid_unseen global=0 nodes=33 score_error=(2.38e-07,1.39e-07)
[2/132] split=valid_unseen global=4 nodes=52 score_error=(3.41e-07,4.29e-07)
[3/132] split=valid_unseen global=8 nodes=45 score_error=(2.05e-07,1.9e-07)
[4/132] split=valid_unseen global=12 nodes=38 score_error=(3.67e-07,2.03e-07)
[5/132] split=valid_unseen global=16 nodes=43 score_error=(2.41e-07,2.15e-07)
[6/132] split=valid_unseen global=20 nodes=52 score_error=(1.81e-07,2.15e-07)
[7/132] split=valid_unseen global=24 nodes=47 score_error=(4.53e-07,3.18e-07)
[8/132] split=valid_unseen global=28 nodes=47 score_error=(5.01e-07,4.48e-07)
[9/132] split=valid_unseen global=32 nodes=35 score_error=(6.44e-07,5.01e-07)
[10/132] split=valid_unseen global=36 nodes=41 score_error=(6.56e-07,3.1e-07)
[11/132] split=valid_unseen global=40 nodes=25 score_error=(1.67e-07,2.15e-07)
[12/132] split=valid_unseen global=44 nodes=28 score_error=(1.65e-07,1.28e-07)
[13/132] split=valid_unseen global=48 nodes=28 score_error=(1.84e-07,2.54e-07)
[14/132] split=valid_unseen global=52 nodes=28 score_error=(2.44e-07,2.62e-07)
[15/132] split=valid_unseen global=56 nodes=29 score_error=(4.53e-07,4.05e-07)
[16/132] split=valid_unseen global=60 nodes=35 score_error=(5.72e-07,3.03e-07)
[17/132] split=valid_unseen global=64 nodes=30 score_error=(7.39e-07,4.06e-07)
[18/132] split=valid_unseen global=68 nodes=34 score_error=(2.84e-07,1.85e-07)
[19/132] split=valid_unseen global=72 nodes=47 score_error=(3.81e-07,1.34e-07)
[20/132] split=valid_unseen global=76 nodes=43 score_error=(2.85e-07,2.06e-07)
[21/132] split=valid_unseen global=80 nodes=58 score_error=(4e-07,2.25e-07)
[22/132] split=valid_unseen global=84 nodes=46 score_error=(2.38e-07,4.66e-07)
[23/132] split=valid_unseen global=88 nodes=34 score_error=(2.38e-07,1.28e-07)
[24/132] split=valid_unseen global=92 nodes=47 score_error=(1.91e-07,1.39e-07)
[25/132] split=valid_unseen global=96 nodes=43 score_error=(2.55e-07,1e-07)
[26/132] split=valid_unseen global=100 nodes=58 score_error=(3.81e-07,2.14e-07)
[27/132] split=valid_unseen global=104 nodes=46 score_error=(2.81e-07,2.15e-07)
[28/132] split=valid_unseen global=108 nodes=34 score_error=(1.58e-07,2.56e-07)
[29/132] split=valid_unseen global=112 nodes=47 score_error=(3.34e-07,1.41e-07)
[30/132] split=valid_unseen global=116 nodes=36 score_error=(2.91e-07,1.8e-07)
[31/132] split=valid_unseen global=120 nodes=63 score_error=(3.59e-07,2.12e-07)
[32/132] split=valid_unseen global=124 nodes=39 score_error=(5.01e-07,3.34e-07)
[33/132] split=valid_unseen global=128 nodes=39 score_error=(1.7e-07,1.52e-07)
[34/132] split=valid_unseen global=132 nodes=39 score_error=(2.63e-07,2.39e-07)
[35/132] split=valid_unseen global=136 nodes=46 score_error=(4.16e-07,2.98e-07)
[36/132] split=valid_unseen global=140 nodes=32 score_error=(4.77e-07,4.29e-07)
[37/132] split=valid_unseen global=144 nodes=37 score_error=(3.81e-07,2.38e-07)
[38/132] split=valid_unseen global=148 nodes=44 score_error=(3.81e-07,1.85e-07)
[39/132] split=valid_unseen global=152 nodes=53 score_error=(6.44e-07,3.34e-07)
[40/132] split=valid_unseen global=156 nodes=35 score_error=(3.75e-07,5.48e-07)
[41/132] split=valid_unseen global=160 nodes=54 score_error=(5.72e-07,5.96e-07)
[42/132] split=valid_unseen global=164 nodes=44 score_error=(2.62e-07,4.04e-07)
[43/132] split=valid_unseen global=168 nodes=44 score_error=(2.62e-07,1.91e-07)
[44/132] split=valid_unseen global=172 nodes=131 score_error=(2.15e-07,5.24e-07)
[45/132] split=valid_unseen global=176 nodes=47 score_error=(3.49e-07,3.72e-07)
[46/132] split=valid_unseen global=180 nodes=32 score_error=(6.91e-07,9.54e-07)
[47/132] split=valid_unseen global=184 nodes=30 score_error=(2.75e-07,3.41e-07)
[48/132] split=valid_unseen global=188 nodes=31 score_error=(6.2e-07,4.05e-07)
[49/132] split=valid_unseen global=192 nodes=24 score_error=(5.72e-07,3.09e-07)
[50/132] split=valid_unseen global=196 nodes=33 score_error=(4.94e-07,4.01e-07)
[51/132] split=valid_unseen global=200 nodes=38 score_error=(2.62e-07,3.7e-07)
[52/132] split=valid_unseen global=204 nodes=23 score_error=(2.62e-07,3.58e-07)
[53/132] split=valid_unseen global=208 nodes=48 score_error=(4.05e-07,4.29e-07)
[54/132] split=valid_unseen global=212 nodes=33 score_error=(1.91e-07,3.34e-07)
[55/132] split=valid_unseen global=216 nodes=49 score_error=(5.72e-07,2.49e-07)
[56/132] split=valid_unseen global=220 nodes=33 score_error=(1.2e-07,1.2e-07)
[57/132] split=valid_unseen global=224 nodes=47 score_error=(2.38e-07,1.4e-07)
[58/132] split=valid_unseen global=228 nodes=51 score_error=(4.77e-07,7.72e-07)
[59/132] split=valid_unseen global=232 nodes=51 score_error=(4.77e-07,5.23e-07)
[60/132] split=valid_unseen global=236 nodes=37 score_error=(3.34e-07,2.87e-07)
[61/132] split=valid_unseen global=240 nodes=37 score_error=(2.09e-07,1.47e-07)
[62/132] split=valid_unseen global=244 nodes=47 score_error=(3.55e-07,2.14e-07)
[63/132] split=valid_unseen global=248 nodes=33 score_error=(3.1e-07,1.69e-07)
[64/132] split=valid_unseen global=252 nodes=37 score_error=(3.18e-07,1.39e-07)
[65/132] split=valid_unseen global=256 nodes=37 score_error=(2.11e-07,2.21e-07)
[66/132] split=valid_unseen global=260 nodes=46 score_error=(3.41e-07,4.27e-07)
[67/132] split=valid_unseen global=264 nodes=47 score_error=(1.92e-07,1.89e-07)
[68/132] split=valid_unseen global=268 nodes=34 score_error=(2.28e-07,2.13e-07)
[69/132] split=valid_unseen global=272 nodes=37 score_error=(2.42e-07,2.62e-07)
[70/132] split=valid_unseen global=276 nodes=37 score_error=(3.58e-07,2.62e-07)
[71/132] split=valid_unseen global=280 nodes=56 score_error=(2.39e-07,2.09e-07)
[72/132] split=valid_unseen global=284 nodes=39 score_error=(3.8e-07,1.96e-07)
[73/132] split=valid_unseen global=288 nodes=62 score_error=(1.97e-07,2.15e-07)
[74/132] split=valid_unseen global=292 nodes=43 score_error=(2.62e-07,2.62e-07)
[75/132] split=valid_unseen global=296 nodes=45 score_error=(2.86e-07,5.8e-07)
[76/132] split=valid_unseen global=300 nodes=46 score_error=(5.72e-07,1.03e-07)
[77/132] split=valid_unseen global=304 nodes=39 score_error=(2.51e-07,1.53e-07)
[78/132] split=valid_unseen global=308 nodes=65 score_error=(3.58e-07,2.35e-07)
[79/132] split=valid_unseen global=312 nodes=57 score_error=(6.2e-07,3.58e-07)
[80/132] split=valid_unseen global=316 nodes=33 score_error=(1.2e-07,1.2e-07)
[81/132] split=valid_unseen global=320 nodes=47 score_error=(3.58e-07,1.92e-07)
[82/132] split=valid_unseen global=324 nodes=61 score_error=(3.1e-07,2.02e-07)
[83/132] split=valid_unseen global=328 nodes=37 score_error=(3.57e-07,3.02e-07)
[84/132] split=valid_unseen global=332 nodes=37 score_error=(1.71e-07,2.77e-07)
[85/132] split=valid_unseen global=336 nodes=39 score_error=(2.38e-07,2.62e-07)
[86/132] split=valid_unseen global=340 nodes=46 score_error=(3.22e-07,2.38e-07)
[87/132] split=valid_unseen global=344 nodes=47 score_error=(3.58e-07,1.77e-07)
[88/132] split=valid_unseen global=348 nodes=33 score_error=(2.86e-07,1.21e-07)
[89/132] split=valid_unseen global=352 nodes=37 score_error=(3.6e-07,2.2e-07)
[90/132] split=valid_unseen global=356 nodes=37 score_error=(4.18e-07,2.66e-07)
[91/132] split=valid_unseen global=360 nodes=46 score_error=(3.33e-07,4.49e-07)
[92/132] split=valid_unseen global=364 nodes=30 score_error=(5.72e-07,5.97e-07)
[93/132] split=valid_unseen global=368 nodes=36 score_error=(2.47e-07,1.67e-07)
[94/132] split=valid_unseen global=372 nodes=52 score_error=(6.81e-07,6.12e-07)
[95/132] split=valid_unseen global=376 nodes=42 score_error=(2.38e-07,5.48e-07)
[96/132] split=valid_unseen global=380 nodes=26 score_error=(3.81e-07,5.01e-07)
[97/132] split=valid_unseen global=384 nodes=24 score_error=(3.58e-07,1.87e-07)
[98/132] split=valid_unseen global=388 nodes=26 score_error=(3.24e-07,2.13e-07)
[99/132] split=valid_unseen global=392 nodes=26 score_error=(3.58e-07,3.58e-07)
[100/132] split=valid_unseen global=396 nodes=49 score_error=(4.29e-07,2.62e-07)
[101/132] split=valid_unseen global=400 nodes=33 score_error=(3.1e-07,4.29e-07)
[102/132] split=valid_unseen global=404 nodes=86 score_error=(2.38e-07,2.85e-07)
[103/132] split=valid_unseen global=408 nodes=46 score_error=(6.68e-07,3.94e-07)
[104/132] split=valid_unseen global=412 nodes=34 score_error=(1.52e-07,2.38e-07)
[105/132] split=valid_unseen global=416 nodes=47 score_error=(4.77e-07,2.2e-07)
[106/132] split=valid_unseen global=420 nodes=45 score_error=(2.5e-07,3.15e-07)
[107/132] split=valid_unseen global=424 nodes=33 score_error=(1.91e-07,1.01e-07)
[108/132] split=valid_unseen global=428 nodes=47 score_error=(2.15e-07,1.06e-07)
[109/132] split=valid_unseen global=432 nodes=51 score_error=(2.9e-07,3.58e-07)
[110/132] split=valid_unseen global=436 nodes=45 score_error=(4.15e-07,3.3e-07)
[111/132] split=valid_unseen global=440 nodes=47 score_error=(3.92e-07,3.58e-07)
[112/132] split=valid_unseen global=444 nodes=47 score_error=(4.09e-07,4.74e-07)
[113/132] split=valid_unseen global=448 nodes=35 score_error=(5.72e-07,5.72e-07)
[114/132] split=valid_unseen global=452 nodes=47 score_error=(5.56e-07,2.87e-07)
[115/132] split=valid_unseen global=456 nodes=31 score_error=(1.15e-07,8.36e-08)
[116/132] split=valid_unseen global=460 nodes=32 score_error=(2.23e-07,1.86e-07)
[117/132] split=valid_unseen global=464 nodes=59 score_error=(3.38e-07,2.62e-07)
[118/132] split=valid_unseen global=468 nodes=47 score_error=(1.43e-07,2.5e-07)
[119/132] split=valid_unseen global=472 nodes=84 score_error=(1.79e-07,1.64e-07)
[120/132] split=valid_unseen global=476 nodes=37 score_error=(2.38e-07,2.38e-07)
[121/132] split=valid_unseen global=480 nodes=37 score_error=(4.05e-07,1.43e-07)
[122/132] split=valid_unseen global=484 nodes=39 score_error=(1.81e-07,1.94e-07)
[123/132] split=valid_unseen global=488 nodes=39 score_error=(3.32e-07,1.62e-07)
[124/132] split=valid_unseen global=492 nodes=87 score_error=(2.86e-07,1.7e-07)
[125/132] split=valid_unseen global=496 nodes=45 score_error=(2.86e-07,3.11e-07)
[126/132] split=valid_unseen global=500 nodes=39 score_error=(1.08e-07,1.67e-07)
[127/132] split=valid_unseen global=504 nodes=39 score_error=(2.67e-07,1.98e-07)
[128/132] split=valid_unseen global=508 nodes=76 score_error=(2.86e-07,1.47e-07)
[129/132] split=valid_unseen global=512 nodes=67 score_error=(3.34e-07,3.25e-07)
[130/132] split=valid_unseen global=516 nodes=47 score_error=(2.82e-07,3.34e-07)
[131/132] split=valid_unseen global=520 nodes=34 score_error=(2.46e-07,2.38e-07)
[132/132] split=valid_unseen global=524 nodes=54 score_error=(7.63e-07,3.61e-07)
{
  "decision_file": "/data/user/agent_self_evolution_gradient/data/alfworld_expert_large/valid_unseen.jsonl",
  "value_trace": "/data/user/agent_self_evolution_gradient/outputs/action_value_alignment/analysis/trace.jsonl",
  "base_model": "/data/user/agent_self_evolution_gradient/model",
  "seed_model": "/data/user/agent_self_evolution_gradient/seed_model",
  "tokenizer_path": "/data/user/agent_self_evolution_gradient/model",
  "output_dir": "/data/user/agent_self_evolution_gradient/outputs/token_value_alignment/valid_unseen_shard_0",
  "device": "cuda:0",
  "split": "valid_unseen",
  "shard_index": 0,
  "num_shards": 4,
  "batch_size": 4,
  "max_length": 1536,
  "history_window": 3,
  "top_k_movers": 12,
  "max_decisions": -1,
  "resume": true,
  "selected_decisions": 132,
  "previously_completed": 0,
  "newly_completed": 132,
  "trace_rows": 132,
  "tokenizer_class": "Qwen2TokenizerFast",
  "vocabulary_size": 151665,
  "dtype": "torch.bfloat16"
}
