Loading checkpoint shards:   0%|          | 0/2 [00:00<?, ?it/s]Loading checkpoint shards: 100%|██████████| 2/2 [00:00<00:00, 103.56it/s]
Loading checkpoint shards:   0%|          | 0/2 [00:00<?, ?it/s]Loading checkpoint shards: 100%|██████████| 2/2 [00:00<00:00, 33.00it/s]
[1/111] split=valid_seen global=2 nodes=40 score_error=(4.09e-07,2.29e-07)
[2/111] split=valid_seen global=6 nodes=40 score_error=(1.8e-07,1.84e-07)
[3/111] split=valid_seen global=10 nodes=40 score_error=(1.53e-07,1.19e-07)
[4/111] split=valid_seen global=14 nodes=40 score_error=(1.39e-07,2.15e-07)
[5/111] split=valid_seen global=18 nodes=50 score_error=(2.72e-07,1.9e-07)
[6/111] split=valid_seen global=22 nodes=40 score_error=(1.2e-07,6.31e-08)
[7/111] split=valid_seen global=26 nodes=58 score_error=(3.34e-07,4.53e-07)
[8/111] split=valid_seen global=30 nodes=44 score_error=(2.38e-07,1.67e-07)
[9/111] split=valid_seen global=34 nodes=29 score_error=(1.48e-07,1.03e-07)
[10/111] split=valid_seen global=38 nodes=29 score_error=(2.91e-07,2.38e-07)
[11/111] split=valid_seen global=42 nodes=32 score_error=(1.09e-07,3.28e-07)
[12/111] split=valid_seen global=46 nodes=29 score_error=(1.79e-07,1.52e-07)
[13/111] split=valid_seen global=50 nodes=29 score_error=(4.57e-07,2.15e-07)
[14/111] split=valid_seen global=54 nodes=35 score_error=(2.77e-07,4.53e-07)
[15/111] split=valid_seen global=58 nodes=53 score_error=(3.41e-07,3.99e-07)
[16/111] split=valid_seen global=62 nodes=53 score_error=(4.29e-07,2.92e-07)
[17/111] split=valid_seen global=66 nodes=41 score_error=(1.26e-07,3.1e-07)
[18/111] split=valid_seen global=70 nodes=44 score_error=(5.66e-07,3.28e-07)
[19/111] split=valid_seen global=74 nodes=58 score_error=(3.9e-07,2.86e-07)
[20/111] split=valid_seen global=78 nodes=62 score_error=(3.61e-07,2.65e-07)
[21/111] split=valid_seen global=82 nodes=49 score_error=(4.26e-07,5.01e-07)
[22/111] split=valid_seen global=86 nodes=84 score_error=(5.25e-07,2.36e-07)
[23/111] split=valid_seen global=90 nodes=46 score_error=(3.97e-07,2.86e-07)
[24/111] split=valid_seen global=94 nodes=48 score_error=(4.97e-07,4.58e-07)
[25/111] split=valid_seen global=98 nodes=47 score_error=(5.72e-07,4.53e-07)
[26/111] split=valid_seen global=102 nodes=42 score_error=(1.94e-07,9.05e-08)
[27/111] split=valid_seen global=106 nodes=55 score_error=(2.31e-07,1.58e-07)
[28/111] split=valid_seen global=110 nodes=41 score_error=(2.61e-07,1.69e-07)
[29/111] split=valid_seen global=114 nodes=41 score_error=(2.45e-07,2.1e-07)
[30/111] split=valid_seen global=118 nodes=41 score_error=(1.55e-07,7.15e-08)
[31/111] split=valid_seen global=122 nodes=47 score_error=(4.05e-07,4.05e-07)
[32/111] split=valid_seen global=126 nodes=48 score_error=(3.81e-07,3.21e-07)
[33/111] split=valid_seen global=130 nodes=40 score_error=(4.22e-07,9.16e-08)
[34/111] split=valid_seen global=134 nodes=53 score_error=(4.65e-07,2.15e-07)
[35/111] split=valid_seen global=138 nodes=49 score_error=(5.25e-07,4.05e-07)
[36/111] split=valid_seen global=142 nodes=35 score_error=(3.34e-07,3.34e-07)
[37/111] split=valid_seen global=146 nodes=78 score_error=(4.29e-07,1.87e-07)
[38/111] split=valid_seen global=150 nodes=39 score_error=(2.51e-07,1.79e-07)
[39/111] split=valid_seen global=154 nodes=48 score_error=(3.81e-07,2.98e-07)
[40/111] split=valid_seen global=158 nodes=40 score_error=(2.21e-07,2.38e-07)
[41/111] split=valid_seen global=162 nodes=40 score_error=(1.53e-07,1.17e-07)
[42/111] split=valid_seen global=166 nodes=40 score_error=(1.59e-07,1.45e-07)
[43/111] split=valid_seen global=170 nodes=40 score_error=(3.24e-07,1.43e-07)
[44/111] split=valid_seen global=174 nodes=40 score_error=(2.14e-07,1.63e-07)
[45/111] split=valid_seen global=178 nodes=58 score_error=(5.96e-07,6.68e-07)
[46/111] split=valid_seen global=182 nodes=30 score_error=(1.91e-07,6.91e-07)
[47/111] split=valid_seen global=186 nodes=29 score_error=(2.15e-07,2.62e-07)
[48/111] split=valid_seen global=190 nodes=22 score_error=(4.05e-07,1.45e-07)
[49/111] split=valid_seen global=194 nodes=22 score_error=(3.34e-07,3.34e-07)
[50/111] split=valid_seen global=198 nodes=29 score_error=(3.18e-07,4.53e-07)
[51/111] split=valid_seen global=202 nodes=71 score_error=(4.77e-07,7.87e-07)
[52/111] split=valid_seen global=206 nodes=52 score_error=(5.01e-07,3.47e-07)
[53/111] split=valid_seen global=210 nodes=75 score_error=(3.58e-07,1.89e-07)
[54/111] split=valid_seen global=214 nodes=50 score_error=(4.05e-07,5.01e-07)
[55/111] split=valid_seen global=218 nodes=71 score_error=(2.86e-07,4.53e-07)
[56/111] split=valid_seen global=222 nodes=48 score_error=(4.29e-07,4.81e-07)
[57/111] split=valid_seen global=226 nodes=52 score_error=(3.04e-07,1.78e-07)
[58/111] split=valid_seen global=230 nodes=74 score_error=(6.68e-07,3.93e-07)
[59/111] split=valid_seen global=234 nodes=55 score_error=(5.48e-07,3.87e-07)
[60/111] split=valid_seen global=238 nodes=49 score_error=(3.56e-07,5.02e-07)
[61/111] split=valid_seen global=242 nodes=55 score_error=(2.92e-07,1.8e-07)
[62/111] split=valid_seen global=246 nodes=46 score_error=(4.94e-07,1.49e-07)
[63/111] split=valid_seen global=250 nodes=39 score_error=(1.99e-07,2.62e-07)
[64/111] split=valid_seen global=254 nodes=54 score_error=(7.63e-07,3.86e-07)
[65/111] split=valid_seen global=258 nodes=51 score_error=(3.57e-07,2.84e-07)
[66/111] split=valid_seen global=262 nodes=25 score_error=(2.78e-07,4.05e-07)
[67/111] split=valid_seen global=266 nodes=30 score_error=(3.1e-07,2.15e-07)
[68/111] split=valid_seen global=270 nodes=30 score_error=(2.37e-07,1.55e-07)
[69/111] split=valid_seen global=274 nodes=30 score_error=(3.81e-07,1.9e-07)
[70/111] split=valid_seen global=278 nodes=36 score_error=(2.19e-07,2.13e-07)
[71/111] split=valid_seen global=282 nodes=40 score_error=(3.68e-07,1.83e-07)
[72/111] split=valid_seen global=286 nodes=40 score_error=(4.74e-07,1.42e-07)
[73/111] split=valid_seen global=290 nodes=49 score_error=(5.23e-07,4.17e-07)
[74/111] split=valid_seen global=294 nodes=42 score_error=(3.58e-07,3.58e-07)
[75/111] split=valid_seen global=298 nodes=66 score_error=(5.34e-07,2.56e-07)
[76/111] split=valid_seen global=302 nodes=33 score_error=(2.79e-07,1.5e-07)
[77/111] split=valid_seen global=306 nodes=121 score_error=(3.22e-07,2.86e-07)
[78/111] split=valid_seen global=310 nodes=45 score_error=(3.65e-07,3.93e-07)
[79/111] split=valid_seen global=314 nodes=30 score_error=(5.72e-07,8.34e-07)
[80/111] split=valid_seen global=318 nodes=30 score_error=(5.72e-07,3.58e-07)
[81/111] split=valid_seen global=322 nodes=50 score_error=(3.38e-07,4.77e-07)
[82/111] split=valid_seen global=326 nodes=57 score_error=(2.86e-07,2.86e-07)
[83/111] split=valid_seen global=330 nodes=43 score_error=(1.91e-07,2.4e-07)
[84/111] split=valid_seen global=334 nodes=45 score_error=(4.55e-07,3.28e-07)
[85/111] split=valid_seen global=338 nodes=48 score_error=(1.3e-07,2.16e-07)
[86/111] split=valid_seen global=342 nodes=54 score_error=(3.19e-07,3.58e-07)
[87/111] split=valid_seen global=346 nodes=54 score_error=(2.88e-07,2.55e-07)
[88/111] split=valid_seen global=350 nodes=54 score_error=(2.47e-07,2.98e-07)
[89/111] split=valid_seen global=354 nodes=54 score_error=(2.81e-07,2.38e-07)
[90/111] split=valid_seen global=358 nodes=40 score_error=(3.93e-07,1.35e-07)
[91/111] split=valid_seen global=362 nodes=63 score_error=(3.34e-07,3.28e-07)
[92/111] split=valid_seen global=366 nodes=49 score_error=(2.24e-07,1.03e-07)
[93/111] split=valid_seen global=370 nodes=41 score_error=(4.05e-07,4.05e-07)
[94/111] split=valid_seen global=374 nodes=63 score_error=(3.96e-07,2.13e-07)
[95/111] split=valid_seen global=378 nodes=46 score_error=(1.68e-07,2.24e-07)
[96/111] split=valid_seen global=382 nodes=41 score_error=(2.86e-07,2.26e-07)
[97/111] split=valid_seen global=386 nodes=56 score_error=(3.37e-07,1.66e-07)
[98/111] split=valid_seen global=390 nodes=41 score_error=(2.62e-07,1.61e-07)
[99/111] split=valid_seen global=394 nodes=48 score_error=(4.77e-07,2.86e-07)
[100/111] split=valid_seen global=398 nodes=45 score_error=(6.44e-07,2.57e-07)
[101/111] split=valid_seen global=402 nodes=39 score_error=(5.01e-07,3.1e-07)
[102/111] split=valid_seen global=406 nodes=39 score_error=(2.86e-07,2.38e-07)
[103/111] split=valid_seen global=410 nodes=91 score_error=(6.91e-07,3.81e-07)
[104/111] split=valid_seen global=414 nodes=49 score_error=(4.05e-07,3.97e-07)
[105/111] split=valid_seen global=418 nodes=29 score_error=(1.99e-07,2.18e-07)
[106/111] split=valid_seen global=422 nodes=34 score_error=(2.38e-07,1.89e-07)
[107/111] split=valid_seen global=426 nodes=71 score_error=(7.75e-07,5.17e-07)
[108/111] split=valid_seen global=430 nodes=42 score_error=(2.38e-07,4.23e-07)
[109/111] split=valid_seen global=434 nodes=48 score_error=(6.68e-07,4.59e-07)
[110/111] split=valid_seen global=438 nodes=46 score_error=(4.39e-07,6.22e-07)
[111/111] split=valid_seen global=442 nodes=32 score_error=(9.78e-07,5.66e-07)
{
  "decision_file": "/data/user/agent_self_evolution_gradient/data/alfworld_expert_large/valid_seen.jsonl",
  "value_trace": "/data/user/agent_self_evolution_gradient/outputs/action_value_alignment/analysis/trace.jsonl",
  "base_model": "/data/user/agent_self_evolution_gradient/model",
  "seed_model": "/data/user/agent_self_evolution_gradient/seed_model",
  "tokenizer_path": "/data/user/agent_self_evolution_gradient/model",
  "output_dir": "/data/user/agent_self_evolution_gradient/outputs/token_value_alignment/valid_seen_shard_2",
  "device": "cuda:0",
  "split": "valid_seen",
  "shard_index": 2,
  "num_shards": 4,
  "batch_size": 4,
  "max_length": 1536,
  "history_window": 3,
  "top_k_movers": 12,
  "max_decisions": -1,
  "resume": true,
  "selected_decisions": 111,
  "previously_completed": 0,
  "newly_completed": 111,
  "trace_rows": 111,
  "tokenizer_class": "Qwen2TokenizerFast",
  "vocabulary_size": 151665,
  "dtype": "torch.bfloat16"
}
Loading checkpoint shards:   0%|          | 0/2 [00:00<?, ?it/s]Loading checkpoint shards: 100%|██████████| 2/2 [00:00<00:00, 104.24it/s]
Loading checkpoint shards:   0%|          | 0/2 [00:00<?, ?it/s]Loading checkpoint shards: 100%|██████████| 2/2 [00:00<00:00, 42.06it/s]
[1/132] split=valid_unseen global=2 nodes=49 score_error=(2.38e-07,3.72e-07)
[2/132] split=valid_unseen global=6 nodes=45 score_error=(2.54e-07,2e-07)
[3/132] split=valid_unseen global=10 nodes=49 score_error=(1.97e-07,4.06e-07)
[4/132] split=valid_unseen global=14 nodes=42 score_error=(2.86e-07,1.1e-07)
[5/132] split=valid_unseen global=18 nodes=52 score_error=(3.73e-07,2.72e-07)
[6/132] split=valid_unseen global=22 nodes=34 score_error=(4.77e-07,1.62e-07)
[7/132] split=valid_unseen global=26 nodes=46 score_error=(3.58e-07,5.25e-07)
[8/132] split=valid_unseen global=30 nodes=23 score_error=(3.78e-07,4.74e-07)
[9/132] split=valid_unseen global=34 nodes=30 score_error=(7.63e-07,4.05e-07)
[10/132] split=valid_unseen global=38 nodes=34 score_error=(6.44e-07,4.76e-07)
[11/132] split=valid_unseen global=42 nodes=28 score_error=(2.07e-07,1.67e-07)
[12/132] split=valid_unseen global=46 nodes=28 score_error=(1.59e-07,1.96e-07)
[13/132] split=valid_unseen global=50 nodes=35 score_error=(2.38e-07,2.73e-07)
[14/132] split=valid_unseen global=54 nodes=29 score_error=(1.9e-07,2.41e-07)
[15/132] split=valid_unseen global=58 nodes=29 score_error=(3.1e-07,1.13e-07)
[16/132] split=valid_unseen global=62 nodes=38 score_error=(5.96e-07,2.89e-07)
[17/132] split=valid_unseen global=66 nodes=37 score_error=(9.54e-07,3.96e-07)
[18/132] split=valid_unseen global=70 nodes=47 score_error=(2.71e-07,1.56e-07)
[19/132] split=valid_unseen global=74 nodes=51 score_error=(2.27e-07,3.54e-07)
[20/132] split=valid_unseen global=78 nodes=44 score_error=(3.34e-07,2.26e-07)
[21/132] split=valid_unseen global=82 nodes=78 score_error=(2.86e-07,4.29e-07)
[22/132] split=valid_unseen global=86 nodes=51 score_error=(2.99e-07,3.8e-07)
[23/132] split=valid_unseen global=90 nodes=47 score_error=(2.56e-07,1.04e-07)
[24/132] split=valid_unseen global=94 nodes=51 score_error=(3.57e-07,2.12e-07)
[25/132] split=valid_unseen global=98 nodes=44 score_error=(2.13e-07,1.02e-07)
[26/132] split=valid_unseen global=102 nodes=78 score_error=(2.79e-07,1.43e-07)
[27/132] split=valid_unseen global=106 nodes=45 score_error=(2.97e-07,3.81e-07)
[28/132] split=valid_unseen global=110 nodes=47 score_error=(1.79e-07,1.42e-07)
[29/132] split=valid_unseen global=114 nodes=57 score_error=(2.88e-07,2.13e-07)
[30/132] split=valid_unseen global=118 nodes=44 score_error=(5.72e-07,2.62e-07)
[31/132] split=valid_unseen global=122 nodes=50 score_error=(3.05e-07,1.79e-07)
[32/132] split=valid_unseen global=126 nodes=39 score_error=(3.15e-07,2.14e-07)
[33/132] split=valid_unseen global=130 nodes=39 score_error=(2.86e-07,4.05e-07)
[34/132] split=valid_unseen global=134 nodes=51 score_error=(2.52e-07,4.77e-07)
[35/132] split=valid_unseen global=138 nodes=20 score_error=(2.62e-07,3.81e-07)
[36/132] split=valid_unseen global=142 nodes=33 score_error=(2.85e-07,1e-07)
[37/132] split=valid_unseen global=146 nodes=37 score_error=(4.38e-07,8.05e-08)
[38/132] split=valid_unseen global=150 nodes=54 score_error=(4.17e-07,3.58e-07)
[39/132] split=valid_unseen global=154 nodes=36 score_error=(2.8e-07,4.05e-07)
[40/132] split=valid_unseen global=158 nodes=23 score_error=(4.77e-07,4.53e-07)
[41/132] split=valid_unseen global=162 nodes=33 score_error=(2.15e-07,2.38e-07)
[42/132] split=valid_unseen global=166 nodes=62 score_error=(3.41e-07,1.42e-07)
[43/132] split=valid_unseen global=170 nodes=37 score_error=(3.62e-07,5.85e-08)
[44/132] split=valid_unseen global=174 nodes=46 score_error=(5.48e-07,3.93e-07)
[45/132] split=valid_unseen global=178 nodes=30 score_error=(4.24e-07,3.58e-07)
[46/132] split=valid_unseen global=182 nodes=37 score_error=(3.81e-07,6.44e-07)
[47/132] split=valid_unseen global=186 nodes=35 score_error=(5.72e-07,6.68e-07)
[48/132] split=valid_unseen global=190 nodes=24 score_error=(4.77e-07,3.48e-07)
[49/132] split=valid_unseen global=194 nodes=21 score_error=(4.29e-07,2.62e-07)
[50/132] split=valid_unseen global=198 nodes=38 score_error=(4.77e-07,2.43e-07)
[51/132] split=valid_unseen global=202 nodes=26 score_error=(4.26e-07,3.76e-07)
[52/132] split=valid_unseen global=206 nodes=39 score_error=(5.96e-07,4.62e-07)
[53/132] split=valid_unseen global=210 nodes=32 score_error=(5.72e-07,2.19e-07)
[54/132] split=valid_unseen global=214 nodes=47 score_error=(3.1e-07,2.83e-07)
[55/132] split=valid_unseen global=218 nodes=46 score_error=(4.68e-07,5.96e-07)
[56/132] split=valid_unseen global=222 nodes=47 score_error=(3.58e-07,2.1e-07)
[57/132] split=valid_unseen global=226 nodes=58 score_error=(2.38e-07,1.64e-07)
[58/132] split=valid_unseen global=230 nodes=54 score_error=(7.63e-07,5.01e-07)
[59/132] split=valid_unseen global=234 nodes=37 score_error=(4.77e-07,1.91e-07)
[60/132] split=valid_unseen global=238 nodes=37 score_error=(4.05e-07,1.59e-07)
[61/132] split=valid_unseen global=242 nodes=37 score_error=(2.76e-07,1.27e-07)
[62/132] split=valid_unseen global=246 nodes=46 score_error=(3.22e-07,2.62e-07)
[63/132] split=valid_unseen global=250 nodes=37 score_error=(3.77e-07,1.79e-07)
[64/132] split=valid_unseen global=254 nodes=37 score_error=(3.52e-07,2.62e-07)
[65/132] split=valid_unseen global=258 nodes=47 score_error=(3.77e-07,3.03e-07)
[66/132] split=valid_unseen global=262 nodes=33 score_error=(1.52e-07,1.19e-07)
[67/132] split=valid_unseen global=266 nodes=47 score_error=(1.83e-07,2.71e-07)
[68/132] split=valid_unseen global=270 nodes=51 score_error=(2.91e-07,2.54e-07)
[69/132] split=valid_unseen global=274 nodes=37 score_error=(1.91e-07,2.38e-07)
[70/132] split=valid_unseen global=278 nodes=37 score_error=(2.86e-07,1.91e-07)
[71/132] split=valid_unseen global=282 nodes=39 score_error=(1.19e-07,1.67e-07)
[72/132] split=valid_unseen global=286 nodes=54 score_error=(2.72e-07,1.98e-07)
[73/132] split=valid_unseen global=290 nodes=114 score_error=(4.29e-07,1.86e-07)
[74/132] split=valid_unseen global=294 nodes=54 score_error=(5.01e-07,4.05e-07)
[75/132] split=valid_unseen global=298 nodes=67 score_error=(3.63e-07,1.93e-07)
[76/132] split=valid_unseen global=302 nodes=39 score_error=(4.29e-07,4.05e-07)
[77/132] split=valid_unseen global=306 nodes=46 score_error=(2.43e-07,2.24e-07)
[78/132] split=valid_unseen global=310 nodes=82 score_error=(2.92e-07,5.25e-07)
[79/132] split=valid_unseen global=314 nodes=42 score_error=(4.53e-07,2.86e-07)
[80/132] split=valid_unseen global=318 nodes=47 score_error=(3.58e-07,2.1e-07)
[81/132] split=valid_unseen global=322 nodes=61 score_error=(3.81e-07,2.19e-07)
[82/132] split=valid_unseen global=326 nodes=37 score_error=(1.43e-07,2.15e-07)
[83/132] split=valid_unseen global=330 nodes=37 score_error=(2.62e-07,2.62e-07)
[84/132] split=valid_unseen global=334 nodes=52 score_error=(2.86e-07,1.53e-07)
[85/132] split=valid_unseen global=338 nodes=39 score_error=(1.59e-07,1.88e-07)
[86/132] split=valid_unseen global=342 nodes=45 score_error=(3.58e-07,1.25e-07)
[87/132] split=valid_unseen global=346 nodes=54 score_error=(3.13e-07,6.44e-07)
[88/132] split=valid_unseen global=350 nodes=37 score_error=(4.29e-07,2.15e-07)
[89/132] split=valid_unseen global=354 nodes=37 score_error=(4.05e-07,1.91e-07)
[90/132] split=valid_unseen global=358 nodes=47 score_error=(4.47e-07,2.94e-07)
[91/132] split=valid_unseen global=362 nodes=20 score_error=(2.62e-07,3.81e-07)
[92/132] split=valid_unseen global=366 nodes=37 score_error=(5.72e-07,6.42e-07)
[93/132] split=valid_unseen global=370 nodes=49 score_error=(2.72e-07,4.36e-07)
[94/132] split=valid_unseen global=374 nodes=30 score_error=(4.09e-07,4.77e-07)
[95/132] split=valid_unseen global=378 nodes=23 score_error=(3.72e-07,2.68e-07)
[96/132] split=valid_unseen global=382 nodes=26 score_error=(3.21e-07,2.86e-07)
[97/132] split=valid_unseen global=386 nodes=24 score_error=(4.51e-07,3.34e-07)
[98/132] split=valid_unseen global=390 nodes=26 score_error=(3.23e-07,2.74e-07)
[99/132] split=valid_unseen global=394 nodes=26 score_error=(2.32e-07,1.9e-07)
[100/132] split=valid_unseen global=398 nodes=30 score_error=(5.48e-07,6.44e-07)
[101/132] split=valid_unseen global=402 nodes=52 score_error=(3.34e-07,3.8e-07)
[102/132] split=valid_unseen global=406 nodes=83 score_error=(7.63e-07,5.95e-07)
[103/132] split=valid_unseen global=410 nodes=47 score_error=(4.77e-07,4.07e-07)
[104/132] split=valid_unseen global=414 nodes=47 score_error=(4.29e-07,2.04e-07)
[105/132] split=valid_unseen global=418 nodes=43 score_error=(4.17e-07,2.01e-07)
[106/132] split=valid_unseen global=422 nodes=54 score_error=(2.16e-07,3.64e-07)
[107/132] split=valid_unseen global=426 nodes=47 score_error=(2.47e-07,1.88e-07)
[108/132] split=valid_unseen global=430 nodes=34 score_error=(1.83e-07,1.16e-07)
[109/132] split=valid_unseen global=434 nodes=54 score_error=(3.46e-07,4.29e-07)
[110/132] split=valid_unseen global=438 nodes=34 score_error=(2.12e-07,1.74e-07)
[111/132] split=valid_unseen global=442 nodes=54 score_error=(4.53e-07,6.44e-07)
[112/132] split=valid_unseen global=446 nodes=37 score_error=(3.27e-07,3.39e-07)
[113/132] split=valid_unseen global=450 nodes=23 score_error=(4.29e-07,2.53e-07)
[114/132] split=valid_unseen global=454 nodes=34 score_error=(4.97e-07,4.86e-07)
[115/132] split=valid_unseen global=458 nodes=36 score_error=(2.21e-07,1.97e-07)
[116/132] split=valid_unseen global=462 nodes=44 score_error=(6.68e-07,3.46e-07)
[117/132] split=valid_unseen global=466 nodes=33 score_error=(2.15e-07,7.17e-08)
[118/132] split=valid_unseen global=470 nodes=47 score_error=(1.91e-07,1.87e-07)
[119/132] split=valid_unseen global=474 nodes=58 score_error=(1.91e-07,1.63e-07)
[120/132] split=valid_unseen global=478 nodes=37 score_error=(2.82e-07,1.83e-07)
[121/132] split=valid_unseen global=482 nodes=37 score_error=(2.8e-07,1.94e-07)
[122/132] split=valid_unseen global=486 nodes=39 score_error=(1.67e-07,1.67e-07)
[123/132] split=valid_unseen global=490 nodes=39 score_error=(1.21e-07,1.79e-07)
[124/132] split=valid_unseen global=494 nodes=46 score_error=(2.72e-07,4.65e-07)
[125/132] split=valid_unseen global=498 nodes=67 score_error=(5.3e-07,2.72e-07)
[126/132] split=valid_unseen global=502 nodes=39 score_error=(3.1e-07,2.86e-07)
[127/132] split=valid_unseen global=506 nodes=46 score_error=(2.15e-07,2.01e-07)
[128/132] split=valid_unseen global=510 nodes=70 score_error=(3.58e-07,3.1e-07)
[129/132] split=valid_unseen global=514 nodes=33 score_error=(3.81e-07,3.1e-07)
[130/132] split=valid_unseen global=518 nodes=47 score_error=(3.81e-07,2.71e-07)
[131/132] split=valid_unseen global=522 nodes=49 score_error=(3.41e-07,4.8e-07)
[132/132] split=valid_unseen global=526 nodes=47 score_error=(3.97e-07,5.7e-07)
{
  "decision_file": "/data/user/agent_self_evolution_gradient/data/alfworld_expert_large/valid_unseen.jsonl",
  "value_trace": "/data/user/agent_self_evolution_gradient/outputs/action_value_alignment/analysis/trace.jsonl",
  "base_model": "/data/user/agent_self_evolution_gradient/model",
  "seed_model": "/data/user/agent_self_evolution_gradient/seed_model",
  "tokenizer_path": "/data/user/agent_self_evolution_gradient/model",
  "output_dir": "/data/user/agent_self_evolution_gradient/outputs/token_value_alignment/valid_unseen_shard_2",
  "device": "cuda:0",
  "split": "valid_unseen",
  "shard_index": 2,
  "num_shards": 4,
  "batch_size": 4,
  "max_length": 1536,
  "history_window": 3,
  "top_k_movers": 12,
  "max_decisions": -1,
  "resume": true,
  "selected_decisions": 132,
  "previously_completed": 0,
  "newly_completed": 132,
  "trace_rows": 132,
  "tokenizer_class": "Qwen2TokenizerFast",
  "vocabulary_size": 151665,
  "dtype": "torch.bfloat16"
}
