Loading checkpoint shards:   0%|          | 0/2 [00:00<?, ?it/s]Loading checkpoint shards: 100%|██████████| 2/2 [00:00<00:00, 101.09it/s]
Loading checkpoint shards:   0%|          | 0/2 [00:00<?, ?it/s]Loading checkpoint shards: 100%|██████████| 2/2 [00:00<00:00, 37.85it/s]
[1/111] split=valid_seen global=3 nodes=49 score_error=(3.81e-07,1.79e-07)
[2/111] split=valid_seen global=7 nodes=40 score_error=(1.74e-07,2.02e-07)
[3/111] split=valid_seen global=11 nodes=40 score_error=(2.38e-07,1.7e-07)
[4/111] split=valid_seen global=15 nodes=49 score_error=(1.91e-07,1.83e-07)
[5/111] split=valid_seen global=19 nodes=40 score_error=(1.85e-07,1.58e-07)
[6/111] split=valid_seen global=23 nodes=101 score_error=(3.34e-07,4.53e-07)
[7/111] split=valid_seen global=27 nodes=47 score_error=(3.75e-07,5.38e-07)
[8/111] split=valid_seen global=31 nodes=36 score_error=(4.77e-07,1.67e-07)
[9/111] split=valid_seen global=35 nodes=29 score_error=(4.65e-07,1.99e-07)
[10/111] split=valid_seen global=39 nodes=32 score_error=(1.19e-07,1.75e-07)
[11/111] split=valid_seen global=43 nodes=29 score_error=(1.19e-07,2.32e-07)
[12/111] split=valid_seen global=47 nodes=29 score_error=(3.58e-07,2.18e-07)
[13/111] split=valid_seen global=51 nodes=29 score_error=(2.18e-07,3.58e-07)
[14/111] split=valid_seen global=55 nodes=37 score_error=(5.25e-07,4.18e-07)
[15/111] split=valid_seen global=59 nodes=44 score_error=(2.98e-07,1.97e-07)
[16/111] split=valid_seen global=63 nodes=36 score_error=(2.97e-07,1.73e-07)
[17/111] split=valid_seen global=67 nodes=41 score_error=(2.72e-07,1.91e-07)
[18/111] split=valid_seen global=71 nodes=47 score_error=(3.58e-07,4.29e-07)
[19/111] split=valid_seen global=75 nodes=58 score_error=(3.16e-07,2.78e-07)
[20/111] split=valid_seen global=79 nodes=40 score_error=(4.37e-07,3.1e-07)
[21/111] split=valid_seen global=83 nodes=49 score_error=(3.92e-07,3.95e-07)
[22/111] split=valid_seen global=87 nodes=41 score_error=(5.25e-07,2.19e-07)
[23/111] split=valid_seen global=91 nodes=48 score_error=(3.96e-07,4.25e-07)
[24/111] split=valid_seen global=95 nodes=34 score_error=(3.1e-07,1.67e-07)
[25/111] split=valid_seen global=99 nodes=54 score_error=(6.44e-07,4.59e-07)
[26/111] split=valid_seen global=103 nodes=51 score_error=(3.93e-07,1.21e-07)
[27/111] split=valid_seen global=107 nodes=69 score_error=(1.67e-07,1.5e-07)
[28/111] split=valid_seen global=111 nodes=53 score_error=(2.38e-07,2.27e-07)
[29/111] split=valid_seen global=115 nodes=41 score_error=(2.38e-07,1.31e-07)
[30/111] split=valid_seen global=119 nodes=56 score_error=(2.34e-07,2.52e-07)
[31/111] split=valid_seen global=123 nodes=49 score_error=(1.99e-07,2.01e-07)
[32/111] split=valid_seen global=127 nodes=36 score_error=(2.87e-07,2.31e-07)
[33/111] split=valid_seen global=131 nodes=40 score_error=(4.05e-07,1.7e-07)
[34/111] split=valid_seen global=135 nodes=40 score_error=(2.08e-07,2.36e-07)
[35/111] split=valid_seen global=139 nodes=49 score_error=(3.58e-07,4.29e-07)
[36/111] split=valid_seen global=143 nodes=45 score_error=(3.34e-07,2.87e-07)
[37/111] split=valid_seen global=147 nodes=39 score_error=(3.65e-07,2.79e-07)
[38/111] split=valid_seen global=151 nodes=99 score_error=(4.05e-07,7.38e-07)
[39/111] split=valid_seen global=155 nodes=49 score_error=(3.58e-07,4.42e-07)
[40/111] split=valid_seen global=159 nodes=49 score_error=(2.89e-07,1.42e-07)
[41/111] split=valid_seen global=163 nodes=40 score_error=(1.61e-07,2.18e-07)
[42/111] split=valid_seen global=167 nodes=40 score_error=(2.55e-07,2.62e-07)
[43/111] split=valid_seen global=171 nodes=43 score_error=(2.92e-07,1.29e-07)
[44/111] split=valid_seen global=175 nodes=40 score_error=(7.78e-08,2.55e-07)
[45/111] split=valid_seen global=179 nodes=58 score_error=(5.42e-07,3.52e-07)
[46/111] split=valid_seen global=183 nodes=25 score_error=(5.72e-07,5.01e-07)
[47/111] split=valid_seen global=187 nodes=22 score_error=(2.86e-07,3.16e-07)
[48/111] split=valid_seen global=191 nodes=22 score_error=(2.78e-07,3.58e-07)
[49/111] split=valid_seen global=195 nodes=29 score_error=(3.29e-07,4.05e-07)
[50/111] split=valid_seen global=199 nodes=22 score_error=(3.97e-07,4.05e-07)
[51/111] split=valid_seen global=203 nodes=51 score_error=(5.72e-07,2.98e-07)
[52/111] split=valid_seen global=207 nodes=37 score_error=(3.34e-07,2.89e-07)
[53/111] split=valid_seen global=211 nodes=51 score_error=(3.81e-07,1.92e-07)
[54/111] split=valid_seen global=215 nodes=50 score_error=(4.75e-07,4.53e-07)
[55/111] split=valid_seen global=219 nodes=48 score_error=(5.25e-07,2.59e-07)
[56/111] split=valid_seen global=223 nodes=35 score_error=(4.77e-07,8.73e-08)
[57/111] split=valid_seen global=227 nodes=39 score_error=(4.32e-07,1.45e-07)
[58/111] split=valid_seen global=231 nodes=55 score_error=(5.48e-07,2.24e-07)
[59/111] split=valid_seen global=235 nodes=32 score_error=(4.05e-07,3.57e-07)
[60/111] split=valid_seen global=239 nodes=36 score_error=(3.97e-07,2.38e-07)
[61/111] split=valid_seen global=243 nodes=36 score_error=(2.73e-07,2.09e-07)
[62/111] split=valid_seen global=247 nodes=45 score_error=(6.36e-07,3.95e-07)
[63/111] split=valid_seen global=251 nodes=40 score_error=(1.91e-07,1.43e-07)
[64/111] split=valid_seen global=255 nodes=24 score_error=(5.36e-07,1.79e-07)
[65/111] split=valid_seen global=259 nodes=33 score_error=(4.35e-07,3.36e-07)
[66/111] split=valid_seen global=263 nodes=30 score_error=(6.2e-07,3.18e-07)
[67/111] split=valid_seen global=267 nodes=37 score_error=(2.58e-07,5.01e-07)
[68/111] split=valid_seen global=271 nodes=30 score_error=(3.97e-07,1.43e-07)
[69/111] split=valid_seen global=275 nodes=47 score_error=(3.1e-07,4.53e-07)
[70/111] split=valid_seen global=279 nodes=46 score_error=(3.46e-07,3.91e-07)
[71/111] split=valid_seen global=283 nodes=47 score_error=(3.34e-07,1.36e-07)
[72/111] split=valid_seen global=287 nodes=121 score_error=(5.72e-07,2.88e-07)
[73/111] split=valid_seen global=291 nodes=49 score_error=(5.72e-07,4.29e-07)
[74/111] split=valid_seen global=295 nodes=32 score_error=(4.97e-07,3.1e-07)
[75/111] split=valid_seen global=299 nodes=36 score_error=(3.1e-07,2.38e-07)
[76/111] split=valid_seen global=303 nodes=36 score_error=(4.05e-07,2.62e-07)
[77/111] split=valid_seen global=307 nodes=138 score_error=(4.06e-07,4.77e-07)
[78/111] split=valid_seen global=311 nodes=46 score_error=(3.81e-07,4.77e-07)
[79/111] split=valid_seen global=315 nodes=30 score_error=(7.63e-07,5.76e-07)
[80/111] split=valid_seen global=319 nodes=20 score_error=(3.81e-07,3.34e-07)
[81/111] split=valid_seen global=323 nodes=44 score_error=(4.49e-07,3.07e-07)
[82/111] split=valid_seen global=327 nodes=43 score_error=(2.38e-07,9.94e-08)
[83/111] split=valid_seen global=331 nodes=35 score_error=(1.94e-07,1.87e-07)
[84/111] split=valid_seen global=335 nodes=54 score_error=(3.84e-07,3.28e-07)
[85/111] split=valid_seen global=339 nodes=47 score_error=(3.58e-07,2.19e-07)
[86/111] split=valid_seen global=343 nodes=40 score_error=(2.92e-07,1.7e-07)
[87/111] split=valid_seen global=347 nodes=44 score_error=(3.18e-07,2.58e-07)
[88/111] split=valid_seen global=351 nodes=40 score_error=(2.19e-07,1.4e-07)
[89/111] split=valid_seen global=355 nodes=35 score_error=(3.34e-07,1.64e-07)
[90/111] split=valid_seen global=359 nodes=45 score_error=(3.81e-07,6.9e-07)
[91/111] split=valid_seen global=363 nodes=47 score_error=(1.94e-07,2.56e-07)
[92/111] split=valid_seen global=367 nodes=39 score_error=(4.58e-07,1.15e-07)
[93/111] split=valid_seen global=371 nodes=41 score_error=(1.48e-07,1.49e-07)
[94/111] split=valid_seen global=375 nodes=39 score_error=(2.86e-07,3.34e-07)
[95/111] split=valid_seen global=379 nodes=39 score_error=(3.07e-07,2.62e-07)
[96/111] split=valid_seen global=383 nodes=41 score_error=(2.82e-07,1.17e-07)
[97/111] split=valid_seen global=387 nodes=41 score_error=(4.28e-07,1.95e-07)
[98/111] split=valid_seen global=391 nodes=117 score_error=(3.37e-07,2.38e-07)
[99/111] split=valid_seen global=395 nodes=47 score_error=(3.58e-07,4.47e-07)
[100/111] split=valid_seen global=399 nodes=46 score_error=(3.81e-07,3.01e-07)
[101/111] split=valid_seen global=403 nodes=52 score_error=(5.72e-07,7.44e-08)
[102/111] split=valid_seen global=407 nodes=76 score_error=(3.1e-07,1.92e-07)
[103/111] split=valid_seen global=411 nodes=49 score_error=(4.63e-07,2.93e-07)
[104/111] split=valid_seen global=415 nodes=28 score_error=(2.19e-07,1.91e-07)
[105/111] split=valid_seen global=419 nodes=43 score_error=(3.77e-07,2.15e-07)
[106/111] split=valid_seen global=423 nodes=34 score_error=(3.18e-07,2.38e-07)
[107/111] split=valid_seen global=427 nodes=39 score_error=(3.15e-07,4.77e-07)
[108/111] split=valid_seen global=431 nodes=36 score_error=(5.72e-07,2.38e-07)
[109/111] split=valid_seen global=435 nodes=43 score_error=(3.99e-07,2.69e-07)
[110/111] split=valid_seen global=439 nodes=20 score_error=(1.78e-07,1.67e-07)
[111/111] split=valid_seen global=443 nodes=31 score_error=(7.15e-07,5.6e-07)
{
  "decision_file": "/data/user/agent_self_evolution_gradient/data/alfworld_expert_large/valid_seen.jsonl",
  "value_trace": "/data/user/agent_self_evolution_gradient/outputs/action_value_alignment/analysis/trace.jsonl",
  "base_model": "/data/user/agent_self_evolution_gradient/model",
  "seed_model": "/data/user/agent_self_evolution_gradient/seed_model",
  "tokenizer_path": "/data/user/agent_self_evolution_gradient/model",
  "output_dir": "/data/user/agent_self_evolution_gradient/outputs/token_value_alignment/valid_seen_shard_3",
  "device": "cuda:0",
  "split": "valid_seen",
  "shard_index": 3,
  "num_shards": 4,
  "batch_size": 4,
  "max_length": 1536,
  "history_window": 3,
  "top_k_movers": 12,
  "max_decisions": -1,
  "resume": true,
  "selected_decisions": 111,
  "previously_completed": 0,
  "newly_completed": 111,
  "trace_rows": 111,
  "tokenizer_class": "Qwen2TokenizerFast",
  "vocabulary_size": 151665,
  "dtype": "torch.bfloat16"
}
Loading checkpoint shards:   0%|          | 0/2 [00:00<?, ?it/s]Loading checkpoint shards: 100%|██████████| 2/2 [00:00<00:00, 105.27it/s]
Loading checkpoint shards:   0%|          | 0/2 [00:00<?, ?it/s]Loading checkpoint shards: 100%|██████████| 2/2 [00:00<00:00, 30.51it/s]
[1/131] split=valid_unseen global=3 nodes=43 score_error=(3.38e-07,4.26e-07)
[2/131] split=valid_unseen global=7 nodes=43 score_error=(1.05e-07,1.37e-07)
[3/131] split=valid_unseen global=11 nodes=52 score_error=(2.79e-07,1.91e-07)
[4/131] split=valid_unseen global=15 nodes=52 score_error=(2.22e-07,3.81e-07)
[5/131] split=valid_unseen global=19 nodes=38 score_error=(1.91e-07,1.55e-07)
[6/131] split=valid_unseen global=23 nodes=47 score_error=(3.1e-07,2.83e-07)
[7/131] split=valid_unseen global=27 nodes=46 score_error=(4.68e-07,5.96e-07)
[8/131] split=valid_unseen global=31 nodes=23 score_error=(4.56e-07,3.38e-07)
[9/131] split=valid_unseen global=35 nodes=23 score_error=(6.95e-07,4.36e-07)
[10/131] split=valid_unseen global=39 nodes=39 score_error=(4.97e-07,4.45e-07)
[11/131] split=valid_unseen global=43 nodes=28 score_error=(2.98e-07,1.35e-07)
[12/131] split=valid_unseen global=47 nodes=28 score_error=(1.5e-07,1.67e-07)
[13/131] split=valid_unseen global=51 nodes=36 score_error=(3.81e-07,2.86e-07)
[14/131] split=valid_unseen global=55 nodes=29 score_error=(1.45e-07,1.46e-07)
[15/131] split=valid_unseen global=59 nodes=62 score_error=(6.68e-07,5.3e-07)
[16/131] split=valid_unseen global=63 nodes=20 score_error=(3.58e-07,2.74e-07)
[17/131] split=valid_unseen global=67 nodes=33 score_error=(2.21e-07,1.19e-07)
[18/131] split=valid_unseen global=71 nodes=47 score_error=(1.91e-07,1.57e-07)
[19/131] split=valid_unseen global=75 nodes=43 score_error=(5.72e-07,2.65e-07)
[20/131] split=valid_unseen global=79 nodes=37 score_error=(2.06e-07,1.27e-07)
[21/131] split=valid_unseen global=83 nodes=53 score_error=(3.74e-07,1.61e-07)
[22/131] split=valid_unseen global=87 nodes=33 score_error=(1.92e-07,7.94e-08)
[23/131] split=valid_unseen global=91 nodes=47 score_error=(2.28e-07,1.73e-07)
[24/131] split=valid_unseen global=95 nodes=36 score_error=(2.72e-07,1.85e-07)
[25/131] split=valid_unseen global=99 nodes=37 score_error=(2.62e-07,2.02e-07)
[26/131] split=valid_unseen global=103 nodes=53 score_error=(1.76e-07,1.61e-07)
[27/131] split=valid_unseen global=107 nodes=33 score_error=(1.91e-07,8.38e-08)
[28/131] split=valid_unseen global=111 nodes=38 score_error=(2.62e-07,1.94e-07)
[29/131] split=valid_unseen global=115 nodes=51 score_error=(2.15e-07,1.94e-07)
[30/131] split=valid_unseen global=119 nodes=37 score_error=(2.05e-07,2.83e-07)
[31/131] split=valid_unseen global=123 nodes=37 score_error=(2.04e-07,1.73e-07)
[32/131] split=valid_unseen global=127 nodes=39 score_error=(2.86e-07,2.26e-07)
[33/131] split=valid_unseen global=131 nodes=54 score_error=(2.17e-07,2.86e-07)
[34/131] split=valid_unseen global=135 nodes=46 score_error=(5.72e-07,3.58e-07)
[35/131] split=valid_unseen global=139 nodes=30 score_error=(3.58e-07,7.15e-07)
[36/131] split=valid_unseen global=143 nodes=67 score_error=(5.25e-07,1.25e-07)
[37/131] split=valid_unseen global=147 nodes=42 score_error=(2.78e-07,4.05e-07)
[38/131] split=valid_unseen global=151 nodes=46 score_error=(4.11e-07,4.53e-07)
[39/131] split=valid_unseen global=155 nodes=23 score_error=(3.07e-07,2.86e-07)
[40/131] split=valid_unseen global=159 nodes=23 score_error=(3.58e-07,3.49e-07)
[41/131] split=valid_unseen global=163 nodes=37 score_error=(5.25e-07,4.05e-07)
[42/131] split=valid_unseen global=167 nodes=37 score_error=(3.58e-07,2.38e-07)
[43/131] split=valid_unseen global=171 nodes=46 score_error=(2.15e-07,1.92e-07)
[44/131] split=valid_unseen global=175 nodes=46 score_error=(3.34e-07,3.1e-07)
[45/131] split=valid_unseen global=179 nodes=34 score_error=(5.01e-07,7.39e-07)
[46/131] split=valid_unseen global=183 nodes=20 score_error=(2.62e-07,2.86e-07)
[47/131] split=valid_unseen global=187 nodes=37 score_error=(5.96e-07,4.05e-07)
[48/131] split=valid_unseen global=191 nodes=38 score_error=(2.92e-07,2.63e-07)
[49/131] split=valid_unseen global=195 nodes=26 score_error=(6.68e-07,5.01e-07)
[50/131] split=valid_unseen global=199 nodes=30 score_error=(2.91e-07,4.05e-07)
[51/131] split=valid_unseen global=203 nodes=26 score_error=(4.77e-07,3.33e-07)
[52/131] split=valid_unseen global=207 nodes=26 score_error=(4.77e-07,2.35e-07)
[53/131] split=valid_unseen global=211 nodes=37 score_error=(3.81e-07,2.86e-07)
[54/131] split=valid_unseen global=215 nodes=47 score_error=(4.53e-07,3.18e-07)
[55/131] split=valid_unseen global=219 nodes=47 score_error=(5.01e-07,4.48e-07)
[56/131] split=valid_unseen global=223 nodes=47 score_error=(2.93e-07,2.22e-07)
[57/131] split=valid_unseen global=227 nodes=51 score_error=(4.77e-07,1.94e-07)
[58/131] split=valid_unseen global=231 nodes=54 score_error=(2.29e-07,3.13e-07)
[59/131] split=valid_unseen global=235 nodes=50 score_error=(4.5e-07,1.69e-07)
[60/131] split=valid_unseen global=239 nodes=37 score_error=(2.57e-07,1.08e-07)
[61/131] split=valid_unseen global=243 nodes=157 score_error=(5.48e-07,3.57e-07)
[62/131] split=valid_unseen global=247 nodes=47 score_error=(2.86e-07,5.52e-07)
[63/131] split=valid_unseen global=251 nodes=50 score_error=(3.34e-07,2.21e-07)
[64/131] split=valid_unseen global=255 nodes=78 score_error=(3.81e-07,1.66e-07)
[65/131] split=valid_unseen global=259 nodes=46 score_error=(5.48e-07,3.1e-07)
[66/131] split=valid_unseen global=263 nodes=34 score_error=(3.18e-07,2.38e-07)
[67/131] split=valid_unseen global=267 nodes=47 score_error=(2.15e-07,1.6e-07)
[68/131] split=valid_unseen global=271 nodes=43 score_error=(2.86e-07,4.33e-07)
[69/131] split=valid_unseen global=275 nodes=51 score_error=(3.86e-07,1.21e-07)
[70/131] split=valid_unseen global=279 nodes=39 score_error=(2.32e-07,2.41e-07)
[71/131] split=valid_unseen global=283 nodes=46 score_error=(1.49e-07,2.38e-07)
[72/131] split=valid_unseen global=287 nodes=39 score_error=(3.58e-07,2.38e-07)
[73/131] split=valid_unseen global=291 nodes=62 score_error=(2.14e-07,1.59e-07)
[74/131] split=valid_unseen global=295 nodes=54 score_error=(2.39e-07,3.65e-07)
[75/131] split=valid_unseen global=299 nodes=39 score_error=(4.37e-07,4.05e-07)
[76/131] split=valid_unseen global=303 nodes=56 score_error=(2.62e-07,1.96e-07)
[77/131] split=valid_unseen global=307 nodes=39 score_error=(3.76e-07,7.9e-08)
[78/131] split=valid_unseen global=311 nodes=49 score_error=(2.89e-07,2.95e-07)
[79/131] split=valid_unseen global=315 nodes=50 score_error=(3.07e-07,4.84e-07)
[80/131] split=valid_unseen global=319 nodes=47 score_error=(2.93e-07,2.41e-07)
[81/131] split=valid_unseen global=323 nodes=43 score_error=(2.5e-07,1.86e-07)
[82/131] split=valid_unseen global=327 nodes=50 score_error=(2.87e-07,2.34e-07)
[83/131] split=valid_unseen global=331 nodes=76 score_error=(2.38e-07,2.98e-07)
[84/131] split=valid_unseen global=335 nodes=39 score_error=(3.29e-07,2.02e-07)
[85/131] split=valid_unseen global=339 nodes=39 score_error=(3.81e-07,2.03e-07)
[86/131] split=valid_unseen global=343 nodes=108 score_error=(2.98e-07,4.29e-07)
[87/131] split=valid_unseen global=347 nodes=51 score_error=(3.58e-07,4.8e-07)
[88/131] split=valid_unseen global=351 nodes=50 score_error=(4.05e-07,1.31e-07)
[89/131] split=valid_unseen global=355 nodes=78 score_error=(5.25e-07,1.44e-07)
[90/131] split=valid_unseen global=359 nodes=46 score_error=(3.58e-07,4.29e-07)
[91/131] split=valid_unseen global=363 nodes=30 score_error=(2.62e-07,5e-07)
[92/131] split=valid_unseen global=367 nodes=33 score_error=(3.58e-07,1.96e-07)
[93/131] split=valid_unseen global=371 nodes=43 score_error=(5.96e-07,3.58e-07)
[94/131] split=valid_unseen global=375 nodes=30 score_error=(2.48e-07,2.38e-07)
[95/131] split=valid_unseen global=379 nodes=23 score_error=(3.38e-07,3.83e-07)
[96/131] split=valid_unseen global=383 nodes=23 score_error=(3.81e-07,3.27e-07)
[97/131] split=valid_unseen global=387 nodes=23 score_error=(3.07e-07,4.74e-07)
[98/131] split=valid_unseen global=391 nodes=23 score_error=(4.05e-07,3.37e-07)
[99/131] split=valid_unseen global=395 nodes=55 score_error=(2.38e-07,2.82e-07)
[100/131] split=valid_unseen global=399 nodes=37 score_error=(4.77e-07,5.24e-07)
[101/131] split=valid_unseen global=403 nodes=37 score_error=(4.29e-07,1.67e-07)
[102/131] split=valid_unseen global=407 nodes=47 score_error=(5.96e-07,1.43e-07)
[103/131] split=valid_unseen global=411 nodes=33 score_error=(3.81e-07,3.1e-07)
[104/131] split=valid_unseen global=415 nodes=47 score_error=(3.81e-07,2.71e-07)
[105/131] split=valid_unseen global=419 nodes=63 score_error=(3.81e-07,4.29e-07)
[106/131] split=valid_unseen global=423 nodes=47 score_error=(7.63e-07,3.83e-07)
[107/131] split=valid_unseen global=427 nodes=47 score_error=(3.04e-07,1.61e-07)
[108/131] split=valid_unseen global=431 nodes=36 score_error=(2.15e-07,1.47e-07)
[109/131] split=valid_unseen global=435 nodes=54 score_error=(3.77e-07,2.89e-07)
[110/131] split=valid_unseen global=439 nodes=47 score_error=(2.62e-07,1.74e-07)
[111/131] split=valid_unseen global=443 nodes=54 score_error=(2.56e-07,3.58e-07)
[112/131] split=valid_unseen global=447 nodes=23 score_error=(2.5e-07,3.07e-07)
[113/131] split=valid_unseen global=451 nodes=23 score_error=(2.65e-07,2.92e-07)
[114/131] split=valid_unseen global=455 nodes=39 score_error=(6.68e-07,9.34e-07)
[115/131] split=valid_unseen global=459 nodes=36 score_error=(3.04e-07,1.49e-07)
[116/131] split=valid_unseen global=463 nodes=59 score_error=(3.58e-07,2.74e-07)
[117/131] split=valid_unseen global=467 nodes=34 score_error=(1.39e-07,1.2e-07)
[118/131] split=valid_unseen global=471 nodes=47 score_error=(3.58e-07,1.96e-07)
[119/131] split=valid_unseen global=475 nodes=43 score_error=(1.26e-07,1.69e-07)
[120/131] split=valid_unseen global=479 nodes=52 score_error=(3.45e-07,1.86e-07)
[121/131] split=valid_unseen global=483 nodes=39 score_error=(2.68e-07,1.87e-07)
[122/131] split=valid_unseen global=487 nodes=58 score_error=(2.65e-07,1.9e-07)
[123/131] split=valid_unseen global=491 nodes=39 score_error=(2.39e-07,1.66e-07)
[124/131] split=valid_unseen global=495 nodes=46 score_error=(4.32e-07,5.01e-07)
[125/131] split=valid_unseen global=499 nodes=39 score_error=(3.58e-07,3.34e-07)
[126/131] split=valid_unseen global=503 nodes=54 score_error=(2.86e-07,2.67e-07)
[127/131] split=valid_unseen global=507 nodes=39 score_error=(1.32e-07,2.43e-07)
[128/131] split=valid_unseen global=511 nodes=67 score_error=(4.05e-07,5.01e-07)
[129/131] split=valid_unseen global=515 nodes=34 score_error=(1.52e-07,2.38e-07)
[130/131] split=valid_unseen global=519 nodes=47 score_error=(4.77e-07,2.2e-07)
[131/131] split=valid_unseen global=523 nodes=45 score_error=(3.58e-07,4.61e-07)
{
  "decision_file": "/data/user/agent_self_evolution_gradient/data/alfworld_expert_large/valid_unseen.jsonl",
  "value_trace": "/data/user/agent_self_evolution_gradient/outputs/action_value_alignment/analysis/trace.jsonl",
  "base_model": "/data/user/agent_self_evolution_gradient/model",
  "seed_model": "/data/user/agent_self_evolution_gradient/seed_model",
  "tokenizer_path": "/data/user/agent_self_evolution_gradient/model",
  "output_dir": "/data/user/agent_self_evolution_gradient/outputs/token_value_alignment/valid_unseen_shard_3",
  "device": "cuda:0",
  "split": "valid_unseen",
  "shard_index": 3,
  "num_shards": 4,
  "batch_size": 4,
  "max_length": 1536,
  "history_window": 3,
  "top_k_movers": 12,
  "max_decisions": -1,
  "resume": true,
  "selected_decisions": 131,
  "previously_completed": 0,
  "newly_completed": 131,
  "trace_rows": 131,
  "tokenizer_class": "Qwen2TokenizerFast",
  "vocabulary_size": 151665,
  "dtype": "torch.bfloat16"
}
