# ALFWorld 价值梯度微小写回实验

每个条件只在内存中沿源状态的负梯度更新；每次测量后逐参数精确恢复。不同参数区通过源状态候选分布 KL=1e-4 校准，因此比较的是等功能扰动，而非等原始梯度尺度。置信区间按源状态聚类 bootstrap。

## valid_seen

源状态数：1；恢复最大误差：0；基线重算最大误差：0；KL 校准命中率：100.0%。

### 源状态：折扣价值期望变化（均值与 95% CI）

| 目标 | 参数区 | Δ价值 | 正值源比例 | 源 KL |
|---|---|---:|---:|---:|
| value_expectation | last_attention | +0.000583 [+0.000583, +0.000583] | 100.0% | 0.000100185 |
| value_optimal_set | last_attention | +0.000684 [+0.000684, +0.000684] | 100.0% | 9.29909e-05 |
| expert_nll_control | last_attention | -0.000314 [-0.000314, -0.000314] | 0.0% | 9.95189e-05 |

### 留出迁移：value_expectation 的 Δ价值

| 参数区 | 同任务同动作 | 同任务异动作 | 异任务同动作 | 异任务异动作 |
|---|---:|---:|---:|---:|
| last_attention | +0.000173 [+0.000173, +0.000173] | +0.000198 [+0.000198, +0.000198] | +0.000352 [+0.000352, +0.000352] | +0.000082 [+0.000082, +0.000082] |

### 留出迁移：value_optimal_set 的 Δ价值

| 参数区 | 同任务同动作 | 同任务异动作 | 异任务同动作 | 异任务异动作 |
|---|---:|---:|---:|---:|
| last_attention | +0.000142 [+0.000142, +0.000142] | +0.000145 [+0.000145, +0.000145] | +0.000257 [+0.000257, +0.000257] | +0.000066 [+0.000066, +0.000066] |

### 相对专家 NLL 对照：留出 Δ价值差

正值表示价值目标在等源 KL 下优于专家 NLL；下表汇总四类留出状态。

| 价值目标 | 参数区 | 四类留出平均差 |
|---|---|---:|
| value_expectation | last_attention | +0.000429 |
| value_optimal_set | last_attention | +0.000381 |

## valid_unseen

源状态数：1；恢复最大误差：0；基线重算最大误差：0；KL 校准命中率：100.0%。

### 源状态：折扣价值期望变化（均值与 95% CI）

| 目标 | 参数区 | Δ价值 | 正值源比例 | 源 KL |
|---|---|---:|---:|---:|
| value_expectation | last_attention | +0.000764 [+0.000764, +0.000764] | 100.0% | 9.99382e-05 |
| value_optimal_set | last_attention | +0.000752 [+0.000752, +0.000752] | 100.0% | 0.000100129 |
| expert_nll_control | last_attention | +0.000752 [+0.000752, +0.000752] | 100.0% | 0.000100129 |

### 留出迁移：value_expectation 的 Δ价值

| 参数区 | 同任务同动作 | 同任务异动作 | 异任务同动作 | 异任务异动作 |
|---|---:|---:|---:|---:|
| last_attention | +0.000287 [+0.000287, +0.000287] | -0.000220 [-0.000220, -0.000220] | -0.000087 [-0.000087, -0.000087] | -0.000016 [-0.000016, -0.000016] |

### 留出迁移：value_optimal_set 的 Δ价值

| 参数区 | 同任务同动作 | 同任务异动作 | 异任务同动作 | 异任务异动作 |
|---|---:|---:|---:|---:|
| last_attention | +0.000293 [+0.000293, +0.000293] | -0.000192 [-0.000192, -0.000192] | -0.000084 [-0.000084, -0.000084] | -0.000011 [-0.000011, -0.000011] |

### 相对专家 NLL 对照：留出 Δ价值差

正值表示价值目标在等源 KL 下优于专家 NLL；下表汇总四类留出状态。

| 价值目标 | 参数区 | 四类留出平均差 |
|---|---|---:|
| value_expectation | last_attention | -0.000011 |
| value_optimal_set | last_attention | +0.000000 |

## 解释边界

该实验检验局部、一阶、单状态更新能否迁移；它不是训练算法，也不做多步累计。若留出 CI 跨零，不能把源状态的必然改善解释为可泛化学习规则。专家 NLL 只用于等 KL 的行为克隆对照。

