Initializing AlfredTWEnv...
  0%|          | 0/494 [00:00<?, ?it/s] 19%|█▉        | 95/494 [00:00<00:00, 947.88it/s]100%|██████████| 494/494 [00:00<00:00, 3037.76it/s]
Overall we have 140 games in split=train
Training with 140 games
{
  "split": "valid_seen",
  "expert_type": "handcoded",
  "gamma": 0.95,
  "max_steps": 50,
  "seed": 20260902,
  "shard_index": 22,
  "num_shards": 32,
  "states": 14,
  "candidate_actions": 468,
  "successful_candidates": 459,
  "wall_seconds": 0.0013681049458682537
}
Initializing AlfredTWEnv...
  0%|          | 0/341 [00:00<?, ?it/s]  2%|▏         | 6/341 [00:00<00:05, 57.38it/s]100%|██████████| 341/341 [00:00<00:00, 1813.57it/s]
Overall we have 134 games in split=train
Training with 134 games
[1/11 shard=22] game=1/11 index=502 actions=29 wins=29 elapsed=76.9s
[2/11 shard=22] game=2/11 index=342 actions=29 wins=28 elapsed=181.4s
[3/11 shard=22] game=3/11 index=438 actions=28 wins=28 elapsed=239.1s
[4/11 shard=22] game=4/11 index=310 actions=34 wins=29 elapsed=337.3s
[5/11 shard=22] game=5/11 index=246 actions=31 wins=31 elapsed=411.9s
[6/11 shard=22] game=6/11 index=406 actions=34 wins=29 elapsed=511.8s
[7/11 shard=22] game=7/11 index=470 actions=30 wins=28 elapsed=607.0s
[8/11 shard=22] game=8/11 index=118 actions=30 wins=29 elapsed=699.4s
[9/11 shard=22] game=9/11 index=214 actions=30 wins=28 elapsed=759.5s
[10/11 shard=22] game=10/11 index=22 actions=28 wins=28 elapsed=814.1s
[11/11 shard=22] game=11/11 index=86 actions=31 wins=30 elapsed=901.0s
{
  "split": "valid_unseen",
  "expert_type": "handcoded",
  "gamma": 0.95,
  "max_steps": 50,
  "seed": 20260902,
  "shard_index": 22,
  "num_shards": 32,
  "states": 16,
  "candidate_actions": 470,
  "successful_candidates": 452,
  "wall_seconds": 901.0456269031856
}
