Initializing AlfredTWEnv...
  0%|          | 0/494 [00:00<?, ?it/s] 13%|█▎        | 65/494 [00:00<00:00, 645.07it/s]100%|██████████| 494/494 [00:00<00:00, 2892.03it/s]
Overall we have 140 games in split=train
Training with 140 games
{
  "split": "valid_seen",
  "expert_type": "handcoded",
  "gamma": 0.95,
  "max_steps": 50,
  "seed": 20260902,
  "shard_index": 23,
  "num_shards": 32,
  "states": 14,
  "candidate_actions": 469,
  "successful_candidates": 441,
  "wall_seconds": 0.00138497119769454
}
Initializing AlfredTWEnv...
  0%|          | 0/341 [00:00<?, ?it/s] 23%|██▎       | 79/341 [00:00<00:00, 789.93it/s]100%|██████████| 341/341 [00:00<00:00, 2081.64it/s]
Overall we have 134 games in split=train
Training with 134 games
[1/11 shard=23] game=1/11 index=503 actions=31 wins=29 elapsed=84.6s
[2/11 shard=23] game=2/11 index=343 actions=37 wins=29 elapsed=226.0s
[3/11 shard=23] game=3/11 index=439 actions=30 wins=28 elapsed=292.1s
[4/11 shard=23] game=4/11 index=311 actions=30 wins=30 elapsed=369.7s
[5/11 shard=23] game=5/11 index=247 actions=30 wins=30 elapsed=442.7s
[6/11 shard=23] game=6/11 index=407 actions=30 wins=30 elapsed=519.4s
[7/11 shard=23] game=7/11 index=471 actions=30 wins=28 elapsed=621.2s
[8/11 shard=23] game=8/11 index=119 actions=29 wins=29 elapsed=716.9s
[9/11 shard=23] game=9/11 index=215 actions=30 wins=30 elapsed=774.8s
[10/11 shard=23] game=10/11 index=23 actions=30 wins=28 elapsed=838.2s
[11/11 shard=23] game=11/11 index=87 actions=28 wins=28 elapsed=914.0s
{
  "split": "valid_unseen",
  "expert_type": "handcoded",
  "gamma": 0.95,
  "max_steps": 50,
  "seed": 20260902,
  "shard_index": 23,
  "num_shards": 32,
  "states": 16,
  "candidate_actions": 468,
  "successful_candidates": 433,
  "wall_seconds": 913.9650071149226
}
