Initializing AlfredTWEnv...
  0%|          | 0/494 [00:00<?, ?it/s] 12%|█▏        | 61/494 [00:00<00:00, 609.52it/s]100%|██████████| 494/494 [00:00<00:00, 2955.20it/s]
Overall we have 140 games in split=train
Training with 140 games
{
  "split": "valid_seen",
  "expert_type": "handcoded",
  "gamma": 0.95,
  "max_steps": 50,
  "seed": 20260902,
  "shard_index": 12,
  "num_shards": 32,
  "states": 14,
  "candidate_actions": 388,
  "successful_candidates": 365,
  "wall_seconds": 0.001153385965153575
}
Initializing AlfredTWEnv...
  0%|          | 0/341 [00:00<?, ?it/s] 32%|███▏      | 109/341 [00:00<00:00, 1088.17it/s]100%|██████████| 341/341 [00:00<00:00, 2150.03it/s]
Overall we have 134 games in split=train
Training with 134 games
[1/5 shard=12] game=1/5 index=236 actions=29 wins=29 elapsed=68.9s
[2/5 shard=12] game=2/5 index=492 actions=35 wins=30 elapsed=200.5s
[3/5 shard=12] game=3/5 index=108 actions=28 wins=28 elapsed=293.9s
[4/5 shard=12] game=4/5 index=76 actions=29 wins=28 elapsed=378.2s
[5/5 shard=12] game=5/5 index=12 actions=29 wins=0 elapsed=508.5s
{
  "split": "valid_unseen",
  "expert_type": "handcoded",
  "gamma": 0.95,
  "max_steps": 50,
  "seed": 20260902,
  "shard_index": 12,
  "num_shards": 32,
  "states": 17,
  "candidate_actions": 476,
  "successful_candidates": 420,
  "wall_seconds": 508.542775540147
}
