Initializing AlfredTWEnv...
  0%|          | 0/494 [00:00<?, ?it/s] 13%|█▎        | 63/494 [00:00<00:00, 628.95it/s]100%|██████████| 494/494 [00:00<00:00, 2925.79it/s]
Overall we have 140 games in split=train
Training with 140 games
{
  "split": "valid_seen",
  "expert_type": "handcoded",
  "gamma": 0.95,
  "max_steps": 50,
  "seed": 20260902,
  "shard_index": 2,
  "num_shards": 32,
  "states": 14,
  "candidate_actions": 360,
  "successful_candidates": 334,
  "wall_seconds": 0.001049448037520051
}
Initializing AlfredTWEnv...
  0%|          | 0/341 [00:00<?, ?it/s] 23%|██▎       | 77/341 [00:00<00:00, 761.72it/s]100%|██████████| 341/341 [00:00<00:00, 2077.85it/s]
Overall we have 134 games in split=train
Training with 134 games
[1/4 shard=2] game=1/4 index=98 actions=30 wins=29 elapsed=89.7s
[2/4 shard=2] game=2/4 index=258 actions=30 wins=30 elapsed=167.4s
[3/4 shard=2] game=3/4 index=354 actions=29 wins=29 elapsed=248.8s
[4/4 shard=2] game=4/4 index=2 actions=30 wins=0 elapsed=387.5s
{
  "split": "valid_unseen",
  "expert_type": "handcoded",
  "gamma": 0.95,
  "max_steps": 50,
  "seed": 20260902,
  "shard_index": 2,
  "num_shards": 32,
  "states": 17,
  "candidate_actions": 473,
  "successful_candidates": 423,
  "wall_seconds": 387.46450481005013
}
