Initializing AlfredTWEnv...
  0%|          | 0/494 [00:00<?, ?it/s] 25%|██▌       | 125/494 [00:00<00:00, 1246.67it/s]100%|██████████| 494/494 [00:00<00:00, 3128.69it/s]
Overall we have 140 games in split=train
Training with 140 games
{
  "split": "valid_seen",
  "expert_type": "handcoded",
  "gamma": 0.95,
  "max_steps": 50,
  "seed": 20260902,
  "shard_index": 18,
  "num_shards": 32,
  "states": 14,
  "candidate_actions": 459,
  "successful_candidates": 413,
  "wall_seconds": 0.001364880008623004
}
Initializing AlfredTWEnv...
  0%|          | 0/341 [00:00<?, ?it/s] 21%|██        | 70/341 [00:00<00:00, 698.14it/s]100%|██████████| 341/341 [00:00<00:00, 2025.94it/s]
Overall we have 134 games in split=train
Training with 134 games
[1/10 shard=18] game=1/10 index=146 actions=29 wins=29 elapsed=68.6s
[2/10 shard=18] game=2/10 index=498 actions=32 wins=28 elapsed=164.6s
[3/10 shard=18] game=3/10 index=338 actions=29 wins=29 elapsed=271.4s
[4/10 shard=18] game=4/10 index=306 actions=30 wins=29 elapsed=350.3s
[5/10 shard=18] game=5/10 index=242 actions=28 wins=28 elapsed=417.6s
[6/10 shard=18] game=6/10 index=402 actions=30 wins=28 elapsed=501.2s
[7/10 shard=18] game=7/10 index=466 actions=28 wins=28 elapsed=590.2s
[8/10 shard=18] game=8/10 index=114 actions=31 wins=28 elapsed=688.9s
[9/10 shard=18] game=9/10 index=82 actions=36 wins=30 elapsed=796.9s
[10/10 shard=18] game=10/10 index=18 actions=31 wins=1 elapsed=930.6s
{
  "split": "valid_unseen",
  "expert_type": "handcoded",
  "gamma": 0.95,
  "max_steps": 50,
  "seed": 20260902,
  "shard_index": 18,
  "num_shards": 32,
  "states": 16,
  "candidate_actions": 470,
  "successful_candidates": 423,
  "wall_seconds": 930.5983161330223
}
