Initializing AlfredTWEnv...
  0%|          | 0/494 [00:00<?, ?it/s] 21%|██▏       | 105/494 [00:00<00:00, 1049.21it/s]100%|██████████| 494/494 [00:00<00:00, 3045.64it/s]
Overall we have 140 games in split=train
Training with 140 games
{
  "split": "valid_seen",
  "expert_type": "handcoded",
  "gamma": 0.95,
  "max_steps": 50,
  "seed": 20260902,
  "shard_index": 16,
  "num_shards": 32,
  "states": 14,
  "candidate_actions": 454,
  "successful_candidates": 408,
  "wall_seconds": 0.0013900389894843102
}
Initializing AlfredTWEnv...
  0%|          | 0/341 [00:00<?, ?it/s] 23%|██▎       | 78/341 [00:00<00:00, 775.39it/s] 91%|█████████ | 309/341 [00:00<00:00, 1673.56it/s]100%|██████████| 341/341 [00:00<00:00, 1665.59it/s]
Overall we have 134 games in split=train
Training with 134 games
[1/9 shard=16] game=1/9 index=464 actions=19 wins=18 elapsed=16.9s
[2/9 shard=16] game=2/9 index=304 actions=29 wins=29 elapsed=91.9s
[3/9 shard=16] game=3/9 index=176 actions=30 wins=30 elapsed=165.2s
[4/9 shard=16] game=4/9 index=240 actions=29 wins=29 elapsed=236.8s
[5/9 shard=16] game=5/9 index=400 actions=28 wins=28 elapsed=311.0s
[6/9 shard=16] game=6/9 index=496 actions=30 wins=30 elapsed=417.3s
[7/9 shard=16] game=7/9 index=112 actions=30 wins=28 elapsed=515.0s
[8/9 shard=16] game=8/9 index=80 actions=31 wins=28 elapsed=606.5s
[9/9 shard=16] game=9/9 index=16 actions=30 wins=0 elapsed=741.4s
{
  "split": "valid_unseen",
  "expert_type": "handcoded",
  "gamma": 0.95,
  "max_steps": 50,
  "seed": 20260902,
  "shard_index": 16,
  "num_shards": 32,
  "states": 16,
  "candidate_actions": 456,
  "successful_candidates": 416,
  "wall_seconds": 741.37296091998
}
