Initializing AlfredTWEnv...
  0%|          | 0/494 [00:00<?, ?it/s] 15%|█▌        | 75/494 [00:00<00:00, 747.14it/s]100%|██████████| 494/494 [00:00<00:00, 2982.02it/s]
Overall we have 140 games in split=train
Training with 140 games
{
  "split": "valid_seen",
  "expert_type": "handcoded",
  "gamma": 0.95,
  "max_steps": 50,
  "seed": 20260902,
  "shard_index": 10,
  "num_shards": 32,
  "states": 14,
  "candidate_actions": 397,
  "successful_candidates": 380,
  "wall_seconds": 0.0011564299929887056
}
Initializing AlfredTWEnv...
  0%|          | 0/341 [00:00<?, ?it/s] 23%|██▎       | 77/341 [00:00<00:00, 763.74it/s]100%|██████████| 341/341 [00:00<00:00, 2102.46it/s]
Overall we have 134 games in split=train
Training with 134 games
[1/4 shard=10] game=1/4 index=490 actions=29 wins=29 elapsed=102.6s
[2/4 shard=10] game=2/4 index=106 actions=30 wins=30 elapsed=194.5s
[3/4 shard=10] game=3/4 index=74 actions=30 wins=28 elapsed=285.4s
[4/4 shard=10] game=4/4 index=10 actions=30 wins=30 elapsed=387.4s
{
  "split": "valid_unseen",
  "expert_type": "handcoded",
  "gamma": 0.95,
  "max_steps": 50,
  "seed": 20260902,
  "shard_index": 10,
  "num_shards": 32,
  "states": 17,
  "candidate_actions": 459,
  "successful_candidates": 448,
  "wall_seconds": 387.44795913412236
}
