Initializing AlfredTWEnv...
  0%|          | 0/494 [00:00<?, ?it/s] 14%|█▎        | 67/494 [00:00<00:00, 669.16it/s]100%|██████████| 494/494 [00:00<00:00, 2972.42it/s]
Overall we have 140 games in split=train
Training with 140 games
{
  "split": "valid_seen",
  "expert_type": "handcoded",
  "gamma": 0.95,
  "max_steps": 50,
  "seed": 20260902,
  "shard_index": 9,
  "num_shards": 32,
  "states": 14,
  "candidate_actions": 380,
  "successful_candidates": 376,
  "wall_seconds": 0.0010581910610198975
}
Initializing AlfredTWEnv...
  0%|          | 0/341 [00:00<?, ?it/s]  2%|▏         | 6/341 [00:00<00:05, 58.30it/s]100%|██████████| 341/341 [00:00<00:00, 1829.68it/s]
Overall we have 134 games in split=train
Training with 134 games
[1/5 shard=9] game=1/5 index=137 actions=31 wins=31 elapsed=107.3s
[2/5 shard=9] game=2/5 index=105 actions=31 wins=31 elapsed=200.1s
[3/5 shard=9] game=3/5 index=73 actions=32 wins=28 elapsed=297.6s
[4/5 shard=9] game=4/5 index=361 actions=30 wins=30 elapsed=383.0s
[5/5 shard=9] game=5/5 index=9 actions=29 wins=0 elapsed=514.4s
{
  "split": "valid_unseen",
  "expert_type": "handcoded",
  "gamma": 0.95,
  "max_steps": 50,
  "seed": 20260902,
  "shard_index": 9,
  "num_shards": 32,
  "states": 17,
  "candidate_actions": 479,
  "successful_candidates": 436,
  "wall_seconds": 514.3551580230705
}
