Initializing AlfredTWEnv...
  0%|          | 0/494 [00:00<?, ?it/s] 16%|█▌        | 79/494 [00:00<00:00, 787.31it/s]100%|██████████| 494/494 [00:00<00:00, 3030.18it/s]
Overall we have 140 games in split=train
Training with 140 games
{
  "split": "valid_seen",
  "expert_type": "handcoded",
  "gamma": 0.95,
  "max_steps": 50,
  "seed": 20260902,
  "shard_index": 0,
  "num_shards": 32,
  "states": 14,
  "candidate_actions": 369,
  "successful_candidates": 335,
  "wall_seconds": 0.00107867200858891
}
Initializing AlfredTWEnv...
  0%|          | 0/341 [00:00<?, ?it/s] 21%|██        | 70/341 [00:00<00:00, 696.74it/s]100%|██████████| 341/341 [00:00<00:00, 2025.31it/s]
Overall we have 134 games in split=train
Training with 134 games
[1/3 shard=0] game=1/3 index=256 actions=29 wins=29 elapsed=75.7s
[2/3 shard=0] game=2/3 index=352 actions=29 wins=29 elapsed=158.0s
[3/3 shard=0] game=3/3 index=0 actions=28 wins=0 elapsed=289.8s
{
  "split": "valid_unseen",
  "expert_type": "handcoded",
  "gamma": 0.95,
  "max_steps": 50,
  "seed": 20260902,
  "shard_index": 0,
  "num_shards": 32,
  "states": 17,
  "candidate_actions": 465,
  "successful_candidates": 425,
  "wall_seconds": 289.8178203878924
}
