Initializing AlfredTWEnv...
  0%|          | 0/494 [00:00<?, ?it/s] 36%|███▌      | 177/494 [00:00<00:00, 1764.14it/s]100%|██████████| 494/494 [00:00<00:00, 3301.46it/s]
Overall we have 140 games in split=train
Training with 140 games
{
  "split": "valid_seen",
  "expert_type": "handcoded",
  "gamma": 0.95,
  "max_steps": 50,
  "seed": 20260902,
  "shard_index": 26,
  "num_shards": 32,
  "states": 14,
  "candidate_actions": 397,
  "successful_candidates": 366,
  "wall_seconds": 0.0011397050693631172
}
Initializing AlfredTWEnv...
  0%|          | 0/341 [00:00<?, ?it/s]  2%|▏         | 6/341 [00:00<00:05, 57.10it/s]100%|██████████| 341/341 [00:00<00:00, 1802.09it/s]
Overall we have 134 games in split=train
Training with 134 games
[1/6 shard=26] game=1/6 index=474 actions=31 wins=28 elapsed=108.9s
[2/6 shard=26] game=2/6 index=122 actions=31 wins=29 elapsed=212.9s
[3/6 shard=26] game=3/6 index=218 actions=31 wins=31 elapsed=277.2s
[4/6 shard=26] game=4/6 index=26 actions=31 wins=31 elapsed=345.2s
[5/6 shard=26] game=5/6 index=90 actions=30 wins=28 elapsed=436.0s
[6/6 shard=26] game=6/6 index=250 actions=29 wins=29 elapsed=507.1s
{
  "split": "valid_unseen",
  "expert_type": "handcoded",
  "gamma": 0.95,
  "max_steps": 50,
  "seed": 20260902,
  "shard_index": 26,
  "num_shards": 32,
  "states": 16,
  "candidate_actions": 462,
  "successful_candidates": 450,
  "wall_seconds": 507.0881239119917
}
