Initializing AlfredTWEnv...
  0%|          | 0/494 [00:00<?, ?it/s] 14%|█▍        | 71/494 [00:00<00:00, 709.50it/s]100%|██████████| 494/494 [00:00<00:00, 2973.05it/s]
Overall we have 140 games in split=train
Training with 140 games
{
  "split": "valid_seen",
  "expert_type": "handcoded",
  "gamma": 0.95,
  "max_steps": 50,
  "seed": 20260902,
  "shard_index": 1,
  "num_shards": 32,
  "states": 14,
  "candidate_actions": 355,
  "successful_candidates": 331,
  "wall_seconds": 0.001015084097161889
}
Initializing AlfredTWEnv...
  0%|          | 0/341 [00:00<?, ?it/s]  7%|▋         | 23/341 [00:00<00:01, 229.45it/s]100%|██████████| 341/341 [00:00<00:00, 1898.75it/s]
Overall we have 134 games in split=train
Training with 134 games
[1/3 shard=1] game=1/3 index=257 actions=30 wins=29 elapsed=80.6s
[2/3 shard=1] game=2/3 index=353 actions=31 wins=28 elapsed=172.4s
[3/3 shard=1] game=3/3 index=1 actions=30 wins=0 elapsed=311.7s
{
  "split": "valid_unseen",
  "expert_type": "handcoded",
  "gamma": 0.95,
  "max_steps": 50,
  "seed": 20260902,
  "shard_index": 1,
  "num_shards": 32,
  "states": 17,
  "candidate_actions": 474,
  "successful_candidates": 419,
  "wall_seconds": 311.70921921590343
}
