Initializing AlfredTWEnv...
  0%|          | 0/494 [00:00<?, ?it/s] 14%|█▍        | 71/494 [00:00<00:00, 709.88it/s]100%|██████████| 494/494 [00:00<00:00, 2991.74it/s]
Overall we have 140 games in split=train
Training with 140 games
{
  "split": "valid_seen",
  "expert_type": "handcoded",
  "gamma": 0.95,
  "max_steps": 50,
  "seed": 20260902,
  "shard_index": 14,
  "num_shards": 32,
  "states": 14,
  "candidate_actions": 401,
  "successful_candidates": 376,
  "wall_seconds": 0.0012356319930404425
}
Initializing AlfredTWEnv...
  0%|          | 0/341 [00:00<?, ?it/s]  2%|▏         | 6/341 [00:00<00:05, 57.96it/s]100%|██████████| 341/341 [00:00<00:00, 1835.36it/s]
Overall we have 134 games in split=train
Training with 134 games
[1/5 shard=14] game=1/5 index=238 actions=29 wins=29 elapsed=67.3s
[2/5 shard=14] game=2/5 index=494 actions=31 wins=31 elapsed=178.2s
[3/5 shard=14] game=3/5 index=110 actions=30 wins=28 elapsed=279.0s
[4/5 shard=14] game=4/5 index=78 actions=30 wins=29 elapsed=365.5s
[5/5 shard=14] game=5/5 index=14 actions=29 wins=0 elapsed=498.5s
{
  "split": "valid_unseen",
  "expert_type": "handcoded",
  "gamma": 0.95,
  "max_steps": 50,
  "seed": 20260902,
  "shard_index": 14,
  "num_shards": 32,
  "states": 17,
  "candidate_actions": 475,
  "successful_candidates": 437,
  "wall_seconds": 498.4670312390663
}
