Initializing AlfredTWEnv...
  0%|          | 0/494 [00:00<?, ?it/s] 15%|█▌        | 75/494 [00:00<00:00, 749.11it/s]100%|██████████| 494/494 [00:00<00:00, 2990.19it/s]
Overall we have 140 games in split=train
Training with 140 games
{
  "split": "valid_seen",
  "expert_type": "handcoded",
  "gamma": 0.95,
  "max_steps": 50,
  "seed": 20260902,
  "shard_index": 15,
  "num_shards": 32,
  "states": 14,
  "candidate_actions": 417,
  "successful_candidates": 352,
  "wall_seconds": 0.0013066099490970373
}
Initializing AlfredTWEnv...
  0%|          | 0/341 [00:00<?, ?it/s] 11%|█         | 37/341 [00:00<00:00, 369.49it/s]100%|██████████| 341/341 [00:00<00:00, 1909.92it/s]
Overall we have 134 games in split=train
Training with 134 games
[1/8 shard=15] game=1/8 index=463 actions=19 wins=19 elapsed=16.3s
[2/8 shard=15] game=2/8 index=303 actions=31 wins=29 elapsed=98.9s
[3/8 shard=15] game=3/8 index=175 actions=31 wins=31 elapsed=174.9s
[4/8 shard=15] game=4/8 index=239 actions=29 wins=29 elapsed=246.0s
[5/8 shard=15] game=5/8 index=495 actions=31 wins=31 elapsed=358.7s
[6/8 shard=15] game=6/8 index=111 actions=28 wins=28 elapsed=451.6s
[7/8 shard=15] game=7/8 index=79 actions=29 wins=29 elapsed=533.8s
[8/8 shard=15] game=8/8 index=15 actions=31 wins=1 elapsed=666.1s
{
  "split": "valid_unseen",
  "expert_type": "handcoded",
  "gamma": 0.95,
  "max_steps": 50,
  "seed": 20260902,
  "shard_index": 15,
  "num_shards": 32,
  "states": 16,
  "candidate_actions": 451,
  "successful_candidates": 413,
  "wall_seconds": 666.0667141799349
}
