Initializing AlfredTWEnv...
  0%|          | 0/494 [00:00<?, ?it/s] 27%|██▋       | 133/494 [00:00<00:00, 1325.24it/s]100%|██████████| 494/494 [00:00<00:00, 3168.51it/s]
Overall we have 140 games in split=train
Training with 140 games
{
  "split": "valid_seen",
  "expert_type": "handcoded",
  "gamma": 0.95,
  "max_steps": 50,
  "seed": 20260902,
  "shard_index": 6,
  "num_shards": 32,
  "states": 14,
  "candidate_actions": 353,
  "successful_candidates": 343,
  "wall_seconds": 0.0009940620511770248
}
Initializing AlfredTWEnv...
  0%|          | 0/341 [00:00<?, ?it/s] 23%|██▎       | 77/341 [00:00<00:00, 763.79it/s]100%|██████████| 341/341 [00:00<00:00, 2047.28it/s]
Overall we have 134 games in split=train
Training with 134 games
[1/3 shard=6] game=1/3 index=70 actions=30 wins=28 elapsed=90.5s
[2/3 shard=6] game=2/3 index=358 actions=30 wins=30 elapsed=177.5s
[3/3 shard=6] game=3/3 index=6 actions=29 wins=0 elapsed=315.6s
{
  "split": "valid_unseen",
  "expert_type": "handcoded",
  "gamma": 0.95,
  "max_steps": 50,
  "seed": 20260902,
  "shard_index": 6,
  "num_shards": 32,
  "states": 17,
  "candidate_actions": 488,
  "successful_candidates": 440,
  "wall_seconds": 315.6488317789044
}
