Initializing AlfredTWEnv...
  0%|          | 0/494 [00:00<?, ?it/s] 25%|██▌       | 125/494 [00:00<00:00, 1247.27it/s]100%|██████████| 494/494 [00:00<00:00, 3122.95it/s]
Overall we have 140 games in split=train
Training with 140 games
{
  "split": "valid_seen",
  "expert_type": "handcoded",
  "gamma": 0.95,
  "max_steps": 50,
  "seed": 20260902,
  "shard_index": 13,
  "num_shards": 32,
  "states": 14,
  "candidate_actions": 414,
  "successful_candidates": 390,
  "wall_seconds": 0.0012342198751866817
}
Initializing AlfredTWEnv...
  0%|          | 0/341 [00:00<?, ?it/s] 10%|█         | 35/341 [00:00<00:00, 349.98it/s]100%|██████████| 341/341 [00:00<00:00, 1910.46it/s]
Overall we have 134 games in split=train
Training with 134 games
[1/6 shard=13] game=1/6 index=173 actions=30 wins=30 elapsed=70.6s
[2/6 shard=13] game=2/6 index=237 actions=31 wins=28 elapsed=151.0s
[3/6 shard=13] game=3/6 index=493 actions=31 wins=30 elapsed=262.9s
[4/6 shard=13] game=4/6 index=109 actions=28 wins=28 elapsed=356.7s
[5/6 shard=13] game=5/6 index=77 actions=29 wins=29 elapsed=438.4s
[6/6 shard=13] game=6/6 index=13 actions=31 wins=1 elapsed=574.8s
{
  "split": "valid_unseen",
  "expert_type": "handcoded",
  "gamma": 0.95,
  "max_steps": 50,
  "seed": 20260902,
  "shard_index": 13,
  "num_shards": 32,
  "states": 17,
  "candidate_actions": 479,
  "successful_candidates": 434,
  "wall_seconds": 574.8458915308584
}
