{
  "comparison_label": "direct300_last4",
  "splits": {
    "valid_seen": {
      "states": 444,
      "episodes": 33,
      "candidate_actions": 12680,
      "candidate_success_rate": 0.9409305993690852,
      "states_with_binary_value_variation": 141,
      "states_with_discounted_value_variation": 432,
      "expert_action_value_optimal_rate": 0.40765765765765766,
      "base_top_value_optimal_rate": 0.3130630630630631,
      "seed_top_value_optimal_rate": 0.4391891891891892,
      "base_expected_discounted_value": 0.5954424736046026,
      "comparison_expected_discounted_value": 0.622245861472626,
      "relative_expected_discounted_value_gain": 0.04501423572585435,
      "relative_top_value_optimal_rate_gain": 0.40287769784172656,
      "required_relative_improvement": 0.3,
      "meets_required_relative_expected_value_improvement": false,
      "practical_threshold": 0.8,
      "meets_practical_threshold": false,
      "gap_to_practical_threshold": -0.36081081081081084,
      "descriptive": {
        "success_expected_value_delta": {
          "count": 444,
          "mean": 0.003166074215683872,
          "std": 0.07623988085252019,
          "p10": -0.02535319995431784,
          "p25": -1.3183898417423734e-16,
          "median": 1.734723475976807e-17,
          "p75": 2.241299801888367e-16,
          "p90": 0.054073274259045595
        },
        "discounted_expected_value_delta": {
          "count": 444,
          "mean": 0.026803387868023297,
          "std": 0.08076047222643398,
          "p10": -0.02605342321610293,
          "p25": 0.001939134222558922,
          "median": 0.019473275454523608,
          "p75": 0.05547645363114947,
          "p90": 0.10226482429373197
        },
        "discounted_top_value_delta": {
          "count": 444,
          "mean": 0.06952342734919352,
          "std": 0.24256151341421905,
          "p10": 0.0,
          "p25": 0.0,
          "median": 0.0,
          "p75": 0.037238207617187546,
          "p90": 0.3964273349646925
        },
        "discounted_added_minus_removed_value": {
          "count": 444,
          "mean": 0.09605183540716175,
          "std": 0.26750638138022226,
          "p10": -0.11556705767850214,
          "p25": 0.015938501006451042,
          "median": 0.0824689028605553,
          "p75": 0.20545378210827542,
          "p90": 0.3862898049020255
        },
        "discounted_probability_on_value_optimal_delta": {
          "count": 444,
          "mean": 0.10369224813258648,
          "std": 0.1719044684729656,
          "p10": -0.03929182733033195,
          "p25": -0.003598243820290229,
          "median": 0.03846773880146559,
          "p75": 0.24259673308487006,
          "p90": 0.35134526869396177
        },
        "delta_logit_value_spearman": {
          "count": 432,
          "mean": 0.2671302559836023,
          "std": 0.2682868840675971,
          "p10": -0.14179116382333753,
          "p25": 0.11034890347650136,
          "median": 0.3104102720080082,
          "p75": 0.44375158561279565,
          "p90": 0.5712793156605404
        },
        "delta_probability_value_spearman": {
          "count": 432,
          "mean": 0.1762529445919716,
          "std": 0.30443963651447986,
          "p10": -0.24969960261991625,
          "p25": -0.038547740115619206,
          "median": 0.2116323984404782,
          "p75": 0.3872983346207417,
          "p90": 0.5551059096851245
        },
        "discounted_base_expected_value": {
          "count": 444,
          "mean": 0.5954424736046026,
          "std": 0.22930173481099167,
          "p10": 0.29850265785010116,
          "p25": 0.4258424592848576,
          "median": 0.6051785000275711,
          "p75": 0.7760449478021288,
          "p90": 0.9001514825251565
        },
        "discounted_seed_expected_value": {
          "count": 444,
          "mean": 0.622245861472626,
          "std": 0.21897115485288954,
          "p10": 0.3574479323960546,
          "p25": 0.48928742686025767,
          "median": 0.6466813548120962,
          "p75": 0.7686814125983898,
          "p90": 0.9021435311824619
        },
        "discounted_base_top_value": {
          "count": 444,
          "mean": 0.5964754861858304,
          "std": 0.3072007387331905,
          "p10": 0.0,
          "p25": 0.3972143184582182,
          "median": 0.6634204312890623,
          "p75": 0.8145062499999999,
          "p90": 0.95
        },
        "discounted_seed_top_value": {
          "count": 444,
          "mean": 0.6659989135350237,
          "std": 0.2619181737850763,
          "p10": 0.27738957312183377,
          "p25": 0.5688000922764597,
          "median": 0.7350918906249998,
          "p75": 0.8145062499999999,
          "p90": 0.95
        }
      },
      "episode_cluster_bootstrap": {
        "success_expected_value_delta": {
          "observed": 0.003166074215683871,
          "ci95": [
            -0.008594299973240063,
            0.017173356990074825
          ],
          "probability_positive": 0.6639,
          "clusters": 33
        },
        "discounted_expected_value_delta": {
          "observed": 0.026803387868023297,
          "ci95": [
            0.010417569277312733,
            0.04163668000981487
          ],
          "probability_positive": 0.9994,
          "clusters": 33
        },
        "discounted_top_value_delta": {
          "observed": 0.0695234273491935,
          "ci95": [
            0.022167758684045146,
            0.1144798840862964
          ],
          "probability_positive": 0.9983,
          "clusters": 33
        },
        "discounted_added_minus_removed_value": {
          "observed": 0.09605183540716175,
          "ci95": [
            0.04755733173256685,
            0.1357655815100986
          ],
          "probability_positive": 1.0,
          "clusters": 33
        },
        "discounted_probability_on_value_optimal_delta": {
          "observed": 0.10369224813258648,
          "ci95": [
            0.06464101651032986,
            0.14091829091180091
          ],
          "probability_positive": 1.0,
          "clusters": 33
        },
        "delta_logit_value_spearman": {
          "observed": 0.2671302559836023,
          "ci95": [
            0.2215746193538813,
            0.3131126383498323
          ],
          "probability_positive": 1.0,
          "clusters": 33
        },
        "delta_probability_value_spearman": {
          "observed": 0.1762529445919716,
          "ci95": [
            0.12931207588883967,
            0.21652885321017645
          ],
          "probability_positive": 1.0,
          "clusters": 33
        },
        "discounted_base_expected_value": {
          "observed": 0.5954424736046026,
          "ci95": [
            0.5424596448205256,
            0.6497508503750786
          ],
          "probability_positive": 1.0,
          "clusters": 33
        },
        "discounted_seed_expected_value": {
          "observed": 0.6222458614726258,
          "ci95": [
            0.5775234561432168,
            0.6660875672672164
          ],
          "probability_positive": 1.0,
          "clusters": 33
        },
        "discounted_base_top_value": {
          "observed": 0.5964754861858304,
          "ci95": [
            0.550977986622833,
            0.65215737223924
          ],
          "probability_positive": 1.0,
          "clusters": 33
        },
        "discounted_seed_top_value": {
          "observed": 0.6659989135350237,
          "ci95": [
            0.6172977279261808,
            0.7143485903560093
          ],
          "probability_positive": 1.0,
          "clusters": 33
        }
      },
      "by_expert_transition": {
        "changed_nonexpert": {
          "states": 130,
          "episodes": 23,
          "expected_discounted_value_delta": {
            "count": 130,
            "mean": 0.04492545991563409,
            "std": 0.07440274963395825,
            "p10": -0.02329983315510622,
            "p25": 0.007870739844523517,
            "median": 0.04122995192659249,
            "p75": 0.0912790408520685,
            "p90": 0.13788576938105515
          },
          "expected_success_delta": {
            "count": 130,
            "mean": 0.002651162833446056,
            "std": 0.0643165946099497,
            "p10": -0.051084846602100005,
            "p25": -2.706168622523819e-16,
            "median": 3.7933523509836586e-17,
            "p75": 0.005472356108696516,
            "p90": 0.06652143116504527
          },
          "top_discounted_value_delta": {
            "count": 130,
            "mean": 0.24752094881795028,
            "std": 0.33370716598641503,
            "p10": -0.005545800899695466,
            "p25": 0.01661358196662084,
            "median": 0.19473180296236314,
            "p75": 0.4817919131612274,
            "p90": 0.7350918906249998
          },
          "delta_logit_value_spearman": {
            "count": 130,
            "mean": 0.28865832861637425,
            "std": 0.22810929668879784,
            "p10": -0.013102977214757849,
            "p25": 0.16567777316290516,
            "median": 0.31732308839223505,
            "p75": 0.4394528272598548,
            "p90": 0.558793702070203
          },
          "base_top_value_optimal_rate": 0.038461538461538464,
          "seed_top_value_optimal_rate": 0.5076923076923077
        },
        "harmed_from_expert": {
          "states": 39,
          "episodes": 23,
          "expected_discounted_value_delta": {
            "count": 39,
            "mean": -0.00777059967629559,
            "std": 0.10610067149131362,
            "p10": -0.19488002885538064,
            "p25": -0.04625064238618993,
            "median": 0.0017153505209772876,
            "p75": 0.05070287872389778,
            "p90": 0.09863422159425157
          },
          "expected_success_delta": {
            "count": 39,
            "mean": -0.019700260906591455,
            "std": 0.07015997054881919,
            "p10": -0.03251241618483361,
            "p25": -2.1614701229832013e-16,
            "median": 0.0,
            "p75": 1.1102230246251565e-16,
            "p90": 0.00017256787840799206
          },
          "top_discounted_value_delta": {
            "count": 39,
            "mean": -0.07056049143165609,
            "std": 0.34107547894584334,
            "p10": -0.6593434034779156,
            "p25": -0.13549375000000008,
            "median": -0.04749999999999999,
            "p75": 0.09014306115332038,
            "p90": 0.27508193714604307
          },
          "delta_logit_value_spearman": {
            "count": 38,
            "mean": 0.17062449900834947,
            "std": 0.26469549791612107,
            "p10": -0.1999214658561641,
            "p25": -0.012220332767576274,
            "median": 0.21754143279984933,
            "p75": 0.3704068452793015,
            "p90": 0.46349290503434964
          },
          "base_top_value_optimal_rate": 0.5897435897435898,
          "seed_top_value_optimal_rate": 0.3076923076923077
        },
        "rescued_to_expert": {
          "states": 13,
          "episodes": 12,
          "expected_discounted_value_delta": {
            "count": 13,
            "mean": 0.044097861314487494,
            "std": 0.0705154938661998,
            "p10": 0.012870779428732337,
            "p25": 0.018147563362814784,
            "median": 0.024431410669062244,
            "p75": 0.03150739458102722,
            "p90": 0.03643432212145424
          },
          "expected_success_delta": {
            "count": 13,
            "mean": 0.02205959709794345,
            "std": 0.0764166859362742,
            "p10": -1.93421667571414e-16,
            "p25": -1.4224732503009818e-16,
            "median": -7.979727989493313e-17,
            "p75": 1.238158880978446e-16,
            "p90": 1.7971735211119725e-16
          },
          "top_discounted_value_delta": {
            "count": 13,
            "mean": 0.1109644278879207,
            "std": 0.26840960483057186,
            "p10": -0.08828840496874998,
            "p25": 0.03675459453125007,
            "median": 0.04286875000000001,
            "p75": 0.10484248090039072,
            "p90": 0.11036050621093751
          },
          "delta_logit_value_spearman": {
            "count": 13,
            "mean": 0.42564454696444554,
            "std": 0.1487587751768556,
            "p10": 0.23483507142429708,
            "p25": 0.3605406237350108,
            "median": 0.41356684961833257,
            "p75": 0.5186689125174319,
            "p90": 0.5929034588527666
          },
          "base_top_value_optimal_rate": 0.15384615384615385,
          "seed_top_value_optimal_rate": 0.6153846153846154
        },
        "stable_expert": {
          "states": 143,
          "episodes": 31,
          "expected_discounted_value_delta": {
            "count": 143,
            "mean": 0.020077046301718984,
            "std": 0.04357439209567491,
            "p10": 0.0,
            "p25": 0.005326282739684362,
            "median": 0.0143226254651862,
            "p75": 0.03793361292369754,
            "p90": 0.0670816100416184
          },
          "expected_success_delta": {
            "count": 143,
            "mean": 0.0025836076194673445,
            "std": 0.04302792797591555,
            "p10": -1.6375789613221057e-16,
            "p25": -8.586881206085195e-17,
            "median": 0.0,
            "p75": 1.214306433183765e-16,
            "p90": 0.026303848050823888
          },
          "top_discounted_value_delta": {
            "count": 143,
            "mean": 0.0,
            "std": 0.0,
            "p10": 0.0,
            "p25": 0.0,
            "median": 0.0,
            "p75": 0.0,
            "p90": 0.0
          },
          "delta_logit_value_spearman": {
            "count": 135,
            "mean": 0.3228333452284782,
            "std": 0.24301574188528546,
            "p10": -0.028722129078218476,
            "p25": 0.18196521740187138,
            "median": 0.3417447902817415,
            "p75": 0.4825536202836559,
            "p90": 0.6085710885416945
          },
          "base_top_value_optimal_rate": 0.6433566433566433,
          "seed_top_value_optimal_rate": 0.6433566433566433
        },
        "stable_nonexpert": {
          "states": 119,
          "episodes": 29,
          "expected_discounted_value_delta": {
            "count": 119,
            "mean": 0.02453073944127135,
            "std": 0.104549824142607,
            "p10": -0.053715390707362,
            "p25": 0.0,
            "median": 0.017230039497048134,
            "p75": 0.048063701614349766,
            "p90": 0.09702677485755584
          },
          "expected_success_delta": {
            "count": 119,
            "mean": 0.009858531990887593,
            "std": 0.11151792657214686,
            "p10": -0.05054660358749817,
            "p25": -1.2967057982926633e-16,
            "median": 3.075322521596188e-17,
            "p75": 5.894940133033266e-06,
            "p90": 0.08871008082227559
          },
          "top_discounted_value_delta": {
            "count": 119,
            "mean": 0.0,
            "std": 0.0,
            "p10": 0.0,
            "p25": 0.0,
            "median": 0.0,
            "p75": 0.0,
            "p90": 0.0
          },
          "delta_logit_value_spearman": {
            "count": 116,
            "mean": 0.19202651884558514,
            "std": 0.3161362815851003,
            "p10": -0.24216615884857012,
            "p25": -0.05711082438120184,
            "median": 0.26754788681002684,
            "p75": 0.4079310982211038,
            "p90": 0.5489572392108657
          },
          "base_top_value_optimal_rate": 0.14285714285714285,
          "seed_top_value_optimal_rate": 0.14285714285714285
        }
      },
      "by_task_type": {
        "look_at_obj_in_light": {
          "states": 52,
          "episodes": 3,
          "expected_discounted_value_delta": {
            "count": 52,
            "mean": -0.0011657621729995412,
            "std": 0.06036740675443087,
            "p10": -0.06066310668769995,
            "p25": -0.010978852154931391,
            "median": 0.014727840039407036,
            "p75": 0.03500704480088062,
            "p90": 0.0521348084420629
          },
          "expected_success_delta": {
            "count": 52,
            "mean": -0.01966763960802489,
            "std": 0.06433632890001183,
            "p10": -0.12715388543032186,
            "p25": -1.2858637765678083e-16,
            "median": -1.214306433183765e-17,
            "p75": 1.8214596497756474e-16,
            "p90": 0.005398370039450603
          },
          "top_discounted_value_delta": {
            "count": 52,
            "mean": -0.02728997849493819,
            "std": 0.17114814929941286,
            "p10": 0.0,
            "p25": 0.0,
            "median": 0.0,
            "p75": 0.0,
            "p90": 0.0
          },
          "delta_logit_value_spearman": {
            "count": 52,
            "mean": 0.14753882793722106,
            "std": 0.3764145422960445,
            "p10": -0.327386173240015,
            "p25": -0.18083312836456095,
            "median": 0.16449947524301636,
            "p75": 0.4200362241912615,
            "p90": 0.6476550950985248
          },
          "base_top_value_optimal_rate": 0.019230769230769232,
          "seed_top_value_optimal_rate": 0.038461538461538464
        },
        "pick_and_place_simple": {
          "states": 85,
          "episodes": 10,
          "expected_discounted_value_delta": {
            "count": 85,
            "mean": 0.017355643339544726,
            "std": 0.06829810962195024,
            "p10": -0.045878465398226306,
            "p25": 0.005133222721730646,
            "median": 0.014650572448880711,
            "p75": 0.03697866319680344,
            "p90": 0.07830696736230933
          },
          "expected_success_delta": {
            "count": 85,
            "mean": 0.0045148165918024894,
            "std": 0.04770428783807261,
            "p10": -1.6653345369377348e-16,
            "p25": -1.0408340855860843e-16,
            "median": 4.683753385137379e-17,
            "p75": 2.220446049250313e-16,
            "p90": 0.025754736482613207
          },
          "top_discounted_value_delta": {
            "count": 85,
            "mean": 0.006369573448958006,
            "std": 0.1996348823238596,
            "p10": -0.08799375000000009,
            "p25": 0.0,
            "median": 0.0,
            "p75": 0.0,
            "p90": 0.05217361094544535
          },
          "delta_logit_value_spearman": {
            "count": 85,
            "mean": 0.2140503513845393,
            "std": 0.25706026689673234,
            "p10": -0.18196023705518607,
            "p25": 0.05734814376287711,
            "median": 0.2556195294112837,
            "p75": 0.3809032607387829,
            "p90": 0.5110686156410909
          },
          "base_top_value_optimal_rate": 0.35294117647058826,
          "seed_top_value_optimal_rate": 0.3411764705882353
        },
        "pick_clean_then_place_in_recep": {
          "states": 80,
          "episodes": 6,
          "expected_discounted_value_delta": {
            "count": 80,
            "mean": 0.023213048177170577,
            "std": 0.10696514818988705,
            "p10": -0.11732778266983117,
            "p25": 0.0014307714679286372,
            "median": 0.040760493977185036,
            "p75": 0.0890595256021525,
            "p90": 0.12519577332783202
          },
          "expected_success_delta": {
            "count": 80,
            "mean": -0.0275166938434381,
            "std": 0.08586549046033386,
            "p10": -0.09268578691154292,
            "p25": -0.0010922856937828202,
            "median": -5.551115123125783e-17,
            "p75": 1.0232158002831948e-16,
            "p90": 3.1339676947322937e-16
          },
          "top_discounted_value_delta": {
            "count": 80,
            "mean": 0.08386265685133053,
            "std": 0.3234287582551816,
            "p10": -0.04749999999999999,
            "p25": 0.0,
            "median": 0.0,
            "p75": 0.18252821000210084,
            "p90": 0.4859564066208595
          },
          "delta_logit_value_spearman": {
            "count": 80,
            "mean": 0.22817194163456778,
            "std": 0.2673100952822249,
            "p10": -0.15072035021422794,
            "p25": 0.028737801852422678,
            "median": 0.2718671714845222,
            "p75": 0.417198221979346,
            "p90": 0.5655700279563594
          },
          "base_top_value_optimal_rate": 0.3625,
          "seed_top_value_optimal_rate": 0.6125
        },
        "pick_cool_then_place_in_recep": {
          "states": 92,
          "episodes": 7,
          "expected_discounted_value_delta": {
            "count": 92,
            "mean": 0.015722368832190022,
            "std": 0.0596761320119983,
            "p10": -0.016009201355484504,
            "p25": 0.004834738369946653,
            "median": 0.013991380910193781,
            "p75": 0.03547382210110936,
            "p90": 0.06168058775049618
          },
          "expected_success_delta": {
            "count": 92,
            "mean": -0.0008429947596772021,
            "std": 0.06963034019065119,
            "p10": -0.014637429673429373,
            "p25": -1.4029576111962427e-16,
            "median": 2.7755575615628914e-17,
            "p75": 3.2786273695961654e-16,
            "p90": 0.04527755629248398
          },
          "top_discounted_value_delta": {
            "count": 92,
            "mean": 0.09140363754060461,
            "std": 0.22766620140313876,
            "p10": 0.0,
            "p25": 0.0,
            "median": 0.0,
            "p75": 0.07996421472705084,
            "p90": 0.6212604775184123
          },
          "delta_logit_value_spearman": {
            "count": 92,
            "mean": 0.29910886758864025,
            "std": 0.21365592075129414,
            "p10": 0.011444204347731643,
            "p25": 0.16837026706553995,
            "median": 0.30134404424827144,
            "p75": 0.43566598451621424,
            "p90": 0.5403683180872118
          },
          "base_top_value_optimal_rate": 0.391304347826087,
          "seed_top_value_optimal_rate": 0.45652173913043476
        },
        "pick_heat_then_place_in_recep": {
          "states": 111,
          "episodes": 6,
          "expected_discounted_value_delta": {
            "count": 111,
            "mean": 0.04228500521742785,
            "std": 0.048884616088236126,
            "p10": -0.0030863062321936367,
            "p25": 0.006405188696452766,
            "median": 0.022192223961079074,
            "p75": 0.06781247373216195,
            "p90": 0.12027368977493318
          },
          "expected_success_delta": {
            "count": 111,
            "mean": 0.017058916281451206,
            "std": 0.04484505033914088,
            "p10": -4.440892098500626e-16,
            "p25": -1.1007362556159084e-16,
            "median": 4.163336342344337e-17,
            "p75": 0.001987060297086315,
            "p90": 0.0966858190153941
          },
          "top_discounted_value_delta": {
            "count": 111,
            "mean": 0.14079206918716403,
            "std": 0.2255680271685789,
            "p10": 0.0,
            "p25": 0.0,
            "median": 0.0,
            "p75": 0.23270984972201753,
            "p90": 0.4817919131612274
          },
          "delta_logit_value_spearman": {
            "count": 111,
            "mean": 0.361991465284234,
            "std": 0.22597342083406602,
            "p10": 0.011385711699531492,
            "p25": 0.28627072377639773,
            "median": 0.3914249278583806,
            "p75": 0.5175176997537807,
            "p90": 0.6108809417432296
          },
          "base_top_value_optimal_rate": 0.2072072072072072,
          "seed_top_value_optimal_rate": 0.46846846846846846
        },
        "pick_two_obj_and_place": {
          "states": 24,
          "episodes": 1,
          "expected_discounted_value_delta": {
            "count": 24,
            "mean": 0.10370653319447505,
            "std": 0.1544528719727369,
            "p10": 0.0,
            "p25": 0.0,
            "median": 0.0,
            "p75": 0.25530327896411087,
            "p90": 0.3693388082916779
          },
          "expected_success_delta": {
            "count": 24,
            "mean": 0.10125192163341623,
            "std": 0.1522870443045606,
            "p10": 0.0,
            "p25": 0.0,
            "median": 0.0,
            "p75": 0.19393051530894995,
            "p90": 0.3693388082916779
          },
          "top_discounted_value_delta": {
            "count": 24,
            "mean": 0.041666666666666664,
            "std": 0.19982631347136331,
            "p10": 0.0,
            "p25": 0.0,
            "median": 0.0,
            "p75": 0.0,
            "p90": 0.0
          },
          "delta_logit_value_spearman": {
            "count": 12,
            "mean": 0.29842898908537746,
            "std": 0.16237506577460312,
            "p10": 0.15877683720748897,
            "p25": 0.2686850227684422,
            "median": 0.3872983346207417,
            "p75": 0.3872983346207417,
            "p90": 0.396353569869636
          },
          "base_top_value_optimal_rate": 0.8333333333333334,
          "seed_top_value_optimal_rate": 0.875
        }
      },
      "by_action_verb": {
        "clean": {
          "states": 6,
          "episodes": 6,
          "expected_discounted_value_delta": {
            "count": 6,
            "mean": -0.1963177019489156,
            "std": 0.06081977314650335,
            "p10": -0.24801352827667178,
            "p25": -0.23095354867240714,
            "median": -0.20895794723066446,
            "p75": -0.19510771175623595,
            "p90": -0.13198163033941054
          },
          "expected_success_delta": {
            "count": 6,
            "mean": -0.18897885985634733,
            "std": 0.10792718997527893,
            "p10": -0.28538015427285185,
            "p25": -0.2627257208171125,
            "median": -0.23728657632689035,
            "p75": -0.12314107993130262,
            "p90": -0.04426984896929983
          },
          "top_discounted_value_delta": {
            "count": 6,
            "mean": -0.41161218579077796,
            "std": 0.4191768323185349,
            "p10": -0.9025,
            "p25": -0.8430432786861669,
            "median": -0.3323365573723339,
            "p75": 0.0,
            "p90": 0.0
          },
          "delta_logit_value_spearman": {
            "count": 6,
            "mean": -0.03527167331408506,
            "std": 0.2893819826639277,
            "p10": -0.3200931414677754,
            "p25": -0.209926878073173,
            "median": -0.13675380675435592,
            "p75": 0.1961956430418549,
            "p90": 0.35103192827987617
          },
          "base_top_value_optimal_rate": 1.0,
          "seed_top_value_optimal_rate": 0.5
        },
        "close": {
          "states": 56,
          "episodes": 18,
          "expected_discounted_value_delta": {
            "count": 56,
            "mean": 0.04328679253829163,
            "std": 0.07174271978573994,
            "p10": -0.008037014549785164,
            "p25": 0.02063420508886949,
            "median": 0.04358521986240062,
            "p75": 0.07406691935632101,
            "p90": 0.12506075486256168
          },
          "expected_success_delta": {
            "count": 56,
            "mean": 0.012055911193638311,
            "std": 0.08197125439351478,
            "p10": -0.059891381357115775,
            "p25": -1.7745911992216989e-16,
            "median": 6.732217864777179e-17,
            "p75": 0.045847443983835036,
            "p90": 0.09965543372225275
          },
          "top_discounted_value_delta": {
            "count": 56,
            "mean": 0.20250140905374675,
            "std": 0.3255294989728488,
            "p10": 0.0,
            "p25": 0.0,
            "median": 0.08347908978242802,
            "p75": 0.40114425499638384,
            "p90": 0.7737809374999998
          },
          "delta_logit_value_spearman": {
            "count": 56,
            "mean": 0.20460657635649776,
            "std": 0.23370046139254724,
            "p10": -0.13436320058960216,
            "p25": 0.08585353451691785,
            "median": 0.2705427958713491,
            "p75": 0.3635134263338513,
            "p90": 0.460796146970612
          },
          "base_top_value_optimal_rate": 0.017857142857142856,
          "seed_top_value_optimal_rate": 0.42857142857142855
        },
        "cool": {
          "states": 7,
          "episodes": 7,
          "expected_discounted_value_delta": {
            "count": 7,
            "mean": 0.0027665829695864125,
            "std": 0.003994252690335426,
            "p10": -0.001343457420071189,
            "p25": 0.0009406565572663496,
            "median": 0.0030228458482894445,
            "p75": 0.005140259060684802,
            "p90": 0.0073137282397091885
          },
          "expected_success_delta": {
            "count": 7,
            "mean": 1.59346742150441e-16,
            "std": 2.392776521519039e-16,
            "p10": -1.762479051592436e-16,
            "p25": -3.122502256758253e-17,
            "median": 3.2612801348363973e-16,
            "p75": 3.5388358909926865e-16,
            "p90": 3.7539416020138107e-16
          },
          "top_discounted_value_delta": {
            "count": 7,
            "mean": 0.0,
            "std": 0.0,
            "p10": 0.0,
            "p25": 0.0,
            "median": 0.0,
            "p75": 0.0,
            "p90": 0.0
          },
          "delta_logit_value_spearman": {
            "count": 7,
            "mean": 0.20171278222464792,
            "std": 0.15319512823351333,
            "p10": 0.04316375150061831,
            "p25": 0.1497511420788607,
            "median": 0.1735793938369016,
            "p75": 0.29913148754739805,
            "p90": 0.37270922265215073
          },
          "base_top_value_optimal_rate": 1.0,
          "seed_top_value_optimal_rate": 1.0
        },
        "examine": {
          "states": 1,
          "episodes": 1,
          "expected_discounted_value_delta": {
            "count": 1,
            "mean": 0.12122524523101841,
            "std": 0.0,
            "p10": 0.12122524523101841,
            "p25": 0.12122524523101841,
            "median": 0.12122524523101841,
            "p75": 0.12122524523101841,
            "p90": 0.12122524523101841
          },
          "expected_success_delta": {
            "count": 1,
            "mean": 2.693158196453993e-16,
            "std": 0.0,
            "p10": 2.693158196453993e-16,
            "p25": 2.693158196453993e-16,
            "median": 2.693158196453993e-16,
            "p75": 2.693158196453993e-16,
            "p90": 2.693158196453993e-16
          },
          "top_discounted_value_delta": {
            "count": 1,
            "mean": 0.0,
            "std": 0.0,
            "p10": 0.0,
            "p25": 0.0,
            "median": 0.0,
            "p75": 0.0,
            "p90": 0.0
          },
          "delta_logit_value_spearman": {
            "count": 1,
            "mean": 0.5317868352499048,
            "std": 0.0,
            "p10": 0.5317868352499048,
            "p25": 0.5317868352499048,
            "median": 0.5317868352499048,
            "p75": 0.5317868352499048,
            "p90": 0.5317868352499048
          },
          "base_top_value_optimal_rate": 1.0,
          "seed_top_value_optimal_rate": 1.0
        },
        "go": {
          "states": 238,
          "episodes": 33,
          "expected_discounted_value_delta": {
            "count": 238,
            "mean": 0.026406301649565974,
            "std": 0.09291610027819115,
            "p10": -0.045789213696558105,
            "p25": -0.00036684632599323506,
            "median": 0.013558427532985787,
            "p75": 0.05246787192092274,
            "p90": 0.12781261304559924
          },
          "expected_success_delta": {
            "count": 238,
            "mean": 0.002075974555923305,
            "std": 0.08501711338242965,
            "p10": -0.03405544117832301,
            "p25": -1.8732719106966417e-16,
            "median": 0.0,
            "p75": 1.735426598109041e-16,
            "p90": 0.04696132708618629
          },
          "top_discounted_value_delta": {
            "count": 238,
            "mean": 0.08288450555988955,
            "std": 0.2500182272381237,
            "p10": -0.04749999999999999,
            "p25": 0.0,
            "median": 0.0,
            "p75": 0.10484248090039072,
            "p90": 0.4710344227908517
          },
          "delta_logit_value_spearman": {
            "count": 230,
            "mean": 0.2544827887002429,
            "std": 0.2712057081558724,
            "p10": -0.17818801371635373,
            "p25": 0.09755366528394019,
            "median": 0.31996708737015433,
            "p75": 0.43250716360795616,
            "p90": 0.5594266501004348
          },
          "base_top_value_optimal_rate": 0.23529411764705882,
          "seed_top_value_optimal_rate": 0.36554621848739494
        },
        "heat": {
          "states": 6,
          "episodes": 6,
          "expected_discounted_value_delta": {
            "count": 6,
            "mean": -0.001999958368856636,
            "std": 0.002280816072536112,
            "p10": -0.004147367182663148,
            "p25": -0.003023922855412291,
            "median": -0.002479772096782562,
            "p75": -0.0012717169237690563,
            "p90": 0.0006272641728758031
          },
          "expected_success_delta": {
            "count": 6,
            "mean": -2.891205793294679e-17,
            "std": 1.3923850189750178e-16,
            "p10": -1.7780915628762273e-16,
            "p25": -5.2909066017292616e-17,
            "median": -2.3418766925686896e-17,
            "p75": 6.591949208711867e-17,
            "p90": 1.1449174941446927e-16
          },
          "top_discounted_value_delta": {
            "count": 6,
            "mean": 0.0,
            "std": 0.0,
            "p10": 0.0,
            "p25": 0.0,
            "median": 0.0,
            "p75": 0.0,
            "p90": 0.0
          },
          "delta_logit_value_spearman": {
            "count": 6,
            "mean": -0.0035582351524640608,
            "std": 0.07051392160254202,
            "p10": -0.06668261386050853,
            "p25": -0.0550589197989529,
            "median": -0.026928572441757004,
            "p75": 0.019330440878391707,
            "p90": 0.08293648084487336
          },
          "base_top_value_optimal_rate": 0.3333333333333333,
          "seed_top_value_optimal_rate": 0.3333333333333333
        },
        "move": {
          "states": 31,
          "episodes": 30,
          "expected_discounted_value_delta": {
            "count": 31,
            "mean": 0.04489123965373594,
            "std": 0.04943992511101087,
            "p10": 0.007760233363646077,
            "p25": 0.016404537756431803,
            "median": 0.03813852167719278,
            "p75": 0.05672415254450133,
            "p90": 0.06824269436237046
          },
          "expected_success_delta": {
            "count": 31,
            "mean": 0.009250798783008564,
            "std": 0.050668711683951276,
            "p10": -1.1102230246251565e-16,
            "p25": -5.551115123125783e-17,
            "median": 0.0,
            "p75": 6.938893903907228e-17,
            "p90": 1.6653345369377348e-16
          },
          "top_discounted_value_delta": {
            "count": 31,
            "mean": 0.03225806451612903,
            "std": 0.17668469596940847,
            "p10": 0.0,
            "p25": 0.0,
            "median": 0.0,
            "p75": 0.0,
            "p90": 0.0
          },
          "delta_logit_value_spearman": {
            "count": 30,
            "mean": 0.22435334599543744,
            "std": 0.19916703273207093,
            "p10": -0.13960201217930662,
            "p25": 0.16085220353410468,
            "median": 0.2642052294798606,
            "p75": 0.3903932795489709,
            "p90": 0.4020448781589901
          },
          "base_top_value_optimal_rate": 0.967741935483871,
          "seed_top_value_optimal_rate": 1.0
        },
        "open": {
          "states": 62,
          "episodes": 21,
          "expected_discounted_value_delta": {
            "count": 62,
            "mean": 0.03358229343710307,
            "std": 0.031839459794589305,
            "p10": 0.006389039024947753,
            "p25": 0.011228405624178301,
            "median": 0.020626162604016732,
            "p75": 0.056737035788103726,
            "p90": 0.08717229903958706
          },
          "expected_success_delta": {
            "count": 62,
            "mean": 0.0018522854473261565,
            "std": 0.01446681181466559,
            "p10": -1.7763568394002503e-16,
            "p25": -1.0234868508263162e-16,
            "median": 3.8163916471489756e-17,
            "p75": 1.3010426069826053e-16,
            "p90": 1.9897278269453975e-16
          },
          "top_discounted_value_delta": {
            "count": 62,
            "mean": 0.026224508388760236,
            "std": 0.07835962504670753,
            "p10": 0.0,
            "p25": 0.0,
            "median": 0.0,
            "p75": 0.0,
            "p90": 0.07046598768202249
          },
          "delta_logit_value_spearman": {
            "count": 61,
            "mean": 0.3759339176416025,
            "std": 0.25883315247869787,
            "p10": -0.01901557612514161,
            "p25": 0.24866572318424096,
            "median": 0.3974776977375169,
            "p75": 0.5648423794123869,
            "p90": 0.6940577732322791
          },
          "base_top_value_optimal_rate": 0.0967741935483871,
          "seed_top_value_optimal_rate": 0.20967741935483872
        },
        "take": {
          "states": 34,
          "episodes": 33,
          "expected_discounted_value_delta": {
            "count": 34,
            "mean": 0.026555301494753655,
            "std": 0.025908917702930596,
            "p10": 0.0,
            "p25": 0.005684684619403585,
            "median": 0.01995609660187484,
            "p75": 0.04477194835849091,
            "p90": 0.06110864082395017
          },
          "expected_success_delta": {
            "count": 34,
            "mean": 0.03218936073039719,
            "std": 0.03735668613734383,
            "p10": -7.285838599102589e-17,
            "p25": 3.209238430557093e-17,
            "median": 0.022400163628700415,
            "p75": 0.05758551740122708,
            "p90": 0.0872800293474704
          },
          "top_discounted_value_delta": {
            "count": 34,
            "mean": -0.010424585075884658,
            "std": 0.029006264314965745,
            "p10": -0.047661520458398436,
            "p25": 0.0,
            "median": 0.0,
            "p75": 0.0,
            "p90": 0.0
          },
          "delta_logit_value_spearman": {
            "count": 32,
            "mean": 0.41765704136279763,
            "std": 0.22507465839261348,
            "p10": 0.1885012967880995,
            "p25": 0.3276642519918876,
            "median": 0.4491028218724546,
            "p75": 0.5622455417990323,
            "p90": 0.6729838994189162
          },
          "base_top_value_optimal_rate": 0.8823529411764706,
          "seed_top_value_optimal_rate": 0.7941176470588235
        },
        "use": {
          "states": 3,
          "episodes": 3,
          "expected_discounted_value_delta": {
            "count": 3,
            "mean": -0.045117399546002045,
            "std": 0.05388781863703231,
            "p10": -0.09988053977777696,
            "p25": -0.06915344231629923,
            "median": -0.01794161321383636,
            "p75": -0.007493463609622012,
            "p90": -0.001224573847093402
          },
          "expected_success_delta": {
            "count": 3,
            "mean": -0.041885861697587255,
            "std": 0.0632069392423497,
            "p10": -0.10497307228219208,
            "p25": -0.06560817017636997,
            "median": 2.2898349882893854e-16,
            "p75": 0.0027793776299892096,
            "p90": 0.004447004207982598
          },
          "top_discounted_value_delta": {
            "count": 3,
            "mean": 0.0,
            "std": 0.0,
            "p10": 0.0,
            "p25": 0.0,
            "median": 0.0,
            "p75": 0.0,
            "p90": 0.0
          },
          "delta_logit_value_spearman": {
            "count": 3,
            "mean": 0.22428978942096248,
            "std": 0.473603215174814,
            "p10": -0.25168968892863297,
            "p25": -0.04549038545096512,
            "median": 0.29817512034514787,
            "p75": 0.5310126297549828,
            "p90": 0.6707151354008838
          },
          "base_top_value_optimal_rate": 0.0,
          "seed_top_value_optimal_rate": 0.0
        }
      }
    },
    "valid_unseen": {
      "states": 527,
      "episodes": 34,
      "candidate_actions": 14980,
      "candidate_success_rate": 0.9283711615487317,
      "states_with_binary_value_variation": 207,
      "states_with_discounted_value_variation": 513,
      "expert_action_value_optimal_rate": 0.36622390891840606,
      "base_top_value_optimal_rate": 0.3187855787476281,
      "seed_top_value_optimal_rate": 0.33396584440227706,
      "base_expected_discounted_value": 0.569995599316029,
      "comparison_expected_discounted_value": 0.5763738800218574,
      "relative_expected_discounted_value_gain": 0.011190052543356716,
      "relative_top_value_optimal_rate_gain": 0.04761904761904767,
      "required_relative_improvement": 0.3,
      "meets_required_relative_expected_value_improvement": false,
      "practical_threshold": 0.8,
      "meets_practical_threshold": false,
      "gap_to_practical_threshold": -0.466034155597723,
      "descriptive": {
        "success_expected_value_delta": {
          "count": 527,
          "mean": 0.01067000713732002,
          "std": 0.06488715508640891,
          "p10": -2.67259678929675e-16,
          "p25": -6.505213034913027e-17,
          "median": 9.80118763926896e-17,
          "p75": 0.029146430695197866,
          "p90": 0.07275907937375832
        },
        "discounted_expected_value_delta": {
          "count": 527,
          "mean": 0.006378280705828294,
          "std": 0.05575680024054719,
          "p10": -0.027746076065965217,
          "p25": 0.0003221681798371223,
          "median": 0.008001690559680778,
          "p75": 0.028295552977380206,
          "p90": 0.05662322538317994
        },
        "discounted_top_value_delta": {
          "count": 527,
          "mean": 0.039545040297086435,
          "std": 0.23994790896688584,
          "p10": 0.0,
          "p25": 0.0,
          "median": 0.0,
          "p75": 0.0,
          "p90": 0.2861059583844702
        },
        "discounted_added_minus_removed_value": {
          "count": 527,
          "mean": 0.0637551092191029,
          "std": 0.24177088035771088,
          "p10": -0.12396870330887362,
          "p25": 0.0033493214373922497,
          "median": 0.0519566251476149,
          "p75": 0.16751150294939313,
          "p90": 0.33373138032478067
        },
        "discounted_probability_on_value_optimal_delta": {
          "count": 527,
          "mean": 0.023472915349613193,
          "std": 0.10056063569615063,
          "p10": -0.047848268728131284,
          "p25": -0.005569759846617702,
          "median": 0.006656888478132304,
          "p75": 0.03889563790588974,
          "p90": 0.11356030296562489
        },
        "delta_logit_value_spearman": {
          "count": 513,
          "mean": 0.2663000000926039,
          "std": 0.2306454563235327,
          "p10": -0.07616721303554286,
          "p25": 0.1530876423350137,
          "median": 0.30396699715647996,
          "p75": 0.42185987458655394,
          "p90": 0.5342722789762262
        },
        "delta_probability_value_spearman": {
          "count": 513,
          "mean": 0.2033171815328607,
          "std": 0.27476494328663303,
          "p10": -0.1892713256731304,
          "p25": 0.04611669133591953,
          "median": 0.24503617344276435,
          "p75": 0.3932164466671235,
          "p90": 0.5314136877458937
        },
        "discounted_base_expected_value": {
          "count": 527,
          "mean": 0.569995599316029,
          "std": 0.22943774383673984,
          "p10": 0.2778905480608312,
          "p25": 0.40418869744766,
          "median": 0.5806712517961489,
          "p75": 0.744005640160603,
          "p90": 0.884801393035802
        },
        "discounted_seed_expected_value": {
          "count": 527,
          "mean": 0.5763738800218574,
          "std": 0.22018504730721028,
          "p10": 0.3154852354502584,
          "p25": 0.4306064144975913,
          "median": 0.5840770710857546,
          "p75": 0.7261305982586822,
          "p90": 0.877552997251928
        },
        "discounted_base_top_value": {
          "count": 527,
          "mean": 0.5749407111454756,
          "std": 0.31094271603759305,
          "p10": 0.0,
          "p25": 0.37735360253530725,
          "median": 0.6634204312890623,
          "p75": 0.8145062499999999,
          "p90": 0.95
        },
        "discounted_seed_top_value": {
          "count": 527,
          "mean": 0.614485751442562,
          "std": 0.2681382686249601,
          "p10": 0.23782688525533216,
          "p25": 0.46329123015975304,
          "median": 0.6634204312890623,
          "p75": 0.7737809374999998,
          "p90": 0.9025
        }
      },
      "episode_cluster_bootstrap": {
        "success_expected_value_delta": {
          "observed": 0.010670007137320022,
          "ci95": [
            0.0036646268058066296,
            0.01694846631296429
          ],
          "probability_positive": 0.9985,
          "clusters": 34
        },
        "discounted_expected_value_delta": {
          "observed": 0.006378280705828293,
          "ci95": [
            -0.000332771496116304,
            0.01299293507918926
          ],
          "probability_positive": 0.9687,
          "clusters": 34
        },
        "discounted_top_value_delta": {
          "observed": 0.03954504029708643,
          "ci95": [
            0.014350003668472888,
            0.06396934755298934
          ],
          "probability_positive": 0.9988,
          "clusters": 34
        },
        "discounted_added_minus_removed_value": {
          "observed": 0.0637551092191029,
          "ci95": [
            0.03173321301781087,
            0.09731447756830351
          ],
          "probability_positive": 0.9998,
          "clusters": 34
        },
        "discounted_probability_on_value_optimal_delta": {
          "observed": 0.023472915349613196,
          "ci95": [
            0.008629140991817824,
            0.0399443906435017
          ],
          "probability_positive": 0.9991,
          "clusters": 34
        },
        "delta_logit_value_spearman": {
          "observed": 0.26630000009260385,
          "ci95": [
            0.22519888892868786,
            0.3098102397098032
          ],
          "probability_positive": 1.0,
          "clusters": 34
        },
        "delta_probability_value_spearman": {
          "observed": 0.20331718153286069,
          "ci95": [
            0.1573389255258207,
            0.2469234156902143
          ],
          "probability_positive": 1.0,
          "clusters": 34
        },
        "discounted_base_expected_value": {
          "observed": 0.5699955993160291,
          "ci95": [
            0.5179344379098583,
            0.6217119489907215
          ],
          "probability_positive": 1.0,
          "clusters": 34
        },
        "discounted_seed_expected_value": {
          "observed": 0.5763738800218573,
          "ci95": [
            0.5261259978486984,
            0.6279782187628944
          ],
          "probability_positive": 1.0,
          "clusters": 34
        },
        "discounted_base_top_value": {
          "observed": 0.5749407111454756,
          "ci95": [
            0.5165987451455825,
            0.6334931218220715
          ],
          "probability_positive": 1.0,
          "clusters": 34
        },
        "discounted_seed_top_value": {
          "observed": 0.614485751442562,
          "ci95": [
            0.558895979994207,
            0.6655463906706774
          ],
          "probability_positive": 1.0,
          "clusters": 34
        }
      },
      "by_expert_transition": {
        "changed_nonexpert": {
          "states": 107,
          "episodes": 29,
          "expected_discounted_value_delta": {
            "count": 107,
            "mean": 0.023948812281742195,
            "std": 0.05265396313312811,
            "p10": -0.0008639817382487523,
            "p25": 0.007516500386763199,
            "median": 0.02452441069244215,
            "p75": 0.04934956638075369,
            "p90": 0.06892120480218987
          },
          "expected_success_delta": {
            "count": 107,
            "mean": 0.03248800607425829,
            "std": 0.07097450252295841,
            "p10": -2.2759572004815707e-16,
            "p25": 3.3495441443138476e-17,
            "median": 0.021512193849629206,
            "p75": 0.06195287216927976,
            "p90": 0.12807828063613366
          },
          "top_discounted_value_delta": {
            "count": 107,
            "mean": 0.2694895499059287,
            "std": 0.35285452418301316,
            "p10": -0.06509432136718739,
            "p25": 0.0,
            "median": 0.27738957312183377,
            "p75": 0.5987369392383787,
            "p90": 0.71303913390625
          },
          "delta_logit_value_spearman": {
            "count": 105,
            "mean": 0.28019630111575067,
            "std": 0.23345429294517023,
            "p10": -0.040344235083198954,
            "p25": 0.19147228600344662,
            "median": 0.31782584074607323,
            "p75": 0.42185987458655394,
            "p90": 0.5520046996053052
          },
          "base_top_value_optimal_rate": 0.04672897196261682,
          "seed_top_value_optimal_rate": 0.2336448598130841
        },
        "harmed_from_expert": {
          "states": 32,
          "episodes": 19,
          "expected_discounted_value_delta": {
            "count": 32,
            "mean": -0.07646197966517598,
            "std": 0.12800698050476544,
            "p10": -0.25822960521048893,
            "p25": -0.1775019911195573,
            "median": 0.003029776696953925,
            "p75": 0.014763376657258753,
            "p90": 0.03682540755418291
          },
          "expected_success_delta": {
            "count": 32,
            "mean": -0.06839046817040183,
            "std": 0.13809305277530137,
            "p10": -0.2949470537147828,
            "p25": -0.17059947487380128,
            "median": -8.326672684688674e-17,
            "p75": 1.700029006457271e-16,
            "p90": 0.03292320613191434
          },
          "top_discounted_value_delta": {
            "count": 32,
            "mean": -0.28158536883963814,
            "std": 0.4650732296491997,
            "p10": -0.95,
            "p25": -0.9025,
            "median": -0.11525008904296885,
            "p75": -0.02487826617333988,
            "p90": 0.25189936862460777
          },
          "delta_logit_value_spearman": {
            "count": 32,
            "mean": 0.14114123478536966,
            "std": 0.2338814378497909,
            "p10": -0.1926149429593195,
            "p25": -0.11127339556068828,
            "median": 0.1844078638412961,
            "p75": 0.33878557202232473,
            "p90": 0.4141102144482189
          },
          "base_top_value_optimal_rate": 0.625,
          "seed_top_value_optimal_rate": 0.1875
        },
        "rescued_to_expert": {
          "states": 6,
          "episodes": 4,
          "expected_discounted_value_delta": {
            "count": 6,
            "mean": 0.009266562849271258,
            "std": 0.0040385777087911055,
            "p10": 0.006840640758820644,
            "p25": 0.0071941299220496255,
            "median": 0.007732364352386315,
            "p75": 0.008155188876666433,
            "p90": 0.013226683436606818
          },
          "expected_success_delta": {
            "count": 6,
            "mean": 0.002637932376811662,
            "std": 0.005898596114598504,
            "p10": -2.662800535624399e-16,
            "p25": -5.594483210025203e-17,
            "median": 7.45931094670027e-17,
            "p75": 2.675810961694225e-16,
            "p90": 0.00791379713043518
          },
          "top_discounted_value_delta": {
            "count": 6,
            "mean": 0.16926436658309807,
            "std": 0.2715911085244295,
            "p10": 0.03167843470925524,
            "p25": 0.034916864804687475,
            "median": 0.03680295583984372,
            "p75": 0.08830412239404303,
            "p90": 0.43931170920019524
          },
          "delta_logit_value_spearman": {
            "count": 6,
            "mean": 0.3413902968014096,
            "std": 0.12220113202201932,
            "p10": 0.19719433001640208,
            "p25": 0.31587900582232004,
            "median": 0.3809891038529921,
            "p75": 0.39930505880650863,
            "p90": 0.4459874565348345
          },
          "base_top_value_optimal_rate": 0.0,
          "seed_top_value_optimal_rate": 0.3333333333333333
        },
        "stable_expert": {
          "states": 135,
          "episodes": 33,
          "expected_discounted_value_delta": {
            "count": 135,
            "mean": 0.0020492212990592617,
            "std": 0.039206138989900725,
            "p10": -0.029741041158383833,
            "p25": -0.0013206116412897123,
            "median": 0.005364925740376451,
            "p75": 0.01600690813735119,
            "p90": 0.04082289151349261
          },
          "expected_success_delta": {
            "count": 135,
            "mean": -0.0034234663445753674,
            "std": 0.04062367793668957,
            "p10": -3.108624468950438e-16,
            "p25": -1.4224732503009818e-16,
            "median": 0.0,
            "p75": 1.214306433183765e-16,
            "p90": 0.0015023098854309376
          },
          "top_discounted_value_delta": {
            "count": 135,
            "mean": 0.0,
            "std": 0.0,
            "p10": 0.0,
            "p25": 0.0,
            "median": 0.0,
            "p75": 0.0,
            "p90": 0.0
          },
          "delta_logit_value_spearman": {
            "count": 131,
            "mean": 0.28573893876585194,
            "std": 0.24114682804880377,
            "p10": -0.08101404467277988,
            "p25": 0.17848772827273968,
            "median": 0.3541729423704518,
            "p75": 0.4422183966232023,
            "p90": 0.5340206099496179
          },
          "base_top_value_optimal_rate": 0.7111111111111111,
          "seed_top_value_optimal_rate": 0.7111111111111111
        },
        "stable_nonexpert": {
          "states": 247,
          "episodes": 34,
          "expected_discounted_value_delta": {
            "count": 247,
            "mean": 0.011795020707053032,
            "std": 0.037496669542080543,
            "p10": -0.01685216290447012,
            "p25": 0.0003671902200750501,
            "median": 0.0074301747155808145,
            "p75": 0.023683249681530457,
            "p90": 0.054490364853544644
          },
          "expected_success_delta": {
            "count": 247,
            "mean": 0.019359159737375207,
            "std": 0.04718045873670617,
            "p10": -1.8792937888647502e-16,
            "p25": -4.473773917513038e-17,
            "median": 1.457167719820518e-16,
            "p75": 0.031777804861620323,
            "p90": 0.07588748011081335
          },
          "top_discounted_value_delta": {
            "count": 247,
            "mean": 0.0,
            "std": 0.0,
            "p10": 0.0,
            "p25": 0.0,
            "median": 0.0,
            "p75": 0.0,
            "p90": 0.0
          },
          "delta_logit_value_spearman": {
            "count": 239,
            "mean": 0.26441266174931,
            "std": 0.21939439062174015,
            "p10": -0.0745770424554471,
            "p25": 0.1449844938679854,
            "median": 0.2968831022043915,
            "p75": 0.41268885732824834,
            "p90": 0.5365377494215923
          },
          "base_top_value_optimal_rate": 0.1902834008097166,
          "seed_top_value_optimal_rate": 0.1902834008097166
        }
      },
      "by_task_type": {
        "look_at_obj_in_light": {
          "states": 93,
          "episodes": 6,
          "expected_discounted_value_delta": {
            "count": 93,
            "mean": 0.007189679550682957,
            "std": 0.024457481197974744,
            "p10": -0.011688938709501637,
            "p25": 0.0007161920581432391,
            "median": 0.005322497813770602,
            "p75": 0.014530884369167415,
            "p90": 0.025369228441339396
          },
          "expected_success_delta": {
            "count": 93,
            "mean": 0.006298704750806053,
            "std": 0.02574936287918745,
            "p10": -2.2872769487886774e-16,
            "p25": -1.3877787807814457e-16,
            "median": 1.3877787807814457e-17,
            "p75": 3.0184188481996443e-16,
            "p90": 0.038723101473636806
          },
          "top_discounted_value_delta": {
            "count": 93,
            "mean": 0.013676227307449444,
            "std": 0.08517516105140122,
            "p10": 0.0,
            "p25": 0.0,
            "median": 0.0,
            "p75": 0.0,
            "p90": 0.028155604567684775
          },
          "delta_logit_value_spearman": {
            "count": 93,
            "mean": 0.1618559640608768,
            "std": 0.21901851671597428,
            "p10": -0.11553863914448734,
            "p25": 0.005262298149546483,
            "median": 0.16034418833719713,
            "p75": 0.3216915407015937,
            "p90": 0.42204156780934826
          },
          "base_top_value_optimal_rate": 0.07526881720430108,
          "seed_top_value_optimal_rate": 0.0967741935483871
        },
        "pick_and_place_simple": {
          "states": 42,
          "episodes": 5,
          "expected_discounted_value_delta": {
            "count": 42,
            "mean": -0.006788593286343519,
            "std": 0.07768369196427091,
            "p10": -0.03927220835973589,
            "p25": -0.0008511183540131773,
            "median": 0.004669642240722353,
            "p75": 0.012900435633324565,
            "p90": 0.02776608128240016
          },
          "expected_success_delta": {
            "count": 42,
            "mean": -0.0005773579568205232,
            "std": 0.0807674179897683,
            "p10": -1.51505040448541e-16,
            "p25": -3.929470545607425e-17,
            "median": 1.1449174941446927e-16,
            "p75": 2.625243094743143e-16,
            "p90": 0.055680822264876334
          },
          "top_discounted_value_delta": {
            "count": 42,
            "mean": -0.0030575274307634687,
            "std": 0.19610146470142262,
            "p10": 0.0,
            "p25": 0.0,
            "median": 0.0,
            "p75": 0.0,
            "p90": 0.029853919408007808
          },
          "delta_logit_value_spearman": {
            "count": 42,
            "mean": 0.37724427178300785,
            "std": 0.2197605059539713,
            "p10": 0.07123042456743801,
            "p25": 0.24902165746696087,
            "median": 0.43552081507483753,
            "p75": 0.5086990059693447,
            "p90": 0.632659267771505
          },
          "base_top_value_optimal_rate": 0.38095238095238093,
          "seed_top_value_optimal_rate": 0.30952380952380953
        },
        "pick_clean_then_place_in_recep": {
          "states": 184,
          "episodes": 11,
          "expected_discounted_value_delta": {
            "count": 184,
            "mean": -0.007198530943144823,
            "std": 0.07014865595513048,
            "p10": -0.08446552621053531,
            "p25": -0.007633968446015234,
            "median": 0.007102827435297195,
            "p75": 0.023668046798131944,
            "p90": 0.04169642372403005
          },
          "expected_success_delta": {
            "count": 184,
            "mean": 0.005816230184389747,
            "std": 0.0840767029571946,
            "p10": -0.011986110762714788,
            "p25": -8.954263548983272e-17,
            "median": 1.3219325570442645e-16,
            "p75": 0.0322741879238328,
            "p90": 0.08702199883417537
          },
          "top_discounted_value_delta": {
            "count": 184,
            "mean": 0.012543181591535267,
            "std": 0.30986108792724115,
            "p10": -0.03132511641005677,
            "p25": 0.0,
            "median": 0.0,
            "p75": 0.0,
            "p90": 0.36564673022238625
          },
          "delta_logit_value_spearman": {
            "count": 184,
            "mean": 0.26340251712738266,
            "std": 0.21525100408637068,
            "p10": -0.0745770424554471,
            "p25": 0.1652866267865516,
            "median": 0.2849330021649331,
            "p75": 0.40930387395549755,
            "p90": 0.5164463003401965
          },
          "base_top_value_optimal_rate": 0.3858695652173913,
          "seed_top_value_optimal_rate": 0.3423913043478261
        },
        "pick_cool_then_place_in_recep": {
          "states": 119,
          "episodes": 7,
          "expected_discounted_value_delta": {
            "count": 119,
            "mean": 0.022088879627197917,
            "std": 0.04331865475424299,
            "p10": 0.001974541404927914,
            "p25": 0.006055675489960182,
            "median": 0.024140012701535877,
            "p75": 0.04506355155599192,
            "p90": 0.06703097377436473
          },
          "expected_success_delta": {
            "count": 119,
            "mean": 0.0141581622425236,
            "std": 0.05095799147188838,
            "p10": -2.3869795029440865e-16,
            "p25": -4.163336342344337e-17,
            "median": 1.1102230246251565e-16,
            "p75": 0.03092579124552729,
            "p90": 0.07538626347363059
          },
          "top_discounted_value_delta": {
            "count": 119,
            "mean": 0.09793701567439304,
            "std": 0.22807854896548588,
            "p10": -0.014512946963211877,
            "p25": 0.0,
            "median": 0.0,
            "p75": 0.1427022522362793,
            "p90": 0.4369233816246756
          },
          "delta_logit_value_spearman": {
            "count": 119,
            "mean": 0.31255802705194025,
            "std": 0.22068444602651738,
            "p10": -0.026417623262863003,
            "p25": 0.24718504713205153,
            "median": 0.35165967311821394,
            "p75": 0.44278851739645564,
            "p90": 0.5554414498372657
          },
          "base_top_value_optimal_rate": 0.3865546218487395,
          "seed_top_value_optimal_rate": 0.5378151260504201
        },
        "pick_heat_then_place_in_recep": {
          "states": 68,
          "episodes": 4,
          "expected_discounted_value_delta": {
            "count": 68,
            "mean": 0.019882073557563953,
            "std": 0.036511536058116946,
            "p10": -0.009925020132266187,
            "p25": 0.0004374211175958374,
            "median": 0.010783107438592569,
            "p75": 0.04127067394225916,
            "p90": 0.0630865677274347
          },
          "expected_success_delta": {
            "count": 68,
            "mean": 0.03110265707764655,
            "std": 0.053082370729478044,
            "p10": -2.271179828779938e-16,
            "p25": -6.071532165918825e-17,
            "median": 2.42861286636753e-16,
            "p75": 0.06446865913207835,
            "p90": 0.11141709328963775
          },
          "top_discounted_value_delta": {
            "count": 68,
            "mean": 0.06962224957306698,
            "std": 0.19180411217540497,
            "p10": 0.0,
            "p25": 0.0,
            "median": 0.0,
            "p75": 0.0,
            "p90": 0.42472223524895364
          },
          "delta_logit_value_spearman": {
            "count": 68,
            "mean": 0.2842543361102611,
            "std": 0.24507534398856728,
            "p10": -0.09064739632121034,
            "p25": 0.20660257944974325,
            "median": 0.34387645937202965,
            "p75": 0.43107408098243155,
            "p90": 0.5307729475305568
          },
          "base_top_value_optimal_rate": 0.19117647058823528,
          "seed_top_value_optimal_rate": 0.16176470588235295
        },
        "pick_two_obj_and_place": {
          "states": 21,
          "episodes": 1,
          "expected_discounted_value_delta": {
            "count": 21,
            "mean": 0.015324127036769957,
            "std": 0.034613119134102234,
            "p10": 0.0,
            "p25": 0.0,
            "median": 0.0,
            "p75": 0.004418649147007448,
            "p90": 0.05242313937873336
          },
          "expected_success_delta": {
            "count": 21,
            "mean": 0.009122614841007688,
            "std": 0.043971163477080834,
            "p10": 0.0,
            "p25": 0.0,
            "median": 0.0,
            "p75": 1.231653667943533e-16,
            "p90": 0.05242313937873336
          },
          "top_discounted_value_delta": {
            "count": 21,
            "mean": 0.047619047619047616,
            "std": 0.21295885499997996,
            "p10": 0.0,
            "p25": 0.0,
            "median": 0.0,
            "p75": 0.0,
            "p90": 0.0
          },
          "delta_logit_value_spearman": {
            "count": 7,
            "mean": 0.10361039269154992,
            "std": 0.23931863672905576,
            "p10": -0.21121190191441705,
            "p25": 0.07031928861598993,
            "median": 0.22453655975512468,
            "p75": 0.2551551815399144,
            "p90": 0.265361388801511
          },
          "base_top_value_optimal_rate": 0.7142857142857143,
          "seed_top_value_optimal_rate": 0.7619047619047619
        }
      },
      "by_action_verb": {
        "clean": {
          "states": 11,
          "episodes": 11,
          "expected_discounted_value_delta": {
            "count": 11,
            "mean": -0.17087617172592387,
            "std": 0.08366210609759885,
            "p10": -0.2731963007670347,
            "p25": -0.2413654021142503,
            "median": -0.1850936928271975,
            "p75": -0.10282129573291893,
            "p90": -0.05214369156989643
          },
          "expected_success_delta": {
            "count": 11,
            "mean": -0.12831487637439631,
            "std": 0.14293619143227276,
            "p10": -0.30939938064639455,
            "p25": -0.28460950556517145,
            "median": -2.220446049250313e-16,
            "p75": -1.3877787807814457e-16,
            "p90": 1.6653345369377348e-16
          },
          "top_discounted_value_delta": {
            "count": 11,
            "mean": -0.37387099846839944,
            "std": 0.38983638254803327,
            "p10": -0.9025,
            "p25": -0.770739952767129,
            "median": -0.20416270390625024,
            "p75": 0.0,
            "p90": 0.0
          },
          "delta_logit_value_spearman": {
            "count": 11,
            "mean": -0.11990290105294332,
            "std": 0.15710424018146296,
            "p10": -0.21665726725983714,
            "p25": -0.19662199700940577,
            "median": -0.1765867267589744,
            "p75": -0.03233278095586854,
            "p90": 0.10390705674706474
          },
          "base_top_value_optimal_rate": 1.0,
          "seed_top_value_optimal_rate": 0.45454545454545453
        },
        "close": {
          "states": 48,
          "episodes": 18,
          "expected_discounted_value_delta": {
            "count": 48,
            "mean": 0.04239587484021123,
            "std": 0.03254687601387889,
            "p10": 0.010308602067065785,
            "p25": 0.018837613602669,
            "median": 0.031501283606405465,
            "p75": 0.05951026401315747,
            "p90": 0.0937030002938771
          },
          "expected_success_delta": {
            "count": 48,
            "mean": 0.06147884562192008,
            "std": 0.05614466393207562,
            "p10": -3.6904886698690957e-17,
            "p25": 0.019181039415807392,
            "median": 0.04777121936653833,
            "p75": 0.09563470142474778,
            "p90": 0.13979879614647733
          },
          "top_discounted_value_delta": {
            "count": 48,
            "mean": 0.16071830831167105,
            "std": 0.28627890526874294,
            "p10": 0.0,
            "p25": 0.0,
            "median": 0.0,
            "p75": 0.30349461935855837,
            "p90": 0.6738954907304686
          },
          "delta_logit_value_spearman": {
            "count": 48,
            "mean": 0.2926571779831087,
            "std": 0.1747996232703649,
            "p10": 0.06140253022823825,
            "p25": 0.16976436767411016,
            "median": 0.3074600817622499,
            "p75": 0.39338858623335493,
            "p90": 0.5488550030070362
          },
          "base_top_value_optimal_rate": 0.20833333333333334,
          "seed_top_value_optimal_rate": 0.2708333333333333
        },
        "cool": {
          "states": 7,
          "episodes": 7,
          "expected_discounted_value_delta": {
            "count": 7,
            "mean": 0.0032410429503546183,
            "std": 0.00046914178683219013,
            "p10": 0.002681075580777488,
            "p25": 0.003160050202855368,
            "median": 0.0033704144756884257,
            "p75": 0.0034490924976167962,
            "p90": 0.003654178505012022
          },
          "expected_success_delta": {
            "count": 7,
            "mean": 2.874684617332995e-17,
            "std": 2.42434057616998e-16,
            "p10": -2.831068712794149e-16,
            "p25": -1.3183898417423734e-16,
            "median": -1.3877787807814457e-17,
            "p75": 2.0816681711721685e-16,
            "p90": 2.9143354396410364e-16
          },
          "top_discounted_value_delta": {
            "count": 7,
            "mean": 0.0,
            "std": 0.0,
            "p10": 0.0,
            "p25": 0.0,
            "median": 0.0,
            "p75": 0.0,
            "p90": 0.0
          },
          "delta_logit_value_spearman": {
            "count": 7,
            "mean": -0.02440485196664487,
            "std": 0.11031290520029684,
            "p10": -0.13314482124482954,
            "p25": -0.09158109397792508,
            "median": -0.026417623262863003,
            "p75": 0.014969986515622369,
            "p90": 0.1091928428198338
          },
          "base_top_value_optimal_rate": 1.0,
          "seed_top_value_optimal_rate": 1.0
        },
        "examine": {
          "states": 2,
          "episodes": 2,
          "expected_discounted_value_delta": {
            "count": 2,
            "mean": 0.005770708667778915,
            "std": 0.005770708667778915,
            "p10": 0.001154141733555783,
            "p25": 0.0028853543338894574,
            "median": 0.005770708667778915,
            "p75": 0.008656063001668372,
            "p90": 0.010387275602002047
          },
          "expected_success_delta": {
            "count": 2,
            "mean": 7.643625316022806e-17,
            "std": 7.643625316022806e-17,
            "p10": 1.5287250632045613e-17,
            "p25": 3.821812658011403e-17,
            "median": 7.643625316022806e-17,
            "p75": 1.146543797403421e-16,
            "p90": 1.3758525568841051e-16
          },
          "top_discounted_value_delta": {
            "count": 2,
            "mean": 0.029817206405317598,
            "std": 0.029817206405317598,
            "p10": 0.0059634412810635196,
            "p25": 0.014908603202658799,
            "median": 0.029817206405317598,
            "p75": 0.0447258096079764,
            "p90": 0.053670971529571676
          },
          "delta_logit_value_spearman": {
            "count": 1,
            "mean": 0.663174085543252,
            "std": 0.0,
            "p10": 0.663174085543252,
            "p25": 0.663174085543252,
            "median": 0.663174085543252,
            "p75": 0.663174085543252,
            "p90": 0.663174085543252
          },
          "base_top_value_optimal_rate": 0.5,
          "seed_top_value_optimal_rate": 0.5
        },
        "go": {
          "states": 330,
          "episodes": 34,
          "expected_discounted_value_delta": {
            "count": 330,
            "mean": 0.005820583918933227,
            "std": 0.055554556552930054,
            "p10": -0.03269453478202283,
            "p25": 0.0005563463680796187,
            "median": 0.0080583543358475,
            "p75": 0.02644866028030879,
            "p90": 0.05661642931750968
          },
          "expected_success_delta": {
            "count": 330,
            "mean": 0.01132711023458831,
            "std": 0.06499787422174146,
            "p10": -2.748136484552089e-16,
            "p25": -6.201636426617085e-17,
            "median": 1.1194387430912833e-16,
            "p75": 0.032263757024143164,
            "p90": 0.0724063471669032
          },
          "top_discounted_value_delta": {
            "count": 330,
            "mean": 0.051446882278704226,
            "std": 0.2561788747430766,
            "p10": 0.0,
            "p25": 0.0,
            "median": 0.0,
            "p75": 0.0,
            "p90": 0.4152950150914579
          },
          "delta_logit_value_spearman": {
            "count": 321,
            "mean": 0.2745548888249632,
            "std": 0.213383892096762,
            "p10": -0.06754887425155791,
            "p25": 0.17029623481263106,
            "median": 0.3032893520466732,
            "p75": 0.4231251664813601,
            "p90": 0.5171856353995379
          },
          "base_top_value_optimal_rate": 0.21515151515151515,
          "seed_top_value_optimal_rate": 0.25757575757575757
        },
        "heat": {
          "states": 4,
          "episodes": 4,
          "expected_discounted_value_delta": {
            "count": 4,
            "mean": -0.003546112315518378,
            "std": 0.0013862682017913351,
            "p10": -0.005042756669466609,
            "p25": -0.003824106697832093,
            "median": -0.0030846524662810028,
            "p75": -0.0028066580839672876,
            "p90": -0.002418635840960048
          },
          "expected_success_delta": {
            "count": 4,
            "mean": 2.7755575615628914e-17,
            "std": 1.0044183748068929e-16,
            "p10": -7.684824998577255e-17,
            "p25": -4.640385298237959e-17,
            "median": 1.9949319973733282e-17,
            "p75": 9.410874857174178e-17,
            "p90": 1.386044057305469e-16
          },
          "top_discounted_value_delta": {
            "count": 4,
            "mean": 0.0,
            "std": 0.0,
            "p10": 0.0,
            "p25": 0.0,
            "median": 0.0,
            "p75": 0.0,
            "p90": 0.0
          },
          "delta_logit_value_spearman": {
            "count": 4,
            "mean": -0.2804671003073956,
            "std": 0.2295830959649547,
            "p10": -0.5415612768886916,
            "p25": -0.36324231986436634,
            "median": -0.1840427753979456,
            "p75": -0.10126755584097485,
            "p90": -0.09651238365365951
          },
          "base_top_value_optimal_rate": 0.0,
          "seed_top_value_optimal_rate": 0.0
        },
        "move": {
          "states": 29,
          "episodes": 28,
          "expected_discounted_value_delta": {
            "count": 29,
            "mean": 0.024569117093304647,
            "std": 0.02672335966193339,
            "p10": -0.007466371484909034,
            "p25": 0.0038648151344835573,
            "median": 0.027972686027265048,
            "p75": 0.04341324339601915,
            "p90": 0.05936703199607131
          },
          "expected_success_delta": {
            "count": 29,
            "mean": -0.006699958770204297,
            "std": 0.020834328661436426,
            "p10": -0.009070244996335974,
            "p25": -1.6653345369377348e-16,
            "median": 0.0,
            "p75": 1.1102230246251565e-16,
            "p90": 1.77635683940025e-16
          },
          "top_discounted_value_delta": {
            "count": 29,
            "mean": 0.0,
            "std": 0.0,
            "p10": 0.0,
            "p25": 0.0,
            "median": 0.0,
            "p75": 0.0,
            "p90": 0.0
          },
          "delta_logit_value_spearman": {
            "count": 28,
            "mean": 0.19536183543184818,
            "std": 0.18484183863205542,
            "p10": -0.08277557287872117,
            "p25": 0.022578674216973037,
            "median": 0.22137513920785873,
            "p75": 0.3738360883154514,
            "p90": 0.39811628533481974
          },
          "base_top_value_optimal_rate": 0.9655172413793104,
          "seed_top_value_optimal_rate": 0.9655172413793104
        },
        "open": {
          "states": 55,
          "episodes": 19,
          "expected_discounted_value_delta": {
            "count": 55,
            "mean": 0.005154799490821172,
            "std": 0.013679655887230397,
            "p10": -0.004803264055395822,
            "p25": 0.0033555305254485053,
            "median": 0.006483299383747388,
            "p75": 0.01000367955457345,
            "p90": 0.016075137042707792
          },
          "expected_success_delta": {
            "count": 55,
            "mean": -0.0020746279993454713,
            "std": 0.015245340013462715,
            "p10": -1.4988010832439614e-16,
            "p25": -6.852157730108388e-17,
            "median": 6.938893903907228e-18,
            "p75": 9.71445146547012e-17,
            "p90": 1.9602375278537925e-16
          },
          "top_discounted_value_delta": {
            "count": 55,
            "mean": 0.014856203871396861,
            "std": 0.05504412515814241,
            "p10": 0.0,
            "p25": 0.0,
            "median": 0.0,
            "p75": 0.0,
            "p90": 0.0323261207283417
          },
          "delta_logit_value_spearman": {
            "count": 54,
            "mean": 0.3276398386464229,
            "std": 0.2702595203195801,
            "p10": 0.004020930639257387,
            "p25": 0.21237835926544207,
            "median": 0.3928775581626338,
            "p75": 0.47435177480816926,
            "p90": 0.6436498921558518
          },
          "base_top_value_optimal_rate": 0.16363636363636364,
          "seed_top_value_optimal_rate": 0.21818181818181817
        },
        "take": {
          "states": 35,
          "episodes": 34,
          "expected_discounted_value_delta": {
            "count": 35,
            "mean": 0.015153441097724643,
            "std": 0.02250752379162881,
            "p10": -0.0037662394394257074,
            "p25": -0.0019084450925207946,
            "median": 0.0020347618037832964,
            "p75": 0.03178476563077931,
            "p90": 0.0503223490739797
          },
          "expected_success_delta": {
            "count": 35,
            "mean": 0.024207496940975976,
            "std": 0.032658026790175015,
            "p10": -2.0816681711721685e-16,
            "p25": -3.469446951953614e-17,
            "median": 3.0184188481996443e-16,
            "p75": 0.04881690769509832,
            "p90": 0.07338646581934467
          },
          "top_discounted_value_delta": {
            "count": 35,
            "mean": -0.017595953055803585,
            "std": 0.041206413837306215,
            "p10": -0.07941435937500008,
            "p25": 0.0,
            "median": 0.0,
            "p75": 0.0,
            "p90": 0.0
          },
          "delta_logit_value_spearman": {
            "count": 33,
            "mean": 0.3641567367918639,
            "std": 0.18320227739263445,
            "p10": 0.08828495722726107,
            "p25": 0.223278872117475,
            "median": 0.4050477536003312,
            "p75": 0.4906157658126753,
            "p90": 0.5344531487179057
          },
          "base_top_value_optimal_rate": 0.8857142857142857,
          "seed_top_value_optimal_rate": 0.7142857142857143
        },
        "use": {
          "states": 6,
          "episodes": 6,
          "expected_discounted_value_delta": {
            "count": 6,
            "mean": -0.04353932324479325,
            "std": 0.03523437196197585,
            "p10": -0.09086696117766155,
            "p25": -0.06784072730507516,
            "median": -0.026969159555716566,
            "p75": -0.013865269171526222,
            "p90": -0.012781849001001641
          },
          "expected_success_delta": {
            "count": 6,
            "mean": -0.03220543573575511,
            "std": 0.046184891260686166,
            "p10": -0.0966163072072655,
            "p25": -0.06251258226360004,
            "median": 6.938893903907228e-18,
            "p75": 5.898059818321144e-17,
            "p90": 1.734723475976807e-16
          },
          "top_discounted_value_delta": {
            "count": 6,
            "mean": 0.0,
            "std": 0.0,
            "p10": 0.0,
            "p25": 0.0,
            "median": 0.0,
            "p75": 0.0,
            "p90": 0.0
          },
          "delta_logit_value_spearman": {
            "count": 6,
            "mean": 0.2001402315680835,
            "std": 0.22528880772358156,
            "p10": -0.06624335901213088,
            "p25": 0.1771126539792957,
            "median": 0.2943660106929331,
            "p75": 0.3530334948180589,
            "p90": 0.3722980430234483
          },
          "base_top_value_optimal_rate": 0.0,
          "seed_top_value_optimal_rate": 0.0
        }
      }
    }
  }
}
