{
  "comparison_label": "seed_fp32",
  "splits": {
    "valid_seen": {
      "states": 444,
      "episodes": 33,
      "candidate_actions": 12680,
      "candidate_success_rate": 0.9409305993690852,
      "states_with_binary_value_variation": 141,
      "states_with_discounted_value_variation": 432,
      "expert_action_value_optimal_rate": 0.40765765765765766,
      "base_top_value_optimal_rate": 0.3130630630630631,
      "seed_top_value_optimal_rate": 0.4346846846846847,
      "base_expected_discounted_value": 0.5954424736046026,
      "comparison_expected_discounted_value": 0.6249602917978847,
      "relative_expected_discounted_value_gain": 0.04957291342451856,
      "relative_top_value_optimal_rate_gain": 0.38848920863309344,
      "required_relative_improvement": 0.3,
      "meets_required_relative_expected_value_improvement": false,
      "practical_threshold": 0.8,
      "meets_practical_threshold": false,
      "gap_to_practical_threshold": -0.36531531531531536,
      "descriptive": {
        "success_expected_value_delta": {
          "count": 444,
          "mean": 0.03188046228877109,
          "std": 0.0907953459285734,
          "p10": -2.7547408798511694e-16,
          "p25": -1.1102230246251565e-16,
          "median": 2.7755575615628914e-17,
          "p75": 3.2612801348363973e-16,
          "p90": 0.1567244109671439
        },
        "discounted_expected_value_delta": {
          "count": 444,
          "mean": 0.029517818193282155,
          "std": 0.06324971349812118,
          "p10": -0.016026675540815646,
          "p25": -0.0032586419026307536,
          "median": 0.01102955738743086,
          "p75": 0.0414834830028113,
          "p90": 0.10219678375884408
        },
        "discounted_top_value_delta": {
          "count": 444,
          "mean": 0.08468784550779174,
          "std": 0.21856478172090557,
          "p10": 0.0,
          "p25": 0.0,
          "median": 0.0,
          "p75": 0.03195958011697528,
          "p90": 0.42868961841407244
        },
        "discounted_added_minus_removed_value": {
          "count": 444,
          "mean": 0.08379904223659049,
          "std": 0.1830113838580941,
          "p10": -0.07395907439556895,
          "p25": -0.014715978153324205,
          "median": 0.03853325996735843,
          "p75": 0.1330816466348531,
          "p90": 0.3452926880458794
        },
        "discounted_probability_on_value_optimal_delta": {
          "count": 444,
          "mean": 0.039515500219389564,
          "std": 0.10204494750482894,
          "p10": -0.05786179648502016,
          "p25": -6.938893903907228e-17,
          "median": 0.03136967039435051,
          "p75": 0.0826820542456311,
          "p90": 0.13272596317915974
        },
        "delta_logit_value_spearman": {
          "count": 432,
          "mean": -0.05961407526954457,
          "std": 0.3080929715336799,
          "p10": -0.43872495561049096,
          "p25": -0.2999890153093353,
          "median": -0.06694265464101412,
          "p75": 0.17229506381682794,
          "p90": 0.33566018407255277
        },
        "delta_probability_value_spearman": {
          "count": 432,
          "mean": 0.04915847002718151,
          "std": 0.3138271894094789,
          "p10": -0.3535755159952157,
          "p25": -0.1890011308327681,
          "median": 0.0420894659035373,
          "p75": 0.30382856862408025,
          "p90": 0.4539377974033306
        },
        "discounted_base_expected_value": {
          "count": 444,
          "mean": 0.5954424736046026,
          "std": 0.22930173481099167,
          "p10": 0.29850265785010116,
          "p25": 0.4258424592848576,
          "median": 0.6051785000275711,
          "p75": 0.7760449478021288,
          "p90": 0.9001514825251565
        },
        "discounted_seed_expected_value": {
          "count": 444,
          "mean": 0.6249602917978847,
          "std": 0.2155597130771733,
          "p10": 0.3437993017047104,
          "p25": 0.49821324997634997,
          "median": 0.6312595281185518,
          "p75": 0.7942287984796522,
          "p90": 0.9102215498943701
        },
        "discounted_base_top_value": {
          "count": 444,
          "mean": 0.5964754861858304,
          "std": 0.3072007387331905,
          "p10": 0.0,
          "p25": 0.3972143184582182,
          "median": 0.6634204312890623,
          "p75": 0.8145062499999999,
          "p90": 0.95
        },
        "discounted_seed_top_value": {
          "count": 444,
          "mean": 0.681163331693622,
          "std": 0.24648538213148505,
          "p10": 0.323533544973709,
          "p25": 0.5403600876626367,
          "median": 0.7350918906249998,
          "p75": 0.8573749999999999,
          "p90": 0.95
        }
      },
      "episode_cluster_bootstrap": {
        "success_expected_value_delta": {
          "observed": 0.031880462288771096,
          "ci95": [
            0.02223820251259269,
            0.041459779604060505
          ],
          "probability_positive": 1.0,
          "clusters": 33
        },
        "discounted_expected_value_delta": {
          "observed": 0.029517818193282155,
          "ci95": [
            0.023159351803778132,
            0.03589132542488221
          ],
          "probability_positive": 1.0,
          "clusters": 33
        },
        "discounted_top_value_delta": {
          "observed": 0.08468784550779174,
          "ci95": [
            0.057904518396372597,
            0.11145128777519098
          ],
          "probability_positive": 1.0,
          "clusters": 33
        },
        "discounted_added_minus_removed_value": {
          "observed": 0.08379904223659049,
          "ci95": [
            0.0649838426657514,
            0.10358567068044362
          ],
          "probability_positive": 1.0,
          "clusters": 33
        },
        "discounted_probability_on_value_optimal_delta": {
          "observed": 0.039515500219389564,
          "ci95": [
            0.021313740782176592,
            0.05989846191754363
          ],
          "probability_positive": 1.0,
          "clusters": 33
        },
        "delta_logit_value_spearman": {
          "observed": -0.05961407526954457,
          "ci95": [
            -0.14470490951351445,
            0.015394322400388398
          ],
          "probability_positive": 0.0632,
          "clusters": 33
        },
        "delta_probability_value_spearman": {
          "observed": 0.04915847002718151,
          "ci95": [
            -0.02509267493426902,
            0.11459948186824
          ],
          "probability_positive": 0.9013,
          "clusters": 33
        },
        "discounted_base_expected_value": {
          "observed": 0.5954424736046026,
          "ci95": [
            0.5424596448205256,
            0.6497508503750786
          ],
          "probability_positive": 1.0,
          "clusters": 33
        },
        "discounted_seed_expected_value": {
          "observed": 0.6249602917978847,
          "ci95": [
            0.5702904184241135,
            0.6789678772508309
          ],
          "probability_positive": 1.0,
          "clusters": 33
        },
        "discounted_base_top_value": {
          "observed": 0.5964754861858304,
          "ci95": [
            0.550977986622833,
            0.65215737223924
          ],
          "probability_positive": 1.0,
          "clusters": 33
        },
        "discounted_seed_top_value": {
          "observed": 0.681163331693622,
          "ci95": [
            0.6304756111640675,
            0.7377600240641585
          ],
          "probability_positive": 1.0,
          "clusters": 33
        }
      },
      "by_expert_transition": {
        "changed_nonexpert": {
          "states": 126,
          "episodes": 25,
          "expected_discounted_value_delta": {
            "count": 126,
            "mean": 0.054381195562629416,
            "std": 0.08343505176244248,
            "p10": -0.014578744839855195,
            "p25": -0.002860734071346996,
            "median": 0.02887435729720117,
            "p75": 0.09513179095083374,
            "p90": 0.15481111539263637
          },
          "expected_success_delta": {
            "count": 126,
            "mean": 0.06721544782058121,
            "std": 0.12080777260194513,
            "p10": -2.5337460663851417e-16,
            "p25": -1.1232334506949826e-16,
            "median": 8.239936510889834e-17,
            "p75": 0.12497414368581675,
            "p90": 0.23313184985524482
          },
          "top_discounted_value_delta": {
            "count": 126,
            "mean": 0.2586383008708291,
            "std": 0.30370588545508004,
            "p10": 0.0,
            "p25": 0.024389948904304716,
            "median": 0.10760149355566412,
            "p75": 0.5361292776863638,
            "p90": 0.7544364140624997
          },
          "delta_logit_value_spearman": {
            "count": 126,
            "mean": -0.0006288435827825239,
            "std": 0.2840147317491231,
            "p10": -0.3611881580157501,
            "p25": -0.23140292705367688,
            "median": -0.01018833883706688,
            "p75": 0.22383341627771694,
            "p90": 0.37988519986159935
          },
          "base_top_value_optimal_rate": 0.015873015873015872,
          "seed_top_value_optimal_rate": 0.3253968253968254
        },
        "harmed_from_expert": {
          "states": 11,
          "episodes": 8,
          "expected_discounted_value_delta": {
            "count": 11,
            "mean": -0.010899271295260343,
            "std": 0.053782170965613746,
            "p10": -0.024715261909832125,
            "p25": -0.014769187958243028,
            "median": -0.0004954081059768449,
            "p75": 0.011832759108134657,
            "p90": 0.03451442775339802
          },
          "expected_success_delta": {
            "count": 11,
            "mean": -0.01587137779733461,
            "std": 0.050189703444603544,
            "p10": -3.365363543395006e-16,
            "p25": -1.897138404018124e-16,
            "median": -5.3396956994911093e-17,
            "p75": 1.214306433183765e-17,
            "p90": 1.9284568516728107e-16
          },
          "top_discounted_value_delta": {
            "count": 11,
            "mean": 0.003560920673036412,
            "std": 0.3432101749234483,
            "p10": -0.07544364140625004,
            "p25": -0.031512470486230404,
            "median": 0.0,
            "p75": 0.06738966393115486,
            "p90": 0.43321931121188495
          },
          "delta_logit_value_spearman": {
            "count": 10,
            "mean": -0.19737032013241457,
            "std": 0.27501545333060506,
            "p10": -0.4537413762980815,
            "p25": -0.40131489435393575,
            "median": -0.21396210280693945,
            "p75": -0.11415417092475703,
            "p90": 0.10134784693335512
          },
          "base_top_value_optimal_rate": 0.36363636363636365,
          "seed_top_value_optimal_rate": 0.45454545454545453
        },
        "rescued_to_expert": {
          "states": 27,
          "episodes": 16,
          "expected_discounted_value_delta": {
            "count": 27,
            "mean": 0.044497682588426735,
            "std": 0.05672626797925336,
            "p10": -0.0008555006525907364,
            "p25": 0.0044187571935329455,
            "median": 0.02944078807238778,
            "p75": 0.06277904907602574,
            "p90": 0.1317519502527546
          },
          "expected_success_delta": {
            "count": 27,
            "mean": 0.04870293415799211,
            "std": 0.11219272365608611,
            "p10": -1.7208456881689927e-16,
            "p25": -1.1102230246251565e-16,
            "median": 1.3877787807814457e-17,
            "p75": 0.061190830897331,
            "p90": 0.1459045546946243
          },
          "top_discounted_value_delta": {
            "count": 27,
            "mean": 0.1842150877159874,
            "std": 0.28099600548063014,
            "p10": -0.03386935886054689,
            "p25": 0.02179570014220117,
            "median": 0.07941435937500008,
            "p75": 0.20107730174628285,
            "p90": 0.550817614070721
          },
          "delta_logit_value_spearman": {
            "count": 27,
            "mean": -0.009310985837367922,
            "std": 0.3266653189045603,
            "p10": -0.45069013425444987,
            "p25": -0.3020390949570754,
            "median": 0.12909944487358055,
            "p75": 0.24021475071094062,
            "p90": 0.3078443939824561
          },
          "base_top_value_optimal_rate": 0.0,
          "seed_top_value_optimal_rate": 0.5185185185185185
        },
        "stable_expert": {
          "states": 171,
          "episodes": 33,
          "expected_discounted_value_delta": {
            "count": 171,
            "mean": 0.009397248531689287,
            "std": 0.035295239707993004,
            "p10": -0.020559680651010603,
            "p25": -0.0047515782441029586,
            "median": 0.004771120519668104,
            "p75": 0.02243850474260847,
            "p90": 0.04569668970155413
          },
          "expected_success_delta": {
            "count": 171,
            "mean": 0.001755236655055889,
            "std": 0.03832027334867335,
            "p10": -2.4855387743789393e-16,
            "p25": -1.1102230246251565e-16,
            "median": 0.0,
            "p75": 1.1102230246251565e-16,
            "p90": 0.0026089559446733895
          },
          "top_discounted_value_delta": {
            "count": 171,
            "mean": 0.0,
            "std": 0.0,
            "p10": 0.0,
            "p25": 0.0,
            "median": 0.0,
            "p75": 0.0,
            "p90": 0.0
          },
          "delta_logit_value_spearman": {
            "count": 163,
            "mean": -0.1312290671841954,
            "std": 0.3227571946099896,
            "p10": -0.5292580112336662,
            "p25": -0.35021283044929125,
            "median": -0.14986383434534759,
            "p75": 0.10750831715520628,
            "p90": 0.27924888469092124
          },
          "base_top_value_optimal_rate": 0.6491228070175439,
          "seed_top_value_optimal_rate": 0.6491228070175439
        },
        "stable_nonexpert": {
          "states": 109,
          "episodes": 29,
          "expected_discounted_value_delta": {
            "count": 109,
            "mean": 0.032710143966673814,
            "std": 0.06020719942044151,
            "p10": -0.009268171024671793,
            "p25": -0.0018296371150994147,
            "median": 0.012289835428255807,
            "p75": 0.04132733422858792,
            "p90": 0.12851233372906168
          },
          "expected_success_delta": {
            "count": 109,
            "mean": 0.03894714950744465,
            "std": 0.08841080177262603,
            "p10": -2.9641396534506087e-16,
            "p25": -1.249000902703301e-16,
            "median": 5.942952564525622e-17,
            "p75": 0.01730002735658848,
            "p90": 0.16556385182896066
          },
          "top_discounted_value_delta": {
            "count": 109,
            "mean": 0.0,
            "std": 0.0,
            "p10": 0.0,
            "p25": 0.0,
            "median": 0.0,
            "p75": 0.0,
            "p90": 0.0
          },
          "delta_logit_value_spearman": {
            "count": 106,
            "mean": -0.019420834481657732,
            "std": 0.2835257187899827,
            "p10": -0.37302952804402567,
            "p25": -0.2632309088312886,
            "median": -0.025883557737236343,
            "p75": 0.17735987552044136,
            "p90": 0.3494813233835863
          },
          "base_top_value_optimal_rate": 0.2018348623853211,
          "seed_top_value_optimal_rate": 0.2018348623853211
        }
      },
      "by_task_type": {
        "look_at_obj_in_light": {
          "states": 52,
          "episodes": 3,
          "expected_discounted_value_delta": {
            "count": 52,
            "mean": 0.02095570856120196,
            "std": 0.05461547002894796,
            "p10": -0.021054559785302324,
            "p25": -0.0033483705318515635,
            "median": 0.008974428921410881,
            "p75": 0.02639264144524998,
            "p90": 0.09552839761498023
          },
          "expected_success_delta": {
            "count": 52,
            "mean": -0.007988628519736272,
            "std": 0.02374217726981162,
            "p10": -0.05321253149776553,
            "p25": -4.369380316758737e-05,
            "median": -5.551115123125783e-17,
            "p75": 3.122502256758253e-17,
            "p90": 0.0012964124498733634
          },
          "top_discounted_value_delta": {
            "count": 52,
            "mean": 0.031194470310592977,
            "std": 0.10544090584073726,
            "p10": 0.0,
            "p25": 0.0,
            "median": 0.0,
            "p75": 0.0,
            "p90": 0.04749999999999999
          },
          "delta_logit_value_spearman": {
            "count": 52,
            "mean": 0.12744176072401173,
            "std": 0.31016204715027074,
            "p10": -0.3717792428605961,
            "p25": -0.005002810832861174,
            "median": 0.1828429114924936,
            "p75": 0.35404659610672373,
            "p90": 0.5095787924271263
          },
          "base_top_value_optimal_rate": 0.019230769230769232,
          "seed_top_value_optimal_rate": 0.15384615384615385
        },
        "pick_and_place_simple": {
          "states": 85,
          "episodes": 10,
          "expected_discounted_value_delta": {
            "count": 85,
            "mean": 0.03335096806279949,
            "std": 0.06846701476426696,
            "p10": -0.009533065550218704,
            "p25": -0.00225706203610383,
            "median": 0.014818650426454388,
            "p75": 0.03451442775339802,
            "p90": 0.09644885853113269
          },
          "expected_success_delta": {
            "count": 85,
            "mean": 0.03203830551189409,
            "std": 0.10997584388111671,
            "p10": -2.220446049250313e-16,
            "p25": -1.1102230246251565e-16,
            "median": 2.7755575615628914e-17,
            "p75": 1.6966652268654873e-16,
            "p90": 0.028984625798530485
          },
          "top_discounted_value_delta": {
            "count": 85,
            "mean": 0.054695577776685995,
            "std": 0.18091340570752493,
            "p10": 0.0,
            "p25": 0.0,
            "median": 0.0,
            "p75": 0.0,
            "p90": 0.12908217813029793
          },
          "delta_logit_value_spearman": {
            "count": 85,
            "mean": 0.011489738602688508,
            "std": 0.3262780737586164,
            "p10": -0.38853607257475725,
            "p25": -0.19726010834281982,
            "median": 0.03572857508288032,
            "p75": 0.21128856368212914,
            "p90": 0.4317299415245872
          },
          "base_top_value_optimal_rate": 0.35294117647058826,
          "seed_top_value_optimal_rate": 0.4235294117647059
        },
        "pick_clean_then_place_in_recep": {
          "states": 80,
          "episodes": 6,
          "expected_discounted_value_delta": {
            "count": 80,
            "mean": 0.04051056563693711,
            "std": 0.054922952066063534,
            "p10": -0.004768657249305842,
            "p25": 0.0056608603362750835,
            "median": 0.02767155113205991,
            "p75": 0.056059620100849146,
            "p90": 0.10225272147919737
          },
          "expected_success_delta": {
            "count": 80,
            "mean": 0.03131162823311786,
            "std": 0.07879689248694441,
            "p10": -2.0330959138448177e-16,
            "p25": -8.413408858487514e-17,
            "median": 5.747033843825702e-17,
            "p75": 0.017696272866630426,
            "p90": 0.13732888015816425
          },
          "top_discounted_value_delta": {
            "count": 80,
            "mean": 0.11707037920863735,
            "std": 0.2533262897826454,
            "p10": 0.0,
            "p25": 0.0,
            "median": 0.0,
            "p75": 0.06400485292009644,
            "p90": 0.5484712567317924
          },
          "delta_logit_value_spearman": {
            "count": 80,
            "mean": 0.06961766246845111,
            "std": 0.33052761266191466,
            "p10": -0.47811464046302915,
            "p25": -0.1341190954536478,
            "median": 0.12877378378707677,
            "p75": 0.30959709621035275,
            "p90": 0.47604355397380865
          },
          "base_top_value_optimal_rate": 0.3625,
          "seed_top_value_optimal_rate": 0.5375
        },
        "pick_cool_then_place_in_recep": {
          "states": 92,
          "episodes": 7,
          "expected_discounted_value_delta": {
            "count": 92,
            "mean": 0.02437983571595943,
            "std": 0.06908903769745876,
            "p10": -0.02207091981458245,
            "p25": -0.011882203933430174,
            "median": 0.003678418880686712,
            "p75": 0.039357979513258125,
            "p90": 0.12460134047379431
          },
          "expected_success_delta": {
            "count": 92,
            "mean": 0.03995273279460052,
            "std": 0.10060052050863144,
            "p10": -2.9452814442618373e-16,
            "p25": -1.640675157911896e-16,
            "median": 5.160802341031001e-17,
            "p75": 0.045850736529992844,
            "p90": 0.1896020039608877
          },
          "top_discounted_value_delta": {
            "count": 92,
            "mean": 0.11138768737098072,
            "std": 0.2375675731166932,
            "p10": 0.0,
            "p25": 0.0,
            "median": 0.0,
            "p75": 0.06553459063029785,
            "p90": 0.6302494097246091
          },
          "delta_logit_value_spearman": {
            "count": 92,
            "mean": -0.26875972826233085,
            "std": 0.19396008181583,
            "p10": -0.5282415277543544,
            "p25": -0.3853410822817494,
            "median": -0.30310688311316974,
            "p75": -0.16215800571819497,
            "p90": 0.04022070986454341
          },
          "base_top_value_optimal_rate": 0.391304347826087,
          "seed_top_value_optimal_rate": 0.45652173913043476
        },
        "pick_heat_then_place_in_recep": {
          "states": 111,
          "episodes": 6,
          "expected_discounted_value_delta": {
            "count": 111,
            "mean": 0.02835903384555335,
            "std": 0.057063060178302184,
            "p10": -0.01136382013400431,
            "p25": -0.004076143746981871,
            "median": 0.008315335391604691,
            "p75": 0.04113876379298624,
            "p90": 0.10018978309212476
          },
          "expected_success_delta": {
            "count": 111,
            "mean": 0.045925413417270196,
            "std": 0.09001453692593128,
            "p10": -1.8735013540549517e-16,
            "p25": -5.551115123125783e-17,
            "median": 8.326672684688674e-17,
            "p75": 0.05884543869657946,
            "p90": 0.17517521248412776
          },
          "top_discounted_value_delta": {
            "count": 111,
            "mean": 0.10535867481869743,
            "std": 0.21462231331433373,
            "p10": 0.0,
            "p25": 0.0,
            "median": 0.0,
            "p75": 0.08799375000000009,
            "p90": 0.4664240697749762
          },
          "delta_logit_value_spearman": {
            "count": 111,
            "mean": -0.11805122004440237,
            "std": 0.23268221614473997,
            "p10": -0.39272954546720734,
            "p25": -0.2606555405037641,
            "median": -0.12735380272762103,
            "p75": 0.01857297630792691,
            "p90": 0.22832225378057125
          },
          "base_top_value_optimal_rate": 0.2072072072072072,
          "seed_top_value_optimal_rate": 0.40540540540540543
        },
        "pick_two_obj_and_place": {
          "states": 24,
          "episodes": 1,
          "expected_discounted_value_delta": {
            "count": 24,
            "mean": 0.022905802234048405,
            "std": 0.08226228221414049,
            "p10": -0.018981408334601445,
            "p25": 0.0,
            "median": 0.0,
            "p75": 0.011949592572649426,
            "p90": 0.1619325645212873
          },
          "expected_success_delta": {
            "count": 24,
            "mean": 0.023698975235832653,
            "std": 0.08254135640140126,
            "p10": -8.58820244513401e-17,
            "p25": 0.0,
            "median": 0.0,
            "p75": 0.011170625025170692,
            "p90": 0.1619325645212873
          },
          "top_discounted_value_delta": {
            "count": 24,
            "mean": 0.0009190149414062496,
            "std": 0.2753919723855386,
            "p10": 0.0,
            "p25": 0.0,
            "median": 0.0,
            "p75": 0.0,
            "p90": 0.0
          },
          "delta_logit_value_spearman": {
            "count": 12,
            "mean": -0.09139270231111463,
            "std": 0.24889110799954847,
            "p10": -0.4708183296070732,
            "p25": -0.19206921693775691,
            "median": 0.0,
            "p75": 0.04980543653249131,
            "p90": 0.16782927833565475
          },
          "base_top_value_optimal_rate": 0.8333333333333334,
          "seed_top_value_optimal_rate": 0.7916666666666666
        }
      },
      "by_action_verb": {
        "clean": {
          "states": 6,
          "episodes": 6,
          "expected_discounted_value_delta": {
            "count": 6,
            "mean": 0.08834246457209328,
            "std": 0.043607092484263296,
            "p10": 0.05258912416389167,
            "p25": 0.06481123517157009,
            "median": 0.07356143798545325,
            "p75": 0.09333982739665506,
            "p90": 0.13887683156693495
          },
          "expected_success_delta": {
            "count": 6,
            "mean": 0.08814857383267723,
            "std": 0.06213212446415901,
            "p10": 0.023817281688715504,
            "p25": 0.05664056196109825,
            "median": 0.08837981434256945,
            "p75": 0.09817244255122769,
            "p90": 0.15224862546674672
          },
          "top_discounted_value_delta": {
            "count": 6,
            "mean": 0.0,
            "std": 0.0,
            "p10": 0.0,
            "p25": 0.0,
            "median": 0.0,
            "p75": 0.0,
            "p90": 0.0
          },
          "delta_logit_value_spearman": {
            "count": 6,
            "mean": -0.1712266743153069,
            "std": 0.11403157304042225,
            "p10": -0.292104838362657,
            "p25": -0.24655433634280524,
            "median": -0.1758132059152256,
            "p75": -0.14327065114125137,
            "p90": -0.04576197866803813
          },
          "base_top_value_optimal_rate": 1.0,
          "seed_top_value_optimal_rate": 1.0
        },
        "close": {
          "states": 56,
          "episodes": 18,
          "expected_discounted_value_delta": {
            "count": 56,
            "mean": 0.07526604098936558,
            "std": 0.08510825852493123,
            "p10": -0.00749533622833004,
            "p25": 0.017687950178012935,
            "median": 0.04286992838039676,
            "p75": 0.12618126546357783,
            "p90": 0.16834783699560438
          },
          "expected_success_delta": {
            "count": 56,
            "mean": 0.09968124582988207,
            "std": 0.1294764477000794,
            "p10": -1.689110751767163e-16,
            "p25": 0.0,
            "median": 0.0327703126693914,
            "p75": 0.19252696110069825,
            "p90": 0.2655313616947455
          },
          "top_discounted_value_delta": {
            "count": 56,
            "mean": 0.21352366937504286,
            "std": 0.3212163257434066,
            "p10": 0.0,
            "p25": 0.0,
            "median": 0.041627805841421506,
            "p75": 0.46791640091012165,
            "p90": 0.7737809374999998
          },
          "delta_logit_value_spearman": {
            "count": 56,
            "mean": 0.07605537408070928,
            "std": 0.26965743408514176,
            "p10": -0.30522538727923454,
            "p25": -0.12051377761262877,
            "median": 0.11614718778958578,
            "p75": 0.25899063064630595,
            "p90": 0.4320720953081547
          },
          "base_top_value_optimal_rate": 0.017857142857142856,
          "seed_top_value_optimal_rate": 0.25
        },
        "cool": {
          "states": 7,
          "episodes": 7,
          "expected_discounted_value_delta": {
            "count": 7,
            "mean": -0.0038765419607253095,
            "std": 0.010951201377056286,
            "p10": -0.01657481675145629,
            "p25": -0.010999728439382024,
            "median": -0.0009935923678654794,
            "p75": 0.002454499804741783,
            "p90": 0.0070032307651097265
          },
          "expected_success_delta": {
            "count": 7,
            "mean": 6.641512736596918e-17,
            "std": 1.4335431141220224e-16,
            "p10": -1.2351231148954865e-16,
            "p25": 3.469446951953614e-18,
            "median": 8.326672684688674e-17,
            "p75": 1.6653345369377348e-16,
            "p90": 2.2759572004815707e-16
          },
          "top_discounted_value_delta": {
            "count": 7,
            "mean": 0.0,
            "std": 0.0,
            "p10": 0.0,
            "p25": 0.0,
            "median": 0.0,
            "p75": 0.0,
            "p90": 0.0
          },
          "delta_logit_value_spearman": {
            "count": 7,
            "mean": -0.4184665281658342,
            "std": 0.2356426331307188,
            "p10": -0.5501722109393129,
            "p25": -0.5398758357778735,
            "median": -0.5296055223837994,
            "p75": -0.45879048399406364,
            "p90": -0.18963436500753333
          },
          "base_top_value_optimal_rate": 1.0,
          "seed_top_value_optimal_rate": 1.0
        },
        "examine": {
          "states": 1,
          "episodes": 1,
          "expected_discounted_value_delta": {
            "count": 1,
            "mean": 0.02404518703588937,
            "std": 0.0,
            "p10": 0.02404518703588937,
            "p25": 0.02404518703588937,
            "median": 0.02404518703588937,
            "p75": 0.02404518703588937,
            "p90": 0.02404518703588937
          },
          "expected_success_delta": {
            "count": 1,
            "mean": 3.2612801348363973e-16,
            "std": 0.0,
            "p10": 3.2612801348363973e-16,
            "p25": 3.2612801348363973e-16,
            "median": 3.2612801348363973e-16,
            "p75": 3.2612801348363973e-16,
            "p90": 3.2612801348363973e-16
          },
          "top_discounted_value_delta": {
            "count": 1,
            "mean": 0.0,
            "std": 0.0,
            "p10": 0.0,
            "p25": 0.0,
            "median": 0.0,
            "p75": 0.0,
            "p90": 0.0
          },
          "delta_logit_value_spearman": {
            "count": 1,
            "mean": 0.30489978695868625,
            "std": 0.0,
            "p10": 0.30489978695868625,
            "p25": 0.30489978695868625,
            "median": 0.30489978695868625,
            "p75": 0.30489978695868625,
            "p90": 0.30489978695868625
          },
          "base_top_value_optimal_rate": 1.0,
          "seed_top_value_optimal_rate": 1.0
        },
        "go": {
          "states": 238,
          "episodes": 33,
          "expected_discounted_value_delta": {
            "count": 238,
            "mean": 0.03148423014168689,
            "std": 0.06419905288161998,
            "p10": -0.012537065025392648,
            "p25": -0.0027968794418831945,
            "median": 0.009287288497635817,
            "p75": 0.0428314870007213,
            "p90": 0.10230400026599185
          },
          "expected_success_delta": {
            "count": 238,
            "mean": 0.035929144879544996,
            "std": 0.09364885406136572,
            "p10": -2.80021977616387e-16,
            "p25": -1.3357370765021415e-16,
            "median": 1.579627276559237e-17,
            "p75": 0.005552649034594438,
            "p90": 0.16098849502276102
          },
          "top_discounted_value_delta": {
            "count": 238,
            "mean": 0.10055248276933919,
            "std": 0.22885151861850409,
            "p10": 0.0,
            "p25": 0.0,
            "median": 0.0,
            "p75": 0.07077556609423832,
            "p90": 0.5133420832795048
          },
          "delta_logit_value_spearman": {
            "count": 230,
            "mean": -0.06338431039731975,
            "std": 0.2711348601320583,
            "p10": -0.40469683911469784,
            "p25": -0.27813488303462686,
            "median": -0.056972049663410115,
            "p75": 0.14063898892529425,
            "p90": 0.2943929776836552
          },
          "base_top_value_optimal_rate": 0.23529411764705882,
          "seed_top_value_optimal_rate": 0.3739495798319328
        },
        "heat": {
          "states": 6,
          "episodes": 6,
          "expected_discounted_value_delta": {
            "count": 6,
            "mean": 0.004669154367503515,
            "std": 0.0063031400503676055,
            "p10": -0.001165919425199373,
            "p25": 0.0011145470499469214,
            "median": 0.004035392702962182,
            "p75": 0.004806245173573814,
            "p90": 0.011137989824747733
          },
          "expected_success_delta": {
            "count": 6,
            "mean": 9.25185853854297e-18,
            "std": 1.3010297571156231e-16,
            "p10": -1.457167719820518e-16,
            "p25": -8.326672684688674e-17,
            "median": 6.938893903907228e-18,
            "p75": 1.0755285551056204e-16,
            "p90": 1.6653345369377348e-16
          },
          "top_discounted_value_delta": {
            "count": 6,
            "mean": 0.05866250000000006,
            "std": 0.041480651551355885,
            "p10": 0.0,
            "p25": 0.021998437500000023,
            "median": 0.08799375000000009,
            "p75": 0.08799375000000009,
            "p90": 0.08799375000000009
          },
          "delta_logit_value_spearman": {
            "count": 6,
            "mean": -0.5382746068148277,
            "std": 0.09295316100001895,
            "p10": -0.6237660080666589,
            "p25": -0.6184902700081838,
            "median": -0.5606771193560874,
            "p75": -0.5015328933991597,
            "p90": -0.43038069302173676
          },
          "base_top_value_optimal_rate": 0.3333333333333333,
          "seed_top_value_optimal_rate": 1.0
        },
        "move": {
          "states": 31,
          "episodes": 30,
          "expected_discounted_value_delta": {
            "count": 31,
            "mean": 0.00018963859231537668,
            "std": 0.041723593906557443,
            "p10": -0.03032510429721169,
            "p25": -0.015907333759278885,
            "median": -0.0049128865850731375,
            "p75": 0.0021231103430216685,
            "p90": 0.018378180091802657
          },
          "expected_success_delta": {
            "count": 31,
            "mean": 0.006771794877450955,
            "std": 0.03709064809177819,
            "p10": -1.1102230246251565e-16,
            "p25": -8.586881206085195e-17,
            "median": 3.469446951953614e-17,
            "p75": 8.153200337090993e-17,
            "p90": 1.569653695215889e-16
          },
          "top_discounted_value_delta": {
            "count": 31,
            "mean": 0.03225806451612903,
            "std": 0.17668469596940847,
            "p10": 0.0,
            "p25": 0.0,
            "median": 0.0,
            "p75": 0.0,
            "p90": 0.0
          },
          "delta_logit_value_spearman": {
            "count": 30,
            "mean": -0.43291589107178047,
            "std": 0.22875390402029872,
            "p10": -0.7718523206509518,
            "p25": -0.5664566177859803,
            "median": -0.4281303911040971,
            "p75": -0.2930167991905308,
            "p90": -0.22068898611739296
          },
          "base_top_value_optimal_rate": 0.967741935483871,
          "seed_top_value_optimal_rate": 1.0
        },
        "open": {
          "states": 62,
          "episodes": 21,
          "expected_discounted_value_delta": {
            "count": 62,
            "mean": 0.015495378101537085,
            "std": 0.03345148110314002,
            "p10": -0.0029751107207802233,
            "p25": 0.005589009573925258,
            "median": 0.011471831528095318,
            "p75": 0.027285177877969802,
            "p90": 0.05063066245861455
          },
          "expected_success_delta": {
            "count": 62,
            "mean": -0.003919567295781929,
            "std": 0.030612799201575044,
            "p10": -1.6653345369377348e-16,
            "p25": -1.1102230246251565e-16,
            "median": -2.7755575615628914e-17,
            "p75": 7.806255641895632e-17,
            "p90": 1.6098233857064762e-16
          },
          "top_discounted_value_delta": {
            "count": 62,
            "mean": 0.004535446160958057,
            "std": 0.049767457619399415,
            "p10": 0.0,
            "p25": 0.0,
            "median": 0.0,
            "p75": 0.0,
            "p90": 0.0
          },
          "delta_logit_value_spearman": {
            "count": 61,
            "mean": 0.10952958357799336,
            "std": 0.30985214364336844,
            "p10": -0.31209931637775734,
            "p25": -0.14862974291136097,
            "median": 0.13311524808874944,
            "p75": 0.28975109518826286,
            "p90": 0.5393643343144373
          },
          "base_top_value_optimal_rate": 0.0967741935483871,
          "seed_top_value_optimal_rate": 0.12903225806451613
        },
        "take": {
          "states": 34,
          "episodes": 33,
          "expected_discounted_value_delta": {
            "count": 34,
            "mean": -0.0038762736671393203,
            "std": 0.02666982222293535,
            "p10": -0.04200387220567621,
            "p25": -0.02135477216500406,
            "median": 0.0,
            "p75": 0.012369186371275214,
            "p90": 0.03064813643456335
          },
          "expected_success_delta": {
            "count": 34,
            "mean": -0.014426892944867355,
            "std": 0.034959281132053543,
            "p10": -0.0754715161590567,
            "p25": -0.0303324658380352,
            "median": 0.0,
            "p75": 1.5525775109992423e-16,
            "p90": 0.018952108359218258
          },
          "top_discounted_value_delta": {
            "count": 34,
            "mean": 0.0023357164522058846,
            "std": 0.01341766948424625,
            "p10": 0.0,
            "p25": 0.0,
            "median": 0.0,
            "p75": 0.0,
            "p90": 0.0
          },
          "delta_logit_value_spearman": {
            "count": 32,
            "mean": -0.09465490698733439,
            "std": 0.2613806893000118,
            "p10": -0.38458702513151843,
            "p25": -0.29476013221088054,
            "median": -0.11476237616267955,
            "p75": 0.01991684437473273,
            "p90": 0.2063639325006176
          },
          "base_top_value_optimal_rate": 0.8823529411764706,
          "seed_top_value_optimal_rate": 0.9117647058823529
        },
        "use": {
          "states": 3,
          "episodes": 3,
          "expected_discounted_value_delta": {
            "count": 3,
            "mean": 0.002662722589531297,
            "std": 0.010085537216065582,
            "p10": -0.004915874507397694,
            "p25": -0.004455028696844681,
            "median": -0.003686952345922992,
            "p75": 0.00660563640818013,
            "p90": 0.012781189660642005
          },
          "expected_success_delta": {
            "count": 3,
            "mean": 0.0054498188920621415,
            "std": 0.006714451465029854,
            "p10": 0.00028809165552751983,
            "p25": 0.0007202291388185914,
            "median": 0.001440458277637044,
            "p75": 0.008174728338093143,
            "p90": 0.012215290374366803
          },
          "top_discounted_value_delta": {
            "count": 3,
            "mean": 0.0,
            "std": 0.0,
            "p10": 0.0,
            "p25": 0.0,
            "median": 0.0,
            "p75": 0.0,
            "p90": 0.0
          },
          "delta_logit_value_spearman": {
            "count": 3,
            "mean": 0.26083756029801547,
            "std": 0.18585632616239328,
            "p10": 0.1174990769470145,
            "p25": 0.12996595632398503,
            "median": 0.15074408861893587,
            "p75": 0.3366624284325061,
            "p90": 0.44821343232064825
          },
          "base_top_value_optimal_rate": 0.0,
          "seed_top_value_optimal_rate": 0.0
        }
      }
    },
    "valid_unseen": {
      "states": 527,
      "episodes": 34,
      "candidate_actions": 14980,
      "candidate_success_rate": 0.9283711615487317,
      "states_with_binary_value_variation": 207,
      "states_with_discounted_value_variation": 513,
      "expert_action_value_optimal_rate": 0.36622390891840606,
      "base_top_value_optimal_rate": 0.3187855787476281,
      "seed_top_value_optimal_rate": 0.3795066413662239,
      "base_expected_discounted_value": 0.569995599316029,
      "comparison_expected_discounted_value": 0.5964087159525979,
      "relative_expected_discounted_value_gain": 0.04633915887818015,
      "relative_top_value_optimal_rate_gain": 0.1904761904761905,
      "required_relative_improvement": 0.3,
      "meets_required_relative_expected_value_improvement": false,
      "practical_threshold": 0.8,
      "meets_practical_threshold": false,
      "gap_to_practical_threshold": -0.4204933586337761,
      "descriptive": {
        "success_expected_value_delta": {
          "count": 527,
          "mean": 0.036457280556162285,
          "std": 0.08125931567621553,
          "p10": -2.220446049250313e-16,
          "p25": -8.326672684688674e-17,
          "median": 7.979727989493313e-17,
          "p75": 0.042500287900343006,
          "p90": 0.14845566127717935
        },
        "discounted_expected_value_delta": {
          "count": 527,
          "mean": 0.026413116636568888,
          "std": 0.05621277467021762,
          "p10": -0.011618282304094833,
          "p25": 9.913140476006132e-05,
          "median": 0.011523572787307201,
          "p75": 0.039559941099966515,
          "p90": 0.09872572539751447
        },
        "discounted_top_value_delta": {
          "count": 527,
          "mean": 0.07609626048822266,
          "std": 0.2299977375335146,
          "p10": 0.0,
          "p25": 0.0,
          "median": 0.0,
          "p75": 0.027018004383131844,
          "p90": 0.43477061209483064
        },
        "discounted_added_minus_removed_value": {
          "count": 527,
          "mean": 0.08400037030645886,
          "std": 0.17411502875060522,
          "p10": -0.062185486045769366,
          "p25": 0.000664918905210865,
          "median": 0.04190904809824847,
          "p75": 0.13305382624303314,
          "p90": 0.30592829573030156
        },
        "discounted_probability_on_value_optimal_delta": {
          "count": 527,
          "mean": 0.032743560676661974,
          "std": 0.09375611243412811,
          "p10": -0.05673866973722936,
          "p25": 3.467007497065522e-16,
          "median": 0.030261277672494594,
          "p75": 0.06935464292477739,
          "p90": 0.11997543922083567
        },
        "delta_logit_value_spearman": {
          "count": 513,
          "mean": -0.05369318184722368,
          "std": 0.24250821787366145,
          "p10": -0.3683706909694947,
          "p25": -0.19654825909971865,
          "median": -0.055499946431477556,
          "p75": 0.10374013526863324,
          "p90": 0.24676270218249235
        },
        "delta_probability_value_spearman": {
          "count": 513,
          "mean": 0.08963750497115294,
          "std": 0.256324018906219,
          "p10": -0.25842437232506044,
          "p25": -0.07961080748841629,
          "median": 0.1069415978173377,
          "p75": 0.272756023961045,
          "p90": 0.41763143775050376
        },
        "discounted_base_expected_value": {
          "count": 527,
          "mean": 0.569995599316029,
          "std": 0.22943774383673984,
          "p10": 0.2778905480608312,
          "p25": 0.40418869744766,
          "median": 0.5806712517961489,
          "p75": 0.744005640160603,
          "p90": 0.884801393035802
        },
        "discounted_seed_expected_value": {
          "count": 527,
          "mean": 0.5964087159525979,
          "std": 0.22051677726753507,
          "p10": 0.30941767996236397,
          "p25": 0.45248710948981435,
          "median": 0.5978564151294935,
          "p75": 0.7639918195509163,
          "p90": 0.8954596068435993
        },
        "discounted_base_top_value": {
          "count": 527,
          "mean": 0.5749407111454756,
          "std": 0.31094271603759305,
          "p10": 0.0,
          "p25": 0.37735360253530725,
          "median": 0.6634204312890623,
          "p75": 0.8145062499999999,
          "p90": 0.95
        },
        "discounted_seed_top_value": {
          "count": 527,
          "mean": 0.6510369716336983,
          "std": 0.2450486943458731,
          "p10": 0.3073568677250236,
          "p25": 0.5133420832795048,
          "median": 0.6983372960937497,
          "p75": 0.8145062499999999,
          "p90": 0.95
        }
      },
      "episode_cluster_bootstrap": {
        "success_expected_value_delta": {
          "observed": 0.036457280556162285,
          "ci95": [
            0.026205227358426498,
            0.04664980961530598
          ],
          "probability_positive": 1.0,
          "clusters": 34
        },
        "discounted_expected_value_delta": {
          "observed": 0.026413116636568885,
          "ci95": [
            0.017717630276090544,
            0.034421858955143395
          ],
          "probability_positive": 1.0,
          "clusters": 34
        },
        "discounted_top_value_delta": {
          "observed": 0.07609626048822264,
          "ci95": [
            0.05122742632062232,
            0.10106459609539818
          ],
          "probability_positive": 1.0,
          "clusters": 34
        },
        "discounted_added_minus_removed_value": {
          "observed": 0.08400037030645884,
          "ci95": [
            0.05669261058738545,
            0.11211368897938254
          ],
          "probability_positive": 1.0,
          "clusters": 34
        },
        "discounted_probability_on_value_optimal_delta": {
          "observed": 0.032743560676661974,
          "ci95": [
            0.006404498528734849,
            0.050636213549461774
          ],
          "probability_positive": 0.9907,
          "clusters": 34
        },
        "delta_logit_value_spearman": {
          "observed": -0.05369318184722367,
          "ci95": [
            -0.10759899277262691,
            -0.004170698228325225
          ],
          "probability_positive": 0.0165,
          "clusters": 34
        },
        "delta_probability_value_spearman": {
          "observed": 0.08963750497115294,
          "ci95": [
            0.04817922450448643,
            0.1299121313597832
          ],
          "probability_positive": 1.0,
          "clusters": 34
        },
        "discounted_base_expected_value": {
          "observed": 0.5699955993160291,
          "ci95": [
            0.5179344379098583,
            0.6217119489907215
          ],
          "probability_positive": 1.0,
          "clusters": 34
        },
        "discounted_seed_expected_value": {
          "observed": 0.5964087159525979,
          "ci95": [
            0.5450774402713373,
            0.6508563604016352
          ],
          "probability_positive": 1.0,
          "clusters": 34
        },
        "discounted_base_top_value": {
          "observed": 0.5749407111454756,
          "ci95": [
            0.5165987451455825,
            0.6334931218220715
          ],
          "probability_positive": 1.0,
          "clusters": 34
        },
        "discounted_seed_top_value": {
          "observed": 0.6510369716336983,
          "ci95": [
            0.6041516720439994,
            0.7010001133000457
          ],
          "probability_positive": 1.0,
          "clusters": 34
        }
      },
      "by_expert_transition": {
        "changed_nonexpert": {
          "states": 163,
          "episodes": 29,
          "expected_discounted_value_delta": {
            "count": 163,
            "mean": 0.05744606302695868,
            "std": 0.07214566123326316,
            "p10": -0.0006157726544334927,
            "p25": 0.010773162520013247,
            "median": 0.03408635133558445,
            "p75": 0.0977016629000941,
            "p90": 0.17344542370772661
          },
          "expected_success_delta": {
            "count": 163,
            "mean": 0.08074840312642756,
            "std": 0.11302931231520144,
            "p10": -1.5230872119076366e-16,
            "p25": 0.0,
            "median": 0.029226800782945126,
            "p75": 0.14700026539704253,
            "p90": 0.27005408796526087
          },
          "top_discounted_value_delta": {
            "count": 163,
            "mean": 0.23163007531953816,
            "std": 0.3610777806865727,
            "p10": -0.019123908188065843,
            "p25": 0.016646069753339127,
            "median": 0.09462033901260258,
            "p75": 0.5837685157574192,
            "p90": 0.7277409717187502
          },
          "delta_logit_value_spearman": {
            "count": 157,
            "mean": -0.014427373484588729,
            "std": 0.22804578411399004,
            "p10": -0.296496192488517,
            "p25": -0.15153800919972873,
            "median": -0.027090187297778397,
            "p75": 0.12844918931787974,
            "p90": 0.24195900696706077
          },
          "base_top_value_optimal_rate": 0.0736196319018405,
          "seed_top_value_optimal_rate": 0.19631901840490798
        },
        "harmed_from_expert": {
          "states": 10,
          "episodes": 7,
          "expected_discounted_value_delta": {
            "count": 10,
            "mean": 0.02300287519474501,
            "std": 0.020186435521166182,
            "p10": 0.001614079623525433,
            "p25": 0.006745081068177795,
            "median": 0.019789948114669022,
            "p75": 0.030868542824720038,
            "p90": 0.04857978306917678
          },
          "expected_success_delta": {
            "count": 10,
            "mean": 0.02167589604899558,
            "std": 0.02720187931825176,
            "p10": -9.405453846311751e-18,
            "p25": 1.066583887182615e-17,
            "median": 2.4685250588421526e-16,
            "p75": 0.05038081597265735,
            "p90": 0.054686537826441874
          },
          "top_discounted_value_delta": {
            "count": 10,
            "mean": -0.0025400116481197332,
            "std": 0.043222432258187636,
            "p10": -0.038689046874999966,
            "p25": -0.03675459453125007,
            "median": -0.005945672131383306,
            "p75": 0.0,
            "p90": 0.03535225456591238
          },
          "delta_logit_value_spearman": {
            "count": 10,
            "mean": -0.1296499978197502,
            "std": 0.13584283127054178,
            "p10": -0.18429979955807257,
            "p25": -0.13437549558173162,
            "median": -0.11353752730816441,
            "p75": -0.08970978223316245,
            "p90": -0.06579390340727523
          },
          "base_top_value_optimal_rate": 0.2,
          "seed_top_value_optimal_rate": 0.1
        },
        "rescued_to_expert": {
          "states": 32,
          "episodes": 17,
          "expected_discounted_value_delta": {
            "count": 32,
            "mean": 0.019050978952598694,
            "std": 0.03640021195284553,
            "p10": -0.00913643735479386,
            "p25": -0.0005577654719578509,
            "median": 0.01570315864061238,
            "p75": 0.025488130471602928,
            "p90": 0.07430017202099612
          },
          "expected_success_delta": {
            "count": 32,
            "mean": 0.013066026705393715,
            "std": 0.05799398330496092,
            "p10": -2.177077962350893e-16,
            "p25": -1.1622647289044608e-16,
            "median": 1.3877787807814457e-17,
            "p75": 2.745199900733297e-16,
            "p90": 0.053228206188005556
          },
          "top_discounted_value_delta": {
            "count": 32,
            "mean": 0.07413834739655686,
            "std": 0.15185841410612091,
            "p10": -0.019805700089329456,
            "p25": 0.020263503287348883,
            "median": 0.04286875000000001,
            "p75": 0.08799375000000009,
            "p90": 0.15748708629316424
          },
          "delta_logit_value_spearman": {
            "count": 31,
            "mean": -0.02610281132038526,
            "std": 0.293961146768325,
            "p10": -0.38995004786458115,
            "p25": -0.25643494280962037,
            "median": -0.005283524652572601,
            "p75": 0.20792070445919547,
            "p90": 0.3090190003083404
          },
          "base_top_value_optimal_rate": 0.09375,
          "seed_top_value_optimal_rate": 0.5
        },
        "stable_expert": {
          "states": 157,
          "episodes": 33,
          "expected_discounted_value_delta": {
            "count": 157,
            "mean": 0.013446284929309667,
            "std": 0.03850414950469182,
            "p10": -0.014108922207117446,
            "p25": -0.0021544408154942586,
            "median": 0.008432146192977398,
            "p75": 0.01860675187540581,
            "p90": 0.0432463728153256
          },
          "expected_success_delta": {
            "count": 157,
            "mean": 0.007396426694912539,
            "std": 0.042239872829416804,
            "p10": -2.9316826744008035e-16,
            "p25": -1.1102230246251565e-16,
            "median": -1.3877787807814457e-17,
            "p75": 1.942890293094024e-16,
            "p90": 0.03356229825279163
          },
          "top_discounted_value_delta": {
            "count": 157,
            "mean": 0.0,
            "std": 0.0,
            "p10": 0.0,
            "p25": 0.0,
            "median": 0.0,
            "p75": 0.0,
            "p90": 0.0
          },
          "delta_logit_value_spearman": {
            "count": 153,
            "mean": -0.11785005285634605,
            "std": 0.26256140557239277,
            "p10": -0.5033740321015657,
            "p25": -0.2587293837919557,
            "median": -0.07691531958299738,
            "p75": 0.057183212272987935,
            "p90": 0.19496820482498828
          },
          "base_top_value_optimal_rate": 0.7261146496815286,
          "seed_top_value_optimal_rate": 0.7261146496815286
        },
        "stable_nonexpert": {
          "states": 165,
          "episodes": 32,
          "expected_discounted_value_delta": {
            "count": 165,
            "mean": 0.009728953828759481,
            "std": 0.04309597768450483,
            "p10": -0.019355300009160466,
            "p25": -0.00010081096568963346,
            "median": 0.007254362503016588,
            "p75": 0.022773984375143008,
            "p90": 0.06055583140745553
          },
          "expected_success_delta": {
            "count": 165,
            "mean": 0.02578718992318793,
            "std": 0.05567330260065714,
            "p10": -2.687031167500007e-16,
            "p25": -8.326672684688674e-17,
            "median": 8.326672684688674e-17,
            "p75": 0.023975381473159113,
            "p90": 0.11778325731309887
          },
          "top_discounted_value_delta": {
            "count": 165,
            "mean": 0.0,
            "std": 0.0,
            "p10": 0.0,
            "p25": 0.0,
            "median": 0.0,
            "p75": 0.0,
            "p90": 0.0
          },
          "delta_logit_value_spearman": {
            "count": 162,
            "mean": -0.031745428607376065,
            "std": 0.2160646825253306,
            "p10": -0.2899332774769588,
            "p25": -0.16731923966220336,
            "median": -0.0392810720020751,
            "p75": 0.09846888890171182,
            "p90": 0.2594490029902182
          },
          "base_top_value_optimal_rate": 0.22424242424242424,
          "seed_top_value_optimal_rate": 0.22424242424242424
        }
      },
      "by_task_type": {
        "look_at_obj_in_light": {
          "states": 93,
          "episodes": 6,
          "expected_discounted_value_delta": {
            "count": 93,
            "mean": 0.011680523870507152,
            "std": 0.03949279630581466,
            "p10": -0.014611142316938821,
            "p25": 0.0003294637166755501,
            "median": 0.009445445820791916,
            "p75": 0.02374188338455636,
            "p90": 0.0502985877931062
          },
          "expected_success_delta": {
            "count": 93,
            "mean": -0.005103764490772363,
            "std": 0.03374236408215625,
            "p10": -0.013168379528285349,
            "p25": -1.5265566588595902e-16,
            "median": -1.3877787807814457e-17,
            "p75": 1.6653345369377348e-16,
            "p90": 4.774934787843408e-16
          },
          "top_discounted_value_delta": {
            "count": 93,
            "mean": -0.011734565012530666,
            "std": 0.14000560965025538,
            "p10": 0.0,
            "p25": 0.0,
            "median": 0.0,
            "p75": 0.017924296120427063,
            "p90": 0.040318059375000076
          },
          "delta_logit_value_spearman": {
            "count": 93,
            "mean": 0.080989914001187,
            "std": 0.24641878238096912,
            "p10": -0.2635808976309551,
            "p25": -0.09305848413629568,
            "median": 0.09790928314395224,
            "p75": 0.21201337989060046,
            "p90": 0.4401824945035376
          },
          "base_top_value_optimal_rate": 0.07526881720430108,
          "seed_top_value_optimal_rate": 0.0967741935483871
        },
        "pick_and_place_simple": {
          "states": 42,
          "episodes": 5,
          "expected_discounted_value_delta": {
            "count": 42,
            "mean": 0.02111999207597451,
            "std": 0.056191757430671875,
            "p10": -0.00674926540189435,
            "p25": 0.0002970595815131419,
            "median": 0.007251497817782294,
            "p75": 0.017178272778322325,
            "p90": 0.0360772948242944
          },
          "expected_success_delta": {
            "count": 42,
            "mean": 0.02211733356720162,
            "std": 0.06941530477092513,
            "p10": -1.6499307343860313e-16,
            "p25": -1.0451285426286636e-16,
            "median": 3.492062731645304e-17,
            "p75": 3.0531133177191805e-16,
            "p90": 0.02759658730145406
          },
          "top_discounted_value_delta": {
            "count": 42,
            "mean": 0.057005356107912526,
            "std": 0.1679726018748822,
            "p10": 0.0,
            "p25": 0.0,
            "median": 0.0,
            "p75": 0.021731254264680935,
            "p90": 0.07743636471856356
          },
          "delta_logit_value_spearman": {
            "count": 42,
            "mean": -0.29880749577711607,
            "std": 0.23836246433961086,
            "p10": -0.6576370785960266,
            "p25": -0.4699854371696083,
            "median": -0.2707173511588158,
            "p75": -0.1410094245844939,
            "p90": -0.04623927100786601
          },
          "base_top_value_optimal_rate": 0.38095238095238093,
          "seed_top_value_optimal_rate": 0.42857142857142855
        },
        "pick_clean_then_place_in_recep": {
          "states": 184,
          "episodes": 11,
          "expected_discounted_value_delta": {
            "count": 184,
            "mean": 0.031023948133804383,
            "std": 0.06867318576829251,
            "p10": -0.023183700105668587,
            "p25": -0.00046646173284234425,
            "median": 0.017583375921232103,
            "p75": 0.06715387364599656,
            "p90": 0.11176266347631217
          },
          "expected_success_delta": {
            "count": 184,
            "mean": 0.05735260537200273,
            "std": 0.09721260378734514,
            "p10": -1.8916600463781893e-16,
            "p25": -5.551115123125783e-17,
            "median": 1.8771605363870902e-16,
            "p75": 0.09736609167073301,
            "p90": 0.18059132491060317
          },
          "top_discounted_value_delta": {
            "count": 184,
            "mean": 0.10161936024494468,
            "std": 0.24261185519588763,
            "p10": 0.0,
            "p25": 0.0,
            "median": 0.0,
            "p75": 0.04286875000000001,
            "p90": 0.6302494097246091
          },
          "delta_logit_value_spearman": {
            "count": 184,
            "mean": -0.017738447469410605,
            "std": 0.22534200791851983,
            "p10": -0.3198010495839841,
            "p25": -0.1404499699251035,
            "median": -0.0005390783821874665,
            "p75": 0.12646369863919354,
            "p90": 0.2502850666653003
          },
          "base_top_value_optimal_rate": 0.3858695652173913,
          "seed_top_value_optimal_rate": 0.44021739130434784
        },
        "pick_cool_then_place_in_recep": {
          "states": 119,
          "episodes": 7,
          "expected_discounted_value_delta": {
            "count": 119,
            "mean": 0.02623479514929386,
            "std": 0.04117184202631682,
            "p10": -0.008988037888763175,
            "p25": 0.003997080305037386,
            "median": 0.012178446207540826,
            "p75": 0.0353693135118963,
            "p90": 0.09226619084234576
          },
          "expected_success_delta": {
            "count": 119,
            "mean": 0.0315293093924016,
            "std": 0.06528939313043504,
            "p10": -2.344329699983938e-16,
            "p25": -5.551115123125783e-17,
            "median": 6.071532165918825e-17,
            "p75": 0.03765289357561721,
            "p90": 0.13234925911714943
          },
          "top_discounted_value_delta": {
            "count": 119,
            "mean": 0.08056576081822264,
            "std": 0.2425389913735204,
            "p10": -0.013985906774280394,
            "p25": 0.0,
            "median": 0.0,
            "p75": 0.03872839604967632,
            "p90": 0.4191940365786059
          },
          "delta_logit_value_spearman": {
            "count": 119,
            "mean": -0.08735015982178616,
            "std": 0.20343618508706046,
            "p10": -0.32363756540375543,
            "p25": -0.21020763158009664,
            "median": -0.08517999744123846,
            "p75": 0.0348474727835284,
            "p90": 0.17000792426174602
          },
          "base_top_value_optimal_rate": 0.3865546218487395,
          "seed_top_value_optimal_rate": 0.453781512605042
        },
        "pick_heat_then_place_in_recep": {
          "states": 68,
          "episodes": 4,
          "expected_discounted_value_delta": {
            "count": 68,
            "mean": 0.03574775101551661,
            "std": 0.05571724161727896,
            "p10": -0.008541610392620969,
            "p25": 0.0027330349063651917,
            "median": 0.02013911277935642,
            "p75": 0.05300805326106327,
            "p90": 0.11057177889063473
          },
          "expected_success_delta": {
            "count": 68,
            "mean": 0.05678655704081199,
            "std": 0.09162922499627577,
            "p10": -1.880096405521833e-16,
            "p25": -8.673617379884035e-17,
            "median": 2.0643209364124004e-16,
            "p75": 0.07708288200716219,
            "p90": 0.21646872508436535
          },
          "top_discounted_value_delta": {
            "count": 68,
            "mean": 0.0883840547373054,
            "std": 0.19352215560194289,
            "p10": 0.0,
            "p25": 0.0,
            "median": 0.0,
            "p75": 0.035625832649386235,
            "p90": 0.44012666865176536
          },
          "delta_logit_value_spearman": {
            "count": 68,
            "mean": -0.1425637539826104,
            "std": 0.18587025122571066,
            "p10": -0.39197805104132927,
            "p25": -0.21720219909426314,
            "median": -0.11912346511459815,
            "p75": -0.03864698025260622,
            "p90": 0.07936370325238098
          },
          "base_top_value_optimal_rate": 0.19117647058823528,
          "seed_top_value_optimal_rate": 0.2647058823529412
        },
        "pick_two_obj_and_place": {
          "states": 21,
          "episodes": 1,
          "expected_discounted_value_delta": {
            "count": 21,
            "mean": 0.03262809199440965,
            "std": 0.05976543426666009,
            "p10": 0.0,
            "p25": 0.0,
            "median": 0.0,
            "p75": 0.020168125693976375,
            "p90": 0.121430118744713
          },
          "expected_success_delta": {
            "count": 21,
            "mean": 0.028207421714160807,
            "std": 0.05875121773778374,
            "p10": 0.0,
            "p25": 0.0,
            "median": 0.0,
            "p75": 4.440892098500626e-16,
            "p90": 0.121430118744713
          },
          "top_discounted_value_delta": {
            "count": 21,
            "mean": 0.21449596773101332,
            "std": 0.3918888893630171,
            "p10": 0.0,
            "p25": 0.0,
            "median": 0.0,
            "p75": 0.07321541462773945,
            "p90": 1.0
          },
          "delta_logit_value_spearman": {
            "count": 7,
            "mean": 0.11801845098347921,
            "std": 0.16567046290493542,
            "p10": -0.04341133735019219,
            "p25": 0.09594674042748125,
            "median": 0.10206207261596575,
            "p75": 0.24494897427831783,
            "p90": 0.2611898288032972
          },
          "base_top_value_optimal_rate": 0.7142857142857143,
          "seed_top_value_optimal_rate": 0.9523809523809523
        }
      },
      "by_action_verb": {
        "clean": {
          "states": 11,
          "episodes": 11,
          "expected_discounted_value_delta": {
            "count": 11,
            "mean": 0.06626433134885579,
            "std": 0.05391184484061604,
            "p10": 0.010067923173534029,
            "p25": 0.024997801764925765,
            "median": 0.03721219381089078,
            "p75": 0.10746685422500646,
            "p90": 0.11389407914862844
          },
          "expected_success_delta": {
            "count": 11,
            "mean": 0.0552786419895832,
            "std": 0.07317509619417503,
            "p10": -8.326672684688674e-17,
            "p25": -4.85722573273506e-17,
            "median": 3.8163916471489756e-16,
            "p75": 0.09461213343065009,
            "p90": 0.14895680070274173
          },
          "top_discounted_value_delta": {
            "count": 11,
            "mean": 0.0,
            "std": 0.0,
            "p10": 0.0,
            "p25": 0.0,
            "median": 0.0,
            "p75": 0.0,
            "p90": 0.0
          },
          "delta_logit_value_spearman": {
            "count": 11,
            "mean": -0.19613937510148294,
            "std": 0.190724560958936,
            "p10": -0.37687304788718107,
            "p25": -0.3227751124483288,
            "median": -0.22964564935322024,
            "p75": -0.07337054139985556,
            "p90": 0.009119502320886002
          },
          "base_top_value_optimal_rate": 1.0,
          "seed_top_value_optimal_rate": 1.0
        },
        "close": {
          "states": 48,
          "episodes": 18,
          "expected_discounted_value_delta": {
            "count": 48,
            "mean": 0.07859178218013835,
            "std": 0.07881146595250592,
            "p10": 0.0013031359493573629,
            "p25": 0.011192031338269242,
            "median": 0.05991088269674201,
            "p75": 0.11813244382825805,
            "p90": 0.19864257085777803
          },
          "expected_success_delta": {
            "count": 48,
            "mean": 0.12230877782665435,
            "std": 0.12501104816340672,
            "p10": -1.3337380787466213e-16,
            "p25": 2.4404141529051505e-16,
            "median": 0.0972754837206865,
            "p75": 0.20051235650222354,
            "p90": 0.3124859728751214
          },
          "top_discounted_value_delta": {
            "count": 48,
            "mean": 0.2475706128466049,
            "std": 0.32436167265989757,
            "p10": 0.0,
            "p25": 0.0,
            "median": 0.03970717968750004,
            "p75": 0.5987369392383787,
            "p90": 0.6983372960937497
          },
          "delta_logit_value_spearman": {
            "count": 48,
            "mean": 0.05995574664721245,
            "std": 0.18476374129370512,
            "p10": -0.13639018829300936,
            "p25": -0.07564221633061824,
            "median": 0.05082610853411141,
            "p75": 0.16431553622315642,
            "p90": 0.27365587497937494
          },
          "base_top_value_optimal_rate": 0.20833333333333334,
          "seed_top_value_optimal_rate": 0.25
        },
        "cool": {
          "states": 7,
          "episodes": 7,
          "expected_discounted_value_delta": {
            "count": 7,
            "mean": 0.0010659613263586706,
            "std": 0.006585407292206914,
            "p10": -0.0074291815627073035,
            "p25": -0.003198219790898739,
            "median": 0.00021972379347530213,
            "p75": 0.0054225433756728515,
            "p90": 0.008580694258425375
          },
          "expected_success_delta": {
            "count": 7,
            "mean": -6.344131569286608e-17,
            "std": 1.8348950870092897e-16,
            "p10": -2.7755575615628914e-16,
            "p25": -2.220446049250313e-16,
            "median": -4.163336342344337e-17,
            "p75": 2.0816681711721685e-17,
            "p90": 1.4432899320127043e-16
          },
          "top_discounted_value_delta": {
            "count": 7,
            "mean": 0.0,
            "std": 0.0,
            "p10": 0.0,
            "p25": 0.0,
            "median": 0.0,
            "p75": 0.0,
            "p90": 0.0
          },
          "delta_logit_value_spearman": {
            "count": 7,
            "mean": -0.39601275253091783,
            "std": 0.2304312737780561,
            "p10": -0.5878801763429113,
            "p25": -0.5679789001515546,
            "median": -0.4860842680366793,
            "p75": -0.2527285958813894,
            "p90": -0.03874584745219908
          },
          "base_top_value_optimal_rate": 1.0,
          "seed_top_value_optimal_rate": 1.0
        },
        "examine": {
          "states": 2,
          "episodes": 2,
          "expected_discounted_value_delta": {
            "count": 2,
            "mean": 0.008169068629671523,
            "std": 0.008169068629671523,
            "p10": 0.0016338137259343047,
            "p25": 0.0040845343148357615,
            "median": 0.008169068629671523,
            "p75": 0.012253602944507284,
            "p90": 0.014704323533408743
          },
          "expected_success_delta": {
            "count": 2,
            "mean": -2.1196152472091612e-17,
            "std": 2.1196152472091612e-17,
            "p10": -3.81530744497649e-17,
            "p25": -3.179422870813742e-17,
            "median": -2.1196152472091612e-17,
            "p75": -1.0598076236045806e-17,
            "p90": -4.239230494418322e-18
          },
          "top_discounted_value_delta": {
            "count": 2,
            "mean": 0.029817206405317598,
            "std": 0.029817206405317598,
            "p10": 0.0059634412810635196,
            "p25": 0.014908603202658799,
            "median": 0.029817206405317598,
            "p75": 0.0447258096079764,
            "p90": 0.053670971529571676
          },
          "delta_logit_value_spearman": {
            "count": 1,
            "mean": -0.4725085679309243,
            "std": 0.0,
            "p10": -0.4725085679309243,
            "p25": -0.4725085679309243,
            "median": -0.4725085679309243,
            "p75": -0.4725085679309243,
            "p90": -0.4725085679309243
          },
          "base_top_value_optimal_rate": 0.5,
          "seed_top_value_optimal_rate": 0.5
        },
        "go": {
          "states": 330,
          "episodes": 34,
          "expected_discounted_value_delta": {
            "count": 330,
            "mean": 0.026608734526812217,
            "std": 0.05568236622338969,
            "p10": -0.008993504203073306,
            "p25": 0.0020376959827717684,
            "median": 0.013313257146841853,
            "p75": 0.04513099385673297,
            "p90": 0.09528900773400097
          },
          "expected_success_delta": {
            "count": 330,
            "mean": 0.03941978415774099,
            "std": 0.07783316086558544,
            "p10": -2.220446049250313e-16,
            "p25": -8.015499249647046e-17,
            "median": 1.0408340855860843e-16,
            "p75": 0.0611576561322066,
            "p90": 0.15180442251093265
          },
          "top_discounted_value_delta": {
            "count": 330,
            "mean": 0.08258849894885095,
            "std": 0.24825702233822539,
            "p10": 0.0,
            "p25": 0.0,
            "median": 0.0,
            "p75": 0.03820543378906249,
            "p90": 0.5105689670587824
          },
          "delta_logit_value_spearman": {
            "count": 321,
            "mean": -0.03986363012839181,
            "std": 0.21658576581531552,
            "p10": -0.31941809639988783,
            "p25": -0.17257713421708978,
            "median": -0.052956077264058925,
            "p75": 0.10206207261596575,
            "p90": 0.24494897427831783
          },
          "base_top_value_optimal_rate": 0.21515151515151515,
          "seed_top_value_optimal_rate": 0.2878787878787879
        },
        "heat": {
          "states": 4,
          "episodes": 4,
          "expected_discounted_value_delta": {
            "count": 4,
            "mean": 0.007053095012130029,
            "std": 0.008609370144930732,
            "p10": -0.0012614809045870543,
            "p25": -0.0005577654719578509,
            "median": 0.005231973614304646,
            "p75": 0.012842834098392526,
            "p90": 0.01682456804710742
          },
          "expected_success_delta": {
            "count": 4,
            "mean": 6.938893903907228e-18,
            "std": 1.3073877870179422e-16,
            "p10": -1.3600232051658166e-16,
            "p25": -4.85722573273506e-17,
            "median": 2.7755575615628914e-17,
            "p75": 8.326672684688674e-17,
            "p90": 1.332267629550188e-16
          },
          "top_discounted_value_delta": {
            "count": 4,
            "mean": 0.08579390625000011,
            "std": 0.0021998437499999857,
            "p10": 0.08359406250000012,
            "p25": 0.08359406250000012,
            "median": 0.08579390625000011,
            "p75": 0.08799375000000009,
            "p90": 0.08799375000000009
          },
          "delta_logit_value_spearman": {
            "count": 4,
            "mean": -0.39802552382713596,
            "std": 0.24275801039904576,
            "p10": -0.6014412229511811,
            "p25": -0.5974785794617516,
            "median": -0.4913677926892519,
            "p75": -0.2919147370546362,
            "p90": -0.11993600961339798
          },
          "base_top_value_optimal_rate": 0.0,
          "seed_top_value_optimal_rate": 1.0
        },
        "move": {
          "states": 29,
          "episodes": 28,
          "expected_discounted_value_delta": {
            "count": 29,
            "mean": 0.005692254850562223,
            "std": 0.026771099330835876,
            "p10": -0.016546639920898994,
            "p25": -0.01161746679110718,
            "median": -0.0025938075498410005,
            "p75": 0.011133915925231663,
            "p90": 0.04354842812179517
          },
          "expected_success_delta": {
            "count": 29,
            "mean": 0.0020280098881674874,
            "std": 0.009530259747017144,
            "p10": -1.1657341758564142e-16,
            "p25": -8.326672684688674e-17,
            "median": -1.3877787807814457e-17,
            "p75": 1.249000902703301e-16,
            "p90": 0.0005741807780014242
          },
          "top_discounted_value_delta": {
            "count": 29,
            "mean": 0.014868962335294495,
            "std": 0.07867915318555085,
            "p10": 0.0,
            "p25": 0.0,
            "median": 0.0,
            "p75": 0.0,
            "p90": 0.0
          },
          "delta_logit_value_spearman": {
            "count": 28,
            "mean": -0.40377886242018535,
            "std": 0.23752562322965046,
            "p10": -0.6986833833904115,
            "p25": -0.6399302297881313,
            "median": -0.3707864747777907,
            "p75": -0.24119482182316349,
            "p90": -0.07107188794893027
          },
          "base_top_value_optimal_rate": 0.9655172413793104,
          "seed_top_value_optimal_rate": 1.0
        },
        "open": {
          "states": 55,
          "episodes": 19,
          "expected_discounted_value_delta": {
            "count": 55,
            "mean": 0.006605799469558835,
            "std": 0.022046995292361562,
            "p10": -0.015745832308485364,
            "p25": 0.001167648318086526,
            "median": 0.011677051308729916,
            "p75": 0.015519163673026073,
            "p90": 0.025715223113095823
          },
          "expected_success_delta": {
            "count": 55,
            "mean": 0.00036363730925711215,
            "std": 0.0026721775773556407,
            "p10": -1.3877787807814457e-16,
            "p25": -1.1102230246251565e-16,
            "median": -1.3877787807814457e-17,
            "p75": 1.0061396160665481e-16,
            "p90": 2.4424906541753446e-16
          },
          "top_discounted_value_delta": {
            "count": 55,
            "mean": -0.0024609074032787386,
            "std": 0.04268461938233022,
            "p10": 0.0,
            "p25": 0.0,
            "median": 0.0,
            "p75": 0.0,
            "p90": 0.0
          },
          "delta_logit_value_spearman": {
            "count": 54,
            "mean": 0.04406631225590188,
            "std": 0.22694456074379318,
            "p10": -0.2033833971550821,
            "p25": -0.08995392919170896,
            "median": 0.005350033824630586,
            "p75": 0.17668120580352104,
            "p90": 0.35524860774833594
          },
          "base_top_value_optimal_rate": 0.16363636363636364,
          "seed_top_value_optimal_rate": 0.14545454545454545
        },
        "take": {
          "states": 35,
          "episodes": 34,
          "expected_discounted_value_delta": {
            "count": 35,
            "mean": 0.002874441395223206,
            "std": 0.03617821358656715,
            "p10": -0.022530782767806373,
            "p25": -0.009706244564772138,
            "median": 0.0022344609527882265,
            "p75": 0.014311187967575216,
            "p90": 0.0432463728153256
          },
          "expected_success_delta": {
            "count": 35,
            "mean": -0.008980676766901247,
            "std": 0.05324227390617828,
            "p10": -0.06229126253968087,
            "p25": -0.018558189650267745,
            "median": -3.469446951953614e-17,
            "p75": 4.85722573273506e-17,
            "p90": 0.034963918089572256
          },
          "top_discounted_value_delta": {
            "count": 35,
            "mean": 0.006256433405189735,
            "std": 0.02668495506074939,
            "p10": 0.0,
            "p25": 0.0,
            "median": 0.0,
            "p75": 0.0,
            "p90": 0.0
          },
          "delta_logit_value_spearman": {
            "count": 33,
            "mean": -0.05251337803003957,
            "std": 0.22653788818324916,
            "p10": -0.37149732907689786,
            "p25": -0.2077672496433759,
            "median": -0.055976295428291814,
            "p75": 0.12201293175497738,
            "p90": 0.24057230552820363
          },
          "base_top_value_optimal_rate": 0.8857142857142857,
          "seed_top_value_optimal_rate": 0.9428571428571428
        },
        "use": {
          "states": 6,
          "episodes": 6,
          "expected_discounted_value_delta": {
            "count": 6,
            "mean": -0.007249195462918262,
            "std": 0.021824538255840867,
            "p10": -0.03328693479371379,
            "p25": -0.012575283423208624,
            "median": 0.0014520868754460958,
            "p75": 0.007903701226068326,
            "p90": 0.010087261529512922
          },
          "expected_success_delta": {
            "count": 6,
            "mean": -0.006486161407714114,
            "std": 0.01913682683820283,
            "p10": -0.02427428151908535,
            "p25": 5.204170427930421e-17,
            "median": 9.71445146547012e-17,
            "p75": 1.1622647289044608e-16,
            "p90": 0.00481579729594291
          },
          "top_discounted_value_delta": {
            "count": 6,
            "mean": 0.007916666666666664,
            "std": 0.01770220482187333,
            "p10": 0.0,
            "p25": 0.0,
            "median": 0.0,
            "p75": 0.0,
            "p90": 0.023749999999999993
          },
          "delta_logit_value_spearman": {
            "count": 6,
            "mean": 0.004524827088638339,
            "std": 0.10682576301756971,
            "p10": -0.1026123091228301,
            "p25": -0.06305290539661074,
            "median": -0.023164150207360158,
            "p75": 0.0614234670002616,
            "p90": 0.13935094059610528
          },
          "base_top_value_optimal_rate": 0.0,
          "seed_top_value_optimal_rate": 0.0
        }
      }
    }
  }
}
