Initializing AlfredTWEnv...
  0%|          | 0/494 [00:00<?, ?it/s] 11%|█         | 53/494 [00:00<00:00, 527.11it/s]100%|██████████| 494/494 [00:00<00:00, 2928.23it/s]
Overall we have 140 games in split=train
Training with 140 games
[1/14 shard=26] game=1/14 index=186 actions=15 wins=15 elapsed=14.6s
[2/14 shard=26] game=2/14 index=314 actions=22 wins=21 elapsed=45.4s
[3/14 shard=26] game=3/14 index=58 actions=16 wins=16 elapsed=56.1s
[4/14 shard=26] game=4/14 index=442 actions=27 wins=27 elapsed=99.5s
[5/14 shard=26] game=5/14 index=250 actions=19 wins=19 elapsed=117.1s
[6/14 shard=26] game=6/14 index=218 actions=22 wins=18 elapsed=143.7s
[7/14 shard=26] game=7/14 index=26 actions=28 wins=27 elapsed=231.8s
[8/14 shard=26] game=8/14 index=282 actions=45 wins=45 elapsed=421.6s
[9/14 shard=26] game=9/14 index=154 actions=36 wins=36 elapsed=535.2s
[10/14 shard=26] game=10/14 index=410 actions=37 wins=31 elapsed=656.2s
[11/14 shard=26] game=11/14 index=378 actions=31 wins=30 elapsed=780.9s
[12/14 shard=26] game=12/14 index=122 actions=24 wins=24 elapsed=848.8s
[13/14 shard=26] game=13/14 index=90 actions=56 wins=56 elapsed=1189.9s
[14/14 shard=26] game=14/14 index=346 actions=19 wins=1 elapsed=1232.1s
{
  "split": "valid_seen",
  "expert_type": "planner",
  "gamma": 0.95,
  "max_steps": 50,
  "seed": 20260902,
  "shard_index": 26,
  "num_shards": 32,
  "states": 14,
  "candidate_actions": 397,
  "successful_candidates": 366,
  "wall_seconds": 1232.0746253977995
}
Initializing AlfredTWEnv...
  0%|          | 0/341 [00:00<?, ?it/s] 18%|█▊        | 62/341 [00:00<00:00, 618.78it/s]100%|██████████| 341/341 [00:00<00:00, 2002.56it/s]
Overall we have 134 games in split=train
Training with 134 games
[1/16 shard=26] game=1/16 index=154 actions=23 wins=21 elapsed=34.3s
[2/16 shard=26] game=2/16 index=378 actions=21 wins=21 elapsed=74.4s
[3/16 shard=26] game=3/16 index=186 actions=23 wins=22 elapsed=119.1s
[4/16 shard=26] game=4/16 index=58 actions=31 wins=31 elapsed=210.4s
[5/16 shard=26] game=5/16 index=282 actions=29 wins=29 elapsed=327.1s
[6/16 shard=26] game=6/16 index=506 actions=30 wins=29 elapsed=420.6s
[7/16 shard=26] game=7/16 index=346 actions=31 wins=30 elapsed=546.2s
[8/16 shard=26] game=8/16 index=442 actions=31 wins=31 elapsed=622.3s
Terminated
