Initializing AlfredTWEnv...
  0%|          | 0/494 [00:00<?, ?it/s] 15%|█▌        | 75/494 [00:00<00:00, 748.16it/s]100%|██████████| 494/494 [00:00<00:00, 2982.79it/s]
Overall we have 140 games in split=train
Training with 140 games
[1/14 shard=24] game=1/14 index=184 actions=14 wins=13 elapsed=14.3s
[2/14 shard=24] game=2/14 index=312 actions=20 wins=19 elapsed=42.6s
[3/14 shard=24] game=3/14 index=56 actions=13 wins=13 elapsed=50.6s
[4/14 shard=24] game=4/14 index=440 actions=26 wins=26 elapsed=94.6s
[5/14 shard=24] game=5/14 index=24 actions=27 wins=27 elapsed=178.4s
[6/14 shard=24] game=6/14 index=280 actions=45 wins=45 elapsed=360.0s
[7/14 shard=24] game=7/14 index=152 actions=35 wins=34 elapsed=471.8s
[8/14 shard=24] game=8/14 index=216 actions=38 wins=38 elapsed=601.8s
[9/14 shard=24] game=9/14 index=248 actions=42 wins=42 elapsed=771.2s
[10/14 shard=24] game=10/14 index=408 actions=31 wins=31 elapsed=862.4s
[11/14 shard=24] game=11/14 index=376 actions=31 wins=30 elapsed=987.4s
[12/14 shard=24] game=12/14 index=120 actions=27 wins=23 elapsed=1066.6s
[13/14 shard=24] game=13/14 index=88 actions=56 wins=56 elapsed=1397.1s
[14/14 shard=24] game=14/14 index=344 actions=19 wins=1 elapsed=1439.5s
{
  "split": "valid_seen",
  "expert_type": "planner",
  "gamma": 0.95,
  "max_steps": 50,
  "seed": 20260902,
  "shard_index": 24,
  "num_shards": 32,
  "states": 14,
  "candidate_actions": 424,
  "successful_candidates": 398,
  "wall_seconds": 1439.5024861348793
}
Initializing AlfredTWEnv...
  0%|          | 0/341 [00:00<?, ?it/s] 10%|▉         | 33/341 [00:00<00:00, 329.16it/s]100%|██████████| 341/341 [00:00<00:00, 1899.34it/s]
Overall we have 134 games in split=train
Training with 134 games
[1/16 shard=24] game=1/16 index=376 actions=24 wins=23 elapsed=48.0s
[2/16 shard=24] game=2/16 index=184 actions=22 wins=22 elapsed=95.8s
[3/16 shard=24] game=3/16 index=56 actions=31 wins=31 elapsed=185.1s
[4/16 shard=24] game=4/16 index=280 actions=31 wins=29 elapsed=315.1s
[5/16 shard=24] game=5/16 index=152 actions=32 wins=32 elapsed=404.1s
Terminated
