Initializing AlfredTWEnv...
  0%|          | 0/494 [00:00<?, ?it/s] 12%|█▏        | 59/494 [00:00<00:00, 587.73it/s]100%|██████████| 494/494 [00:00<00:00, 2913.42it/s]
Overall we have 140 games in split=train
Training with 140 games
[1/14 shard=10] game=1/14 index=266 actions=18 wins=18 elapsed=23.3s
[2/14 shard=10] game=2/14 index=426 actions=20 wins=15 elapsed=49.5s
[3/14 shard=10] game=3/14 index=42 actions=21 wins=21 elapsed=84.8s
[4/14 shard=10] game=4/14 index=202 actions=22 wins=19 elapsed=110.6s
[5/14 shard=10] game=5/14 index=170 actions=27 wins=27 elapsed=194.5s
[6/14 shard=10] game=6/14 index=362 actions=23 wins=22 elapsed=222.3s
[7/14 shard=10] game=7/14 index=330 actions=17 wins=17 elapsed=236.2s
[8/14 shard=10] game=8/14 index=10 actions=27 wins=27 elapsed=315.5s
[9/14 shard=10] game=9/14 index=138 actions=45 wins=45 elapsed=497.0s
[10/14 shard=10] game=10/14 index=74 actions=45 wins=43 elapsed=702.8s
[11/14 shard=10] game=11/14 index=298 actions=43 wins=39 elapsed=879.7s
[12/14 shard=10] game=12/14 index=394 actions=33 wins=33 elapsed=1016.3s
[13/14 shard=10] game=13/14 index=106 actions=25 wins=23 elapsed=1086.5s
[14/14 shard=10] game=14/14 index=234 actions=31 wins=31 elapsed=1180.0s
{
  "split": "valid_seen",
  "expert_type": "planner",
  "gamma": 0.95,
  "max_steps": 50,
  "seed": 20260902,
  "shard_index": 10,
  "num_shards": 32,
  "states": 14,
  "candidate_actions": 397,
  "successful_candidates": 380,
  "wall_seconds": 1179.9672134101856
}
Initializing AlfredTWEnv...
  0%|          | 0/341 [00:00<?, ?it/s]  2%|▏         | 6/341 [00:00<00:06, 49.28it/s]100%|██████████| 341/341 [00:00<00:00, 1638.76it/s]
Overall we have 134 games in split=train
Training with 134 games
[1/17 shard=10] game=1/17 index=394 actions=22 wins=22 elapsed=43.9s
[2/17 shard=10] game=2/17 index=202 actions=22 wins=22 elapsed=92.6s
[3/17 shard=10] game=3/17 index=362 actions=21 wins=21 elapsed=115.4s
[4/17 shard=10] game=4/17 index=138 actions=21 wins=21 elapsed=142.0s
[5/17 shard=10] game=5/17 index=42 actions=30 wins=30 elapsed=226.8s
[6/17 shard=10] game=6/17 index=266 actions=30 wins=28 elapsed=353.5s
[7/17 shard=10] game=7/17 index=426 actions=30 wins=28 elapsed=440.3s
[8/17 shard=10] game=8/17 index=330 actions=29 wins=29 elapsed=553.4s
[9/17 shard=10] game=9/17 index=522 actions=30 wins=29 elapsed=642.5s
[10/17 shard=10] game=10/17 index=458 actions=16 wins=16 elapsed=657.0s
Terminated
