Initializing AlfredTWEnv...
  0%|          | 0/494 [00:00<?, ?it/s] 17%|█▋        | 85/494 [00:00<00:00, 848.10it/s]100%|██████████| 494/494 [00:00<00:00, 3050.47it/s]
Overall we have 140 games in split=train
Training with 140 games
[1/14 shard=7] game=1/14 index=263 actions=18 wins=18 elapsed=23.3s
[2/14 shard=7] game=2/14 index=199 actions=14 wins=14 elapsed=37.4s
[3/14 shard=7] game=3/14 index=295 actions=36 wins=36 elapsed=97.1s
[4/14 shard=7] game=4/14 index=423 actions=15 wins=15 elapsed=112.4s
[5/14 shard=7] game=5/14 index=71 actions=22 wins=22 elapsed=139.9s
[6/14 shard=7] game=6/14 index=39 actions=21 wins=21 elapsed=179.0s
[7/14 shard=7] game=7/14 index=167 actions=26 wins=26 elapsed=260.1s
[8/14 shard=7] game=8/14 index=359 actions=21 wins=21 elapsed=284.9s
[9/14 shard=7] game=9/14 index=327 actions=17 wins=16 elapsed=299.6s
[10/14 shard=7] game=10/14 index=7 actions=26 wins=26 elapsed=378.4s
[11/14 shard=7] game=11/14 index=135 actions=43 wins=43 elapsed=549.8s
[12/14 shard=7] game=12/14 index=391 actions=41 wins=31 elapsed=728.6s
[13/14 shard=7] game=13/14 index=103 actions=24 wins=23 elapsed=794.1s
[14/14 shard=7] game=14/14 index=231 actions=31 wins=30 elapsed=884.8s
{
  "split": "valid_seen",
  "expert_type": "planner",
  "gamma": 0.95,
  "max_steps": 50,
  "seed": 20260902,
  "shard_index": 7,
  "num_shards": 32,
  "states": 14,
  "candidate_actions": 355,
  "successful_candidates": 342,
  "wall_seconds": 884.8270059719216
}
Initializing AlfredTWEnv...
  0%|          | 0/341 [00:00<?, ?it/s] 14%|█▍        | 47/341 [00:00<00:00, 469.74it/s]100%|██████████| 341/341 [00:00<00:00, 1944.26it/s]
Overall we have 134 games in split=train
Training with 134 games
[1/17 shard=7] game=1/16 index=455 actions=24 wins=24 elapsed=33.2s
[2/17 shard=7] game=2/16 index=39 actions=24 wins=23 elapsed=68.4s
[3/17 shard=7] game=3/16 index=391 actions=21 wins=21 elapsed=110.7s
[4/17 shard=7] game=4/16 index=199 actions=22 wins=21 elapsed=161.3s
[5/17 shard=7] game=5/16 index=263 actions=28 wins=28 elapsed=274.3s
[6/17 shard=7] game=5/16 index=295 actions=31 wins=30 elapsed=402.4s
[7/17 shard=7] game=6/16 index=231 actions=31 wins=30 elapsed=492.0s
[8/17 shard=7] game=7/16 index=327 actions=31 wins=29 elapsed=613.2s
[9/17 shard=7] game=8/16 index=519 actions=30 wins=28 elapsed=699.5s
[10/17 shard=7] game=9/16 index=423 actions=30 wins=30 elapsed=784.2s
[11/17 shard=7] game=10/16 index=167 actions=29 wins=29 elapsed=859.9s
[12/17 shard=7] game=11/16 index=487 actions=32 wins=29 elapsed=987.4s
Terminated
