Initializing AlfredTWEnv...
  0%|          | 0/494 [00:00<?, ?it/s] 12%|█▏        | 61/494 [00:00<00:00, 609.16it/s]100%|██████████| 494/494 [00:00<00:00, 2960.26it/s]
Overall we have 140 games in split=train
Training with 140 games
[1/14 shard=8] game=1/14 index=264 actions=18 wins=18 elapsed=23.7s
[2/14 shard=8] game=2/14 index=200 actions=15 wins=15 elapsed=39.6s
[3/14 shard=8] game=3/14 index=296 actions=36 wins=36 elapsed=101.0s
[4/14 shard=8] game=4/14 index=424 actions=17 wins=15 elapsed=120.7s
[5/14 shard=8] game=5/14 index=40 actions=21 wins=21 elapsed=161.7s
[6/14 shard=8] game=6/14 index=168 actions=26 wins=26 elapsed=242.9s
[7/14 shard=8] game=7/14 index=360 actions=22 wins=22 elapsed=267.6s
[8/14 shard=8] game=8/14 index=328 actions=18 wins=18 elapsed=282.9s
[9/14 shard=8] game=9/14 index=8 actions=27 wins=27 elapsed=358.9s
[10/14 shard=8] game=10/14 index=136 actions=53 wins=43 elapsed=599.9s
[11/14 shard=8] game=11/14 index=72 actions=43 wins=43 elapsed=788.3s
[12/14 shard=8] game=12/14 index=392 actions=32 wins=31 elapsed=920.2s
[13/14 shard=8] game=13/14 index=104 actions=23 wins=23 elapsed=981.7s
[14/14 shard=8] game=14/14 index=232 actions=30 wins=30 elapsed=1069.0s
{
  "split": "valid_seen",
  "expert_type": "planner",
  "gamma": 0.95,
  "max_steps": 50,
  "seed": 20260902,
  "shard_index": 8,
  "num_shards": 32,
  "states": 14,
  "candidate_actions": 381,
  "successful_candidates": 368,
  "wall_seconds": 1069.0497095780447
}
Initializing AlfredTWEnv...
  0%|          | 0/341 [00:00<?, ?it/s] 17%|█▋        | 59/341 [00:00<00:00, 588.17it/s]100%|██████████| 341/341 [00:00<00:00, 1985.25it/s]
Overall we have 134 games in split=train
Training with 134 games
[1/17 shard=8] game=1/16 index=392 actions=22 wins=22 elapsed=42.7s
[2/17 shard=8] game=2/16 index=200 actions=23 wins=21 elapsed=96.0s
[3/17 shard=8] game=3/16 index=40 actions=30 wins=30 elapsed=177.3s
[4/17 shard=8] game=4/16 index=264 actions=30 wins=27 elapsed=303.8s
[5/17 shard=8] game=4/16 index=296 actions=30 wins=30 elapsed=429.0s
[6/17 shard=8] game=5/16 index=424 actions=28 wins=28 elapsed=504.0s
[7/17 shard=8] game=6/16 index=232 actions=31 wins=30 elapsed=595.8s
[8/17 shard=8] game=7/16 index=328 actions=29 wins=29 elapsed=708.3s
[9/17 shard=8] game=8/16 index=520 actions=28 wins=28 elapsed=786.3s
[10/17 shard=8] game=9/16 index=456 actions=16 wins=16 elapsed=800.9s
Terminated
