Initializing AlfredTWEnv...
  0%|          | 0/494 [00:00<?, ?it/s] 16%|█▌        | 77/494 [00:00<00:00, 768.79it/s]100%|██████████| 494/494 [00:00<00:00, 2986.93it/s]
Overall we have 140 games in split=train
Training with 140 games
[1/14 shard=9] game=1/14 index=265 actions=18 wins=18 elapsed=24.1s
[2/14 shard=9] game=2/14 index=425 actions=15 wins=15 elapsed=39.6s
[3/14 shard=9] game=3/14 index=41 actions=21 wins=21 elapsed=74.0s
[4/14 shard=9] game=4/14 index=201 actions=18 wins=18 elapsed=90.9s
[5/14 shard=9] game=5/14 index=169 actions=26 wins=26 elapsed=173.8s
[6/14 shard=9] game=6/14 index=361 actions=23 wins=22 elapsed=201.6s
[7/14 shard=9] game=7/14 index=329 actions=18 wins=17 elapsed=217.1s
[8/14 shard=9] game=8/14 index=9 actions=28 wins=27 elapsed=298.1s
[9/14 shard=9] game=9/14 index=137 actions=44 wins=44 elapsed=471.6s
[10/14 shard=9] game=10/14 index=73 actions=43 wins=43 elapsed=661.1s
[11/14 shard=9] game=11/14 index=297 actions=39 wins=39 elapsed=810.5s
[12/14 shard=9] game=12/14 index=393 actions=33 wins=33 elapsed=947.6s
[13/14 shard=9] game=13/14 index=105 actions=24 wins=23 elapsed=1014.1s
[14/14 shard=9] game=14/14 index=233 actions=30 wins=30 elapsed=1102.6s
{
  "split": "valid_seen",
  "expert_type": "planner",
  "gamma": 0.95,
  "max_steps": 50,
  "seed": 20260902,
  "shard_index": 9,
  "num_shards": 32,
  "states": 14,
  "candidate_actions": 380,
  "successful_candidates": 376,
  "wall_seconds": 1102.6467909330968
}
Initializing AlfredTWEnv...
  0%|          | 0/341 [00:00<?, ?it/s]  2%|▏         | 7/341 [00:00<00:04, 69.71it/s]100%|██████████| 341/341 [00:00<00:00, 1844.88it/s]
Overall we have 134 games in split=train
Training with 134 games
[1/17 shard=9] game=1/17 index=393 actions=23 wins=22 elapsed=47.1s
[2/17 shard=9] game=2/17 index=201 actions=22 wins=22 elapsed=95.7s
[3/17 shard=9] game=3/17 index=41 actions=32 wins=30 elapsed=189.9s
[4/17 shard=9] game=4/17 index=265 actions=30 wins=28 elapsed=315.9s
[5/17 shard=9] game=5/17 index=425 actions=28 wins=28 elapsed=392.2s
[6/17 shard=9] game=6/17 index=329 actions=31 wins=28 elapsed=517.5s
[7/17 shard=9] game=7/17 index=521 actions=29 wins=28 elapsed=601.9s
[8/17 shard=9] game=8/17 index=457 actions=17 wins=16 elapsed=618.8s
[9/17 shard=9] game=9/17 index=297 actions=28 wins=28 elapsed=701.6s
[10/17 shard=9] game=10/17 index=169 actions=29 wins=29 elapsed=780.6s
Terminated
