Initializing AlfredTWEnv...
  0%|          | 0/494 [00:00<?, ?it/s] 22%|██▏       | 111/494 [00:00<00:00, 1109.70it/s]100%|██████████| 494/494 [00:00<00:00, 3068.26it/s]
Overall we have 140 games in split=train
Training with 140 games
[1/13 shard=30] game=1/13 index=190 actions=14 wins=14 elapsed=13.8s
[2/13 shard=30] game=2/13 index=318 actions=22 wins=20 elapsed=45.5s
[3/13 shard=30] game=3/13 index=62 actions=22 wins=20 elapsed=73.3s
[4/13 shard=30] game=4/13 index=254 actions=21 wins=21 elapsed=93.1s
[5/13 shard=30] game=5/13 index=30 actions=21 wins=19 elapsed=131.4s
[6/13 shard=30] game=6/13 index=222 actions=19 wins=19 elapsed=149.5s
[7/13 shard=30] game=7/13 index=158 actions=26 wins=26 elapsed=226.9s
[8/13 shard=30] game=8/13 index=286 actions=45 wins=45 elapsed=416.7s
[9/13 shard=30] game=9/13 index=414 actions=32 wins=32 elapsed=510.2s
[10/13 shard=30] game=10/13 index=382 actions=31 wins=31 elapsed=631.2s
[11/13 shard=30] game=11/13 index=126 actions=25 wins=25 elapsed=699.2s
[12/13 shard=30] game=12/13 index=94 actions=57 wins=57 elapsed=1040.8s
[13/13 shard=30] game=13/13 index=350 actions=19 wins=1 elapsed=1082.3s
{
  "split": "valid_seen",
  "expert_type": "planner",
  "gamma": 0.95,
  "max_steps": 50,
  "seed": 20260902,
  "shard_index": 30,
  "num_shards": 32,
  "states": 13,
  "candidate_actions": 354,
  "successful_candidates": 330,
  "wall_seconds": 1082.2722529359162
}
Initializing AlfredTWEnv...
  0%|          | 0/341 [00:00<?, ?it/s] 21%|██        | 70/341 [00:00<00:00, 695.32it/s]100%|██████████| 341/341 [00:00<00:00, 2036.45it/s]
Overall we have 134 games in split=train
Training with 134 games
[1/16 shard=30] game=1/16 index=446 actions=23 wins=22 elapsed=31.7s
[2/16 shard=30] game=2/16 index=30 actions=21 wins=21 elapsed=60.6s
[3/16 shard=30] game=3/16 index=158 actions=21 wins=21 elapsed=89.7s
[4/16 shard=30] game=4/16 index=382 actions=22 wins=22 elapsed=133.9s
[5/16 shard=30] game=5/16 index=190 actions=22 wins=22 elapsed=180.4s
[6/16 shard=30] game=6/16 index=62 actions=33 wins=33 elapsed=280.6s
[7/16 shard=30] game=7/16 index=286 actions=31 wins=29 elapsed=410.0s
[8/16 shard=30] game=8/16 index=510 actions=34 wins=34 elapsed=514.7s
[9/16 shard=30] game=9/16 index=222 actions=30 wins=28 elapsed=605.2s
[10/16 shard=30] game=10/16 index=318 actions=30 wins=28 elapsed=723.7s
[11/16 shard=30] game=11/16 index=414 actions=30 wins=28 elapsed=811.2s
Terminated
