Initializing AlfredTWEnv...
  0%|          | 0/494 [00:00<?, ?it/s]  9%|▉         | 45/494 [00:00<00:01, 447.58it/s]100%|██████████| 494/494 [00:00<00:00, 2892.92it/s]
Overall we have 140 games in split=train
Training with 140 games
[1/14 shard=12] game=1/14 index=268 actions=18 wins=18 elapsed=23.9s
[2/14 shard=12] game=2/14 index=428 actions=16 wins=16 elapsed=40.7s
[3/14 shard=12] game=3/14 index=396 actions=15 wins=15 elapsed=50.5s
[4/14 shard=12] game=4/14 index=44 actions=21 wins=21 elapsed=84.9s
[5/14 shard=12] game=5/14 index=204 actions=21 wins=20 elapsed=106.3s
[6/14 shard=12] game=6/14 index=172 actions=27 wins=27 elapsed=191.2s
[7/14 shard=12] game=7/14 index=12 actions=28 wins=27 elapsed=275.9s
[8/14 shard=12] game=8/14 index=140 actions=45 wins=45 elapsed=455.6s
[9/14 shard=12] game=9/14 index=76 actions=45 wins=43 elapsed=656.6s
[10/14 shard=12] game=10/14 index=236 actions=39 wins=39 elapsed=811.9s
[11/14 shard=12] game=11/14 index=300 actions=40 wins=40 elapsed=962.3s
[12/14 shard=12] game=12/14 index=364 actions=30 wins=30 elapsed=1074.0s
[13/14 shard=12] game=13/14 index=108 actions=24 wins=24 elapsed=1136.3s
[14/14 shard=12] game=14/14 index=332 actions=19 wins=0 elapsed=1178.2s
{
  "split": "valid_seen",
  "expert_type": "planner",
  "gamma": 0.95,
  "max_steps": 50,
  "seed": 20260902,
  "shard_index": 12,
  "num_shards": 32,
  "states": 14,
  "candidate_actions": 388,
  "successful_candidates": 365,
  "wall_seconds": 1178.1872407440096
}
Initializing AlfredTWEnv...
  0%|          | 0/341 [00:00<?, ?it/s]  2%|▏         | 6/341 [00:00<00:07, 46.51it/s]100%|██████████| 341/341 [00:00<00:00, 1602.77it/s]
Overall we have 134 games in split=train
Training with 134 games
[1/17 shard=12] game=1/17 index=396 actions=25 wins=21 elapsed=53.7s
[2/17 shard=12] game=2/17 index=204 actions=21 wins=21 elapsed=101.6s
[3/17 shard=12] game=3/17 index=364 actions=22 wins=22 elapsed=126.2s
[4/17 shard=12] game=4/17 index=140 actions=23 wins=22 elapsed=156.5s
[5/17 shard=12] game=5/17 index=44 actions=30 wins=30 elapsed=241.7s
[6/17 shard=12] game=6/17 index=268 actions=28 wins=28 elapsed=356.3s
[7/17 shard=12] game=7/17 index=428 actions=30 wins=28 elapsed=440.6s
[8/17 shard=12] game=8/17 index=332 actions=29 wins=29 elapsed=553.3s
[9/17 shard=12] game=9/17 index=524 actions=31 wins=30 elapsed=641.6s
[10/17 shard=12] game=10/17 index=460 actions=16 wins=16 elapsed=656.2s
Terminated
