Initializing AlfredTWEnv...
  0%|          | 0/494 [00:00<?, ?it/s] 12%|█▏        | 61/494 [00:00<00:00, 608.00it/s]100%|██████████| 494/494 [00:00<00:00, 2943.49it/s]
Overall we have 140 games in split=train
Training with 140 games
[1/14 shard=2] game=1/14 index=258 actions=20 wins=17 elapsed=29.2s
[2/14 shard=2] game=2/14 index=194 actions=14 wins=14 elapsed=42.7s
[3/14 shard=2] game=3/14 index=322 actions=19 wins=18 elapsed=58.6s
[4/14 shard=2] game=4/14 index=98 actions=28 wins=28 elapsed=116.8s
[5/14 shard=2] game=5/14 index=418 actions=14 wins=14 elapsed=131.4s
[6/14 shard=2] game=6/14 index=66 actions=21 wins=21 elapsed=156.7s
[7/14 shard=2] game=7/14 index=34 actions=20 wins=20 elapsed=194.6s
[8/14 shard=2] game=8/14 index=162 actions=26 wins=26 elapsed=277.5s
[9/14 shard=2] game=9/14 index=2 actions=26 wins=26 elapsed=352.5s
[10/14 shard=2] game=10/14 index=130 actions=43 wins=43 elapsed=515.6s
[11/14 shard=2] game=11/14 index=290 actions=47 wins=47 elapsed=718.3s
[12/14 shard=2] game=12/14 index=386 actions=33 wins=31 elapsed=852.5s
[13/14 shard=2] game=13/14 index=226 actions=30 wins=28 elapsed=941.4s
[14/14 shard=2] game=14/14 index=354 actions=19 wins=1 elapsed=984.0s
{
  "split": "valid_seen",
  "expert_type": "planner",
  "gamma": 0.95,
  "max_steps": 50,
  "seed": 20260902,
  "shard_index": 2,
  "num_shards": 32,
  "states": 14,
  "candidate_actions": 360,
  "successful_candidates": 334,
  "wall_seconds": 984.023530322127
}
Initializing AlfredTWEnv...
  0%|          | 0/341 [00:00<?, ?it/s] 17%|█▋        | 57/341 [00:00<00:00, 569.52it/s]100%|██████████| 341/341 [00:00<00:00, 1977.38it/s]
Overall we have 134 games in split=train
Training with 134 games
[1/17 shard=2] game=1/17 index=450 actions=21 wins=21 elapsed=27.7s
[2/17 shard=2] game=2/17 index=34 actions=22 wins=21 elapsed=59.2s
[3/17 shard=2] game=3/17 index=386 actions=22 wins=22 elapsed=102.9s
[4/17 shard=2] game=4/17 index=194 actions=21 wins=21 elapsed=149.4s
[5/17 shard=2] game=5/17 index=66 actions=24 wins=24 elapsed=178.4s
[6/17 shard=2] game=6/17 index=290 actions=39 wins=28 elapsed=349.1s
[7/17 shard=2] game=7/17 index=226 actions=31 wins=28 elapsed=443.3s
[8/17 shard=2] game=8/17 index=322 actions=31 wins=28 elapsed=566.0s
[9/17 shard=2] game=9/17 index=514 actions=28 wins=28 elapsed=642.9s
[10/17 shard=2] game=10/17 index=418 actions=29 wins=28 elapsed=726.0s
[11/17 shard=2] game=11/17 index=162 actions=28 wins=28 elapsed=801.2s
[12/17 shard=2] game=12/17 index=482 actions=29 wins=29 elapsed=913.8s
Terminated
