Initializing AlfredTWEnv...
  0%|          | 0/494 [00:00<?, ?it/s] 13%|█▎        | 63/494 [00:00<00:00, 628.17it/s]100%|██████████| 494/494 [00:00<00:00, 2920.45it/s]
Overall we have 140 games in split=train
Training with 140 games
[1/14 shard=3] game=1/14 index=259 actions=18 wins=18 elapsed=23.6s
[2/14 shard=3] game=2/14 index=195 actions=15 wins=14 elapsed=39.1s
[3/14 shard=3] game=3/14 index=323 actions=19 wins=19 elapsed=53.1s
[4/14 shard=3] game=4/14 index=99 actions=29 wins=29 elapsed=114.1s
[5/14 shard=3] game=5/14 index=419 actions=16 wins=14 elapsed=132.9s
[6/14 shard=3] game=6/14 index=67 actions=22 wins=22 elapsed=160.3s
[7/14 shard=3] game=7/14 index=35 actions=20 wins=20 elapsed=196.9s
[8/14 shard=3] game=8/14 index=163 actions=26 wins=26 elapsed=275.3s
[9/14 shard=3] game=9/14 index=355 actions=20 wins=20 elapsed=297.7s
[10/14 shard=3] game=10/14 index=3 actions=27 wins=26 elapsed=375.6s
[11/14 shard=3] game=11/14 index=131 actions=43 wins=43 elapsed=545.4s
[12/14 shard=3] game=12/14 index=291 actions=47 wins=47 elapsed=751.4s
[13/14 shard=3] game=13/14 index=387 actions=31 wins=31 elapsed=876.9s
[14/14 shard=3] game=14/14 index=227 actions=28 wins=28 elapsed=957.7s
{
  "split": "valid_seen",
  "expert_type": "planner",
  "gamma": 0.95,
  "max_steps": 50,
  "seed": 20260902,
  "shard_index": 3,
  "num_shards": 32,
  "states": 14,
  "candidate_actions": 361,
  "successful_candidates": 357,
  "wall_seconds": 957.6623398901429
}
Initializing AlfredTWEnv...
  0%|          | 0/341 [00:00<?, ?it/s] 17%|█▋        | 59/341 [00:00<00:00, 588.85it/s]100%|██████████| 341/341 [00:00<00:00, 1951.47it/s]
Overall we have 134 games in split=train
Training with 134 games
[1/17 shard=3] game=1/17 index=451 actions=21 wins=21 elapsed=28.1s
[2/17 shard=3] game=2/17 index=35 actions=21 wins=21 elapsed=58.1s
[3/17 shard=3] game=3/17 index=387 actions=21 wins=21 elapsed=101.2s
[4/17 shard=3] game=4/17 index=195 actions=22 wins=22 elapsed=149.8s
[5/17 shard=3] game=5/17 index=291 actions=31 wins=28 elapsed=284.0s
[6/17 shard=3] game=6/17 index=227 actions=30 wins=28 elapsed=375.0s
[7/17 shard=3] game=7/17 index=323 actions=29 wins=28 elapsed=489.9s
[8/17 shard=3] game=8/17 index=515 actions=28 wins=28 elapsed=569.0s
[9/17 shard=3] game=9/17 index=419 actions=32 wins=29 elapsed=668.2s
[10/17 shard=3] game=10/17 index=163 actions=29 wins=29 elapsed=744.2s
[11/17 shard=3] game=11/17 index=483 actions=29 wins=29 elapsed=856.6s
Terminated
