Initializing AlfredTWEnv...
  0%|          | 0/494 [00:00<?, ?it/s] 10%|█         | 51/494 [00:00<00:00, 507.82it/s]100%|██████████| 494/494 [00:00<00:00, 2924.17it/s]
Overall we have 140 games in split=train
Training with 140 games
[1/14 shard=5] game=1/14 index=261 actions=17 wins=17 elapsed=22.8s
[2/14 shard=5] game=2/14 index=197 actions=14 wins=14 elapsed=36.6s
[3/14 shard=5] game=3/14 index=293 actions=34 wins=34 elapsed=92.7s
[4/14 shard=5] game=4/14 index=421 actions=17 wins=15 elapsed=112.4s
[5/14 shard=5] game=5/14 index=69 actions=24 wins=23 elapsed=142.0s
[6/14 shard=5] game=6/14 index=37 actions=20 wins=20 elapsed=180.8s
[7/14 shard=5] game=7/14 index=165 actions=28 wins=27 elapsed=265.7s
[8/14 shard=5] game=8/14 index=357 actions=20 wins=20 elapsed=288.5s
[9/14 shard=5] game=9/14 index=325 actions=15 wins=15 elapsed=300.6s
[10/14 shard=5] game=10/14 index=5 actions=26 wins=26 elapsed=375.2s
[11/14 shard=5] game=11/14 index=133 actions=43 wins=43 elapsed=540.7s
[12/14 shard=5] game=12/14 index=389 actions=34 wins=31 elapsed=681.4s
[13/14 shard=5] game=13/14 index=101 actions=23 wins=23 elapsed=743.1s
[14/14 shard=5] game=14/14 index=229 actions=28 wins=28 elapsed=826.5s
{
  "split": "valid_seen",
  "expert_type": "planner",
  "gamma": 0.95,
  "max_steps": 50,
  "seed": 20260902,
  "shard_index": 5,
  "num_shards": 32,
  "states": 14,
  "candidate_actions": 343,
  "successful_candidates": 336,
  "wall_seconds": 826.4601318298373
}
Initializing AlfredTWEnv...
  0%|          | 0/341 [00:00<?, ?it/s] 18%|█▊        | 61/341 [00:00<00:00, 607.23it/s]100%|██████████| 341/341 [00:00<00:00, 1967.36it/s]
Overall we have 134 games in split=train
Training with 134 games
[1/17 shard=5] game=1/17 index=453 actions=22 wins=22 elapsed=29.4s
[2/17 shard=5] game=2/17 index=37 actions=24 wins=24 elapsed=63.6s
[3/17 shard=5] game=3/17 index=389 actions=22 wins=22 elapsed=107.1s
[4/17 shard=5] game=4/17 index=197 actions=22 wins=22 elapsed=156.1s
[5/17 shard=5] game=5/17 index=293 actions=30 wins=30 elapsed=279.7s
[6/17 shard=5] game=6/17 index=229 actions=30 wins=30 elapsed=363.9s
[7/17 shard=5] game=7/17 index=325 actions=29 wins=28 elapsed=478.0s
[8/17 shard=5] game=8/17 index=517 actions=30 wins=28 elapsed=564.7s
[9/17 shard=5] game=9/17 index=421 actions=31 wins=31 elapsed=653.2s
[10/17 shard=5] game=10/17 index=165 actions=29 wins=29 elapsed=731.2s
[11/17 shard=5] game=11/17 index=485 actions=29 wins=29 elapsed=844.8s
[12/17 shard=5] game=12/17 index=133 actions=31 wins=29 elapsed=964.7s
Terminated
