{
  "output_dir": "outputs/skill_commonality_3b",
  "aggregate": {
    "train": {
      "decisions": 598,
      "episodes": 47,
      "legacy_episode_ids": 45,
      "plain_accuracy": 0.3879598662207358,
      "skill_accuracy": 0.3612040133779264,
      "mismatch_accuracy": 0.32441471571906355,
      "flip_rates": {
        "harm": 0.0802675585284281,
        "reinforce": 0.4682274247491639,
        "rescue": 0.05351170568561873,
        "weaken": 0.3979933110367893
      },
      "accuracy_delta": -0.026755852842809364,
      "gold_probability_gain": -0.039264014190978164,
      "gold_logp_gain": -0.009587439157788402,
      "margin_gain": 0.099330219044642,
      "first_order_gain": 0.19549533919015377,
      "alignment_cosine": 0.005254274480794121,
      "mismatch_margin_gain": 0.04190974093625923,
      "mismatch_first_order_gain": 0.10281019875961603,
      "mismatch_alignment_cosine": 0.00010665589643275272,
      "correct_minus_mismatch_margin": 0.05742047810838277,
      "direction_norm": 6.198066852735553,
      "kl_from_plain": 0.19109128727731475,
      "verb_gold_probability_gain": -0.03075154354969862,
      "verb_alignment_cosine": -0.24369108013102578,
      "mismatch_verb_alignment_cosine": -0.2194005526111783,
      "positive_margin_rate": 0.5217391304347826,
      "positive_alignment_rate": 0.48494983277591974,
      "linear_actual_pearson": 0.9314475773206571,
      "linear_actual_spearman": 0.9818681231425587
    },
    "valid_seen": {
      "decisions": 444,
      "episodes": 33,
      "legacy_episode_ids": 32,
      "plain_accuracy": 0.41216216216216217,
      "skill_accuracy": 0.3918918918918919,
      "mismatch_accuracy": 0.3310810810810811,
      "flip_rates": {
        "harm": 0.06756756756756757,
        "reinforce": 0.46621621621621623,
        "rescue": 0.0472972972972973,
        "weaken": 0.4189189189189189
      },
      "accuracy_delta": -0.02027027027027027,
      "gold_probability_gain": -0.045064700862102056,
      "gold_logp_gain": 0.09568778673641369,
      "margin_gain": 0.14694793805248466,
      "first_order_gain": 0.3254386869523897,
      "alignment_cosine": 0.01910364071347371,
      "mismatch_margin_gain": -0.032882613161822026,
      "mismatch_first_order_gain": 0.12913924999128637,
      "mismatch_alignment_cosine": 0.002051864960510475,
      "correct_minus_mismatch_margin": 0.1798305512143067,
      "direction_norm": 6.748253831126853,
      "kl_from_plain": 0.22429254778609542,
      "verb_gold_probability_gain": -0.03600816096386249,
      "verb_alignment_cosine": -0.25070208377884856,
      "mismatch_verb_alignment_cosine": -0.2657603187469437,
      "positive_margin_rate": 0.5135135135135135,
      "positive_alignment_rate": 0.5315315315315315,
      "linear_actual_pearson": 0.9562019561688697,
      "linear_actual_spearman": 0.9839435020100098
    },
    "valid_unseen": {
      "decisions": 527,
      "episodes": 34,
      "legacy_episode_ids": 25,
      "plain_accuracy": 0.31688804554079697,
      "skill_accuracy": 0.3036053130929791,
      "mismatch_accuracy": 0.2637571157495256,
      "flip_rates": {
        "harm": 0.07210626185958255,
        "reinforce": 0.5218216318785579,
        "rescue": 0.058823529411764705,
        "weaken": 0.34724857685009486
      },
      "accuracy_delta": -0.013282732447817837,
      "gold_probability_gain": -0.022055916091999497,
      "gold_logp_gain": 0.14728095844245168,
      "margin_gain": 0.2796266466415024,
      "first_order_gain": 0.3502372037421065,
      "alignment_cosine": 0.02833480660072016,
      "mismatch_margin_gain": 0.09264057801684848,
      "mismatch_first_order_gain": 0.15316203445718493,
      "mismatch_alignment_cosine": 0.015369108699142684,
      "correct_minus_mismatch_margin": 0.1869860686246539,
      "direction_norm": 7.445519095603345,
      "kl_from_plain": 0.20540533206518374,
      "verb_gold_probability_gain": -0.025278000194548362,
      "verb_alignment_cosine": -0.2267586550620824,
      "mismatch_verb_alignment_cosine": -0.2824686107609237,
      "positive_margin_rate": 0.5806451612903226,
      "positive_alignment_rate": 0.5559772296015181,
      "linear_actual_pearson": 0.9525317950378063,
      "linear_actual_spearman": 0.9866731464672004
    }
  }
}
