Initializing AlfredTWEnv...
  0%|          | 0/494 [00:00<?, ?it/s] 19%|█▉        | 93/494 [00:00<00:00, 929.55it/s]100%|██████████| 494/494 [00:00<00:00, 3025.69it/s]
Overall we have 140 games in split=train
Training with 140 games
[1/14 shard=10] game=1/14 index=266 actions=18 wins=18 elapsed=22.2s
[2/14 shard=10] game=2/14 index=426 actions=20 wins=15 elapsed=46.9s
[3/14 shard=10] game=3/14 index=42 actions=21 wins=21 elapsed=80.9s
[4/14 shard=10] game=4/14 index=202 actions=22 wins=19 elapsed=105.1s
[5/14 shard=10] game=5/14 index=170 actions=27 wins=27 elapsed=186.2s
[6/14 shard=10] game=6/14 index=362 actions=23 wins=22 elapsed=213.6s
[7/14 shard=10] game=7/14 index=330 actions=17 wins=17 elapsed=227.3s
[8/14 shard=10] game=8/14 index=10 actions=27 wins=27 elapsed=304.9s
[9/14 shard=10] game=9/14 index=138 actions=45 wins=45 elapsed=482.8s
[10/14 shard=10] game=10/14 index=74 actions=45 wins=43 elapsed=686.2s
[11/14 shard=10] game=11/14 index=298 actions=43 wins=39 elapsed=861.2s
[12/14 shard=10] game=12/14 index=394 actions=33 wins=33 elapsed=995.6s
[13/14 shard=10] game=13/14 index=106 actions=25 wins=23 elapsed=1064.9s
[14/14 shard=10] game=14/14 index=234 actions=31 wins=31 elapsed=1157.3s
{
  "split": "valid_seen",
  "expert_type": "handcoded",
  "gamma": 0.95,
  "max_steps": 50,
  "seed": 20260902,
  "shard_index": 10,
  "num_shards": 32,
  "states": 14,
  "candidate_actions": 397,
  "successful_candidates": 380,
  "wall_seconds": 1157.2892016980331
}
Initializing AlfredTWEnv...
  0%|          | 0/341 [00:00<?, ?it/s] 22%|██▏       | 75/341 [00:00<00:00, 747.03it/s]100%|██████████| 341/341 [00:00<00:00, 2039.62it/s]
Overall we have 134 games in split=train
Training with 134 games
[1/17 shard=10] game=1/17 index=394 actions=22 wins=22 elapsed=44.5s
[2/17 shard=10] game=2/17 index=202 actions=22 wins=22 elapsed=94.1s
[3/17 shard=10] game=3/17 index=362 actions=21 wins=21 elapsed=117.1s
[4/17 shard=10] game=4/17 index=138 actions=21 wins=21 elapsed=144.0s
[5/17 shard=10] game=5/17 index=42 actions=30 wins=30 elapsed=230.2s
[6/17 shard=10] game=6/17 index=266 actions=30 wins=28 elapsed=354.7s
[7/17 shard=10] game=7/17 index=426 actions=30 wins=28 elapsed=441.5s
[8/17 shard=10] game=8/17 index=330 actions=29 wins=29 elapsed=552.3s
[9/17 shard=10] game=9/17 index=522 actions=30 wins=29 elapsed=638.0s
[10/17 shard=10] game=10/17 index=458 actions=16 wins=16 elapsed=652.4s
[11/17 shard=10] game=11/17 index=298 actions=32 wins=28 elapsed=751.4s
[12/17 shard=10] game=12/17 index=170 actions=28 wins=28 elapsed=826.7s
[13/17 shard=10] game=13/17 index=234 actions=29 wins=29 elapsed=902.3s
