Initializing AlfredTWEnv...
  0%|          | 0/494 [00:00<?, ?it/s] 31%|███       | 153/494 [00:00<00:00, 1525.26it/s]100%|██████████| 494/494 [00:00<00:00, 3221.66it/s]
Overall we have 140 games in split=train
Training with 140 games
[1/14 shard=14] game=1/14 index=270 actions=18 wins=18 elapsed=22.6s
[2/14 shard=14] game=2/14 index=398 actions=17 wins=17 elapsed=33.3s
[3/14 shard=14] game=3/14 index=46 actions=21 wins=21 elapsed=67.6s
[4/14 shard=14] game=4/14 index=206 actions=20 wins=20 elapsed=85.5s
[5/14 shard=14] game=5/14 index=174 actions=26 wins=26 elapsed=163.5s
[6/14 shard=14] game=6/14 index=14 actions=26 wins=26 elapsed=241.8s
[7/14 shard=14] game=7/14 index=78 actions=46 wins=43 elapsed=449.0s
[8/14 shard=14] game=8/14 index=142 actions=33 wins=33 elapsed=552.1s
[9/14 shard=14] game=9/14 index=430 actions=40 wins=39 elapsed=685.3s
[10/14 shard=14] game=10/14 index=238 actions=42 wins=40 elapsed=856.0s
[11/14 shard=14] game=11/14 index=302 actions=39 wins=39 elapsed=1005.4s
[12/14 shard=14] game=12/14 index=366 actions=31 wins=30 elapsed=1123.7s
[13/14 shard=14] game=13/14 index=110 actions=24 wins=24 elapsed=1188.9s
[14/14 shard=14] game=14/14 index=334 actions=18 wins=0 elapsed=1229.3s
{
  "split": "valid_seen",
  "expert_type": "handcoded",
  "gamma": 0.95,
  "max_steps": 50,
  "seed": 20260902,
  "shard_index": 14,
  "num_shards": 32,
  "states": 14,
  "candidate_actions": 401,
  "successful_candidates": 376,
  "wall_seconds": 1229.2917484410573
}
Initializing AlfredTWEnv...
  0%|          | 0/341 [00:00<?, ?it/s]  2%|▏         | 6/341 [00:00<00:05, 59.77it/s]100%|██████████| 341/341 [00:00<00:00, 1830.67it/s]
Overall we have 134 games in split=train
Training with 134 games
[1/17 shard=14] game=1/17 index=398 actions=23 wins=23 elapsed=46.2s
[2/17 shard=14] game=2/17 index=206 actions=24 wins=22 elapsed=101.8s
[3/17 shard=14] game=3/17 index=366 actions=24 wins=24 elapsed=128.7s
[4/17 shard=14] game=4/17 index=46 actions=30 wins=30 elapsed=215.1s
[5/17 shard=14] game=5/17 index=270 actions=30 wins=28 elapsed=343.6s
[6/17 shard=14] game=6/17 index=430 actions=28 wins=28 elapsed=420.0s
[7/17 shard=14] game=7/17 index=142 actions=28 wins=28 elapsed=492.8s
[8/17 shard=14] game=8/17 index=334 actions=31 wins=29 elapsed=616.4s
[9/17 shard=14] game=9/17 index=526 actions=30 wins=30 elapsed=701.8s
[10/17 shard=14] game=10/17 index=462 actions=18 wins=18 elapsed=718.2s
[11/17 shard=14] game=11/17 index=302 actions=29 wins=29 elapsed=799.0s
[12/17 shard=14] game=12/17 index=174 actions=31 wins=31 elapsed=879.8s
