Initializing AlfredTWEnv...
  0%|          | 0/494 [00:00<?, ?it/s] 41%|████      | 202/494 [00:00<00:00, 2016.71it/s]100%|██████████| 494/494 [00:00<00:00, 3407.62it/s]
Overall we have 140 games in split=train
Training with 140 games
[1/14 shard=9] game=1/14 index=265 actions=18 wins=18 elapsed=23.2s
[2/14 shard=9] game=2/14 index=425 actions=15 wins=15 elapsed=37.9s
[3/14 shard=9] game=3/14 index=41 actions=21 wins=21 elapsed=70.9s
[4/14 shard=9] game=4/14 index=201 actions=18 wins=18 elapsed=86.7s
[5/14 shard=9] game=5/14 index=169 actions=26 wins=26 elapsed=166.5s
[6/14 shard=9] game=6/14 index=361 actions=23 wins=22 elapsed=194.2s
[7/14 shard=9] game=7/14 index=329 actions=18 wins=17 elapsed=209.6s
[8/14 shard=9] game=8/14 index=9 actions=28 wins=27 elapsed=290.5s
[9/14 shard=9] game=9/14 index=137 actions=44 wins=44 elapsed=462.6s
[10/14 shard=9] game=10/14 index=73 actions=43 wins=43 elapsed=652.3s
[11/14 shard=9] game=11/14 index=297 actions=39 wins=39 elapsed=802.0s
[12/14 shard=9] game=12/14 index=393 actions=33 wins=33 elapsed=939.2s
[13/14 shard=9] game=13/14 index=105 actions=24 wins=23 elapsed=1005.5s
[14/14 shard=9] game=14/14 index=233 actions=30 wins=30 elapsed=1093.9s
{
  "split": "valid_seen",
  "expert_type": "handcoded",
  "gamma": 0.95,
  "max_steps": 50,
  "seed": 20260902,
  "shard_index": 9,
  "num_shards": 32,
  "states": 14,
  "candidate_actions": 380,
  "successful_candidates": 376,
  "wall_seconds": 1093.9134302730672
}
Initializing AlfredTWEnv...
  0%|          | 0/341 [00:00<?, ?it/s] 13%|█▎        | 45/341 [00:00<00:00, 447.87it/s]100%|██████████| 341/341 [00:00<00:00, 1936.75it/s]
Overall we have 134 games in split=train
Training with 134 games
[1/17 shard=9] game=1/17 index=393 actions=23 wins=22 elapsed=46.9s
[2/17 shard=9] game=2/17 index=201 actions=22 wins=22 elapsed=95.4s
[3/17 shard=9] game=3/17 index=41 actions=32 wins=30 elapsed=189.9s
[4/17 shard=9] game=4/17 index=265 actions=30 wins=28 elapsed=315.0s
[5/17 shard=9] game=5/17 index=425 actions=28 wins=28 elapsed=391.1s
[6/17 shard=9] game=6/17 index=329 actions=31 wins=28 elapsed=516.3s
[7/17 shard=9] game=7/17 index=521 actions=29 wins=28 elapsed=600.4s
[8/17 shard=9] game=8/17 index=457 actions=17 wins=16 elapsed=617.2s
[9/17 shard=9] game=9/17 index=297 actions=28 wins=28 elapsed=699.1s
[10/17 shard=9] game=10/17 index=169 actions=29 wins=29 elapsed=778.0s
[11/17 shard=9] game=11/17 index=233 actions=28 wins=28 elapsed=855.1s
[12/17 shard=9] game=12/17 index=489 actions=29 wins=29 elapsed=967.6s
