Initializing AlfredTWEnv...
  0%|          | 0/494 [00:00<?, ?it/s] 30%|██▉       | 147/494 [00:00<00:00, 1466.68it/s]100%|██████████| 494/494 [00:00<00:00, 3190.66it/s]
Overall we have 140 games in split=train
Training with 140 games
[1/14 shard=23] game=1/14 index=183 actions=14 wins=14 elapsed=12.8s
[2/14 shard=23] game=2/14 index=439 actions=25 wins=25 elapsed=48.6s
[3/14 shard=23] game=3/14 index=55 actions=21 wins=21 elapsed=84.2s
[4/14 shard=23] game=4/14 index=23 actions=35 wins=26 elapsed=199.3s
[5/14 shard=23] game=5/14 index=279 actions=45 wins=44 elapsed=390.6s
[6/14 shard=23] game=6/14 index=151 actions=41 wins=34 elapsed=538.1s
[7/14 shard=23] game=7/14 index=215 actions=39 wins=39 elapsed=669.4s
[8/14 shard=23] game=8/14 index=247 actions=42 wins=42 elapsed=839.7s
[9/14 shard=23] game=9/14 index=407 actions=37 wins=31 elapsed=959.5s
[10/14 shard=23] game=10/14 index=311 actions=41 wins=41 elapsed=1120.3s
[11/14 shard=23] game=11/14 index=375 actions=31 wins=31 elapsed=1242.0s
[12/14 shard=23] game=12/14 index=119 actions=25 wins=23 elapsed=1312.7s
[13/14 shard=23] game=13/14 index=87 actions=56 wins=56 elapsed=1640.4s
[14/14 shard=23] game=14/14 index=343 actions=17 wins=14 elapsed=1665.8s
{
  "split": "valid_seen",
  "expert_type": "handcoded",
  "gamma": 0.95,
  "max_steps": 50,
  "seed": 20260902,
  "shard_index": 23,
  "num_shards": 32,
  "states": 14,
  "candidate_actions": 469,
  "successful_candidates": 441,
  "wall_seconds": 1665.8006410801318
}
Initializing AlfredTWEnv...
  0%|          | 0/341 [00:00<?, ?it/s]  2%|▏         | 6/341 [00:00<00:06, 53.99it/s]100%|██████████| 341/341 [00:00<00:00, 1748.89it/s]
Overall we have 134 games in split=train
Training with 134 games
[1/16 shard=23] game=1/16 index=375 actions=22 wins=21 elapsed=41.4s
[2/16 shard=23] game=2/16 index=183 actions=21 wins=3 elapsed=99.0s
[3/16 shard=23] game=3/16 index=55 actions=30 wins=30 elapsed=185.4s
[4/16 shard=23] game=4/16 index=279 actions=29 wins=29 elapsed=301.1s
[5/16 shard=23] game=5/16 index=151 actions=31 wins=31 elapsed=384.1s
