Initializing AlfredTWEnv...
  0%|          | 0/494 [00:00<?, ?it/s] 15%|█▌        | 75/494 [00:00<00:00, 747.00it/s]100%|██████████| 494/494 [00:00<00:00, 3023.62it/s]
Overall we have 140 games in split=train
Training with 140 games
[1/14 shard=0] game=1/14 index=256 actions=21 wins=17 elapsed=30.3s
[2/14 shard=0] game=2/14 index=192 actions=15 wins=14 elapsed=45.2s
[3/14 shard=0] game=3/14 index=320 actions=24 wins=23 elapsed=78.3s
[4/14 shard=0] game=4/14 index=96 actions=31 wins=26 elapsed=149.2s
[5/14 shard=0] game=5/14 index=416 actions=17 wins=16 elapsed=168.4s
[6/14 shard=0] game=6/14 index=64 actions=21 wins=21 elapsed=192.6s
[7/14 shard=0] game=7/14 index=32 actions=20 wins=20 elapsed=228.8s
[8/14 shard=0] game=8/14 index=160 actions=26 wins=26 elapsed=309.1s
[9/14 shard=0] game=9/14 index=0 actions=25 wins=25 elapsed=383.2s
[10/14 shard=0] game=10/14 index=128 actions=43 wins=42 elapsed=560.3s
[11/14 shard=0] game=11/14 index=288 actions=46 wins=46 elapsed=760.7s
[12/14 shard=0] game=12/14 index=384 actions=31 wins=31 elapsed=890.5s
[13/14 shard=0] game=13/14 index=224 actions=30 wins=27 elapsed=985.5s
[14/14 shard=0] game=14/14 index=352 actions=19 wins=1 elapsed=1029.1s
{
  "split": "valid_seen",
  "expert_type": "handcoded",
  "gamma": 0.95,
  "max_steps": 50,
  "seed": 20260902,
  "shard_index": 0,
  "num_shards": 32,
  "states": 14,
  "candidate_actions": 369,
  "successful_candidates": 335,
  "wall_seconds": 1029.1155860999133
}
Initializing AlfredTWEnv...
  0%|          | 0/341 [00:00<?, ?it/s]  2%|▏         | 6/341 [00:00<00:06, 52.95it/s]100%|██████████| 341/341 [00:00<00:00, 1736.48it/s]
Overall we have 134 games in split=train
Training with 134 games
[1/17 shard=0] game=1/17 index=448 actions=23 wins=22 elapsed=31.3s
[2/17 shard=0] game=2/17 index=32 actions=23 wins=23 elapsed=63.3s
[3/17 shard=0] game=3/17 index=160 actions=26 wins=26 elapsed=99.9s
[4/17 shard=0] game=4/17 index=384 actions=22 wins=22 elapsed=142.5s
[5/17 shard=0] game=5/17 index=192 actions=22 wins=22 elapsed=190.0s
[6/17 shard=0] game=6/17 index=64 actions=22 wins=22 elapsed=216.2s
[7/17 shard=0] game=7/17 index=288 actions=31 wins=28 elapsed=347.6s
[8/17 shard=0] game=8/17 index=512 actions=33 wins=32 elapsed=451.2s
[9/17 shard=0] game=9/17 index=224 actions=30 wins=28 elapsed=540.8s
[10/17 shard=0] game=10/17 index=320 actions=30 wins=28 elapsed=660.1s
[11/17 shard=0] game=11/17 index=416 actions=30 wins=28 elapsed=746.7s
[12/17 shard=0] game=12/17 index=480 actions=29 wins=29 elapsed=855.6s
[13/17 shard=0] game=13/17 index=128 actions=29 wins=29 elapsed=961.8s
[14/17 shard=0] game=14/17 index=96 actions=29 wins=28 elapsed=1056.8s
