Initializing AlfredTWEnv...
  0%|          | 0/494 [00:00<?, ?it/s] 25%|██▌       | 125/494 [00:00<00:00, 1243.96it/s]100%|██████████| 494/494 [00:00<00:00, 3117.13it/s]
Overall we have 140 games in split=train
Training with 140 games
[1/14 shard=12] game=1/14 index=268 actions=18 wins=18 elapsed=23.4s
[2/14 shard=12] game=2/14 index=428 actions=16 wins=16 elapsed=39.3s
[3/14 shard=12] game=3/14 index=396 actions=15 wins=15 elapsed=48.6s
[4/14 shard=12] game=4/14 index=44 actions=21 wins=21 elapsed=82.1s
[5/14 shard=12] game=5/14 index=204 actions=21 wins=20 elapsed=102.5s
[6/14 shard=12] game=6/14 index=172 actions=27 wins=27 elapsed=186.8s
[7/14 shard=12] game=7/14 index=12 actions=28 wins=27 elapsed=272.0s
[8/14 shard=12] game=8/14 index=140 actions=45 wins=45 elapsed=454.3s
[9/14 shard=12] game=9/14 index=76 actions=45 wins=43 elapsed=658.1s
[10/14 shard=12] game=10/14 index=236 actions=39 wins=39 elapsed=815.8s
[11/14 shard=12] game=11/14 index=300 actions=40 wins=40 elapsed=966.8s
[12/14 shard=12] game=12/14 index=364 actions=30 wins=30 elapsed=1080.6s
[13/14 shard=12] game=13/14 index=108 actions=24 wins=24 elapsed=1144.8s
[14/14 shard=12] game=14/14 index=332 actions=19 wins=0 elapsed=1188.6s
{
  "split": "valid_seen",
  "expert_type": "handcoded",
  "gamma": 0.95,
  "max_steps": 50,
  "seed": 20260902,
  "shard_index": 12,
  "num_shards": 32,
  "states": 14,
  "candidate_actions": 388,
  "successful_candidates": 365,
  "wall_seconds": 1188.61918461998
}
Initializing AlfredTWEnv...
  0%|          | 0/341 [00:00<?, ?it/s] 17%|█▋        | 58/341 [00:00<00:00, 578.41it/s]100%|██████████| 341/341 [00:00<00:00, 1980.25it/s]
Overall we have 134 games in split=train
Training with 134 games
[1/17 shard=12] game=1/17 index=396 actions=25 wins=21 elapsed=53.6s
[2/17 shard=12] game=2/17 index=204 actions=21 wins=21 elapsed=100.6s
[3/17 shard=12] game=3/17 index=364 actions=22 wins=22 elapsed=124.7s
[4/17 shard=12] game=4/17 index=140 actions=23 wins=22 elapsed=154.5s
[5/17 shard=12] game=5/17 index=44 actions=30 wins=30 elapsed=238.1s
[6/17 shard=12] game=6/17 index=268 actions=28 wins=28 elapsed=350.9s
[7/17 shard=12] game=7/17 index=428 actions=30 wins=28 elapsed=435.7s
[8/17 shard=12] game=8/17 index=332 actions=29 wins=29 elapsed=548.9s
[9/17 shard=12] game=9/17 index=524 actions=31 wins=30 elapsed=636.8s
[10/17 shard=12] game=10/17 index=460 actions=16 wins=16 elapsed=651.4s
[11/17 shard=12] game=11/17 index=300 actions=30 wins=29 elapsed=735.7s
[12/17 shard=12] game=12/17 index=172 actions=41 wins=29 elapsed=869.2s
