Initializing AlfredTWEnv...
  0%|          | 0/494 [00:00<?, ?it/s] 15%|█▌        | 75/494 [00:00<00:00, 746.96it/s]100%|██████████| 494/494 [00:00<00:00, 3026.95it/s]
Overall we have 140 games in split=train
Training with 140 games
[1/14 shard=8] game=1/14 index=264 actions=18 wins=18 elapsed=22.3s
[2/14 shard=8] game=2/14 index=200 actions=15 wins=15 elapsed=37.2s
[3/14 shard=8] game=3/14 index=296 actions=36 wins=36 elapsed=93.9s
[4/14 shard=8] game=4/14 index=424 actions=17 wins=15 elapsed=112.1s
[5/14 shard=8] game=5/14 index=40 actions=21 wins=21 elapsed=151.8s
[6/14 shard=8] game=6/14 index=168 actions=26 wins=26 elapsed=232.7s
[7/14 shard=8] game=7/14 index=360 actions=22 wins=22 elapsed=257.5s
[8/14 shard=8] game=8/14 index=328 actions=18 wins=18 elapsed=272.9s
[9/14 shard=8] game=9/14 index=8 actions=27 wins=27 elapsed=348.9s
[10/14 shard=8] game=10/14 index=136 actions=53 wins=43 elapsed=590.2s
[11/14 shard=8] game=11/14 index=72 actions=43 wins=43 elapsed=779.0s
[12/14 shard=8] game=12/14 index=392 actions=32 wins=31 elapsed=910.8s
[13/14 shard=8] game=13/14 index=104 actions=23 wins=23 elapsed=972.9s
[14/14 shard=8] game=14/14 index=232 actions=30 wins=30 elapsed=1061.2s
{
  "split": "valid_seen",
  "expert_type": "handcoded",
  "gamma": 0.95,
  "max_steps": 50,
  "seed": 20260902,
  "shard_index": 8,
  "num_shards": 32,
  "states": 14,
  "candidate_actions": 381,
  "successful_candidates": 368,
  "wall_seconds": 1061.1804222022183
}
Initializing AlfredTWEnv...
  0%|          | 0/341 [00:00<?, ?it/s] 14%|█▍        | 47/341 [00:00<00:00, 467.53it/s]100%|██████████| 341/341 [00:00<00:00, 1955.06it/s]
Overall we have 134 games in split=train
Training with 134 games
[1/17 shard=8] game=1/16 index=392 actions=22 wins=22 elapsed=42.6s
[2/17 shard=8] game=2/16 index=200 actions=23 wins=21 elapsed=95.4s
[3/17 shard=8] game=3/16 index=40 actions=30 wins=30 elapsed=174.7s
[4/17 shard=8] game=4/16 index=264 actions=30 wins=27 elapsed=297.3s
[5/17 shard=8] game=4/16 index=296 actions=30 wins=30 elapsed=420.8s
[6/17 shard=8] game=5/16 index=424 actions=28 wins=28 elapsed=495.2s
[7/17 shard=8] game=6/16 index=232 actions=31 wins=30 elapsed=588.7s
[8/17 shard=8] game=7/16 index=328 actions=29 wins=29 elapsed=702.8s
[9/17 shard=8] game=8/16 index=520 actions=28 wins=28 elapsed=781.4s
[10/17 shard=8] game=9/16 index=456 actions=16 wins=16 elapsed=796.0s
[11/17 shard=8] game=10/16 index=168 actions=30 wins=29 elapsed=879.3s
[12/17 shard=8] game=11/16 index=488 actions=29 wins=29 elapsed=994.0s
