Initializing AlfredTWEnv...
  0%|          | 0/494 [00:00<?, ?it/s] 22%|██▏       | 109/494 [00:00<00:00, 1087.71it/s]100%|██████████| 494/494 [00:00<00:00, 3100.93it/s]
Overall we have 140 games in split=train
Training with 140 games
[1/14 shard=19] game=1/14 index=275 actions=20 wins=20 elapsed=26.9s
[2/14 shard=19] game=2/14 index=51 actions=20 wins=20 elapsed=59.4s
[3/14 shard=19] game=3/14 index=179 actions=28 wins=27 elapsed=145.4s
[4/14 shard=19] game=4/14 index=19 actions=27 wins=27 elapsed=229.6s
[5/14 shard=19] game=5/14 index=83 actions=46 wins=46 elapsed=427.2s
[6/14 shard=19] game=6/14 index=147 actions=34 wins=34 elapsed=534.2s
[7/14 shard=19] game=7/14 index=211 actions=37 wins=36 elapsed=660.5s
[8/14 shard=19] game=8/14 index=435 actions=41 wins=41 elapsed=790.5s
[9/14 shard=19] game=9/14 index=243 actions=40 wins=40 elapsed=952.7s
[10/14 shard=19] game=10/14 index=403 actions=33 wins=31 elapsed=1052.3s
[11/14 shard=19] game=11/14 index=307 actions=54 wins=42 elapsed=1291.8s
[12/14 shard=19] game=12/14 index=371 actions=31 wins=31 elapsed=1413.8s
[13/14 shard=19] game=13/14 index=115 actions=24 wins=24 elapsed=1477.1s
[14/14 shard=19] game=14/14 index=339 actions=18 wins=1 elapsed=1516.8s
{
  "split": "valid_seen",
  "expert_type": "handcoded",
  "gamma": 0.95,
  "max_steps": 50,
  "seed": 20260902,
  "shard_index": 19,
  "num_shards": 32,
  "states": 14,
  "candidate_actions": 453,
  "successful_candidates": 420,
  "wall_seconds": 1516.775141262915
}
Initializing AlfredTWEnv...
  0%|          | 0/341 [00:00<?, ?it/s] 18%|█▊        | 61/341 [00:00<00:00, 607.12it/s]100%|██████████| 341/341 [00:00<00:00, 1992.63it/s]
Overall we have 134 games in split=train
Training with 134 games
[1/16 shard=19] game=1/16 index=211 actions=24 wins=24 elapsed=55.6s
[2/16 shard=19] game=2/16 index=179 actions=23 wins=23 elapsed=83.5s
[3/16 shard=19] game=3/16 index=371 actions=30 wins=30 elapsed=157.0s
[4/16 shard=19] game=4/16 index=51 actions=31 wins=30 elapsed=250.1s
[5/16 shard=19] game=5/16 index=275 actions=30 wins=28 elapsed=376.9s
[6/16 shard=19] game=6/16 index=435 actions=31 wins=30 elapsed=464.6s
[7/16 shard=19] game=7/16 index=147 actions=29 wins=29 elapsed=541.1s
