Initializing AlfredTWEnv...
  0%|          | 0/494 [00:00<?, ?it/s] 15%|█▌        | 75/494 [00:00<00:00, 748.84it/s]100%|██████████| 494/494 [00:00<00:00, 2984.64it/s]
Overall we have 140 games in split=train
Training with 140 games
[1/14 shard=16] game=1/14 index=272 actions=18 wins=18 elapsed=22.3s
[2/14 shard=16] game=2/14 index=48 actions=21 wins=21 elapsed=55.6s
[3/14 shard=16] game=3/14 index=176 actions=38 wins=26 elapsed=185.6s
[4/14 shard=16] game=4/14 index=16 actions=26 wins=26 elapsed=266.6s
[5/14 shard=16] game=5/14 index=80 actions=45 wins=45 elapsed=466.5s
[6/14 shard=16] game=6/14 index=144 actions=35 wins=33 elapsed=580.6s
[7/14 shard=16] game=7/14 index=208 actions=40 wins=36 elapsed=724.2s
[8/14 shard=16] game=8/14 index=432 actions=41 wins=40 elapsed=858.5s
[9/14 shard=16] game=9/14 index=240 actions=41 wins=39 elapsed=1028.9s
[10/14 shard=16] game=10/14 index=400 actions=30 wins=30 elapsed=1116.0s
[11/14 shard=16] game=11/14 index=304 actions=44 wins=40 elapsed=1291.6s
[12/14 shard=16] game=12/14 index=368 actions=31 wins=30 elapsed=1412.8s
[13/14 shard=16] game=13/14 index=112 actions=24 wins=24 elapsed=1476.0s
[14/14 shard=16] game=14/14 index=336 actions=20 wins=0 elapsed=1520.7s
{
  "split": "valid_seen",
  "expert_type": "handcoded",
  "gamma": 0.95,
  "max_steps": 50,
  "seed": 20260902,
  "shard_index": 16,
  "num_shards": 32,
  "states": 14,
  "candidate_actions": 454,
  "successful_candidates": 408,
  "wall_seconds": 1520.7236792771146
}
Initializing AlfredTWEnv...
  0%|          | 0/341 [00:00<?, ?it/s]  2%|▏         | 6/341 [00:00<00:06, 55.09it/s]100%|██████████| 341/341 [00:00<00:00, 1779.25it/s]
Overall we have 134 games in split=train
Training with 134 games
[1/16 shard=16] game=1/16 index=208 actions=25 wins=22 elapsed=57.8s
[2/16 shard=16] game=2/16 index=368 actions=28 wins=28 elapsed=124.5s
[3/16 shard=16] game=3/16 index=48 actions=30 wins=30 elapsed=210.0s
[4/16 shard=16] game=4/16 index=272 actions=29 wins=29 elapsed=324.4s
[5/16 shard=16] game=5/16 index=432 actions=30 wins=29 elapsed=407.6s
[6/16 shard=16] game=6/16 index=144 actions=29 wins=29 elapsed=480.6s
[7/16 shard=16] game=7/16 index=336 actions=29 wins=29 elapsed=588.6s
