Initializing AlfredTWEnv...
  0%|          | 0/494 [00:00<?, ?it/s] 27%|██▋       | 133/494 [00:00<00:00, 1329.74it/s]100%|██████████| 494/494 [00:00<00:00, 3130.31it/s]
Overall we have 140 games in split=train
Training with 140 games
[1/14 shard=5] game=1/14 index=261 actions=17 wins=17 elapsed=21.6s
[2/14 shard=5] game=2/14 index=197 actions=14 wins=14 elapsed=34.8s
[3/14 shard=5] game=3/14 index=293 actions=34 wins=34 elapsed=86.3s
[4/14 shard=5] game=4/14 index=421 actions=17 wins=15 elapsed=104.5s
[5/14 shard=5] game=5/14 index=69 actions=24 wins=23 elapsed=132.7s
[6/14 shard=5] game=6/14 index=37 actions=20 wins=20 elapsed=171.3s
[7/14 shard=5] game=7/14 index=165 actions=28 wins=27 elapsed=255.5s
[8/14 shard=5] game=8/14 index=357 actions=20 wins=20 elapsed=277.9s
[9/14 shard=5] game=9/14 index=325 actions=15 wins=15 elapsed=289.9s
[10/14 shard=5] game=10/14 index=5 actions=26 wins=26 elapsed=363.9s
[11/14 shard=5] game=11/14 index=133 actions=43 wins=43 elapsed=528.1s
[12/14 shard=5] game=12/14 index=389 actions=34 wins=31 elapsed=668.2s
[13/14 shard=5] game=13/14 index=101 actions=23 wins=23 elapsed=729.7s
[14/14 shard=5] game=14/14 index=229 actions=28 wins=28 elapsed=811.6s
{
  "split": "valid_seen",
  "expert_type": "handcoded",
  "gamma": 0.95,
  "max_steps": 50,
  "seed": 20260902,
  "shard_index": 5,
  "num_shards": 32,
  "states": 14,
  "candidate_actions": 343,
  "successful_candidates": 336,
  "wall_seconds": 811.6052813329734
}
Initializing AlfredTWEnv...
  0%|          | 0/341 [00:00<?, ?it/s] 18%|█▊        | 61/341 [00:00<00:00, 607.83it/s]100%|██████████| 341/341 [00:00<00:00, 1954.09it/s]
Overall we have 134 games in split=train
Training with 134 games
[1/17 shard=5] game=1/17 index=453 actions=22 wins=22 elapsed=30.1s
[2/17 shard=5] game=2/17 index=37 actions=24 wins=24 elapsed=64.8s
[3/17 shard=5] game=3/17 index=389 actions=22 wins=22 elapsed=109.4s
[4/17 shard=5] game=4/17 index=197 actions=22 wins=22 elapsed=158.9s
[5/17 shard=5] game=5/17 index=293 actions=30 wins=30 elapsed=283.9s
[6/17 shard=5] game=6/17 index=229 actions=30 wins=30 elapsed=369.6s
[7/17 shard=5] game=7/17 index=325 actions=29 wins=28 elapsed=485.7s
[8/17 shard=5] game=8/17 index=517 actions=30 wins=28 elapsed=573.4s
[9/17 shard=5] game=9/17 index=421 actions=31 wins=31 elapsed=662.3s
[10/17 shard=5] game=10/17 index=165 actions=29 wins=29 elapsed=740.6s
[11/17 shard=5] game=11/17 index=485 actions=29 wins=29 elapsed=854.6s
[12/17 shard=5] game=12/17 index=133 actions=31 wins=29 elapsed=975.1s
[13/17 shard=5] game=13/17 index=101 actions=29 wins=29 elapsed=1094.0s
[14/17 shard=5] game=14/17 index=261 actions=30 wins=30 elapsed=1186.2s
[15/17 shard=5] game=15/17 index=69 actions=30 wins=28 elapsed=1283.5s
