Initializing AlfredTWEnv...
  0%|          | 0/494 [00:00<?, ?it/s] 22%|██▏       | 109/494 [00:00<00:00, 1088.64it/s]100%|██████████| 494/494 [00:00<00:00, 3089.82it/s]
Overall we have 140 games in split=train
Training with 140 games
[1/14 shard=4] game=1/14 index=260 actions=17 wins=17 elapsed=21.8s
[2/14 shard=4] game=2/14 index=196 actions=14 wins=14 elapsed=35.5s
[3/14 shard=4] game=3/14 index=324 actions=19 wins=19 elapsed=49.2s
[4/14 shard=4] game=4/14 index=420 actions=15 wins=15 elapsed=63.3s
[5/14 shard=4] game=5/14 index=68 actions=23 wins=23 elapsed=89.9s
[6/14 shard=4] game=6/14 index=36 actions=20 wins=20 elapsed=123.8s
[7/14 shard=4] game=7/14 index=164 actions=27 wins=27 elapsed=201.2s
[8/14 shard=4] game=8/14 index=356 actions=22 wins=20 elapsed=228.9s
[9/14 shard=4] game=9/14 index=4 actions=26 wins=26 elapsed=303.0s
[10/14 shard=4] game=10/14 index=132 actions=42 wins=42 elapsed=469.3s
[11/14 shard=4] game=11/14 index=292 actions=48 wins=48 elapsed=684.1s
[12/14 shard=4] game=12/14 index=388 actions=31 wins=31 elapsed=808.4s
[13/14 shard=4] game=13/14 index=100 actions=23 wins=23 elapsed=870.4s
[14/14 shard=4] game=14/14 index=228 actions=29 wins=27 elapsed=959.1s
{
  "split": "valid_seen",
  "expert_type": "handcoded",
  "gamma": 0.95,
  "max_steps": 50,
  "seed": 20260902,
  "shard_index": 4,
  "num_shards": 32,
  "states": 14,
  "candidate_actions": 356,
  "successful_candidates": 352,
  "wall_seconds": 959.0954957210924
}
Initializing AlfredTWEnv...
  0%|          | 0/341 [00:00<?, ?it/s] 20%|██        | 69/341 [00:00<00:00, 689.40it/s]100%|██████████| 341/341 [00:00<00:00, 2031.75it/s]
Overall we have 134 games in split=train
Training with 134 games
[1/17 shard=4] game=1/17 index=452 actions=25 wins=22 elapsed=37.2s
[2/17 shard=4] game=2/17 index=36 actions=24 wins=24 elapsed=70.5s
[3/17 shard=4] game=3/17 index=388 actions=22 wins=22 elapsed=113.0s
[4/17 shard=4] game=4/17 index=196 actions=23 wins=23 elapsed=163.6s
[5/17 shard=4] game=5/17 index=292 actions=29 wins=29 elapsed=286.7s
[6/17 shard=4] game=6/17 index=228 actions=30 wins=29 elapsed=375.9s
[7/17 shard=4] game=7/17 index=324 actions=31 wins=28 elapsed=499.8s
[8/17 shard=4] game=8/17 index=516 actions=30 wins=28 elapsed=584.4s
[9/17 shard=4] game=9/17 index=420 actions=30 wins=30 elapsed=667.2s
[10/17 shard=4] game=10/17 index=164 actions=30 wins=29 elapsed=746.6s
[11/17 shard=4] game=11/17 index=484 actions=29 wins=29 elapsed=856.6s
[12/17 shard=4] game=12/17 index=132 actions=29 wins=29 elapsed=964.6s
[13/17 shard=4] game=13/17 index=100 actions=31 wins=28 elapsed=1071.5s
