# 多源价值梯度剂量响应

每个动作的方向由 12 个独立 episode 源梯度的原始均值构成；每类留出含 6 个独立 episode。扫描参数 L2 剂量，目标是找到不再只是微扰、同时无关状态损害仍可控的正式比较尺度。

## valid_seen

### last_mlp

| L2 step | source ΔV | all holdout ΔV | same-action ΔV | unrelated ΔV | holdout TV | holdout top flip | top improve | top harm |
|---:|---:|---:|---:|---:|---:|---:|---:|---:|
| 0.00125 | +0.001118 | +0.000330 | +0.000983 | -0.000047 | 0.345% | 0.0% | 0.0% | 0.0% |
| 0.00375 | +0.003332 | +0.000974 | +0.002904 | -0.000143 | 1.031% | 0.0% | 0.0% | 0.0% |
| 0.0125 | +0.010819 | +0.003055 | +0.009170 | -0.000498 | 3.368% | 1.1% | 1.1% | 0.0% |
| 0.0375 | +0.029440 | +0.007619 | +0.023523 | -0.001712 | 9.348% | 8.9% | 2.2% | 5.6% |

| L2 step | same-action ΔV 的 verb-cluster 95% CI | 正向 verb | same-action − unrelated ΔV [95% CI] |
|---:|---:|---:|---:|
| 0.00125 | [+0.000276, +0.002100] | 100% | +0.001030 [+0.000259, +0.002139] |
| 0.00375 | [+0.000815, +0.006210] | 100% | +0.003047 [+0.000767, +0.006323] |
| 0.0125 | [+0.002571, +0.019649] | 100% | +0.009668 [+0.002445, +0.020029] |
| 0.0375 | [+0.006411, +0.050719] | 100% | +0.025235 [+0.006598, +0.051368] |

### last_four_blocks

| L2 step | source ΔV | all holdout ΔV | same-action ΔV | unrelated ΔV | holdout TV | holdout top flip | top improve | top harm |
|---:|---:|---:|---:|---:|---:|---:|---:|---:|
| 0.0006 | +0.001111 | +0.000291 | +0.000901 | -0.000072 | 0.332% | 0.0% | 0.0% | 0.0% |
| 0.0018 | +0.003317 | +0.000862 | +0.002674 | -0.000217 | 0.993% | 0.0% | 0.0% | 0.0% |
| 0.006 | +0.010830 | +0.002753 | +0.008559 | -0.000722 | 3.267% | 1.1% | 1.1% | 0.0% |
| 0.018 | +0.029718 | +0.007156 | +0.022496 | -0.002209 | 9.229% | 6.7% | 2.2% | 3.3% |

| L2 step | same-action ΔV 的 verb-cluster 95% CI | 正向 verb | same-action − unrelated ΔV [95% CI] |
|---:|---:|---:|---:|
| 0.0006 | [+0.000223, +0.001880] | 80% | +0.000973 [+0.000230, +0.001960] |
| 0.0018 | [+0.000657, +0.005582] | 80% | +0.002890 [+0.000683, +0.005820] |
| 0.006 | [+0.002305, +0.017895] | 80% | +0.009281 [+0.002203, +0.019209] |
| 0.018 | [+0.006016, +0.047133] | 80% | +0.024704 [+0.005766, +0.050689] |

## valid_unseen

### last_mlp

| L2 step | source ΔV | all holdout ΔV | same-action ΔV | unrelated ΔV | holdout TV | holdout top flip | top improve | top harm |
|---:|---:|---:|---:|---:|---:|---:|---:|---:|
| 0.00125 | +0.001257 | +0.000382 | +0.001048 | +0.000417 | 0.382% | 0.0% | 0.0% | 0.0% |
| 0.00375 | +0.003718 | +0.001112 | +0.003097 | +0.001233 | 1.144% | 1.1% | 0.0% | 1.1% |
| 0.0125 | +0.011751 | +0.003292 | +0.009752 | +0.003836 | 3.765% | 6.7% | 4.4% | 2.2% |
| 0.0375 | +0.029276 | +0.007040 | +0.024545 | +0.008809 | 10.671% | 14.4% | 8.9% | 5.6% |

| L2 step | same-action ΔV 的 verb-cluster 95% CI | 正向 verb | same-action − unrelated ΔV [95% CI] |
|---:|---:|---:|---:|
| 0.00125 | [+0.000137, +0.002681] | 100% | +0.000631 [-0.000168, +0.001573] |
| 0.00375 | [+0.000391, +0.007920] | 100% | +0.001864 [-0.000498, +0.004642] |
| 0.0125 | [+0.001253, +0.024898] | 100% | +0.005916 [-0.001628, +0.014699] |
| 0.0375 | [+0.003355, +0.062190] | 100% | +0.015735 [-0.004838, +0.037523] |

### last_four_blocks

| L2 step | source ΔV | all holdout ΔV | same-action ΔV | unrelated ΔV | holdout TV | holdout top flip | top improve | top harm |
|---:|---:|---:|---:|---:|---:|---:|---:|---:|
| 0.0006 | +0.001133 | +0.000359 | +0.000999 | +0.000373 | 0.343% | 0.0% | 0.0% | 0.0% |
| 0.0018 | +0.003363 | +0.001053 | +0.002965 | +0.001104 | 1.028% | 0.0% | 0.0% | 0.0% |
| 0.006 | +0.010759 | +0.003208 | +0.009460 | +0.003455 | 3.393% | 5.6% | 3.3% | 2.2% |
| 0.018 | +0.028071 | +0.007168 | +0.024513 | +0.008044 | 9.736% | 13.3% | 8.9% | 4.4% |

| L2 step | same-action ΔV 的 verb-cluster 95% CI | 正向 verb | same-action − unrelated ΔV [95% CI] |
|---:|---:|---:|---:|
| 0.0006 | [+0.000172, +0.002420] | 100% | +0.000626 [-0.000112, +0.001431] |
| 0.0018 | [+0.000510, +0.007171] | 100% | +0.001861 [-0.000334, +0.004248] |
| 0.006 | [+0.001674, +0.022815] | 100% | +0.006005 [-0.001078, +0.013662] |
| 0.018 | [+0.004820, +0.058518] | 100% | +0.016468 [-0.003036, +0.037482] |

## 选择规则

正式多源/单源比较应选择能产生清晰同动作价值增益和非零 top-1 翻转、但无关状态 top-value harm 未明显扩大的最小剂量。若不存在这样的剂量，应把结论记为局部梯度不可安全放大，而不是继续增加步长。

