Loading checkpoint shards:   0%|          | 0/2 [00:00<?, ?it/s]Loading checkpoint shards:  50%|█████     | 1/2 [00:04<00:04,  4.64s/it]Loading checkpoint shards: 100%|██████████| 2/2 [00:07<00:00,  3.67s/it]Loading checkpoint shards: 100%|██████████| 2/2 [00:07<00:00,  3.81s/it]
[1/444] global=0 correct=0 p_gold=0.1158
[2/444] global=1 correct=0 p_gold=0.0192
[3/444] global=2 correct=1 p_gold=0.3797
[4/444] global=3 correct=0 p_gold=0.0357
[5/444] global=4 correct=1 p_gold=0.1721
[6/444] global=5 correct=1 p_gold=0.5808
[7/444] global=6 correct=0 p_gold=0.0204
[8/444] global=7 correct=0 p_gold=0.0473
[9/444] global=8 correct=1 p_gold=0.4085
[10/444] global=9 correct=0 p_gold=0.0173
[11/444] global=10 correct=0 p_gold=0.0642
[12/444] global=11 correct=1 p_gold=0.2537
[13/444] global=12 correct=0 p_gold=0.0239
[14/444] global=13 correct=0 p_gold=0.0464
[15/444] global=14 correct=1 p_gold=0.2042
[16/444] global=15 correct=0 p_gold=0.0351
[17/444] global=16 correct=0 p_gold=0.0186
[18/444] global=17 correct=1 p_gold=0.3285
[19/444] global=18 correct=0 p_gold=0.0105
[20/444] global=19 correct=0 p_gold=0.1102
[21/444] global=20 correct=1 p_gold=0.5203
[22/444] global=21 correct=0 p_gold=0.0194
[23/444] global=22 correct=0 p_gold=0.0615
[24/444] global=23 correct=1 p_gold=0.1511
[25/444] global=24 correct=0 p_gold=0.2180
[26/444] global=25 correct=1 p_gold=0.7308
[27/444] global=26 correct=1 p_gold=0.3533
[28/444] global=27 correct=1 p_gold=0.8011
[29/444] global=28 correct=1 p_gold=0.6144
[30/444] global=29 correct=0 p_gold=0.0524
[31/444] global=30 correct=0 p_gold=0.0345
[32/444] global=31 correct=0 p_gold=0.0112
[33/444] global=32 correct=1 p_gold=0.6515
[34/444] global=33 correct=0 p_gold=0.1030
[35/444] global=34 correct=1 p_gold=0.3639
[36/444] global=35 correct=1 p_gold=0.7986
[37/444] global=36 correct=0 p_gold=0.0259
[38/444] global=37 correct=0 p_gold=0.0865
[39/444] global=38 correct=1 p_gold=0.6326
[40/444] global=39 correct=0 p_gold=0.0260
[41/444] global=40 correct=0 p_gold=0.0376
[42/444] global=41 correct=1 p_gold=0.3370
[43/444] global=42 correct=0 p_gold=0.0563
[44/444] global=43 correct=0 p_gold=0.0212
[45/444] global=44 correct=1 p_gold=0.5117
[46/444] global=45 correct=0 p_gold=0.0201
[47/444] global=46 correct=0 p_gold=0.0803
[48/444] global=47 correct=1 p_gold=0.6979
[49/444] global=48 correct=0 p_gold=0.0291
[50/444] global=49 correct=0 p_gold=0.0431
[51/444] global=50 correct=1 p_gold=0.8265
[52/444] global=51 correct=0 p_gold=0.0253
[53/444] global=52 correct=0 p_gold=0.0954
[54/444] global=53 correct=0 p_gold=0.3625
[55/444] global=54 correct=1 p_gold=0.6914
[56/444] global=55 correct=1 p_gold=0.8762
[57/444] global=56 correct=1 p_gold=0.7271
[58/444] global=57 correct=0 p_gold=0.1704
[59/444] global=58 correct=1 p_gold=0.6885
[60/444] global=59 correct=1 p_gold=0.4443
[61/444] global=60 correct=1 p_gold=0.8454
[62/444] global=61 correct=1 p_gold=0.6081
[63/444] global=62 correct=0 p_gold=0.0962
[64/444] global=63 correct=0 p_gold=0.1395
[65/444] global=64 correct=1 p_gold=0.5892
[66/444] global=65 correct=0 p_gold=0.0097
[67/444] global=66 correct=0 p_gold=0.2487
[68/444] global=67 correct=1 p_gold=0.7157
[69/444] global=68 correct=1 p_gold=0.7489
[70/444] global=69 correct=0 p_gold=0.0734
[71/444] global=70 correct=1 p_gold=0.6604
[72/444] global=71 correct=1 p_gold=0.6606
[73/444] global=72 correct=0 p_gold=0.0152
[74/444] global=73 correct=0 p_gold=0.0495
[75/444] global=74 correct=0 p_gold=0.0511
[76/444] global=75 correct=0 p_gold=0.0383
[77/444] global=76 correct=0 p_gold=0.0457
[78/444] global=77 correct=0 p_gold=0.0502
[79/444] global=78 correct=1 p_gold=0.1317
[80/444] global=79 correct=1 p_gold=0.4352
[81/444] global=80 correct=1 p_gold=0.4772
[82/444] global=81 correct=0 p_gold=0.0089
[83/444] global=82 correct=1 p_gold=0.7558
[84/444] global=83 correct=1 p_gold=0.2470
[85/444] global=84 correct=1 p_gold=0.5116
[86/444] global=85 correct=0 p_gold=0.0398
[87/444] global=86 correct=0 p_gold=0.0901
[88/444] global=87 correct=1 p_gold=0.3895
[89/444] global=88 correct=0 p_gold=0.0292
[90/444] global=89 correct=0 p_gold=0.0255
[91/444] global=90 correct=1 p_gold=0.3628
[92/444] global=91 correct=0 p_gold=0.1804
[93/444] global=92 correct=1 p_gold=0.3358
[94/444] global=93 correct=1 p_gold=0.2943
[95/444] global=94 correct=1 p_gold=0.5192
[96/444] global=95 correct=0 p_gold=0.0497
[97/444] global=96 correct=1 p_gold=0.4948
[98/444] global=97 correct=1 p_gold=0.3337
[99/444] global=98 correct=1 p_gold=0.4972
[100/444] global=99 correct=1 p_gold=0.3309
[101/444] global=100 correct=0 p_gold=0.0195
[102/444] global=101 correct=0 p_gold=0.0693
[103/444] global=102 correct=0 p_gold=0.0621
[104/444] global=103 correct=0 p_gold=0.0868
[105/444] global=104 correct=0 p_gold=0.0947
[106/444] global=105 correct=0 p_gold=0.0638
[107/444] global=106 correct=0 p_gold=0.1054
[108/444] global=107 correct=0 p_gold=0.0294
[109/444] global=108 correct=1 p_gold=0.3631
[110/444] global=109 correct=0 p_gold=0.0320
[111/444] global=110 correct=0 p_gold=0.0372
[112/444] global=111 correct=0 p_gold=0.0341
[113/444] global=112 correct=1 p_gold=0.4008
[114/444] global=113 correct=0 p_gold=0.0235
[115/444] global=114 correct=0 p_gold=0.0347
[116/444] global=115 correct=1 p_gold=0.2633
[117/444] global=116 correct=0 p_gold=0.0108
[118/444] global=117 correct=0 p_gold=0.0568
[119/444] global=118 correct=0 p_gold=0.0691
[120/444] global=119 correct=0 p_gold=0.0474
[121/444] global=120 correct=0 p_gold=0.0246
[122/444] global=121 correct=0 p_gold=0.0320
[123/444] global=122 correct=1 p_gold=0.3786
[124/444] global=123 correct=0 p_gold=0.0468
[125/444] global=124 correct=0 p_gold=0.1236
[126/444] global=125 correct=1 p_gold=0.2266
[127/444] global=126 correct=1 p_gold=0.3525
[128/444] global=127 correct=0 p_gold=0.0359
[129/444] global=128 correct=0 p_gold=0.1240
[130/444] global=129 correct=1 p_gold=0.3761
[131/444] global=130 correct=0 p_gold=0.0417
[132/444] global=131 correct=0 p_gold=0.0246
[133/444] global=132 correct=1 p_gold=0.2800
[134/444] global=133 correct=1 p_gold=0.5128
[135/444] global=134 correct=0 p_gold=0.0208
[136/444] global=135 correct=0 p_gold=0.0431
[137/444] global=136 correct=1 p_gold=0.3517
[138/444] global=137 correct=0 p_gold=0.1092
[139/444] global=138 correct=1 p_gold=0.6187
[140/444] global=139 correct=1 p_gold=0.4809
[141/444] global=140 correct=1 p_gold=0.4222
[142/444] global=141 correct=1 p_gold=0.6324
[143/444] global=142 correct=0 p_gold=0.0593
[144/444] global=143 correct=0 p_gold=0.0274
[145/444] global=144 correct=0 p_gold=0.0190
[146/444] global=145 correct=1 p_gold=0.3140
[147/444] global=146 correct=0 p_gold=0.0106
[148/444] global=147 correct=0 p_gold=0.0392
[149/444] global=148 correct=1 p_gold=0.2243
[150/444] global=149 correct=0 p_gold=0.0227
[151/444] global=150 correct=0 p_gold=0.0887
[152/444] global=151 correct=1 p_gold=0.3450
[153/444] global=152 correct=0 p_gold=0.0260
[154/444] global=153 correct=1 p_gold=0.7036
[155/444] global=154 correct=1 p_gold=0.3400
[156/444] global=155 correct=1 p_gold=0.6087
[157/444] global=156 correct=1 p_gold=0.1491
[158/444] global=157 correct=0 p_gold=0.0211
[159/444] global=158 correct=1 p_gold=0.3672
[160/444] global=159 correct=0 p_gold=0.0532
[161/444] global=160 correct=0 p_gold=0.1345
[162/444] global=161 correct=1 p_gold=0.5459
[163/444] global=162 correct=0 p_gold=0.0271
[164/444] global=163 correct=0 p_gold=0.0467
[165/444] global=164 correct=1 p_gold=0.4332
[166/444] global=165 correct=0 p_gold=0.0094
[167/444] global=166 correct=0 p_gold=0.0295
[168/444] global=167 correct=1 p_gold=0.3266
[169/444] global=168 correct=0 p_gold=0.0721
[170/444] global=169 correct=0 p_gold=0.0114
[171/444] global=170 correct=1 p_gold=0.3781
[172/444] global=171 correct=0 p_gold=0.0290
[173/444] global=172 correct=0 p_gold=0.0689
[174/444] global=173 correct=1 p_gold=0.5420
[175/444] global=174 correct=0 p_gold=0.0222
[176/444] global=175 correct=0 p_gold=0.0577
[177/444] global=176 correct=1 p_gold=0.1817
[178/444] global=177 correct=1 p_gold=0.2628
[179/444] global=178 correct=1 p_gold=0.6992
[180/444] global=179 correct=1 p_gold=0.3095
[181/444] global=180 correct=1 p_gold=0.6228
[182/444] global=181 correct=0 p_gold=0.0076
[183/444] global=182 correct=1 p_gold=0.5236
[184/444] global=183 correct=0 p_gold=0.0016
[185/444] global=184 correct=0 p_gold=0.0012
[186/444] global=185 correct=1 p_gold=0.3888
[187/444] global=186 correct=0 p_gold=0.0044
[188/444] global=187 correct=0 p_gold=0.0021
[189/444] global=188 correct=0 p_gold=0.1810
[190/444] global=189 correct=0 p_gold=0.0019
[191/444] global=190 correct=0 p_gold=0.0016
[192/444] global=191 correct=0 p_gold=0.1545
[193/444] global=192 correct=0 p_gold=0.0017
[194/444] global=193 correct=0 p_gold=0.0010
[195/444] global=194 correct=0 p_gold=0.0848
[196/444] global=195 correct=0 p_gold=0.0023
[197/444] global=196 correct=0 p_gold=0.0008
[198/444] global=197 correct=0 p_gold=0.1198
[199/444] global=198 correct=0 p_gold=0.0013
[200/444] global=199 correct=0 p_gold=0.0326
[201/444] global=200 correct=0 p_gold=0.0493
[202/444] global=201 correct=0 p_gold=0.0519
[203/444] global=202 correct=1 p_gold=0.4806
[204/444] global=203 correct=0 p_gold=0.0127
[205/444] global=204 correct=1 p_gold=0.5242
[206/444] global=205 correct=1 p_gold=0.4831
[207/444] global=206 correct=1 p_gold=0.6139
[208/444] global=207 correct=0 p_gold=0.0172
[209/444] global=208 correct=0 p_gold=0.0628
[210/444] global=209 correct=0 p_gold=0.0642
[211/444] global=210 correct=0 p_gold=0.0749
[212/444] global=211 correct=0 p_gold=0.0810
[213/444] global=212 correct=1 p_gold=0.2491
[214/444] global=213 correct=0 p_gold=0.0383
[215/444] global=214 correct=1 p_gold=0.7045
[216/444] global=215 correct=1 p_gold=0.4753
[217/444] global=216 correct=1 p_gold=0.8330
[218/444] global=217 correct=0 p_gold=0.1177
[219/444] global=218 correct=1 p_gold=0.3828
[220/444] global=219 correct=0 p_gold=0.0460
[221/444] global=220 correct=1 p_gold=0.5110
[222/444] global=221 correct=1 p_gold=0.5644
[223/444] global=222 correct=1 p_gold=0.6572
[224/444] global=223 correct=0 p_gold=0.0598
[225/444] global=224 correct=0 p_gold=0.1057
[226/444] global=225 correct=1 p_gold=0.3726
[227/444] global=226 correct=0 p_gold=0.0416
[228/444] global=227 correct=0 p_gold=0.0257
[229/444] global=228 correct=0 p_gold=0.0717
[230/444] global=229 correct=1 p_gold=0.3266
[231/444] global=230 correct=1 p_gold=0.2081
[232/444] global=231 correct=0 p_gold=0.0844
[233/444] global=232 correct=1 p_gold=0.3743
[234/444] global=233 correct=1 p_gold=0.2497
[235/444] global=234 correct=1 p_gold=0.3982
[236/444] global=235 correct=0 p_gold=0.0428
[237/444] global=236 correct=0 p_gold=0.0324
[238/444] global=237 correct=1 p_gold=0.3720
[239/444] global=238 correct=0 p_gold=0.0334
[240/444] global=239 correct=0 p_gold=0.0357
[241/444] global=240 correct=0 p_gold=0.1116
[242/444] global=241 correct=1 p_gold=0.4754
[243/444] global=242 correct=0 p_gold=0.0202
[244/444] global=243 correct=1 p_gold=0.2667
[245/444] global=244 correct=0 p_gold=0.0166
[246/444] global=245 correct=1 p_gold=0.4788
[247/444] global=246 correct=0 p_gold=0.0025
[248/444] global=247 correct=1 p_gold=0.5946
[249/444] global=248 correct=1 p_gold=0.2329
[250/444] global=249 correct=1 p_gold=0.5356
[251/444] global=250 correct=1 p_gold=0.5490
[252/444] global=251 correct=0 p_gold=0.1083
[253/444] global=252 correct=1 p_gold=0.5488
[254/444] global=253 correct=0 p_gold=0.3743
[255/444] global=254 correct=1 p_gold=0.9094
[256/444] global=255 correct=0 p_gold=0.0046
[257/444] global=256 correct=0 p_gold=0.1191
[258/444] global=257 correct=0 p_gold=0.0236
[259/444] global=258 correct=0 p_gold=0.0263
[260/444] global=259 correct=0 p_gold=0.0083
[261/444] global=260 correct=0 p_gold=0.0058
[262/444] global=261 correct=0 p_gold=0.0058
[263/444] global=262 correct=0 p_gold=0.0176
[264/444] global=263 correct=1 p_gold=0.4276
[265/444] global=264 correct=0 p_gold=0.0076
[266/444] global=265 correct=0 p_gold=0.0466
[267/444] global=266 correct=0 p_gold=0.1636
[268/444] global=267 correct=0 p_gold=0.0038
[269/444] global=268 correct=0 p_gold=0.0240
[270/444] global=269 correct=0 p_gold=0.0640
[271/444] global=270 correct=0 p_gold=0.0041
[272/444] global=271 correct=0 p_gold=0.0499
[273/444] global=272 correct=0 p_gold=0.1196
[274/444] global=273 correct=0 p_gold=0.0038
[275/444] global=274 correct=0 p_gold=0.0350
[276/444] global=275 correct=0 p_gold=0.1435
[277/444] global=276 correct=0 p_gold=0.0253
[278/444] global=277 correct=0 p_gold=0.1062
[279/444] global=278 correct=0 p_gold=0.0353
[280/444] global=279 correct=0 p_gold=0.1168
[281/444] global=280 correct=1 p_gold=0.4399
[282/444] global=281 correct=0 p_gold=0.0301
[283/444] global=282 correct=0 p_gold=0.0412
[284/444] global=283 correct=0 p_gold=0.1435
[285/444] global=284 correct=1 p_gold=0.4488
[286/444] global=285 correct=0 p_gold=0.0241
[287/444] global=286 correct=0 p_gold=0.0338
[288/444] global=287 correct=1 p_gold=0.3875
[289/444] global=288 correct=0 p_gold=0.0650
[290/444] global=289 correct=1 p_gold=0.4443
[291/444] global=290 correct=1 p_gold=0.4011
[292/444] global=291 correct=1 p_gold=0.3697
[293/444] global=292 correct=1 p_gold=0.4624
[294/444] global=293 correct=0 p_gold=0.0205
[295/444] global=294 correct=1 p_gold=0.4157
[296/444] global=295 correct=1 p_gold=0.6091
[297/444] global=296 correct=1 p_gold=0.8804
[298/444] global=297 correct=0 p_gold=0.0520
[299/444] global=298 correct=0 p_gold=0.1127
[300/444] global=299 correct=1 p_gold=0.4144
[301/444] global=300 correct=0 p_gold=0.0452
[302/444] global=301 correct=0 p_gold=0.0407
[303/444] global=302 correct=1 p_gold=0.2117
[304/444] global=303 correct=1 p_gold=0.4987
[305/444] global=304 correct=0 p_gold=0.0166
[306/444] global=305 correct=0 p_gold=0.0822
[307/444] global=306 correct=0 p_gold=0.0126
[308/444] global=307 correct=1 p_gold=0.1718
[309/444] global=308 correct=0 p_gold=0.1116
[310/444] global=309 correct=0 p_gold=0.2377
[311/444] global=310 correct=1 p_gold=0.1744
[312/444] global=311 correct=1 p_gold=0.3250
[313/444] global=312 correct=0 p_gold=0.0607
[314/444] global=313 correct=1 p_gold=0.3659
[315/444] global=314 correct=0 p_gold=0.0009
[316/444] global=315 correct=0 p_gold=0.0050
[317/444] global=316 correct=0 p_gold=0.0217
[318/444] global=317 correct=0 p_gold=0.0046
[319/444] global=318 correct=0 p_gold=0.0030
[320/444] global=319 correct=0 p_gold=0.0048
[321/444] global=320 correct=0 p_gold=0.0665
[322/444] global=321 correct=0 p_gold=0.0798
[323/444] global=322 correct=1 p_gold=0.5315
[324/444] global=323 correct=1 p_gold=0.5373
[325/444] global=324 correct=1 p_gold=0.8563
[326/444] global=325 correct=1 p_gold=0.5381
[327/444] global=326 correct=0 p_gold=0.2465
[328/444] global=327 correct=0 p_gold=0.0340
[329/444] global=328 correct=1 p_gold=0.4767
[330/444] global=329 correct=0 p_gold=0.1846
[331/444] global=330 correct=1 p_gold=0.5616
[332/444] global=331 correct=0 p_gold=0.0461
[333/444] global=332 correct=1 p_gold=0.5761
[334/444] global=333 correct=1 p_gold=0.4340
[335/444] global=334 correct=1 p_gold=0.6970
[336/444] global=335 correct=1 p_gold=0.6767
[337/444] global=336 correct=0 p_gold=0.0132
[338/444] global=337 correct=0 p_gold=0.0232
[339/444] global=338 correct=0 p_gold=0.0478
[340/444] global=339 correct=0 p_gold=0.0715
[341/444] global=340 correct=1 p_gold=0.5672
[342/444] global=341 correct=1 p_gold=0.5073
[343/444] global=342 correct=0 p_gold=0.0379
[344/444] global=343 correct=1 p_gold=0.5047
[345/444] global=344 correct=0 p_gold=0.0193
[346/444] global=345 correct=1 p_gold=0.5921
[347/444] global=346 correct=0 p_gold=0.0342
[348/444] global=347 correct=1 p_gold=0.5921
[349/444] global=348 correct=0 p_gold=0.0173
[350/444] global=349 correct=1 p_gold=0.5020
[351/444] global=350 correct=0 p_gold=0.0313
[352/444] global=351 correct=1 p_gold=0.6205
[353/444] global=352 correct=0 p_gold=0.0141
[354/444] global=353 correct=1 p_gold=0.4634
[355/444] global=354 correct=0 p_gold=0.2559
[356/444] global=355 correct=1 p_gold=0.4541
[357/444] global=356 correct=0 p_gold=0.1571
[358/444] global=357 correct=0 p_gold=0.1202
[359/444] global=358 correct=0 p_gold=0.0504
[360/444] global=359 correct=1 p_gold=0.7217
[361/444] global=360 correct=0 p_gold=0.0586
[362/444] global=361 correct=1 p_gold=0.4313
[363/444] global=362 correct=1 p_gold=0.3926
[364/444] global=363 correct=1 p_gold=0.4762
[365/444] global=364 correct=0 p_gold=0.0245
[366/444] global=365 correct=0 p_gold=0.1022
[367/444] global=366 correct=0 p_gold=0.0101
[368/444] global=367 correct=1 p_gold=0.2073
[369/444] global=368 correct=0 p_gold=0.0992
[370/444] global=369 correct=0 p_gold=0.0049
[371/444] global=370 correct=1 p_gold=0.3434
[372/444] global=371 correct=0 p_gold=0.0214
[373/444] global=372 correct=0 p_gold=0.0302
[374/444] global=373 correct=0 p_gold=0.0374
[375/444] global=374 correct=0 p_gold=0.0193
[376/444] global=375 correct=1 p_gold=0.3187
[377/444] global=376 correct=0 p_gold=0.0368
[378/444] global=377 correct=0 p_gold=0.0232
[379/444] global=378 correct=0 p_gold=0.0565
[380/444] global=379 correct=1 p_gold=0.3741
[381/444] global=380 correct=0 p_gold=0.0192
[382/444] global=381 correct=0 p_gold=0.0241
[383/444] global=382 correct=1 p_gold=0.1907
[384/444] global=383 correct=0 p_gold=0.0048
[385/444] global=384 correct=0 p_gold=0.0315
[386/444] global=385 correct=1 p_gold=0.1938
[387/444] global=386 correct=0 p_gold=0.0038
[388/444] global=387 correct=0 p_gold=0.0072
[389/444] global=388 correct=1 p_gold=0.1602
[390/444] global=389 correct=0 p_gold=0.0048
[391/444] global=390 correct=0 p_gold=0.0414
[392/444] global=391 correct=0 p_gold=0.0896
[393/444] global=392 correct=0 p_gold=0.1086
[394/444] global=393 correct=0 p_gold=0.2392
[395/444] global=394 correct=1 p_gold=0.4980
[396/444] global=395 correct=1 p_gold=0.5633
[397/444] global=396 correct=0 p_gold=0.0782
[398/444] global=397 correct=1 p_gold=0.5411
[399/444] global=398 correct=1 p_gold=0.5714
[400/444] global=399 correct=1 p_gold=0.8411
[401/444] global=400 correct=0 p_gold=0.0409
[402/444] global=401 correct=0 p_gold=0.1103
[403/444] global=402 correct=1 p_gold=0.5019
[404/444] global=403 correct=0 p_gold=0.0298
[405/444] global=404 correct=0 p_gold=0.0246
[406/444] global=405 correct=1 p_gold=0.1440
[407/444] global=406 correct=1 p_gold=0.4846
[408/444] global=407 correct=0 p_gold=0.0152
[409/444] global=408 correct=0 p_gold=0.0362
[410/444] global=409 correct=0 p_gold=0.0156
[411/444] global=410 correct=1 p_gold=0.2487
[412/444] global=411 correct=1 p_gold=0.3084
[413/444] global=412 correct=0 p_gold=0.2581
[414/444] global=413 correct=0 p_gold=0.0793
[415/444] global=414 correct=1 p_gold=0.4072
[416/444] global=415 correct=0 p_gold=0.0179
[417/444] global=416 correct=0 p_gold=0.0206
[418/444] global=417 correct=0 p_gold=0.0237
[419/444] global=418 correct=1 p_gold=0.6381
[420/444] global=419 correct=0 p_gold=0.0264
[421/444] global=420 correct=1 p_gold=0.7412
[422/444] global=421 correct=0 p_gold=0.0148
[423/444] global=422 correct=0 p_gold=0.2331
[424/444] global=423 correct=1 p_gold=0.7257
[425/444] global=424 correct=0 p_gold=0.0164
[426/444] global=425 correct=0 p_gold=0.0280
[427/444] global=426 correct=1 p_gold=0.6735
[428/444] global=427 correct=1 p_gold=0.7343
[429/444] global=428 correct=1 p_gold=0.8248
[430/444] global=429 correct=0 p_gold=0.0428
[431/444] global=430 correct=0 p_gold=0.0286
[432/444] global=431 correct=1 p_gold=0.3090
[433/444] global=432 correct=0 p_gold=0.0321
[434/444] global=433 correct=0 p_gold=0.0356
[435/444] global=434 correct=1 p_gold=0.5137
[436/444] global=435 correct=0 p_gold=0.0031
[437/444] global=436 correct=1 p_gold=0.3864
[438/444] global=437 correct=1 p_gold=0.5116
[439/444] global=438 correct=1 p_gold=0.6546
[440/444] global=439 correct=0 p_gold=0.1030
[441/444] global=440 correct=0 p_gold=0.0681
[442/444] global=441 correct=1 p_gold=0.7050
[443/444] global=442 correct=0 p_gold=0.4397
[444/444] global=443 correct=1 p_gold=0.9361
{
  "decision_file": "/data/user/agent_self_evolution_gradient/data/alfworld_expert_large/valid_seen.jsonl",
  "model_path": "/data/user/agent_self_evolution_gradient/model",
  "parameter_delta": null,
  "tokenizer_path": "/data/user/agent_self_evolution_gradient/model",
  "condition_name": "base_fp32",
  "prompt_mode": "existing_plain_prompt",
  "decision_offset": 0,
  "evaluated_decisions": 444,
  "top1_accuracy": 0.4099099099099099,
  "mean_expert_probability": 0.23051383659211597,
  "mean_nll": 2.347885999307362
}
Loading checkpoint shards:   0%|          | 0/2 [00:00<?, ?it/s]Loading checkpoint shards:  50%|█████     | 1/2 [00:00<00:00,  1.08it/s]Loading checkpoint shards: 100%|██████████| 2/2 [00:01<00:00,  1.43it/s]Loading checkpoint shards: 100%|██████████| 2/2 [00:01<00:00,  1.36it/s]
[1/527] global=0 correct=0 p_gold=0.0649
[2/527] global=1 correct=1 p_gold=0.3642
[3/527] global=2 correct=1 p_gold=0.3396
[4/527] global=3 correct=1 p_gold=0.5938
[5/527] global=4 correct=1 p_gold=0.3737
[6/527] global=5 correct=0 p_gold=0.0323
[7/527] global=6 correct=0 p_gold=0.0041
[8/527] global=7 correct=0 p_gold=0.0745
[9/527] global=8 correct=0 p_gold=0.0386
[10/527] global=9 correct=1 p_gold=0.2966
[11/527] global=10 correct=0 p_gold=0.0952
[12/527] global=11 correct=0 p_gold=0.0092
[13/527] global=12 correct=0 p_gold=0.0531
[14/527] global=13 correct=0 p_gold=0.0152
[15/527] global=14 correct=0 p_gold=0.0324
[16/527] global=15 correct=0 p_gold=0.0335
[17/527] global=16 correct=0 p_gold=0.1134
[18/527] global=17 correct=0 p_gold=0.0739
[19/527] global=18 correct=0 p_gold=0.0247
[20/527] global=19 correct=0 p_gold=0.1209
[21/527] global=20 correct=0 p_gold=0.0890
[22/527] global=21 correct=0 p_gold=0.0188
[23/527] global=22 correct=1 p_gold=0.1454
[24/527] global=23 correct=1 p_gold=0.2187
[25/527] global=24 correct=1 p_gold=0.1741
[26/527] global=25 correct=0 p_gold=0.0260
[27/527] global=26 correct=1 p_gold=0.4746
[28/527] global=27 correct=1 p_gold=0.4966
[29/527] global=28 correct=1 p_gold=0.4881
[30/527] global=29 correct=0 p_gold=0.0312
[31/527] global=30 correct=0 p_gold=0.0133
[32/527] global=31 correct=0 p_gold=0.0142
[33/527] global=32 correct=0 p_gold=0.0066
[34/527] global=33 correct=0 p_gold=0.0038
[35/527] global=34 correct=0 p_gold=0.0051
[36/527] global=35 correct=0 p_gold=0.1799
[37/527] global=36 correct=0 p_gold=0.0287
[38/527] global=37 correct=1 p_gold=0.4589
[39/527] global=38 correct=0 p_gold=0.0108
[40/527] global=39 correct=0 p_gold=0.0519
[41/527] global=40 correct=0 p_gold=0.0501
[42/527] global=41 correct=0 p_gold=0.0698
[43/527] global=42 correct=0 p_gold=0.0823
[44/527] global=43 correct=0 p_gold=0.0533
[45/527] global=44 correct=0 p_gold=0.0158
[46/527] global=45 correct=0 p_gold=0.1696
[47/527] global=46 correct=0 p_gold=0.0667
[48/527] global=47 correct=0 p_gold=0.0444
[49/527] global=48 correct=0 p_gold=0.0796
[50/527] global=49 correct=0 p_gold=0.0847
[51/527] global=50 correct=0 p_gold=0.0898
[52/527] global=51 correct=0 p_gold=0.0836
[53/527] global=52 correct=0 p_gold=0.1366
[54/527] global=53 correct=0 p_gold=0.0798
[55/527] global=54 correct=0 p_gold=0.1071
[56/527] global=55 correct=0 p_gold=0.0949
[57/527] global=56 correct=1 p_gold=0.5344
[58/527] global=57 correct=0 p_gold=0.0279
[59/527] global=58 correct=0 p_gold=0.0448
[60/527] global=59 correct=1 p_gold=0.7046
[61/527] global=60 correct=0 p_gold=0.3524
[62/527] global=61 correct=1 p_gold=0.5135
[63/527] global=62 correct=1 p_gold=0.7823
[64/527] global=63 correct=0 p_gold=0.0429
[65/527] global=64 correct=1 p_gold=0.8356
[66/527] global=65 correct=1 p_gold=0.7493
[67/527] global=66 correct=1 p_gold=0.9360
[68/527] global=67 correct=0 p_gold=0.0162
[69/527] global=68 correct=0 p_gold=0.0818
[70/527] global=69 correct=0 p_gold=0.1076
[71/527] global=70 correct=0 p_gold=0.0759
[72/527] global=71 correct=0 p_gold=0.0696
[73/527] global=72 correct=0 p_gold=0.0597
[74/527] global=73 correct=0 p_gold=0.0205
[75/527] global=74 correct=0 p_gold=0.0390
[76/527] global=75 correct=0 p_gold=0.0563
[77/527] global=76 correct=0 p_gold=0.0400
[78/527] global=77 correct=1 p_gold=0.3913
[79/527] global=78 correct=0 p_gold=0.0336
[80/527] global=79 correct=0 p_gold=0.0287
[81/527] global=80 correct=0 p_gold=0.0567
[82/527] global=81 correct=1 p_gold=0.4023
[83/527] global=82 correct=1 p_gold=0.1726
[84/527] global=83 correct=0 p_gold=0.0282
[85/527] global=84 correct=0 p_gold=0.1447
[86/527] global=85 correct=1 p_gold=0.2775
[87/527] global=86 correct=1 p_gold=0.4032
[88/527] global=87 correct=0 p_gold=0.0138
[89/527] global=88 correct=0 p_gold=0.0782
[90/527] global=89 correct=0 p_gold=0.1304
[91/527] global=90 correct=0 p_gold=0.0953
[92/527] global=91 correct=0 p_gold=0.0485
[93/527] global=92 correct=0 p_gold=0.0342
[94/527] global=93 correct=0 p_gold=0.0233
[95/527] global=94 correct=0 p_gold=0.0249
[96/527] global=95 correct=0 p_gold=0.0300
[97/527] global=96 correct=0 p_gold=0.0132
[98/527] global=97 correct=1 p_gold=0.2783
[99/527] global=98 correct=0 p_gold=0.0426
[100/527] global=99 correct=0 p_gold=0.0163
[101/527] global=100 correct=0 p_gold=0.0410
[102/527] global=101 correct=1 p_gold=0.3777
[103/527] global=102 correct=0 p_gold=0.1684
[104/527] global=103 correct=0 p_gold=0.0110
[105/527] global=104 correct=0 p_gold=0.1730
[106/527] global=105 correct=1 p_gold=0.3716
[107/527] global=106 correct=1 p_gold=0.3718
[108/527] global=107 correct=0 p_gold=0.0106
[109/527] global=108 correct=0 p_gold=0.0915
[110/527] global=109 correct=1 p_gold=0.1253
[111/527] global=110 correct=0 p_gold=0.0856
[112/527] global=111 correct=0 p_gold=0.0890
[113/527] global=112 correct=0 p_gold=0.1134
[114/527] global=113 correct=0 p_gold=0.0237
[115/527] global=114 correct=0 p_gold=0.0314
[116/527] global=115 correct=0 p_gold=0.0471
[117/527] global=116 correct=0 p_gold=0.0586
[118/527] global=117 correct=1 p_gold=0.2927
[119/527] global=118 correct=0 p_gold=0.0247
[120/527] global=119 correct=0 p_gold=0.0347
[121/527] global=120 correct=0 p_gold=0.0768
[122/527] global=121 correct=1 p_gold=0.4210
[123/527] global=122 correct=0 p_gold=0.0149
[124/527] global=123 correct=0 p_gold=0.0370
[125/527] global=124 correct=1 p_gold=0.1381
[126/527] global=125 correct=0 p_gold=0.0197
[127/527] global=126 correct=0 p_gold=0.0900
[128/527] global=127 correct=1 p_gold=0.3510
[129/527] global=128 correct=0 p_gold=0.0190
[130/527] global=129 correct=0 p_gold=0.0512
[131/527] global=130 correct=1 p_gold=0.3443
[132/527] global=131 correct=0 p_gold=0.0119
[133/527] global=132 correct=1 p_gold=0.1710
[134/527] global=133 correct=1 p_gold=0.1893
[135/527] global=134 correct=0 p_gold=0.0451
[136/527] global=135 correct=1 p_gold=0.5102
[137/527] global=136 correct=1 p_gold=0.4228
[138/527] global=137 correct=1 p_gold=0.3378
[139/527] global=138 correct=0 p_gold=0.0411
[140/527] global=139 correct=1 p_gold=0.8018
[141/527] global=140 correct=1 p_gold=0.6073
[142/527] global=141 correct=1 p_gold=0.9370
[143/527] global=142 correct=0 p_gold=0.0553
[144/527] global=143 correct=0 p_gold=0.0587
[145/527] global=144 correct=1 p_gold=0.3977
[146/527] global=145 correct=0 p_gold=0.0259
[147/527] global=146 correct=0 p_gold=0.0489
[148/527] global=147 correct=1 p_gold=0.5845
[149/527] global=148 correct=0 p_gold=0.0420
[150/527] global=149 correct=1 p_gold=0.6729
[151/527] global=150 correct=1 p_gold=0.1775
[152/527] global=151 correct=1 p_gold=0.4688
[153/527] global=152 correct=1 p_gold=0.4703
[154/527] global=153 correct=0 p_gold=0.1104
[155/527] global=154 correct=0 p_gold=0.0469
[156/527] global=155 correct=0 p_gold=0.0169
[157/527] global=156 correct=0 p_gold=0.0081
[158/527] global=157 correct=0 p_gold=0.0028
[159/527] global=158 correct=0 p_gold=0.0273
[160/527] global=159 correct=1 p_gold=0.4233
[161/527] global=160 correct=0 p_gold=0.1702
[162/527] global=161 correct=0 p_gold=0.0850
[163/527] global=162 correct=0 p_gold=0.0429
[164/527] global=163 correct=1 p_gold=0.2851
[165/527] global=164 correct=0 p_gold=0.0344
[166/527] global=165 correct=0 p_gold=0.0435
[167/527] global=166 correct=0 p_gold=0.0869
[168/527] global=167 correct=1 p_gold=0.4931
[169/527] global=168 correct=0 p_gold=0.0158
[170/527] global=169 correct=1 p_gold=0.1575
[171/527] global=170 correct=0 p_gold=0.0688
[172/527] global=171 correct=0 p_gold=0.0427
[173/527] global=172 correct=1 p_gold=0.3271
[174/527] global=173 correct=0 p_gold=0.0216
[175/527] global=174 correct=1 p_gold=0.6375
[176/527] global=175 correct=1 p_gold=0.2932
[177/527] global=176 correct=1 p_gold=0.6614
[178/527] global=177 correct=0 p_gold=0.0249
[179/527] global=178 correct=0 p_gold=0.0297
[180/527] global=179 correct=1 p_gold=0.5214
[181/527] global=180 correct=0 p_gold=0.0005
[182/527] global=181 correct=0 p_gold=0.0004
[183/527] global=182 correct=0 p_gold=0.0798
[184/527] global=183 correct=0 p_gold=0.0978
[185/527] global=184 correct=0 p_gold=0.0385
[186/527] global=185 correct=0 p_gold=0.0106
[187/527] global=186 correct=0 p_gold=0.0020
[188/527] global=187 correct=0 p_gold=0.0008
[189/527] global=188 correct=0 p_gold=0.0073
[190/527] global=189 correct=0 p_gold=0.0007
[191/527] global=190 correct=0 p_gold=0.0381
[192/527] global=191 correct=0 p_gold=0.0038
[193/527] global=192 correct=0 p_gold=0.0035
[194/527] global=193 correct=0 p_gold=0.0013
[195/527] global=194 correct=0 p_gold=0.0063
[196/527] global=195 correct=0 p_gold=0.3521
[197/527] global=196 correct=0 p_gold=0.0052
[198/527] global=197 correct=0 p_gold=0.0097
[199/527] global=198 correct=0 p_gold=0.0025
[200/527] global=199 correct=0 p_gold=0.0121
[201/527] global=200 correct=0 p_gold=0.0061
[202/527] global=201 correct=0 p_gold=0.2052
[203/527] global=202 correct=0 p_gold=0.0047
[204/527] global=203 correct=0 p_gold=0.0038
[205/527] global=204 correct=0 p_gold=0.0055
[206/527] global=205 correct=0 p_gold=0.2089
[207/527] global=206 correct=0 p_gold=0.0057
[208/527] global=207 correct=0 p_gold=0.2314
[209/527] global=208 correct=0 p_gold=0.0138
[210/527] global=209 correct=0 p_gold=0.1864
[211/527] global=210 correct=0 p_gold=0.0260
[212/527] global=211 correct=0 p_gold=0.1141
[213/527] global=212 correct=0 p_gold=0.0188
[214/527] global=213 correct=1 p_gold=0.1454
[215/527] global=214 correct=1 p_gold=0.2187
[216/527] global=215 correct=1 p_gold=0.1741
[217/527] global=216 correct=0 p_gold=0.0260
[218/527] global=217 correct=1 p_gold=0.4746
[219/527] global=218 correct=1 p_gold=0.4966
[220/527] global=219 correct=1 p_gold=0.4881
[221/527] global=220 correct=0 p_gold=0.0151
[222/527] global=221 correct=0 p_gold=0.0748
[223/527] global=222 correct=0 p_gold=0.1020
[224/527] global=223 correct=0 p_gold=0.0712
[225/527] global=224 correct=0 p_gold=0.0327
[226/527] global=225 correct=0 p_gold=0.0795
[227/527] global=226 correct=0 p_gold=0.0307
[228/527] global=227 correct=0 p_gold=0.0329
[229/527] global=228 correct=1 p_gold=0.4584
[230/527] global=229 correct=0 p_gold=0.1505
[231/527] global=230 correct=1 p_gold=0.6705
[232/527] global=231 correct=1 p_gold=0.2461
[233/527] global=232 correct=1 p_gold=0.5792
[234/527] global=233 correct=0 p_gold=0.0552
[235/527] global=234 correct=1 p_gold=0.3834
[236/527] global=235 correct=0 p_gold=0.0441
[237/527] global=236 correct=0 p_gold=0.0267
[238/527] global=237 correct=0 p_gold=0.1040
[239/527] global=238 correct=1 p_gold=0.5730
[240/527] global=239 correct=0 p_gold=0.0310
[241/527] global=240 correct=0 p_gold=0.0911
[242/527] global=241 correct=0 p_gold=0.0531
[243/527] global=242 correct=0 p_gold=0.0721
[244/527] global=243 correct=0 p_gold=0.1071
[245/527] global=244 correct=0 p_gold=0.1212
[246/527] global=245 correct=1 p_gold=0.6689
[247/527] global=246 correct=1 p_gold=0.2458
[248/527] global=247 correct=1 p_gold=0.3401
[249/527] global=248 correct=0 p_gold=0.0563
[250/527] global=249 correct=0 p_gold=0.1112
[251/527] global=250 correct=1 p_gold=0.4985
[252/527] global=251 correct=0 p_gold=0.0251
[253/527] global=252 correct=0 p_gold=0.0608
[254/527] global=253 correct=0 p_gold=0.1496
[255/527] global=254 correct=1 p_gold=0.4612
[256/527] global=255 correct=0 p_gold=0.0156
[257/527] global=256 correct=0 p_gold=0.0955
[258/527] global=257 correct=1 p_gold=0.2547
[259/527] global=258 correct=1 p_gold=0.4626
[260/527] global=259 correct=0 p_gold=0.2425
[261/527] global=260 correct=1 p_gold=0.2376
[262/527] global=261 correct=1 p_gold=0.2278
[263/527] global=262 correct=0 p_gold=0.0145
[264/527] global=263 correct=0 p_gold=0.0675
[265/527] global=264 correct=0 p_gold=0.1230
[266/527] global=265 correct=0 p_gold=0.0879
[267/527] global=266 correct=0 p_gold=0.0320
[268/527] global=267 correct=0 p_gold=0.0337
[269/527] global=268 correct=0 p_gold=0.0396
[270/527] global=269 correct=0 p_gold=0.0248
[271/527] global=270 correct=0 p_gold=0.0161
[272/527] global=271 correct=0 p_gold=0.0092
[273/527] global=272 correct=1 p_gold=0.3074
[274/527] global=273 correct=0 p_gold=0.0306
[275/527] global=274 correct=0 p_gold=0.0242
[276/527] global=275 correct=0 p_gold=0.0396
[277/527] global=276 correct=1 p_gold=0.3055
[278/527] global=277 correct=0 p_gold=0.0213
[279/527] global=278 correct=0 p_gold=0.0176
[280/527] global=279 correct=0 p_gold=0.1989
[281/527] global=280 correct=0 p_gold=0.0144
[282/527] global=281 correct=0 p_gold=0.0209
[283/527] global=282 correct=0 p_gold=0.1828
[284/527] global=283 correct=0 p_gold=0.0139
[285/527] global=284 correct=0 p_gold=0.0164
[286/527] global=285 correct=0 p_gold=0.1658
[287/527] global=286 correct=0 p_gold=0.0165
[288/527] global=287 correct=0 p_gold=0.0621
[289/527] global=288 correct=0 p_gold=0.0378
[290/527] global=289 correct=0 p_gold=0.0152
[291/527] global=290 correct=0 p_gold=0.0097
[292/527] global=291 correct=1 p_gold=0.2388
[293/527] global=292 correct=1 p_gold=0.3580
[294/527] global=293 correct=0 p_gold=0.0589
[295/527] global=294 correct=1 p_gold=0.6069
[296/527] global=295 correct=1 p_gold=0.3045
[297/527] global=296 correct=1 p_gold=0.7249
[298/527] global=297 correct=0 p_gold=0.0510
[299/527] global=298 correct=1 p_gold=0.2653
[300/527] global=299 correct=1 p_gold=0.5661
[301/527] global=300 correct=0 p_gold=0.0484
[302/527] global=301 correct=1 p_gold=0.3533
[303/527] global=302 correct=1 p_gold=0.6527
[304/527] global=303 correct=0 p_gold=0.0320
[305/527] global=304 correct=0 p_gold=0.1546
[306/527] global=305 correct=1 p_gold=0.7084
[307/527] global=306 correct=0 p_gold=0.0670
[308/527] global=307 correct=0 p_gold=0.0481
[309/527] global=308 correct=0 p_gold=0.0357
[310/527] global=309 correct=0 p_gold=0.0061
[311/527] global=310 correct=0 p_gold=0.2139
[312/527] global=311 correct=0 p_gold=0.0632
[313/527] global=312 correct=1 p_gold=0.7641
[314/527] global=313 correct=1 p_gold=0.4005
[315/527] global=314 correct=1 p_gold=0.7058
[316/527] global=315 correct=1 p_gold=0.7788
[317/527] global=316 correct=0 p_gold=0.0151
[318/527] global=317 correct=0 p_gold=0.0748
[319/527] global=318 correct=0 p_gold=0.1020
[320/527] global=319 correct=0 p_gold=0.0777
[321/527] global=320 correct=0 p_gold=0.0343
[322/527] global=321 correct=0 p_gold=0.0796
[323/527] global=322 correct=0 p_gold=0.0259
[324/527] global=323 correct=0 p_gold=0.0470
[325/527] global=324 correct=0 p_gold=0.0382
[326/527] global=325 correct=0 p_gold=0.0515
[327/527] global=326 correct=1 p_gold=0.2247
[328/527] global=327 correct=0 p_gold=0.0279
[329/527] global=328 correct=0 p_gold=0.0384
[330/527] global=329 correct=0 p_gold=0.0627
[331/527] global=330 correct=1 p_gold=0.3693
[332/527] global=331 correct=0 p_gold=0.0146
[333/527] global=332 correct=0 p_gold=0.0333
[334/527] global=333 correct=1 p_gold=0.2244
[335/527] global=334 correct=0 p_gold=0.0121
[336/527] global=335 correct=0 p_gold=0.0976
[337/527] global=336 correct=1 p_gold=0.2968
[338/527] global=337 correct=0 p_gold=0.0137
[339/527] global=338 correct=0 p_gold=0.0646
[340/527] global=339 correct=1 p_gold=0.2904
[341/527] global=340 correct=0 p_gold=0.0308
[342/527] global=341 correct=0 p_gold=0.1137
[343/527] global=342 correct=0 p_gold=0.0780
[344/527] global=343 correct=1 p_gold=0.2650
[345/527] global=344 correct=0 p_gold=0.0974
[346/527] global=345 correct=1 p_gold=0.6840
[347/527] global=346 correct=1 p_gold=0.3350
[348/527] global=347 correct=1 p_gold=0.6031
[349/527] global=348 correct=0 p_gold=0.0600
[350/527] global=349 correct=0 p_gold=0.1267
[351/527] global=350 correct=1 p_gold=0.4044
[352/527] global=351 correct=0 p_gold=0.0274
[353/527] global=352 correct=0 p_gold=0.0673
[354/527] global=353 correct=0 p_gold=0.0746
[355/527] global=354 correct=1 p_gold=0.4522
[356/527] global=355 correct=0 p_gold=0.0288
[357/527] global=356 correct=0 p_gold=0.0902
[358/527] global=357 correct=1 p_gold=0.2206
[359/527] global=358 correct=1 p_gold=0.3732
[360/527] global=359 correct=0 p_gold=0.2548
[361/527] global=360 correct=1 p_gold=0.3253
[362/527] global=361 correct=1 p_gold=0.4126
[363/527] global=362 correct=0 p_gold=0.0411
[364/527] global=363 correct=0 p_gold=0.0731
[365/527] global=364 correct=1 p_gold=0.8540
[366/527] global=365 correct=1 p_gold=0.8038
[367/527] global=366 correct=1 p_gold=0.9446
[368/527] global=367 correct=0 p_gold=0.0365
[369/527] global=368 correct=0 p_gold=0.0688
[370/527] global=369 correct=1 p_gold=0.7118
[371/527] global=370 correct=1 p_gold=0.4824
[372/527] global=371 correct=1 p_gold=0.7489
[373/527] global=372 correct=1 p_gold=0.8185
[374/527] global=373 correct=0 p_gold=0.0516
[375/527] global=374 correct=0 p_gold=0.0417
[376/527] global=375 correct=0 p_gold=0.0289
[377/527] global=376 correct=0 p_gold=0.0294
[378/527] global=377 correct=0 p_gold=0.0064
[379/527] global=378 correct=0 p_gold=0.0291
[380/527] global=379 correct=0 p_gold=0.0175
[381/527] global=380 correct=1 p_gold=0.5559
[382/527] global=381 correct=0 p_gold=0.0086
[383/527] global=382 correct=0 p_gold=0.0288
[384/527] global=383 correct=0 p_gold=0.0021
[385/527] global=384 correct=0 p_gold=0.2827
[386/527] global=385 correct=0 p_gold=0.0090
[387/527] global=386 correct=0 p_gold=0.0031
[388/527] global=387 correct=0 p_gold=0.0037
[389/527] global=388 correct=0 p_gold=0.3397
[390/527] global=389 correct=0 p_gold=0.0105
[391/527] global=390 correct=0 p_gold=0.0133
[392/527] global=391 correct=0 p_gold=0.0094
[393/527] global=392 correct=0 p_gold=0.3692
[394/527] global=393 correct=0 p_gold=0.0224
[395/527] global=394 correct=1 p_gold=0.5248
[396/527] global=395 correct=0 p_gold=0.1034
[397/527] global=396 correct=0 p_gold=0.0082
[398/527] global=397 correct=1 p_gold=0.4011
[399/527] global=398 correct=0 p_gold=0.0089
[400/527] global=399 correct=0 p_gold=0.0781
[401/527] global=400 correct=0 p_gold=0.0635
[402/527] global=401 correct=0 p_gold=0.0188
[403/527] global=402 correct=0 p_gold=0.0485
[404/527] global=403 correct=1 p_gold=0.5149
[405/527] global=404 correct=0 p_gold=0.0119
[406/527] global=405 correct=1 p_gold=0.2014
[407/527] global=406 correct=1 p_gold=0.5087
[408/527] global=407 correct=0 p_gold=0.1327
[409/527] global=408 correct=1 p_gold=0.6020
[410/527] global=409 correct=1 p_gold=0.3549
[411/527] global=410 correct=1 p_gold=0.6053
[412/527] global=411 correct=0 p_gold=0.0121
[413/527] global=412 correct=0 p_gold=0.0685
[414/527] global=413 correct=0 p_gold=0.0671
[415/527] global=414 correct=0 p_gold=0.0417
[416/527] global=415 correct=0 p_gold=0.0236
[417/527] global=416 correct=0 p_gold=0.0452
[418/527] global=417 correct=0 p_gold=0.0390
[419/527] global=418 correct=0 p_gold=0.0390
[420/527] global=419 correct=1 p_gold=0.4038
[421/527] global=420 correct=0 p_gold=0.0644
[422/527] global=421 correct=1 p_gold=0.5336
[423/527] global=422 correct=1 p_gold=0.4435
[424/527] global=423 correct=1 p_gold=0.7208
[425/527] global=424 correct=0 p_gold=0.0143
[426/527] global=425 correct=0 p_gold=0.0842
[427/527] global=426 correct=0 p_gold=0.1424
[428/527] global=427 correct=0 p_gold=0.0902
[429/527] global=428 correct=0 p_gold=0.0359
[430/527] global=429 correct=0 p_gold=0.1313
[431/527] global=430 correct=0 p_gold=0.0518
[432/527] global=431 correct=0 p_gold=0.0425
[433/527] global=432 correct=1 p_gold=0.3686
[434/527] global=433 correct=0 p_gold=0.0719
[435/527] global=434 correct=1 p_gold=0.4452
[436/527] global=435 correct=1 p_gold=0.3271
[437/527] global=436 correct=1 p_gold=0.7029
[438/527] global=437 correct=0 p_gold=0.0165
[439/527] global=438 correct=0 p_gold=0.0910
[440/527] global=439 correct=0 p_gold=0.0998
[441/527] global=440 correct=1 p_gold=0.5467
[442/527] global=441 correct=0 p_gold=0.0655
[443/527] global=442 correct=1 p_gold=0.4629
[444/527] global=443 correct=1 p_gold=0.3911
[445/527] global=444 correct=1 p_gold=0.6129
[446/527] global=445 correct=0 p_gold=0.0312
[447/527] global=446 correct=0 p_gold=0.0327
[448/527] global=447 correct=0 p_gold=0.0284
[449/527] global=448 correct=0 p_gold=0.0051
[450/527] global=449 correct=0 p_gold=0.0070
[451/527] global=450 correct=0 p_gold=0.0222
[452/527] global=451 correct=1 p_gold=0.4716
[453/527] global=452 correct=0 p_gold=0.0184
[454/527] global=453 correct=1 p_gold=0.5107
[455/527] global=454 correct=0 p_gold=0.0098
[456/527] global=455 correct=0 p_gold=0.0439
[457/527] global=456 correct=0 p_gold=0.0852
[458/527] global=457 correct=1 p_gold=0.2394
[459/527] global=458 correct=0 p_gold=0.1207
[460/527] global=459 correct=0 p_gold=0.0600
[461/527] global=460 correct=0 p_gold=0.1799
[462/527] global=461 correct=1 p_gold=0.2901
[463/527] global=462 correct=0 p_gold=0.0398
[464/527] global=463 correct=1 p_gold=0.5242
[465/527] global=464 correct=1 p_gold=0.2605
[466/527] global=465 correct=1 p_gold=0.6780
[467/527] global=466 correct=0 p_gold=0.0172
[468/527] global=467 correct=0 p_gold=0.0896
[469/527] global=468 correct=1 p_gold=0.1141
[470/527] global=469 correct=0 p_gold=0.0806
[471/527] global=470 correct=0 p_gold=0.0427
[472/527] global=471 correct=0 p_gold=0.0894
[473/527] global=472 correct=0 p_gold=0.0244
[474/527] global=473 correct=0 p_gold=0.0475
[475/527] global=474 correct=0 p_gold=0.0709
[476/527] global=475 correct=0 p_gold=0.0573
[477/527] global=476 correct=1 p_gold=0.3200
[478/527] global=477 correct=0 p_gold=0.0363
[479/527] global=478 correct=0 p_gold=0.0277
[480/527] global=479 correct=0 p_gold=0.0741
[481/527] global=480 correct=1 p_gold=0.4759
[482/527] global=481 correct=0 p_gold=0.0177
[483/527] global=482 correct=0 p_gold=0.0222
[484/527] global=483 correct=1 p_gold=0.1342
[485/527] global=484 correct=0 p_gold=0.0103
[486/527] global=485 correct=0 p_gold=0.0418
[487/527] global=486 correct=1 p_gold=0.1710
[488/527] global=487 correct=0 p_gold=0.0073
[489/527] global=488 correct=0 p_gold=0.0162
[490/527] global=489 correct=1 p_gold=0.1497
[491/527] global=490 correct=0 p_gold=0.0050
[492/527] global=491 correct=1 p_gold=0.1304
[493/527] global=492 correct=1 p_gold=0.1908
[494/527] global=493 correct=0 p_gold=0.0809
[495/527] global=494 correct=1 p_gold=0.4048
[496/527] global=495 correct=1 p_gold=0.5002
[497/527] global=496 correct=1 p_gold=0.2648
[498/527] global=497 correct=0 p_gold=0.1319
[499/527] global=498 correct=0 p_gold=0.0129
[500/527] global=499 correct=1 p_gold=0.4177
[501/527] global=500 correct=0 p_gold=0.0343
[502/527] global=501 correct=1 p_gold=0.1327
[503/527] global=502 correct=1 p_gold=0.4165
[504/527] global=503 correct=0 p_gold=0.0160
[505/527] global=504 correct=0 p_gold=0.0546
[506/527] global=505 correct=1 p_gold=0.4980
[507/527] global=506 correct=0 p_gold=0.0303
[508/527] global=507 correct=1 p_gold=0.1474
[509/527] global=508 correct=0 p_gold=0.0156
[510/527] global=509 correct=1 p_gold=0.2334
[511/527] global=510 correct=0 p_gold=0.0827
[512/527] global=511 correct=1 p_gold=0.6567
[513/527] global=512 correct=0 p_gold=0.1780
[514/527] global=513 correct=1 p_gold=0.6359
[515/527] global=514 correct=0 p_gold=0.0121
[516/527] global=515 correct=0 p_gold=0.0685
[517/527] global=516 correct=0 p_gold=0.0671
[518/527] global=517 correct=0 p_gold=0.0417
[519/527] global=518 correct=0 p_gold=0.0236
[520/527] global=519 correct=0 p_gold=0.0452
[521/527] global=520 correct=0 p_gold=0.0390
[522/527] global=521 correct=0 p_gold=0.0368
[523/527] global=522 correct=1 p_gold=0.5402
[524/527] global=523 correct=0 p_gold=0.0560
[525/527] global=524 correct=1 p_gold=0.5653
[526/527] global=525 correct=1 p_gold=0.4435
[527/527] global=526 correct=1 p_gold=0.6675
{
  "decision_file": "/data/user/agent_self_evolution_gradient/data/alfworld_expert_large/valid_unseen.jsonl",
  "model_path": "/data/user/agent_self_evolution_gradient/model",
  "parameter_delta": null,
  "tokenizer_path": "/data/user/agent_self_evolution_gradient/model",
  "condition_name": "base_fp32",
  "prompt_mode": "existing_plain_prompt",
  "decision_offset": 0,
  "evaluated_decisions": 527,
  "top1_accuracy": 0.31688804554079697,
  "mean_expert_probability": 0.17838008359817487,
  "mean_nll": 2.5731395452497927
}
