Loading checkpoint shards:   0%|          | 0/2 [00:00<?, ?it/s]Loading checkpoint shards:  50%|█████     | 1/2 [00:04<00:04,  4.65s/it]Loading checkpoint shards: 100%|██████████| 2/2 [00:07<00:00,  3.62s/it]Loading checkpoint shards: 100%|██████████| 2/2 [00:07<00:00,  3.77s/it]
[1/444] global=0 correct=0 p_gold=0.0841
[2/444] global=1 correct=0 p_gold=0.0039
[3/444] global=2 correct=1 p_gold=0.4957
[4/444] global=3 correct=0 p_gold=0.0376
[5/444] global=4 correct=0 p_gold=0.0326
[6/444] global=5 correct=1 p_gold=0.4494
[7/444] global=6 correct=0 p_gold=0.0206
[8/444] global=7 correct=0 p_gold=0.0122
[9/444] global=8 correct=1 p_gold=0.3947
[10/444] global=9 correct=0 p_gold=0.0233
[11/444] global=10 correct=0 p_gold=0.0117
[12/444] global=11 correct=1 p_gold=0.3557
[13/444] global=12 correct=0 p_gold=0.0340
[14/444] global=13 correct=0 p_gold=0.0093
[15/444] global=14 correct=1 p_gold=0.3163
[16/444] global=15 correct=0 p_gold=0.0675
[17/444] global=16 correct=0 p_gold=0.0031
[18/444] global=17 correct=0 p_gold=0.1656
[19/444] global=18 correct=0 p_gold=0.0125
[20/444] global=19 correct=0 p_gold=0.0297
[21/444] global=20 correct=1 p_gold=0.4032
[22/444] global=21 correct=0 p_gold=0.0216
[23/444] global=22 correct=1 p_gold=0.3605
[24/444] global=23 correct=1 p_gold=0.1581
[25/444] global=24 correct=0 p_gold=0.0566
[26/444] global=25 correct=1 p_gold=0.5321
[27/444] global=26 correct=0 p_gold=0.3641
[28/444] global=27 correct=1 p_gold=0.9965
[29/444] global=28 correct=1 p_gold=0.6450
[30/444] global=29 correct=0 p_gold=0.0758
[31/444] global=30 correct=0 p_gold=0.0441
[32/444] global=31 correct=0 p_gold=0.0053
[33/444] global=32 correct=1 p_gold=0.6086
[34/444] global=33 correct=0 p_gold=0.0441
[35/444] global=34 correct=0 p_gold=0.2175
[36/444] global=35 correct=1 p_gold=0.7552
[37/444] global=36 correct=0 p_gold=0.0119
[38/444] global=37 correct=0 p_gold=0.0537
[39/444] global=38 correct=1 p_gold=0.5062
[40/444] global=39 correct=0 p_gold=0.0115
[41/444] global=40 correct=0 p_gold=0.0186
[42/444] global=41 correct=1 p_gold=0.2719
[43/444] global=42 correct=0 p_gold=0.0409
[44/444] global=43 correct=0 p_gold=0.0171
[45/444] global=44 correct=1 p_gold=0.3546
[46/444] global=45 correct=0 p_gold=0.0119
[47/444] global=46 correct=0 p_gold=0.0596
[48/444] global=47 correct=1 p_gold=0.5957
[49/444] global=48 correct=0 p_gold=0.0167
[50/444] global=49 correct=0 p_gold=0.0409
[51/444] global=50 correct=1 p_gold=0.7920
[52/444] global=51 correct=0 p_gold=0.0110
[53/444] global=52 correct=0 p_gold=0.2210
[54/444] global=53 correct=0 p_gold=0.3484
[55/444] global=54 correct=0 p_gold=0.4495
[56/444] global=55 correct=1 p_gold=0.9901
[57/444] global=56 correct=1 p_gold=0.7683
[58/444] global=57 correct=0 p_gold=0.2351
[59/444] global=58 correct=1 p_gold=0.7007
[60/444] global=59 correct=0 p_gold=0.1402
[61/444] global=60 correct=1 p_gold=0.9790
[62/444] global=61 correct=1 p_gold=0.6616
[63/444] global=62 correct=0 p_gold=0.1279
[64/444] global=63 correct=0 p_gold=0.0393
[65/444] global=64 correct=1 p_gold=0.5872
[66/444] global=65 correct=0 p_gold=0.0046
[67/444] global=66 correct=0 p_gold=0.0669
[68/444] global=67 correct=1 p_gold=0.4910
[69/444] global=68 correct=1 p_gold=0.7319
[70/444] global=69 correct=0 p_gold=0.0222
[71/444] global=70 correct=1 p_gold=0.7225
[72/444] global=71 correct=1 p_gold=0.9617
[73/444] global=72 correct=0 p_gold=0.0083
[74/444] global=73 correct=0 p_gold=0.0275
[75/444] global=74 correct=0 p_gold=0.0227
[76/444] global=75 correct=0 p_gold=0.0166
[77/444] global=76 correct=0 p_gold=0.0180
[78/444] global=77 correct=0 p_gold=0.0494
[79/444] global=78 correct=0 p_gold=0.0901
[80/444] global=79 correct=1 p_gold=0.5750
[81/444] global=80 correct=1 p_gold=0.5704
[82/444] global=81 correct=0 p_gold=0.0002
[83/444] global=82 correct=1 p_gold=0.7021
[84/444] global=83 correct=0 p_gold=0.1259
[85/444] global=84 correct=1 p_gold=0.9104
[86/444] global=85 correct=0 p_gold=0.0462
[87/444] global=86 correct=0 p_gold=0.0670
[88/444] global=87 correct=1 p_gold=0.4387
[89/444] global=88 correct=0 p_gold=0.0163
[90/444] global=89 correct=0 p_gold=0.0247
[91/444] global=90 correct=1 p_gold=0.4897
[92/444] global=91 correct=0 p_gold=0.1784
[93/444] global=92 correct=1 p_gold=0.3708
[94/444] global=93 correct=1 p_gold=0.6699
[95/444] global=94 correct=1 p_gold=0.9903
[96/444] global=95 correct=0 p_gold=0.0382
[97/444] global=96 correct=1 p_gold=0.3887
[98/444] global=97 correct=0 p_gold=0.0722
[99/444] global=98 correct=1 p_gold=0.5186
[100/444] global=99 correct=1 p_gold=0.8565
[101/444] global=100 correct=0 p_gold=0.0078
[102/444] global=101 correct=0 p_gold=0.0362
[103/444] global=102 correct=0 p_gold=0.0321
[104/444] global=103 correct=0 p_gold=0.0369
[105/444] global=104 correct=0 p_gold=0.0406
[106/444] global=105 correct=0 p_gold=0.0471
[107/444] global=106 correct=0 p_gold=0.1224
[108/444] global=107 correct=0 p_gold=0.0166
[109/444] global=108 correct=1 p_gold=0.3588
[110/444] global=109 correct=0 p_gold=0.0379
[111/444] global=110 correct=0 p_gold=0.0187
[112/444] global=111 correct=0 p_gold=0.0095
[113/444] global=112 correct=1 p_gold=0.3248
[114/444] global=113 correct=0 p_gold=0.0182
[115/444] global=114 correct=0 p_gold=0.0130
[116/444] global=115 correct=1 p_gold=0.2826
[117/444] global=116 correct=0 p_gold=0.0088
[118/444] global=117 correct=1 p_gold=0.3111
[119/444] global=118 correct=1 p_gold=0.2915
[120/444] global=119 correct=0 p_gold=0.2171
[121/444] global=120 correct=0 p_gold=0.0287
[122/444] global=121 correct=0 p_gold=0.0176
[123/444] global=122 correct=1 p_gold=0.4139
[124/444] global=123 correct=0 p_gold=0.0089
[125/444] global=124 correct=0 p_gold=0.0911
[126/444] global=125 correct=0 p_gold=0.1772
[127/444] global=126 correct=1 p_gold=0.8830
[128/444] global=127 correct=0 p_gold=0.0311
[129/444] global=128 correct=0 p_gold=0.0758
[130/444] global=129 correct=1 p_gold=0.5171
[131/444] global=130 correct=0 p_gold=0.0408
[132/444] global=131 correct=0 p_gold=0.0164
[133/444] global=132 correct=0 p_gold=0.1432
[134/444] global=133 correct=1 p_gold=0.4155
[135/444] global=134 correct=0 p_gold=0.0179
[136/444] global=135 correct=1 p_gold=0.4793
[137/444] global=136 correct=1 p_gold=0.3897
[138/444] global=137 correct=0 p_gold=0.0655
[139/444] global=138 correct=1 p_gold=0.6556
[140/444] global=139 correct=1 p_gold=0.3999
[141/444] global=140 correct=1 p_gold=0.4820
[142/444] global=141 correct=1 p_gold=0.9521
[143/444] global=142 correct=0 p_gold=0.0336
[144/444] global=143 correct=0 p_gold=0.0106
[145/444] global=144 correct=0 p_gold=0.0050
[146/444] global=145 correct=1 p_gold=0.3848
[147/444] global=146 correct=0 p_gold=0.0145
[148/444] global=147 correct=1 p_gold=0.5025
[149/444] global=148 correct=1 p_gold=0.3965
[150/444] global=149 correct=0 p_gold=0.0300
[151/444] global=150 correct=0 p_gold=0.0752
[152/444] global=151 correct=1 p_gold=0.4858
[153/444] global=152 correct=0 p_gold=0.0008
[154/444] global=153 correct=1 p_gold=0.7158
[155/444] global=154 correct=0 p_gold=0.2786
[156/444] global=155 correct=1 p_gold=0.9777
[157/444] global=156 correct=0 p_gold=0.1243
[158/444] global=157 correct=0 p_gold=0.0049
[159/444] global=158 correct=1 p_gold=0.5218
[160/444] global=159 correct=0 p_gold=0.0588
[161/444] global=160 correct=0 p_gold=0.0278
[162/444] global=161 correct=1 p_gold=0.4134
[163/444] global=162 correct=0 p_gold=0.0273
[164/444] global=163 correct=0 p_gold=0.0125
[165/444] global=164 correct=1 p_gold=0.4119
[166/444] global=165 correct=0 p_gold=0.0132
[167/444] global=166 correct=0 p_gold=0.0066
[168/444] global=167 correct=1 p_gold=0.3923
[169/444] global=168 correct=0 p_gold=0.1049
[170/444] global=169 correct=0 p_gold=0.0026
[171/444] global=170 correct=0 p_gold=0.2167
[172/444] global=171 correct=0 p_gold=0.0265
[173/444] global=172 correct=0 p_gold=0.0275
[174/444] global=173 correct=1 p_gold=0.4495
[175/444] global=174 correct=0 p_gold=0.0238
[176/444] global=175 correct=1 p_gold=0.3536
[177/444] global=176 correct=1 p_gold=0.1789
[178/444] global=177 correct=0 p_gold=0.2240
[179/444] global=178 correct=1 p_gold=0.5108
[180/444] global=179 correct=0 p_gold=0.2991
[181/444] global=180 correct=1 p_gold=0.9911
[182/444] global=181 correct=0 p_gold=0.0059
[183/444] global=182 correct=1 p_gold=0.4271
[184/444] global=183 correct=0 p_gold=0.0013
[185/444] global=184 correct=0 p_gold=0.0005
[186/444] global=185 correct=0 p_gold=0.2604
[187/444] global=186 correct=0 p_gold=0.0024
[188/444] global=187 correct=0 p_gold=0.0008
[189/444] global=188 correct=0 p_gold=0.1151
[190/444] global=189 correct=0 p_gold=0.0011
[191/444] global=190 correct=0 p_gold=0.0006
[192/444] global=191 correct=0 p_gold=0.0917
[193/444] global=192 correct=0 p_gold=0.0011
[194/444] global=193 correct=0 p_gold=0.0003
[195/444] global=194 correct=0 p_gold=0.0498
[196/444] global=195 correct=0 p_gold=0.0010
[197/444] global=196 correct=0 p_gold=0.0003
[198/444] global=197 correct=0 p_gold=0.0698
[199/444] global=198 correct=0 p_gold=0.0006
[200/444] global=199 correct=0 p_gold=0.0348
[201/444] global=200 correct=0 p_gold=0.0415
[202/444] global=201 correct=0 p_gold=0.0699
[203/444] global=202 correct=1 p_gold=0.4521
[204/444] global=203 correct=0 p_gold=0.0047
[205/444] global=204 correct=1 p_gold=0.5708
[206/444] global=205 correct=1 p_gold=0.4206
[207/444] global=206 correct=1 p_gold=0.9742
[208/444] global=207 correct=0 p_gold=0.0118
[209/444] global=208 correct=0 p_gold=0.0365
[210/444] global=209 correct=0 p_gold=0.0387
[211/444] global=210 correct=0 p_gold=0.0307
[212/444] global=211 correct=0 p_gold=0.0415
[213/444] global=212 correct=1 p_gold=0.3490
[214/444] global=213 correct=0 p_gold=0.0074
[215/444] global=214 correct=1 p_gold=0.7770
[216/444] global=215 correct=1 p_gold=0.8390
[217/444] global=216 correct=1 p_gold=0.9977
[218/444] global=217 correct=0 p_gold=0.1738
[219/444] global=218 correct=1 p_gold=0.3432
[220/444] global=219 correct=0 p_gold=0.0139
[221/444] global=220 correct=0 p_gold=0.4196
[222/444] global=221 correct=1 p_gold=0.5257
[223/444] global=222 correct=1 p_gold=0.9596
[224/444] global=223 correct=0 p_gold=0.0556
[225/444] global=224 correct=0 p_gold=0.0648
[226/444] global=225 correct=1 p_gold=0.4512
[227/444] global=226 correct=0 p_gold=0.0247
[228/444] global=227 correct=0 p_gold=0.0156
[229/444] global=228 correct=0 p_gold=0.0334
[230/444] global=229 correct=1 p_gold=0.2645
[231/444] global=230 correct=0 p_gold=0.1544
[232/444] global=231 correct=0 p_gold=0.0527
[233/444] global=232 correct=1 p_gold=0.3669
[234/444] global=233 correct=0 p_gold=0.1203
[235/444] global=234 correct=1 p_gold=0.8028
[236/444] global=235 correct=0 p_gold=0.0315
[237/444] global=236 correct=0 p_gold=0.0203
[238/444] global=237 correct=1 p_gold=0.4856
[239/444] global=238 correct=0 p_gold=0.0271
[240/444] global=239 correct=0 p_gold=0.0371
[241/444] global=240 correct=0 p_gold=0.0940
[242/444] global=241 correct=1 p_gold=0.4119
[243/444] global=242 correct=0 p_gold=0.0175
[244/444] global=243 correct=1 p_gold=0.4705
[245/444] global=244 correct=0 p_gold=0.0458
[246/444] global=245 correct=1 p_gold=0.5015
[247/444] global=246 correct=0 p_gold=0.0000
[248/444] global=247 correct=1 p_gold=0.6404
[249/444] global=248 correct=1 p_gold=0.2879
[250/444] global=249 correct=1 p_gold=0.9700
[251/444] global=250 correct=1 p_gold=0.6507
[252/444] global=251 correct=1 p_gold=0.1874
[253/444] global=252 correct=1 p_gold=0.5402
[254/444] global=253 correct=0 p_gold=0.1161
[255/444] global=254 correct=1 p_gold=0.9887
[256/444] global=255 correct=0 p_gold=0.0028
[257/444] global=256 correct=0 p_gold=0.0784
[258/444] global=257 correct=0 p_gold=0.0052
[259/444] global=258 correct=0 p_gold=0.0082
[260/444] global=259 correct=0 p_gold=0.0022
[261/444] global=260 correct=0 p_gold=0.0028
[262/444] global=261 correct=0 p_gold=0.0024
[263/444] global=262 correct=0 p_gold=0.0037
[264/444] global=263 correct=0 p_gold=0.2976
[265/444] global=264 correct=0 p_gold=0.0046
[266/444] global=265 correct=0 p_gold=0.0109
[267/444] global=266 correct=0 p_gold=0.0745
[268/444] global=267 correct=0 p_gold=0.0021
[269/444] global=268 correct=0 p_gold=0.0046
[270/444] global=269 correct=0 p_gold=0.0256
[271/444] global=270 correct=0 p_gold=0.0023
[272/444] global=271 correct=0 p_gold=0.0116
[273/444] global=272 correct=0 p_gold=0.0572
[274/444] global=273 correct=0 p_gold=0.0021
[275/444] global=274 correct=0 p_gold=0.1558
[276/444] global=275 correct=0 p_gold=0.1273
[277/444] global=276 correct=0 p_gold=0.0098
[278/444] global=277 correct=0 p_gold=0.0897
[279/444] global=278 correct=0 p_gold=0.0319
[280/444] global=279 correct=0 p_gold=0.0588
[281/444] global=280 correct=1 p_gold=0.6591
[282/444] global=281 correct=0 p_gold=0.0451
[283/444] global=282 correct=0 p_gold=0.0272
[284/444] global=283 correct=0 p_gold=0.0380
[285/444] global=284 correct=1 p_gold=0.3710
[286/444] global=285 correct=0 p_gold=0.0191
[287/444] global=286 correct=1 p_gold=0.4669
[288/444] global=287 correct=1 p_gold=0.3754
[289/444] global=288 correct=0 p_gold=0.0362
[290/444] global=289 correct=1 p_gold=0.4555
[291/444] global=290 correct=1 p_gold=0.3466
[292/444] global=291 correct=1 p_gold=0.4351
[293/444] global=292 correct=1 p_gold=0.9280
[294/444] global=293 correct=0 p_gold=0.0251
[295/444] global=294 correct=0 p_gold=0.3639
[296/444] global=295 correct=0 p_gold=0.4219
[297/444] global=296 correct=1 p_gold=0.9970
[298/444] global=297 correct=0 p_gold=0.0608
[299/444] global=298 correct=0 p_gold=0.1222
[300/444] global=299 correct=1 p_gold=0.3962
[301/444] global=300 correct=0 p_gold=0.0217
[302/444] global=301 correct=0 p_gold=0.0567
[303/444] global=302 correct=1 p_gold=0.2230
[304/444] global=303 correct=1 p_gold=0.4307
[305/444] global=304 correct=0 p_gold=0.0119
[306/444] global=305 correct=1 p_gold=0.1751
[307/444] global=306 correct=0 p_gold=0.0269
[308/444] global=307 correct=1 p_gold=0.1408
[309/444] global=308 correct=0 p_gold=0.1109
[310/444] global=309 correct=0 p_gold=0.2319
[311/444] global=310 correct=1 p_gold=0.2828
[312/444] global=311 correct=1 p_gold=0.9177
[313/444] global=312 correct=0 p_gold=0.0373
[314/444] global=313 correct=0 p_gold=0.3205
[315/444] global=314 correct=0 p_gold=0.0005
[316/444] global=315 correct=0 p_gold=0.0024
[317/444] global=316 correct=0 p_gold=0.0119
[318/444] global=317 correct=0 p_gold=0.0019
[319/444] global=318 correct=0 p_gold=0.0026
[320/444] global=319 correct=0 p_gold=0.0062
[321/444] global=320 correct=0 p_gold=0.0704
[322/444] global=321 correct=0 p_gold=0.1239
[323/444] global=322 correct=0 p_gold=0.3824
[324/444] global=323 correct=0 p_gold=0.0856
[325/444] global=324 correct=1 p_gold=0.9847
[326/444] global=325 correct=1 p_gold=0.6090
[327/444] global=326 correct=0 p_gold=0.2046
[328/444] global=327 correct=0 p_gold=0.0066
[329/444] global=328 correct=0 p_gold=0.3179
[330/444] global=329 correct=0 p_gold=0.0466
[331/444] global=330 correct=1 p_gold=0.9393
[332/444] global=331 correct=0 p_gold=0.0924
[333/444] global=332 correct=1 p_gold=0.4391
[334/444] global=333 correct=0 p_gold=0.2251
[335/444] global=334 correct=1 p_gold=0.5583
[336/444] global=335 correct=1 p_gold=0.9589
[337/444] global=336 correct=0 p_gold=0.0498
[338/444] global=337 correct=0 p_gold=0.0312
[339/444] global=338 correct=0 p_gold=0.1139
[340/444] global=339 correct=0 p_gold=0.2344
[341/444] global=340 correct=1 p_gold=0.5226
[342/444] global=341 correct=1 p_gold=0.3946
[343/444] global=342 correct=0 p_gold=0.0313
[344/444] global=343 correct=1 p_gold=0.5005
[345/444] global=344 correct=0 p_gold=0.0096
[346/444] global=345 correct=1 p_gold=0.5417
[347/444] global=346 correct=0 p_gold=0.0293
[348/444] global=347 correct=1 p_gold=0.5417
[349/444] global=348 correct=0 p_gold=0.0067
[350/444] global=349 correct=1 p_gold=0.4332
[351/444] global=350 correct=0 p_gold=0.0265
[352/444] global=351 correct=1 p_gold=0.5642
[353/444] global=352 correct=0 p_gold=0.0148
[354/444] global=353 correct=1 p_gold=0.3354
[355/444] global=354 correct=1 p_gold=0.5427
[356/444] global=355 correct=1 p_gold=0.5407
[357/444] global=356 correct=0 p_gold=0.2164
[358/444] global=357 correct=0 p_gold=0.1041
[359/444] global=358 correct=0 p_gold=0.0510
[360/444] global=359 correct=1 p_gold=0.7315
[361/444] global=360 correct=0 p_gold=0.0332
[362/444] global=361 correct=0 p_gold=0.2886
[363/444] global=362 correct=0 p_gold=0.1992
[364/444] global=363 correct=1 p_gold=0.9194
[365/444] global=364 correct=0 p_gold=0.0141
[366/444] global=365 correct=0 p_gold=0.0567
[367/444] global=366 correct=0 p_gold=0.0122
[368/444] global=367 correct=0 p_gold=0.1227
[369/444] global=368 correct=0 p_gold=0.0493
[370/444] global=369 correct=0 p_gold=0.0015
[371/444] global=370 correct=1 p_gold=0.4002
[372/444] global=371 correct=0 p_gold=0.0134
[373/444] global=372 correct=0 p_gold=0.0167
[374/444] global=373 correct=0 p_gold=0.0425
[375/444] global=374 correct=0 p_gold=0.0194
[376/444] global=375 correct=1 p_gold=0.3578
[377/444] global=376 correct=0 p_gold=0.0257
[378/444] global=377 correct=0 p_gold=0.0121
[379/444] global=378 correct=0 p_gold=0.0199
[380/444] global=379 correct=0 p_gold=0.2483
[381/444] global=380 correct=0 p_gold=0.0105
[382/444] global=381 correct=0 p_gold=0.0090
[383/444] global=382 correct=0 p_gold=0.2263
[384/444] global=383 correct=0 p_gold=0.0027
[385/444] global=384 correct=0 p_gold=0.0108
[386/444] global=385 correct=0 p_gold=0.1618
[387/444] global=386 correct=0 p_gold=0.0022
[388/444] global=387 correct=0 p_gold=0.0022
[389/444] global=388 correct=0 p_gold=0.1513
[390/444] global=389 correct=0 p_gold=0.0033
[391/444] global=390 correct=1 p_gold=0.3523
[392/444] global=391 correct=0 p_gold=0.0673
[393/444] global=392 correct=0 p_gold=0.0975
[394/444] global=393 correct=0 p_gold=0.2191
[395/444] global=394 correct=1 p_gold=0.3686
[396/444] global=395 correct=1 p_gold=0.9637
[397/444] global=396 correct=0 p_gold=0.0713
[398/444] global=397 correct=1 p_gold=0.4350
[399/444] global=398 correct=0 p_gold=0.2551
[400/444] global=399 correct=1 p_gold=0.9848
[401/444] global=400 correct=0 p_gold=0.0369
[402/444] global=401 correct=0 p_gold=0.0947
[403/444] global=402 correct=1 p_gold=0.5371
[404/444] global=403 correct=0 p_gold=0.0209
[405/444] global=404 correct=0 p_gold=0.0169
[406/444] global=405 correct=0 p_gold=0.0727
[407/444] global=406 correct=1 p_gold=0.3661
[408/444] global=407 correct=0 p_gold=0.0097
[409/444] global=408 correct=1 p_gold=0.3537
[410/444] global=409 correct=0 p_gold=0.1578
[411/444] global=410 correct=1 p_gold=0.1822
[412/444] global=411 correct=1 p_gold=0.2882
[413/444] global=412 correct=0 p_gold=0.2349
[414/444] global=413 correct=0 p_gold=0.1212
[415/444] global=414 correct=1 p_gold=0.9654
[416/444] global=415 correct=0 p_gold=0.0156
[417/444] global=416 correct=0 p_gold=0.0154
[418/444] global=417 correct=0 p_gold=0.0144
[419/444] global=418 correct=0 p_gold=0.2397
[420/444] global=419 correct=0 p_gold=0.0045
[421/444] global=420 correct=1 p_gold=0.6905
[422/444] global=421 correct=0 p_gold=0.0174
[423/444] global=422 correct=0 p_gold=0.0578
[424/444] global=423 correct=1 p_gold=0.5078
[425/444] global=424 correct=0 p_gold=0.0100
[426/444] global=425 correct=1 p_gold=0.6164
[427/444] global=426 correct=1 p_gold=0.6020
[428/444] global=427 correct=0 p_gold=0.2788
[429/444] global=428 correct=1 p_gold=0.9926
[430/444] global=429 correct=0 p_gold=0.0315
[431/444] global=430 correct=0 p_gold=0.0141
[432/444] global=431 correct=1 p_gold=0.3770
[433/444] global=432 correct=0 p_gold=0.0358
[434/444] global=433 correct=0 p_gold=0.0412
[435/444] global=434 correct=1 p_gold=0.4666
[436/444] global=435 correct=0 p_gold=0.0009
[437/444] global=436 correct=1 p_gold=0.4868
[438/444] global=437 correct=1 p_gold=0.6663
[439/444] global=438 correct=1 p_gold=0.9842
[440/444] global=439 correct=0 p_gold=0.1336
[441/444] global=440 correct=0 p_gold=0.0723
[442/444] global=441 correct=1 p_gold=0.7695
[443/444] global=442 correct=0 p_gold=0.0885
[444/444] global=443 correct=1 p_gold=0.9964
{
  "decision_file": "/data/user/agent_self_evolution_gradient/data/alfworld_expert_large/valid_seen.jsonl",
  "model_path": "/data/user/agent_self_evolution_gradient/model",
  "parameter_delta": "/data/user/agent_self_evolution_gradient/outputs/conflict_aware_accumulation_300x_v1/deltas/valid_seen_last_four_blocks_direct.pt",
  "tokenizer_path": "/data/user/agent_self_evolution_gradient/model",
  "condition_name": "direct300_last4",
  "prompt_mode": "existing_plain_prompt",
  "decision_offset": 0,
  "evaluated_decisions": 444,
  "top1_accuracy": 0.35135135135135137,
  "mean_expert_probability": 0.24184672544308816,
  "mean_nll": 2.5737683574486696
}
Loading checkpoint shards:   0%|          | 0/2 [00:00<?, ?it/s]Loading checkpoint shards:  50%|█████     | 1/2 [00:00<00:00,  1.05it/s]Loading checkpoint shards: 100%|██████████| 2/2 [00:01<00:00,  1.40it/s]Loading checkpoint shards: 100%|██████████| 2/2 [00:01<00:00,  1.33it/s]
[1/527] global=0 correct=0 p_gold=0.0545
[2/527] global=1 correct=1 p_gold=0.2342
[3/527] global=2 correct=1 p_gold=0.2439
[4/527] global=3 correct=1 p_gold=0.4967
[5/527] global=4 correct=1 p_gold=0.8188
[6/527] global=5 correct=0 p_gold=0.0392
[7/527] global=6 correct=0 p_gold=0.0029
[8/527] global=7 correct=0 p_gold=0.0717
[9/527] global=8 correct=0 p_gold=0.0311
[10/527] global=9 correct=1 p_gold=0.1720
[11/527] global=10 correct=0 p_gold=0.0800
[12/527] global=11 correct=0 p_gold=0.0119
[13/527] global=12 correct=0 p_gold=0.0495
[14/527] global=13 correct=0 p_gold=0.0152
[15/527] global=14 correct=0 p_gold=0.0277
[16/527] global=15 correct=0 p_gold=0.0112
[17/527] global=16 correct=0 p_gold=0.0296
[18/527] global=17 correct=0 p_gold=0.0403
[19/527] global=18 correct=0 p_gold=0.0354
[20/527] global=19 correct=0 p_gold=0.1050
[21/527] global=20 correct=0 p_gold=0.1481
[22/527] global=21 correct=0 p_gold=0.0173
[23/527] global=22 correct=0 p_gold=0.1445
[24/527] global=23 correct=1 p_gold=0.2539
[25/527] global=24 correct=0 p_gold=0.1760
[26/527] global=25 correct=0 p_gold=0.0077
[27/527] global=26 correct=1 p_gold=0.5144
[28/527] global=27 correct=1 p_gold=0.6356
[29/527] global=28 correct=1 p_gold=0.9532
[30/527] global=29 correct=0 p_gold=0.0171
[31/527] global=30 correct=0 p_gold=0.0066
[32/527] global=31 correct=0 p_gold=0.0073
[33/527] global=32 correct=0 p_gold=0.0047
[34/527] global=33 correct=0 p_gold=0.0022
[35/527] global=34 correct=0 p_gold=0.0045
[36/527] global=35 correct=0 p_gold=0.2728
[37/527] global=36 correct=0 p_gold=0.0455
[38/527] global=37 correct=1 p_gold=0.4288
[39/527] global=38 correct=0 p_gold=0.0129
[40/527] global=39 correct=0 p_gold=0.0614
[41/527] global=40 correct=0 p_gold=0.0675
[42/527] global=41 correct=0 p_gold=0.0672
[43/527] global=42 correct=0 p_gold=0.0779
[44/527] global=43 correct=0 p_gold=0.0244
[45/527] global=44 correct=0 p_gold=0.0217
[46/527] global=45 correct=0 p_gold=0.1995
[47/527] global=46 correct=0 p_gold=0.0769
[48/527] global=47 correct=0 p_gold=0.0428
[49/527] global=48 correct=0 p_gold=0.0806
[50/527] global=49 correct=0 p_gold=0.0873
[51/527] global=50 correct=0 p_gold=0.0973
[52/527] global=51 correct=0 p_gold=0.0932
[53/527] global=52 correct=0 p_gold=0.1381
[54/527] global=53 correct=0 p_gold=0.0708
[55/527] global=54 correct=0 p_gold=0.1072
[56/527] global=55 correct=0 p_gold=0.1185
[57/527] global=56 correct=1 p_gold=0.5202
[58/527] global=57 correct=0 p_gold=0.0238
[59/527] global=58 correct=0 p_gold=0.0946
[60/527] global=59 correct=1 p_gold=0.7008
[61/527] global=60 correct=0 p_gold=0.0395
[62/527] global=61 correct=1 p_gold=0.4793
[63/527] global=62 correct=1 p_gold=0.9878
[64/527] global=63 correct=0 p_gold=0.0238
[65/527] global=64 correct=1 p_gold=0.7792
[66/527] global=65 correct=0 p_gold=0.4083
[67/527] global=66 correct=1 p_gold=0.9922
[68/527] global=67 correct=0 p_gold=0.0120
[69/527] global=68 correct=0 p_gold=0.0661
[70/527] global=69 correct=0 p_gold=0.0818
[71/527] global=70 correct=0 p_gold=0.0636
[72/527] global=71 correct=0 p_gold=0.0569
[73/527] global=72 correct=0 p_gold=0.0601
[74/527] global=73 correct=0 p_gold=0.0181
[75/527] global=74 correct=0 p_gold=0.0321
[76/527] global=75 correct=0 p_gold=0.0458
[77/527] global=76 correct=0 p_gold=0.0218
[78/527] global=77 correct=1 p_gold=0.4431
[79/527] global=78 correct=0 p_gold=0.0352
[80/527] global=79 correct=0 p_gold=0.0259
[81/527] global=80 correct=0 p_gold=0.0385
[82/527] global=81 correct=1 p_gold=0.2854
[83/527] global=82 correct=0 p_gold=0.1611
[84/527] global=83 correct=0 p_gold=0.0104
[85/527] global=84 correct=0 p_gold=0.1269
[86/527] global=85 correct=1 p_gold=0.4216
[87/527] global=86 correct=1 p_gold=0.7236
[88/527] global=87 correct=0 p_gold=0.0135
[89/527] global=88 correct=0 p_gold=0.0729
[90/527] global=89 correct=0 p_gold=0.1381
[91/527] global=90 correct=0 p_gold=0.1086
[92/527] global=91 correct=0 p_gold=0.0533
[93/527] global=92 correct=0 p_gold=0.0482
[94/527] global=93 correct=0 p_gold=0.0276
[95/527] global=94 correct=0 p_gold=0.0311
[96/527] global=95 correct=0 p_gold=0.0328
[97/527] global=96 correct=0 p_gold=0.0130
[98/527] global=97 correct=1 p_gold=0.1894
[99/527] global=98 correct=0 p_gold=0.0180
[100/527] global=99 correct=0 p_gold=0.0220
[101/527] global=100 correct=0 p_gold=0.0461
[102/527] global=101 correct=1 p_gold=0.2612
[103/527] global=102 correct=0 p_gold=0.0944
[104/527] global=103 correct=0 p_gold=0.0099
[105/527] global=104 correct=0 p_gold=0.1145
[106/527] global=105 correct=1 p_gold=0.3752
[107/527] global=106 correct=1 p_gold=0.8799
[108/527] global=107 correct=0 p_gold=0.0083
[109/527] global=108 correct=0 p_gold=0.0807
[110/527] global=109 correct=0 p_gold=0.1227
[111/527] global=110 correct=0 p_gold=0.0836
[112/527] global=111 correct=0 p_gold=0.0816
[113/527] global=112 correct=0 p_gold=0.1213
[114/527] global=113 correct=0 p_gold=0.0227
[115/527] global=114 correct=0 p_gold=0.0267
[116/527] global=115 correct=0 p_gold=0.0417
[117/527] global=116 correct=0 p_gold=0.0441
[118/527] global=117 correct=1 p_gold=0.2972
[119/527] global=118 correct=0 p_gold=0.0258
[120/527] global=119 correct=0 p_gold=0.0351
[121/527] global=120 correct=0 p_gold=0.0636
[122/527] global=121 correct=1 p_gold=0.3097
[123/527] global=122 correct=0 p_gold=0.0102
[124/527] global=123 correct=0 p_gold=0.0159
[125/527] global=124 correct=0 p_gold=0.0797
[126/527] global=125 correct=0 p_gold=0.0088
[127/527] global=126 correct=0 p_gold=0.0476
[128/527] global=127 correct=1 p_gold=0.2340
[129/527] global=128 correct=0 p_gold=0.0116
[130/527] global=129 correct=0 p_gold=0.0258
[131/527] global=130 correct=1 p_gold=0.2350
[132/527] global=131 correct=0 p_gold=0.0079
[133/527] global=132 correct=1 p_gold=0.2704
[134/527] global=133 correct=0 p_gold=0.1510
[135/527] global=134 correct=0 p_gold=0.0165
[136/527] global=135 correct=1 p_gold=0.5369
[137/527] global=136 correct=1 p_gold=0.5677
[138/527] global=137 correct=1 p_gold=0.5920
[139/527] global=138 correct=0 p_gold=0.0225
[140/527] global=139 correct=1 p_gold=0.7351
[141/527] global=140 correct=0 p_gold=0.1884
[142/527] global=141 correct=1 p_gold=0.9924
[143/527] global=142 correct=0 p_gold=0.0579
[144/527] global=143 correct=0 p_gold=0.0635
[145/527] global=144 correct=1 p_gold=0.3502
[146/527] global=145 correct=0 p_gold=0.0265
[147/527] global=146 correct=0 p_gold=0.0678
[148/527] global=147 correct=1 p_gold=0.5492
[149/527] global=148 correct=0 p_gold=0.0399
[150/527] global=149 correct=1 p_gold=0.5223
[151/527] global=150 correct=0 p_gold=0.0869
[152/527] global=151 correct=1 p_gold=0.4750
[153/527] global=152 correct=1 p_gold=0.9121
[154/527] global=153 correct=0 p_gold=0.0975
[155/527] global=154 correct=0 p_gold=0.0269
[156/527] global=155 correct=0 p_gold=0.0111
[157/527] global=156 correct=0 p_gold=0.0044
[158/527] global=157 correct=0 p_gold=0.0011
[159/527] global=158 correct=0 p_gold=0.0133
[160/527] global=159 correct=1 p_gold=0.6943
[161/527] global=160 correct=0 p_gold=0.1382
[162/527] global=161 correct=0 p_gold=0.0665
[163/527] global=162 correct=0 p_gold=0.0258
[164/527] global=163 correct=1 p_gold=0.2397
[165/527] global=164 correct=0 p_gold=0.0299
[166/527] global=165 correct=0 p_gold=0.0485
[167/527] global=166 correct=0 p_gold=0.1211
[168/527] global=167 correct=1 p_gold=0.3982
[169/527] global=168 correct=0 p_gold=0.0091
[170/527] global=169 correct=1 p_gold=0.3012
[171/527] global=170 correct=0 p_gold=0.1588
[172/527] global=171 correct=0 p_gold=0.0716
[173/527] global=172 correct=1 p_gold=0.3400
[174/527] global=173 correct=0 p_gold=0.0010
[175/527] global=174 correct=1 p_gold=0.6714
[176/527] global=175 correct=1 p_gold=0.3872
[177/527] global=176 correct=1 p_gold=0.9858
[178/527] global=177 correct=0 p_gold=0.0136
[179/527] global=178 correct=0 p_gold=0.0155
[180/527] global=179 correct=1 p_gold=0.5057
[181/527] global=180 correct=0 p_gold=0.0003
[182/527] global=181 correct=0 p_gold=0.0002
[183/527] global=182 correct=0 p_gold=0.1092
[184/527] global=183 correct=0 p_gold=0.0682
[185/527] global=184 correct=0 p_gold=0.0205
[186/527] global=185 correct=0 p_gold=0.0065
[187/527] global=186 correct=0 p_gold=0.0010
[188/527] global=187 correct=0 p_gold=0.0003
[189/527] global=188 correct=0 p_gold=0.0031
[190/527] global=189 correct=0 p_gold=0.0005
[191/527] global=190 correct=0 p_gold=0.0169
[192/527] global=191 correct=0 p_gold=0.0023
[193/527] global=192 correct=0 p_gold=0.0047
[194/527] global=193 correct=0 p_gold=0.0015
[195/527] global=194 correct=0 p_gold=0.0034
[196/527] global=195 correct=0 p_gold=0.2356
[197/527] global=196 correct=0 p_gold=0.0029
[198/527] global=197 correct=0 p_gold=0.0051
[199/527] global=198 correct=0 p_gold=0.0015
[200/527] global=199 correct=0 p_gold=0.0060
[201/527] global=200 correct=0 p_gold=0.0028
[202/527] global=201 correct=0 p_gold=0.1303
[203/527] global=202 correct=0 p_gold=0.0025
[204/527] global=203 correct=0 p_gold=0.0017
[205/527] global=204 correct=0 p_gold=0.0021
[206/527] global=205 correct=0 p_gold=0.1372
[207/527] global=206 correct=0 p_gold=0.0035
[208/527] global=207 correct=0 p_gold=0.3031
[209/527] global=208 correct=0 p_gold=0.0146
[210/527] global=209 correct=0 p_gold=0.1526
[211/527] global=210 correct=0 p_gold=0.0167
[212/527] global=211 correct=0 p_gold=0.0984
[213/527] global=212 correct=0 p_gold=0.0173
[214/527] global=213 correct=0 p_gold=0.1445
[215/527] global=214 correct=1 p_gold=0.2539
[216/527] global=215 correct=0 p_gold=0.1760
[217/527] global=216 correct=0 p_gold=0.0077
[218/527] global=217 correct=1 p_gold=0.5144
[219/527] global=218 correct=1 p_gold=0.6356
[220/527] global=219 correct=1 p_gold=0.9532
[221/527] global=220 correct=0 p_gold=0.0118
[222/527] global=221 correct=0 p_gold=0.0646
[223/527] global=222 correct=0 p_gold=0.0818
[224/527] global=223 correct=0 p_gold=0.0658
[225/527] global=224 correct=0 p_gold=0.0232
[226/527] global=225 correct=0 p_gold=0.0782
[227/527] global=226 correct=0 p_gold=0.0249
[228/527] global=227 correct=0 p_gold=0.0291
[229/527] global=228 correct=1 p_gold=0.3955
[230/527] global=229 correct=0 p_gold=0.1485
[231/527] global=230 correct=0 p_gold=0.4342
[232/527] global=231 correct=0 p_gold=0.2638
[233/527] global=232 correct=1 p_gold=0.7777
[234/527] global=233 correct=0 p_gold=0.0399
[235/527] global=234 correct=1 p_gold=0.3093
[236/527] global=235 correct=0 p_gold=0.0274
[237/527] global=236 correct=0 p_gold=0.0307
[238/527] global=237 correct=0 p_gold=0.1232
[239/527] global=238 correct=1 p_gold=0.4909
[240/527] global=239 correct=0 p_gold=0.0147
[241/527] global=240 correct=1 p_gold=0.1790
[242/527] global=241 correct=0 p_gold=0.1225
[243/527] global=242 correct=0 p_gold=0.1175
[244/527] global=243 correct=0 p_gold=0.0934
[245/527] global=244 correct=0 p_gold=0.0869
[246/527] global=245 correct=1 p_gold=0.7129
[247/527] global=246 correct=1 p_gold=0.3126
[248/527] global=247 correct=1 p_gold=0.9071
[249/527] global=248 correct=0 p_gold=0.0602
[250/527] global=249 correct=0 p_gold=0.1310
[251/527] global=250 correct=1 p_gold=0.4822
[252/527] global=251 correct=0 p_gold=0.0182
[253/527] global=252 correct=0 p_gold=0.0794
[254/527] global=253 correct=0 p_gold=0.1619
[255/527] global=254 correct=1 p_gold=0.3649
[256/527] global=255 correct=0 p_gold=0.0098
[257/527] global=256 correct=0 p_gold=0.1781
[258/527] global=257 correct=0 p_gold=0.1886
[259/527] global=258 correct=1 p_gold=0.3963
[260/527] global=259 correct=0 p_gold=0.2269
[261/527] global=260 correct=1 p_gold=0.2646
[262/527] global=261 correct=1 p_gold=0.6332
[263/527] global=262 correct=0 p_gold=0.0127
[264/527] global=263 correct=0 p_gold=0.0623
[265/527] global=264 correct=0 p_gold=0.1225
[266/527] global=265 correct=0 p_gold=0.0930
[267/527] global=266 correct=0 p_gold=0.0330
[268/527] global=267 correct=0 p_gold=0.0504
[269/527] global=268 correct=0 p_gold=0.0422
[270/527] global=269 correct=0 p_gold=0.0301
[271/527] global=270 correct=0 p_gold=0.0216
[272/527] global=271 correct=0 p_gold=0.0092
[273/527] global=272 correct=1 p_gold=0.2703
[274/527] global=273 correct=0 p_gold=0.0119
[275/527] global=274 correct=0 p_gold=0.0311
[276/527] global=275 correct=0 p_gold=0.0388
[277/527] global=276 correct=1 p_gold=0.1827
[278/527] global=277 correct=0 p_gold=0.0124
[279/527] global=278 correct=0 p_gold=0.0129
[280/527] global=279 correct=0 p_gold=0.0820
[281/527] global=280 correct=0 p_gold=0.0048
[282/527] global=281 correct=0 p_gold=0.0133
[283/527] global=282 correct=0 p_gold=0.0704
[284/527] global=283 correct=0 p_gold=0.0045
[285/527] global=284 correct=0 p_gold=0.0096
[286/527] global=285 correct=0 p_gold=0.0637
[287/527] global=286 correct=0 p_gold=0.0056
[288/527] global=287 correct=0 p_gold=0.1628
[289/527] global=288 correct=0 p_gold=0.1030
[290/527] global=289 correct=0 p_gold=0.0373
[291/527] global=290 correct=0 p_gold=0.0231
[292/527] global=291 correct=1 p_gold=0.2024
[293/527] global=292 correct=1 p_gold=0.3896
[294/527] global=293 correct=0 p_gold=0.0440
[295/527] global=294 correct=0 p_gold=0.4184
[296/527] global=295 correct=0 p_gold=0.1575
[297/527] global=296 correct=1 p_gold=0.9832
[298/527] global=297 correct=0 p_gold=0.0730
[299/527] global=298 correct=1 p_gold=0.2213
[300/527] global=299 correct=1 p_gold=0.4524
[301/527] global=300 correct=0 p_gold=0.0395
[302/527] global=301 correct=1 p_gold=0.3518
[303/527] global=302 correct=1 p_gold=0.5447
[304/527] global=303 correct=0 p_gold=0.0140
[305/527] global=304 correct=0 p_gold=0.1232
[306/527] global=305 correct=1 p_gold=0.5887
[307/527] global=306 correct=0 p_gold=0.0310
[308/527] global=307 correct=0 p_gold=0.1418
[309/527] global=308 correct=0 p_gold=0.0821
[310/527] global=309 correct=0 p_gold=0.0179
[311/527] global=310 correct=0 p_gold=0.1310
[312/527] global=311 correct=0 p_gold=0.0765
[313/527] global=312 correct=1 p_gold=0.5998
[314/527] global=313 correct=1 p_gold=0.3209
[315/527] global=314 correct=1 p_gold=0.6474
[316/527] global=315 correct=1 p_gold=0.9851
[317/527] global=316 correct=0 p_gold=0.0118
[318/527] global=317 correct=0 p_gold=0.0646
[319/527] global=318 correct=0 p_gold=0.0818
[320/527] global=319 correct=0 p_gold=0.0720
[321/527] global=320 correct=0 p_gold=0.0251
[322/527] global=321 correct=0 p_gold=0.0780
[323/527] global=322 correct=0 p_gold=0.0215
[324/527] global=323 correct=0 p_gold=0.0373
[325/527] global=324 correct=0 p_gold=0.0334
[326/527] global=325 correct=0 p_gold=0.0347
[327/527] global=326 correct=1 p_gold=0.2391
[328/527] global=327 correct=0 p_gold=0.0200
[329/527] global=328 correct=0 p_gold=0.0346
[330/527] global=329 correct=0 p_gold=0.0470
[331/527] global=330 correct=1 p_gold=0.2533
[332/527] global=331 correct=0 p_gold=0.0120
[333/527] global=332 correct=0 p_gold=0.0134
[334/527] global=333 correct=0 p_gold=0.0867
[335/527] global=334 correct=0 p_gold=0.0136
[336/527] global=335 correct=0 p_gold=0.0409
[337/527] global=336 correct=1 p_gold=0.1636
[338/527] global=337 correct=0 p_gold=0.0081
[339/527] global=338 correct=0 p_gold=0.0264
[340/527] global=339 correct=0 p_gold=0.1648
[341/527] global=340 correct=0 p_gold=0.0256
[342/527] global=341 correct=1 p_gold=0.2016
[343/527] global=342 correct=1 p_gold=0.1480
[344/527] global=343 correct=1 p_gold=0.2554
[345/527] global=344 correct=0 p_gold=0.0643
[346/527] global=345 correct=1 p_gold=0.4987
[347/527] global=346 correct=1 p_gold=0.3884
[348/527] global=347 correct=1 p_gold=0.7776
[349/527] global=348 correct=0 p_gold=0.0638
[350/527] global=349 correct=0 p_gold=0.1314
[351/527] global=350 correct=1 p_gold=0.3629
[352/527] global=351 correct=0 p_gold=0.0191
[353/527] global=352 correct=0 p_gold=0.0875
[354/527] global=353 correct=0 p_gold=0.0827
[355/527] global=354 correct=1 p_gold=0.3585
[356/527] global=355 correct=0 p_gold=0.0182
[357/527] global=356 correct=0 p_gold=0.1657
[358/527] global=357 correct=0 p_gold=0.1605
[359/527] global=358 correct=1 p_gold=0.3387
[360/527] global=359 correct=0 p_gold=0.2393
[361/527] global=360 correct=1 p_gold=0.3701
[362/527] global=361 correct=1 p_gold=0.8977
[363/527] global=362 correct=0 p_gold=0.0225
[364/527] global=363 correct=0 p_gold=0.0370
[365/527] global=364 correct=1 p_gold=0.8155
[366/527] global=365 correct=1 p_gold=0.5960
[367/527] global=366 correct=1 p_gold=0.9929
[368/527] global=367 correct=0 p_gold=0.0392
[369/527] global=368 correct=0 p_gold=0.0700
[370/527] global=369 correct=1 p_gold=0.6126
[371/527] global=370 correct=0 p_gold=0.1172
[372/527] global=371 correct=1 p_gold=0.6830
[373/527] global=372 correct=1 p_gold=0.9853
[374/527] global=373 correct=0 p_gold=0.0286
[375/527] global=374 correct=0 p_gold=0.0205
[376/527] global=375 correct=0 p_gold=0.0144
[377/527] global=376 correct=0 p_gold=0.0233
[378/527] global=377 correct=0 p_gold=0.0032
[379/527] global=378 correct=0 p_gold=0.0221
[380/527] global=379 correct=0 p_gold=0.0107
[381/527] global=380 correct=1 p_gold=0.6294
[382/527] global=381 correct=0 p_gold=0.0032
[383/527] global=382 correct=0 p_gold=0.0119
[384/527] global=383 correct=0 p_gold=0.0017
[385/527] global=384 correct=0 p_gold=0.2183
[386/527] global=385 correct=0 p_gold=0.0035
[387/527] global=386 correct=0 p_gold=0.0012
[388/527] global=387 correct=0 p_gold=0.0020
[389/527] global=388 correct=1 p_gold=0.3470
[390/527] global=389 correct=0 p_gold=0.0045
[391/527] global=390 correct=0 p_gold=0.0057
[392/527] global=391 correct=0 p_gold=0.0040
[393/527] global=392 correct=1 p_gold=0.3846
[394/527] global=393 correct=0 p_gold=0.0182
[395/527] global=394 correct=1 p_gold=0.7538
[396/527] global=395 correct=0 p_gold=0.2014
[397/527] global=396 correct=0 p_gold=0.0116
[398/527] global=397 correct=1 p_gold=0.3978
[399/527] global=398 correct=0 p_gold=0.0097
[400/527] global=399 correct=0 p_gold=0.0911
[401/527] global=400 correct=0 p_gold=0.0510
[402/527] global=401 correct=0 p_gold=0.0169
[403/527] global=402 correct=0 p_gold=0.0385
[404/527] global=403 correct=1 p_gold=0.4600
[405/527] global=404 correct=0 p_gold=0.0117
[406/527] global=405 correct=1 p_gold=0.3558
[407/527] global=406 correct=1 p_gold=0.4595
[408/527] global=407 correct=0 p_gold=0.0180
[409/527] global=408 correct=1 p_gold=0.6407
[410/527] global=409 correct=1 p_gold=0.4455
[411/527] global=410 correct=1 p_gold=0.9753
[412/527] global=411 correct=0 p_gold=0.0085
[413/527] global=412 correct=0 p_gold=0.0595
[414/527] global=413 correct=0 p_gold=0.0408
[415/527] global=414 correct=0 p_gold=0.0238
[416/527] global=415 correct=0 p_gold=0.0132
[417/527] global=416 correct=0 p_gold=0.0342
[418/527] global=417 correct=0 p_gold=0.0253
[419/527] global=418 correct=0 p_gold=0.0247
[420/527] global=419 correct=1 p_gold=0.3955
[421/527] global=420 correct=0 p_gold=0.0450
[422/527] global=421 correct=0 p_gold=0.3527
[423/527] global=422 correct=1 p_gold=0.4261
[424/527] global=423 correct=1 p_gold=0.9898
[425/527] global=424 correct=0 p_gold=0.0113
[426/527] global=425 correct=0 p_gold=0.0754
[427/527] global=426 correct=0 p_gold=0.1497
[428/527] global=427 correct=0 p_gold=0.0941
[429/527] global=428 correct=0 p_gold=0.0316
[430/527] global=429 correct=0 p_gold=0.1583
[431/527] global=430 correct=0 p_gold=0.0472
[432/527] global=431 correct=0 p_gold=0.0434
[433/527] global=432 correct=1 p_gold=0.3200
[434/527] global=433 correct=0 p_gold=0.0822
[435/527] global=434 correct=0 p_gold=0.2879
[436/527] global=435 correct=0 p_gold=0.2242
[437/527] global=436 correct=1 p_gold=0.9776
[438/527] global=437 correct=0 p_gold=0.0137
[439/527] global=438 correct=0 p_gold=0.0882
[440/527] global=439 correct=0 p_gold=0.0838
[441/527] global=440 correct=1 p_gold=0.5890
[442/527] global=441 correct=0 p_gold=0.0334
[443/527] global=442 correct=1 p_gold=0.4255
[444/527] global=443 correct=1 p_gold=0.4111
[445/527] global=444 correct=1 p_gold=0.9787
[446/527] global=445 correct=0 p_gold=0.0171
[447/527] global=446 correct=0 p_gold=0.0181
[448/527] global=447 correct=0 p_gold=0.0166
[449/527] global=448 correct=0 p_gold=0.0036
[450/527] global=449 correct=0 p_gold=0.0047
[451/527] global=450 correct=0 p_gold=0.0137
[452/527] global=451 correct=1 p_gold=0.6693
[453/527] global=452 correct=0 p_gold=0.0294
[454/527] global=453 correct=1 p_gold=0.5032
[455/527] global=454 correct=0 p_gold=0.0120
[456/527] global=455 correct=0 p_gold=0.0516
[457/527] global=456 correct=0 p_gold=0.0994
[458/527] global=457 correct=0 p_gold=0.2172
[459/527] global=458 correct=0 p_gold=0.1061
[460/527] global=459 correct=0 p_gold=0.0560
[461/527] global=460 correct=1 p_gold=0.2823
[462/527] global=461 correct=1 p_gold=0.2598
[463/527] global=462 correct=0 p_gold=0.0147
[464/527] global=463 correct=0 p_gold=0.3583
[465/527] global=464 correct=0 p_gold=0.1143
[466/527] global=465 correct=1 p_gold=0.9757
[467/527] global=466 correct=0 p_gold=0.0132
[468/527] global=467 correct=0 p_gold=0.0854
[469/527] global=468 correct=0 p_gold=0.1203
[470/527] global=469 correct=0 p_gold=0.0829
[471/527] global=470 correct=0 p_gold=0.0424
[472/527] global=471 correct=0 p_gold=0.1128
[473/527] global=472 correct=0 p_gold=0.0250
[474/527] global=473 correct=0 p_gold=0.0477
[475/527] global=474 correct=0 p_gold=0.0623
[476/527] global=475 correct=0 p_gold=0.0367
[477/527] global=476 correct=1 p_gold=0.3661
[478/527] global=477 correct=0 p_gold=0.0346
[479/527] global=478 correct=0 p_gold=0.0315
[480/527] global=479 correct=0 p_gold=0.0661
[481/527] global=480 correct=1 p_gold=0.3634
[482/527] global=481 correct=0 p_gold=0.0116
[483/527] global=482 correct=0 p_gold=0.0145
[484/527] global=483 correct=0 p_gold=0.0612
[485/527] global=484 correct=0 p_gold=0.0048
[486/527] global=485 correct=0 p_gold=0.0214
[487/527] global=486 correct=0 p_gold=0.0905
[488/527] global=487 correct=0 p_gold=0.0044
[489/527] global=488 correct=0 p_gold=0.0074
[490/527] global=489 correct=0 p_gold=0.0674
[491/527] global=490 correct=0 p_gold=0.0022
[492/527] global=491 correct=1 p_gold=0.2223
[493/527] global=492 correct=1 p_gold=0.1310
[494/527] global=493 correct=0 p_gold=0.0509
[495/527] global=494 correct=1 p_gold=0.4457
[496/527] global=495 correct=1 p_gold=0.4626
[497/527] global=496 correct=1 p_gold=0.7612
[498/527] global=497 correct=0 p_gold=0.1463
[499/527] global=498 correct=0 p_gold=0.0067
[500/527] global=499 correct=1 p_gold=0.3658
[501/527] global=500 correct=0 p_gold=0.0200
[502/527] global=501 correct=0 p_gold=0.0848
[503/527] global=502 correct=1 p_gold=0.2759
[504/527] global=503 correct=0 p_gold=0.0105
[505/527] global=504 correct=0 p_gold=0.0263
[506/527] global=505 correct=1 p_gold=0.3290
[507/527] global=506 correct=0 p_gold=0.0264
[508/527] global=507 correct=1 p_gold=0.2668
[509/527] global=508 correct=0 p_gold=0.0483
[510/527] global=509 correct=1 p_gold=0.2081
[511/527] global=510 correct=0 p_gold=0.0242
[512/527] global=511 correct=1 p_gold=0.5387
[513/527] global=512 correct=0 p_gold=0.1304
[514/527] global=513 correct=1 p_gold=0.9785
[515/527] global=514 correct=0 p_gold=0.0085
[516/527] global=515 correct=0 p_gold=0.0595
[517/527] global=516 correct=0 p_gold=0.0408
[518/527] global=517 correct=0 p_gold=0.0238
[519/527] global=518 correct=0 p_gold=0.0132
[520/527] global=519 correct=0 p_gold=0.0342
[521/527] global=520 correct=0 p_gold=0.0253
[522/527] global=521 correct=0 p_gold=0.0228
[523/527] global=522 correct=1 p_gold=0.5126
[524/527] global=523 correct=0 p_gold=0.0379
[525/527] global=524 correct=0 p_gold=0.3171
[526/527] global=525 correct=1 p_gold=0.4261
[527/527] global=526 correct=1 p_gold=0.9875
{
  "decision_file": "/data/user/agent_self_evolution_gradient/data/alfworld_expert_large/valid_unseen.jsonl",
  "model_path": "/data/user/agent_self_evolution_gradient/model",
  "parameter_delta": "/data/user/agent_self_evolution_gradient/outputs/conflict_aware_accumulation_300x_v1/deltas/valid_seen_last_four_blocks_direct.pt",
  "tokenizer_path": "/data/user/agent_self_evolution_gradient/model",
  "condition_name": "direct300_last4",
  "prompt_mode": "existing_plain_prompt",
  "decision_offset": 0,
  "evaluated_decisions": 527,
  "top1_accuracy": 0.2675521821631879,
  "mean_expert_probability": 0.180727496336218,
  "mean_nll": 2.7454013985343826
}
