Loading checkpoint shards:   0%|          | 0/2 [00:00<?, ?it/s]Loading checkpoint shards:  50%|█████     | 1/2 [00:04<00:04,  4.62s/it]Loading checkpoint shards: 100%|██████████| 2/2 [00:07<00:00,  3.62s/it]Loading checkpoint shards: 100%|██████████| 2/2 [00:07<00:00,  3.77s/it]
[1/444] global=0 correct=0 p_gold=0.0770
[2/444] global=1 correct=0 p_gold=0.0026
[3/444] global=2 correct=1 p_gold=0.5603
[4/444] global=3 correct=0 p_gold=0.0413
[5/444] global=4 correct=0 p_gold=0.0192
[6/444] global=5 correct=1 p_gold=0.5136
[7/444] global=6 correct=0 p_gold=0.0154
[8/444] global=7 correct=0 p_gold=0.0075
[9/444] global=8 correct=1 p_gold=0.4286
[10/444] global=9 correct=0 p_gold=0.0273
[11/444] global=10 correct=0 p_gold=0.0038
[12/444] global=11 correct=1 p_gold=0.3817
[13/444] global=12 correct=0 p_gold=0.0384
[14/444] global=13 correct=0 p_gold=0.0059
[15/444] global=14 correct=0 p_gold=0.3388
[16/444] global=15 correct=0 p_gold=0.0816
[17/444] global=16 correct=0 p_gold=0.0019
[18/444] global=17 correct=0 p_gold=0.1460
[19/444] global=18 correct=0 p_gold=0.0141
[20/444] global=19 correct=0 p_gold=0.0192
[21/444] global=20 correct=1 p_gold=0.4532
[22/444] global=21 correct=0 p_gold=0.0130
[23/444] global=22 correct=1 p_gold=0.4408
[24/444] global=23 correct=1 p_gold=0.1914
[25/444] global=24 correct=0 p_gold=0.0305
[26/444] global=25 correct=1 p_gold=0.5051
[27/444] global=26 correct=0 p_gold=0.3257
[28/444] global=27 correct=1 p_gold=0.9987
[29/444] global=28 correct=1 p_gold=0.6691
[30/444] global=29 correct=0 p_gold=0.0680
[31/444] global=30 correct=0 p_gold=0.0346
[32/444] global=31 correct=0 p_gold=0.0024
[33/444] global=32 correct=1 p_gold=0.6009
[34/444] global=33 correct=0 p_gold=0.0351
[35/444] global=34 correct=0 p_gold=0.1588
[36/444] global=35 correct=1 p_gold=0.7293
[37/444] global=36 correct=0 p_gold=0.0104
[38/444] global=37 correct=0 p_gold=0.0391
[39/444] global=38 correct=1 p_gold=0.4504
[40/444] global=39 correct=0 p_gold=0.0109
[41/444] global=40 correct=0 p_gold=0.0125
[42/444] global=41 correct=0 p_gold=0.2676
[43/444] global=42 correct=0 p_gold=0.0421
[44/444] global=43 correct=0 p_gold=0.0131
[45/444] global=44 correct=1 p_gold=0.2913
[46/444] global=45 correct=0 p_gold=0.0113
[47/444] global=46 correct=0 p_gold=0.0452
[48/444] global=47 correct=1 p_gold=0.5432
[49/444] global=48 correct=0 p_gold=0.0161
[50/444] global=49 correct=0 p_gold=0.0314
[51/444] global=50 correct=1 p_gold=0.7683
[52/444] global=51 correct=0 p_gold=0.0094
[53/444] global=52 correct=0 p_gold=0.2385
[54/444] global=53 correct=0 p_gold=0.3707
[55/444] global=54 correct=0 p_gold=0.3391
[56/444] global=55 correct=1 p_gold=0.9955
[57/444] global=56 correct=1 p_gold=0.7821
[58/444] global=57 correct=0 p_gold=0.2100
[59/444] global=58 correct=1 p_gold=0.7982
[60/444] global=59 correct=0 p_gold=0.0820
[61/444] global=60 correct=1 p_gold=0.9887
[62/444] global=61 correct=1 p_gold=0.6856
[63/444] global=62 correct=0 p_gold=0.1316
[64/444] global=63 correct=0 p_gold=0.0261
[65/444] global=64 correct=1 p_gold=0.6333
[66/444] global=65 correct=0 p_gold=0.0039
[67/444] global=66 correct=0 p_gold=0.0420
[68/444] global=67 correct=1 p_gold=0.4931
[69/444] global=68 correct=1 p_gold=0.8366
[70/444] global=69 correct=0 p_gold=0.0143
[71/444] global=70 correct=1 p_gold=0.7442
[72/444] global=71 correct=1 p_gold=0.9805
[73/444] global=72 correct=0 p_gold=0.0065
[74/444] global=73 correct=0 p_gold=0.0262
[75/444] global=74 correct=0 p_gold=0.0196
[76/444] global=75 correct=0 p_gold=0.0144
[77/444] global=76 correct=0 p_gold=0.0130
[78/444] global=77 correct=0 p_gold=0.0441
[79/444] global=78 correct=0 p_gold=0.0698
[80/444] global=79 correct=1 p_gold=0.6589
[81/444] global=80 correct=1 p_gold=0.7044
[82/444] global=81 correct=0 p_gold=0.0001
[83/444] global=82 correct=1 p_gold=0.7500
[84/444] global=83 correct=0 p_gold=0.0985
[85/444] global=84 correct=1 p_gold=0.9576
[86/444] global=85 correct=0 p_gold=0.0463
[87/444] global=86 correct=0 p_gold=0.0532
[88/444] global=87 correct=1 p_gold=0.5203
[89/444] global=88 correct=0 p_gold=0.0178
[90/444] global=89 correct=0 p_gold=0.0233
[91/444] global=90 correct=1 p_gold=0.5878
[92/444] global=91 correct=0 p_gold=0.1603
[93/444] global=92 correct=1 p_gold=0.4019
[94/444] global=93 correct=1 p_gold=0.7259
[95/444] global=94 correct=1 p_gold=0.9966
[96/444] global=95 correct=0 p_gold=0.0334
[97/444] global=96 correct=1 p_gold=0.4936
[98/444] global=97 correct=0 p_gold=0.0299
[99/444] global=98 correct=1 p_gold=0.5673
[100/444] global=99 correct=1 p_gold=0.9200
[101/444] global=100 correct=0 p_gold=0.0062
[102/444] global=101 correct=0 p_gold=0.0339
[103/444] global=102 correct=0 p_gold=0.0299
[104/444] global=103 correct=0 p_gold=0.0312
[105/444] global=104 correct=0 p_gold=0.0385
[106/444] global=105 correct=0 p_gold=0.0402
[107/444] global=106 correct=0 p_gold=0.1245
[108/444] global=107 correct=0 p_gold=0.0125
[109/444] global=108 correct=1 p_gold=0.4109
[110/444] global=109 correct=0 p_gold=0.0375
[111/444] global=110 correct=0 p_gold=0.0164
[112/444] global=111 correct=0 p_gold=0.0070
[113/444] global=112 correct=1 p_gold=0.3700
[114/444] global=113 correct=0 p_gold=0.0189
[115/444] global=114 correct=0 p_gold=0.0088
[116/444] global=115 correct=0 p_gold=0.2985
[117/444] global=116 correct=0 p_gold=0.0070
[118/444] global=117 correct=1 p_gold=0.3556
[119/444] global=118 correct=1 p_gold=0.3373
[120/444] global=119 correct=0 p_gold=0.2420
[121/444] global=120 correct=0 p_gold=0.0230
[122/444] global=121 correct=0 p_gold=0.0134
[123/444] global=122 correct=1 p_gold=0.5006
[124/444] global=123 correct=0 p_gold=0.0048
[125/444] global=124 correct=0 p_gold=0.0943
[126/444] global=125 correct=0 p_gold=0.1781
[127/444] global=126 correct=1 p_gold=0.9554
[128/444] global=127 correct=0 p_gold=0.0281
[129/444] global=128 correct=0 p_gold=0.0568
[130/444] global=129 correct=1 p_gold=0.5819
[131/444] global=130 correct=0 p_gold=0.0445
[132/444] global=131 correct=0 p_gold=0.0140
[133/444] global=132 correct=0 p_gold=0.1129
[134/444] global=133 correct=1 p_gold=0.4602
[135/444] global=134 correct=0 p_gold=0.0198
[136/444] global=135 correct=1 p_gold=0.5784
[137/444] global=136 correct=1 p_gold=0.4714
[138/444] global=137 correct=0 p_gold=0.0426
[139/444] global=138 correct=1 p_gold=0.7358
[140/444] global=139 correct=0 p_gold=0.3414
[141/444] global=140 correct=1 p_gold=0.5765
[142/444] global=141 correct=1 p_gold=0.9766
[143/444] global=142 correct=0 p_gold=0.0287
[144/444] global=143 correct=0 p_gold=0.0075
[145/444] global=144 correct=0 p_gold=0.0034
[146/444] global=145 correct=1 p_gold=0.4294
[147/444] global=146 correct=0 p_gold=0.0164
[148/444] global=147 correct=1 p_gold=0.6122
[149/444] global=148 correct=1 p_gold=0.3875
[150/444] global=149 correct=0 p_gold=0.0222
[151/444] global=150 correct=0 p_gold=0.0647
[152/444] global=151 correct=1 p_gold=0.5608
[153/444] global=152 correct=0 p_gold=0.0002
[154/444] global=153 correct=1 p_gold=0.7980
[155/444] global=154 correct=0 p_gold=0.2394
[156/444] global=155 correct=1 p_gold=0.9921
[157/444] global=156 correct=0 p_gold=0.1161
[158/444] global=157 correct=0 p_gold=0.0033
[159/444] global=158 correct=1 p_gold=0.5860
[160/444] global=159 correct=0 p_gold=0.0626
[161/444] global=160 correct=0 p_gold=0.0171
[162/444] global=161 correct=1 p_gold=0.4799
[163/444] global=162 correct=0 p_gold=0.0254
[164/444] global=163 correct=0 p_gold=0.0076
[165/444] global=164 correct=1 p_gold=0.4610
[166/444] global=165 correct=0 p_gold=0.0126
[167/444] global=166 correct=0 p_gold=0.0046
[168/444] global=167 correct=1 p_gold=0.4418
[169/444] global=168 correct=0 p_gold=0.1142
[170/444] global=169 correct=0 p_gold=0.0016
[171/444] global=170 correct=0 p_gold=0.2284
[172/444] global=171 correct=0 p_gold=0.0278
[173/444] global=172 correct=0 p_gold=0.0190
[174/444] global=173 correct=1 p_gold=0.5154
[175/444] global=174 correct=0 p_gold=0.0187
[176/444] global=175 correct=1 p_gold=0.4374
[177/444] global=176 correct=1 p_gold=0.2176
[178/444] global=177 correct=0 p_gold=0.1834
[179/444] global=178 correct=0 p_gold=0.4725
[180/444] global=179 correct=0 p_gold=0.2486
[181/444] global=180 correct=1 p_gold=0.9968
[182/444] global=181 correct=0 p_gold=0.0054
[183/444] global=182 correct=1 p_gold=0.5097
[184/444] global=183 correct=0 p_gold=0.0011
[185/444] global=184 correct=0 p_gold=0.0003
[186/444] global=185 correct=0 p_gold=0.1814
[187/444] global=186 correct=0 p_gold=0.0017
[188/444] global=187 correct=0 p_gold=0.0004
[189/444] global=188 correct=0 p_gold=0.0705
[190/444] global=189 correct=0 p_gold=0.0008
[191/444] global=190 correct=0 p_gold=0.0003
[192/444] global=191 correct=0 p_gold=0.0616
[193/444] global=192 correct=0 p_gold=0.0008
[194/444] global=193 correct=0 p_gold=0.0002
[195/444] global=194 correct=0 p_gold=0.0348
[196/444] global=195 correct=0 p_gold=0.0006
[197/444] global=196 correct=0 p_gold=0.0001
[198/444] global=197 correct=0 p_gold=0.0442
[199/444] global=198 correct=0 p_gold=0.0004
[200/444] global=199 correct=0 p_gold=0.0240
[201/444] global=200 correct=0 p_gold=0.0339
[202/444] global=201 correct=0 p_gold=0.0791
[203/444] global=202 correct=1 p_gold=0.5167
[204/444] global=203 correct=0 p_gold=0.0033
[205/444] global=204 correct=1 p_gold=0.5784
[206/444] global=205 correct=1 p_gold=0.3381
[207/444] global=206 correct=1 p_gold=0.9873
[208/444] global=207 correct=0 p_gold=0.0098
[209/444] global=208 correct=0 p_gold=0.0342
[210/444] global=209 correct=0 p_gold=0.0363
[211/444] global=210 correct=0 p_gold=0.0257
[212/444] global=211 correct=0 p_gold=0.0347
[213/444] global=212 correct=1 p_gold=0.4930
[214/444] global=213 correct=0 p_gold=0.0041
[215/444] global=214 correct=1 p_gold=0.8384
[216/444] global=215 correct=1 p_gold=0.8794
[217/444] global=216 correct=1 p_gold=0.9992
[218/444] global=217 correct=1 p_gold=0.1988
[219/444] global=218 correct=1 p_gold=0.3963
[220/444] global=219 correct=0 p_gold=0.0078
[221/444] global=220 correct=0 p_gold=0.3948
[222/444] global=221 correct=1 p_gold=0.4425
[223/444] global=222 correct=1 p_gold=0.9805
[224/444] global=223 correct=0 p_gold=0.0522
[225/444] global=224 correct=0 p_gold=0.0479
[226/444] global=225 correct=1 p_gold=0.5131
[227/444] global=226 correct=0 p_gold=0.0255
[228/444] global=227 correct=0 p_gold=0.0132
[229/444] global=228 correct=0 p_gold=0.0249
[230/444] global=229 correct=1 p_gold=0.3510
[231/444] global=230 correct=1 p_gold=0.1825
[232/444] global=231 correct=0 p_gold=0.0318
[233/444] global=232 correct=1 p_gold=0.3872
[234/444] global=233 correct=0 p_gold=0.0930
[235/444] global=234 correct=1 p_gold=0.8694
[236/444] global=235 correct=0 p_gold=0.0318
[237/444] global=236 correct=0 p_gold=0.0194
[238/444] global=237 correct=1 p_gold=0.5164
[239/444] global=238 correct=0 p_gold=0.0245
[240/444] global=239 correct=0 p_gold=0.0383
[241/444] global=240 correct=0 p_gold=0.0936
[242/444] global=241 correct=1 p_gold=0.4248
[243/444] global=242 correct=0 p_gold=0.0163
[244/444] global=243 correct=1 p_gold=0.4974
[245/444] global=244 correct=0 p_gold=0.0435
[246/444] global=245 correct=1 p_gold=0.5787
[247/444] global=246 correct=0 p_gold=0.0000
[248/444] global=247 correct=1 p_gold=0.7037
[249/444] global=248 correct=1 p_gold=0.2933
[250/444] global=249 correct=1 p_gold=0.9883
[251/444] global=250 correct=1 p_gold=0.6729
[252/444] global=251 correct=1 p_gold=0.2161
[253/444] global=252 correct=1 p_gold=0.6194
[254/444] global=253 correct=0 p_gold=0.0686
[255/444] global=254 correct=1 p_gold=0.9934
[256/444] global=255 correct=0 p_gold=0.0016
[257/444] global=256 correct=0 p_gold=0.0665
[258/444] global=257 correct=0 p_gold=0.0035
[259/444] global=258 correct=0 p_gold=0.0054
[260/444] global=259 correct=0 p_gold=0.0013
[261/444] global=260 correct=0 p_gold=0.0019
[262/444] global=261 correct=0 p_gold=0.0012
[263/444] global=262 correct=0 p_gold=0.0017
[264/444] global=263 correct=0 p_gold=0.2009
[265/444] global=264 correct=0 p_gold=0.0033
[266/444] global=265 correct=0 p_gold=0.0051
[267/444] global=266 correct=0 p_gold=0.0435
[268/444] global=267 correct=0 p_gold=0.0013
[269/444] global=268 correct=0 p_gold=0.0019
[270/444] global=269 correct=0 p_gold=0.0149
[271/444] global=270 correct=0 p_gold=0.0015
[272/444] global=271 correct=0 p_gold=0.0053
[273/444] global=272 correct=0 p_gold=0.0340
[274/444] global=273 correct=0 p_gold=0.0009
[275/444] global=274 correct=0 p_gold=0.1272
[276/444] global=275 correct=0 p_gold=0.1277
[277/444] global=276 correct=0 p_gold=0.0065
[278/444] global=277 correct=0 p_gold=0.0755
[279/444] global=278 correct=0 p_gold=0.0294
[280/444] global=279 correct=0 p_gold=0.0426
[281/444] global=280 correct=1 p_gold=0.7163
[282/444] global=281 correct=0 p_gold=0.0442
[283/444] global=282 correct=0 p_gold=0.0240
[284/444] global=283 correct=0 p_gold=0.0261
[285/444] global=284 correct=1 p_gold=0.4396
[286/444] global=285 correct=0 p_gold=0.0211
[287/444] global=286 correct=1 p_gold=0.5787
[288/444] global=287 correct=1 p_gold=0.4480
[289/444] global=288 correct=0 p_gold=0.0260
[290/444] global=289 correct=1 p_gold=0.5348
[291/444] global=290 correct=0 p_gold=0.2877
[292/444] global=291 correct=1 p_gold=0.5158
[293/444] global=292 correct=1 p_gold=0.9674
[294/444] global=293 correct=0 p_gold=0.0259
[295/444] global=294 correct=1 p_gold=0.4178
[296/444] global=295 correct=0 p_gold=0.2630
[297/444] global=296 correct=1 p_gold=0.9988
[298/444] global=297 correct=0 p_gold=0.0627
[299/444] global=298 correct=0 p_gold=0.1190
[300/444] global=299 correct=1 p_gold=0.4252
[301/444] global=300 correct=0 p_gold=0.0200
[302/444] global=301 correct=0 p_gold=0.0610
[303/444] global=302 correct=1 p_gold=0.2301
[304/444] global=303 correct=1 p_gold=0.4356
[305/444] global=304 correct=0 p_gold=0.0108
[306/444] global=305 correct=1 p_gold=0.1826
[307/444] global=306 correct=0 p_gold=0.0252
[308/444] global=307 correct=1 p_gold=0.1652
[309/444] global=308 correct=0 p_gold=0.1012
[310/444] global=309 correct=1 p_gold=0.2487
[311/444] global=310 correct=1 p_gold=0.2954
[312/444] global=311 correct=1 p_gold=0.9655
[313/444] global=312 correct=0 p_gold=0.0331
[314/444] global=313 correct=0 p_gold=0.3795
[315/444] global=314 correct=0 p_gold=0.0004
[316/444] global=315 correct=0 p_gold=0.0017
[317/444] global=316 correct=0 p_gold=0.0090
[318/444] global=317 correct=0 p_gold=0.0014
[319/444] global=318 correct=0 p_gold=0.0023
[320/444] global=319 correct=0 p_gold=0.0061
[321/444] global=320 correct=0 p_gold=0.0751
[322/444] global=321 correct=0 p_gold=0.1455
[323/444] global=322 correct=1 p_gold=0.4359
[324/444] global=323 correct=0 p_gold=0.0352
[325/444] global=324 correct=1 p_gold=0.9916
[326/444] global=325 correct=1 p_gold=0.6382
[327/444] global=326 correct=0 p_gold=0.2261
[328/444] global=327 correct=0 p_gold=0.0032
[329/444] global=328 correct=0 p_gold=0.2678
[330/444] global=329 correct=0 p_gold=0.0249
[331/444] global=330 correct=1 p_gold=0.9711
[332/444] global=331 correct=0 p_gold=0.1149
[333/444] global=332 correct=1 p_gold=0.4926
[334/444] global=333 correct=0 p_gold=0.1502
[335/444] global=334 correct=1 p_gold=0.5363
[336/444] global=335 correct=1 p_gold=0.9812
[337/444] global=336 correct=0 p_gold=0.0472
[338/444] global=337 correct=0 p_gold=0.0315
[339/444] global=338 correct=0 p_gold=0.1420
[340/444] global=339 correct=0 p_gold=0.2602
[341/444] global=340 correct=1 p_gold=0.5551
[342/444] global=341 correct=1 p_gold=0.3499
[343/444] global=342 correct=0 p_gold=0.0233
[344/444] global=343 correct=1 p_gold=0.4919
[345/444] global=344 correct=0 p_gold=0.0057
[346/444] global=345 correct=1 p_gold=0.5235
[347/444] global=346 correct=0 p_gold=0.0214
[348/444] global=347 correct=1 p_gold=0.5235
[349/444] global=348 correct=0 p_gold=0.0038
[350/444] global=349 correct=1 p_gold=0.4083
[351/444] global=350 correct=0 p_gold=0.0191
[352/444] global=351 correct=1 p_gold=0.5446
[353/444] global=352 correct=0 p_gold=0.0109
[354/444] global=353 correct=0 p_gold=0.2730
[355/444] global=354 correct=1 p_gold=0.6602
[356/444] global=355 correct=1 p_gold=0.5762
[357/444] global=356 correct=0 p_gold=0.2074
[358/444] global=357 correct=0 p_gold=0.0978
[359/444] global=358 correct=0 p_gold=0.0506
[360/444] global=359 correct=1 p_gold=0.8308
[361/444] global=360 correct=0 p_gold=0.0244
[362/444] global=361 correct=0 p_gold=0.2404
[363/444] global=362 correct=0 p_gold=0.1358
[364/444] global=363 correct=1 p_gold=0.9606
[365/444] global=364 correct=0 p_gold=0.0110
[366/444] global=365 correct=0 p_gold=0.0528
[367/444] global=366 correct=0 p_gold=0.0108
[368/444] global=367 correct=0 p_gold=0.1119
[369/444] global=368 correct=0 p_gold=0.0392
[370/444] global=369 correct=0 p_gold=0.0010
[371/444] global=370 correct=1 p_gold=0.4753
[372/444] global=371 correct=0 p_gold=0.0136
[373/444] global=372 correct=0 p_gold=0.0155
[374/444] global=373 correct=0 p_gold=0.0381
[375/444] global=374 correct=0 p_gold=0.0139
[376/444] global=375 correct=1 p_gold=0.4254
[377/444] global=376 correct=0 p_gold=0.0262
[378/444] global=377 correct=0 p_gold=0.0104
[379/444] global=378 correct=0 p_gold=0.0147
[380/444] global=379 correct=0 p_gold=0.2846
[381/444] global=380 correct=0 p_gold=0.0109
[382/444] global=381 correct=0 p_gold=0.0057
[383/444] global=382 correct=0 p_gold=0.2524
[384/444] global=383 correct=0 p_gold=0.0024
[385/444] global=384 correct=0 p_gold=0.0070
[386/444] global=385 correct=0 p_gold=0.1922
[387/444] global=386 correct=0 p_gold=0.0021
[388/444] global=387 correct=0 p_gold=0.0013
[389/444] global=388 correct=0 p_gold=0.1673
[390/444] global=389 correct=0 p_gold=0.0034
[391/444] global=390 correct=1 p_gold=0.4279
[392/444] global=391 correct=0 p_gold=0.0866
[393/444] global=392 correct=0 p_gold=0.0794
[394/444] global=393 correct=0 p_gold=0.2387
[395/444] global=394 correct=0 p_gold=0.2771
[396/444] global=395 correct=1 p_gold=0.9881
[397/444] global=396 correct=0 p_gold=0.0779
[398/444] global=397 correct=1 p_gold=0.4866
[399/444] global=398 correct=0 p_gold=0.1399
[400/444] global=399 correct=1 p_gold=0.9920
[401/444] global=400 correct=0 p_gold=0.0347
[402/444] global=401 correct=0 p_gold=0.0765
[403/444] global=402 correct=1 p_gold=0.6029
[404/444] global=403 correct=0 p_gold=0.0212
[405/444] global=404 correct=0 p_gold=0.0150
[406/444] global=405 correct=0 p_gold=0.0596
[407/444] global=406 correct=1 p_gold=0.4189
[408/444] global=407 correct=0 p_gold=0.0089
[409/444] global=408 correct=1 p_gold=0.4409
[410/444] global=409 correct=1 p_gold=0.1999
[411/444] global=410 correct=1 p_gold=0.2331
[412/444] global=411 correct=1 p_gold=0.2622
[413/444] global=412 correct=0 p_gold=0.2554
[414/444] global=413 correct=0 p_gold=0.1220
[415/444] global=414 correct=1 p_gold=0.9869
[416/444] global=415 correct=0 p_gold=0.0168
[417/444] global=416 correct=0 p_gold=0.0122
[418/444] global=417 correct=0 p_gold=0.0107
[419/444] global=418 correct=0 p_gold=0.1339
[420/444] global=419 correct=0 p_gold=0.0019
[421/444] global=420 correct=1 p_gold=0.7546
[422/444] global=421 correct=0 p_gold=0.0149
[423/444] global=422 correct=0 p_gold=0.0297
[424/444] global=423 correct=1 p_gold=0.5670
[425/444] global=424 correct=0 p_gold=0.0110
[426/444] global=425 correct=1 p_gold=0.7608
[427/444] global=426 correct=1 p_gold=0.6583
[428/444] global=427 correct=0 p_gold=0.1551
[429/444] global=428 correct=1 p_gold=0.9968
[430/444] global=429 correct=0 p_gold=0.0318
[431/444] global=430 correct=0 p_gold=0.0124
[432/444] global=431 correct=1 p_gold=0.3976
[433/444] global=432 correct=0 p_gold=0.0334
[434/444] global=433 correct=0 p_gold=0.0430
[435/444] global=434 correct=1 p_gold=0.5263
[436/444] global=435 correct=0 p_gold=0.0006
[437/444] global=436 correct=1 p_gold=0.5546
[438/444] global=437 correct=1 p_gold=0.6848
[439/444] global=438 correct=1 p_gold=0.9937
[440/444] global=439 correct=0 p_gold=0.1357
[441/444] global=440 correct=0 p_gold=0.0647
[442/444] global=441 correct=1 p_gold=0.8176
[443/444] global=442 correct=0 p_gold=0.0473
[444/444] global=443 correct=1 p_gold=0.9984
{
  "decision_file": "/data/user/agent_self_evolution_gradient/data/alfworld_expert_large/valid_seen.jsonl",
  "model_path": "/data/user/agent_self_evolution_gradient/model",
  "parameter_delta": "/data/user/agent_self_evolution_gradient/outputs/conflict_aware_accumulation_300x_v1/deltas/valid_seen_last_four_blocks_project.pt",
  "tokenizer_path": "/data/user/agent_self_evolution_gradient/model",
  "condition_name": "project300_last4",
  "prompt_mode": "existing_plain_prompt",
  "decision_offset": 0,
  "evaluated_decisions": 444,
  "top1_accuracy": 0.34684684684684686,
  "mean_expert_probability": 0.24972714779852623,
  "mean_nll": 2.6976188198891284
}
Loading checkpoint shards:   0%|          | 0/2 [00:00<?, ?it/s]Loading checkpoint shards:  50%|█████     | 1/2 [00:00<00:00,  1.18it/s]Loading checkpoint shards: 100%|██████████| 2/2 [00:01<00:00,  1.69it/s]Loading checkpoint shards: 100%|██████████| 2/2 [00:01<00:00,  1.58it/s]
[1/527] global=0 correct=0 p_gold=0.0522
[2/527] global=1 correct=1 p_gold=0.2596
[3/527] global=2 correct=0 p_gold=0.1948
[4/527] global=3 correct=1 p_gold=0.4865
[5/527] global=4 correct=1 p_gold=0.9032
[6/527] global=5 correct=0 p_gold=0.0378
[7/527] global=6 correct=0 p_gold=0.0026
[8/527] global=7 correct=0 p_gold=0.0703
[9/527] global=8 correct=0 p_gold=0.0289
[10/527] global=9 correct=1 p_gold=0.2022
[11/527] global=10 correct=0 p_gold=0.0709
[12/527] global=11 correct=0 p_gold=0.0125
[13/527] global=12 correct=0 p_gold=0.0453
[14/527] global=13 correct=0 p_gold=0.0157
[15/527] global=14 correct=0 p_gold=0.0241
[16/527] global=15 correct=0 p_gold=0.0083
[17/527] global=16 correct=0 p_gold=0.0168
[18/527] global=17 correct=0 p_gold=0.0306
[19/527] global=18 correct=0 p_gold=0.0376
[20/527] global=19 correct=0 p_gold=0.0927
[21/527] global=20 correct=1 p_gold=0.1778
[22/527] global=21 correct=0 p_gold=0.0167
[23/527] global=22 correct=0 p_gold=0.1531
[24/527] global=23 correct=1 p_gold=0.2662
[25/527] global=24 correct=1 p_gold=0.2039
[26/527] global=25 correct=0 p_gold=0.0047
[27/527] global=26 correct=1 p_gold=0.5722
[28/527] global=27 correct=1 p_gold=0.6502
[29/527] global=28 correct=1 p_gold=0.9803
[30/527] global=29 correct=0 p_gold=0.0148
[31/527] global=30 correct=0 p_gold=0.0054
[32/527] global=31 correct=0 p_gold=0.0061
[33/527] global=32 correct=0 p_gold=0.0033
[34/527] global=33 correct=0 p_gold=0.0018
[35/527] global=34 correct=0 p_gold=0.0038
[36/527] global=35 correct=0 p_gold=0.2913
[37/527] global=36 correct=0 p_gold=0.0425
[38/527] global=37 correct=1 p_gold=0.4957
[39/527] global=38 correct=0 p_gold=0.0125
[40/527] global=39 correct=0 p_gold=0.0661
[41/527] global=40 correct=0 p_gold=0.0846
[42/527] global=41 correct=0 p_gold=0.0619
[43/527] global=42 correct=0 p_gold=0.0758
[44/527] global=43 correct=0 p_gold=0.0193
[45/527] global=44 correct=0 p_gold=0.0234
[46/527] global=45 correct=0 p_gold=0.2039
[47/527] global=46 correct=0 p_gold=0.0787
[48/527] global=47 correct=0 p_gold=0.0417
[49/527] global=48 correct=0 p_gold=0.0807
[50/527] global=49 correct=0 p_gold=0.0878
[51/527] global=50 correct=0 p_gold=0.0924
[52/527] global=51 correct=0 p_gold=0.0928
[53/527] global=52 correct=0 p_gold=0.1367
[54/527] global=53 correct=0 p_gold=0.0653
[55/527] global=54 correct=0 p_gold=0.1067
[56/527] global=55 correct=0 p_gold=0.1246
[57/527] global=56 correct=1 p_gold=0.5393
[58/527] global=57 correct=0 p_gold=0.0220
[59/527] global=58 correct=0 p_gold=0.1053
[60/527] global=59 correct=1 p_gold=0.7520
[61/527] global=60 correct=0 p_gold=0.0169
[62/527] global=61 correct=1 p_gold=0.4831
[63/527] global=62 correct=1 p_gold=0.9949
[64/527] global=63 correct=0 p_gold=0.0207
[65/527] global=64 correct=1 p_gold=0.8613
[66/527] global=65 correct=0 p_gold=0.2635
[67/527] global=66 correct=1 p_gold=0.9954
[68/527] global=67 correct=0 p_gold=0.0114
[69/527] global=68 correct=0 p_gold=0.0662
[70/527] global=69 correct=0 p_gold=0.0796
[71/527] global=70 correct=0 p_gold=0.0621
[72/527] global=71 correct=0 p_gold=0.0546
[73/527] global=72 correct=0 p_gold=0.0566
[74/527] global=73 correct=0 p_gold=0.0163
[75/527] global=74 correct=0 p_gold=0.0294
[76/527] global=75 correct=0 p_gold=0.0410
[77/527] global=76 correct=0 p_gold=0.0195
[78/527] global=77 correct=1 p_gold=0.4695
[79/527] global=78 correct=0 p_gold=0.0320
[80/527] global=79 correct=0 p_gold=0.0255
[81/527] global=80 correct=0 p_gold=0.0363
[82/527] global=81 correct=1 p_gold=0.2843
[83/527] global=82 correct=0 p_gold=0.1828
[84/527] global=83 correct=0 p_gold=0.0084
[85/527] global=84 correct=0 p_gold=0.1240
[86/527] global=85 correct=1 p_gold=0.4555
[87/527] global=86 correct=1 p_gold=0.7580
[88/527] global=87 correct=0 p_gold=0.0133
[89/527] global=88 correct=0 p_gold=0.0762
[90/527] global=89 correct=1 p_gold=0.1476
[91/527] global=90 correct=0 p_gold=0.1147
[92/527] global=91 correct=0 p_gold=0.0550
[93/527] global=92 correct=0 p_gold=0.0491
[94/527] global=93 correct=0 p_gold=0.0272
[95/527] global=94 correct=0 p_gold=0.0316
[96/527] global=95 correct=0 p_gold=0.0329
[97/527] global=96 correct=0 p_gold=0.0129
[98/527] global=97 correct=1 p_gold=0.1846
[99/527] global=98 correct=0 p_gold=0.0153
[100/527] global=99 correct=0 p_gold=0.0241
[101/527] global=100 correct=0 p_gold=0.0491
[102/527] global=101 correct=1 p_gold=0.2523
[103/527] global=102 correct=0 p_gold=0.0978
[104/527] global=103 correct=0 p_gold=0.0086
[105/527] global=104 correct=0 p_gold=0.1063
[106/527] global=105 correct=1 p_gold=0.3727
[107/527] global=106 correct=1 p_gold=0.9466
[108/527] global=107 correct=0 p_gold=0.0079
[109/527] global=108 correct=0 p_gold=0.0831
[110/527] global=109 correct=0 p_gold=0.1299
[111/527] global=110 correct=0 p_gold=0.0857
[112/527] global=111 correct=0 p_gold=0.0851
[113/527] global=112 correct=0 p_gold=0.1228
[114/527] global=113 correct=0 p_gold=0.0204
[115/527] global=114 correct=0 p_gold=0.0242
[116/527] global=115 correct=0 p_gold=0.0373
[117/527] global=116 correct=0 p_gold=0.0430
[118/527] global=117 correct=1 p_gold=0.3217
[119/527] global=118 correct=0 p_gold=0.0244
[120/527] global=119 correct=0 p_gold=0.0360
[121/527] global=120 correct=0 p_gold=0.0635
[122/527] global=121 correct=1 p_gold=0.3099
[123/527] global=122 correct=0 p_gold=0.0090
[124/527] global=123 correct=0 p_gold=0.0126
[125/527] global=124 correct=0 p_gold=0.0715
[126/527] global=125 correct=0 p_gold=0.0075
[127/527] global=126 correct=0 p_gold=0.0371
[128/527] global=127 correct=1 p_gold=0.2283
[129/527] global=128 correct=0 p_gold=0.0099
[130/527] global=129 correct=0 p_gold=0.0201
[131/527] global=130 correct=1 p_gold=0.2341
[132/527] global=131 correct=0 p_gold=0.0066
[133/527] global=132 correct=1 p_gold=0.2767
[134/527] global=133 correct=0 p_gold=0.1634
[135/527] global=134 correct=0 p_gold=0.0111
[136/527] global=135 correct=1 p_gold=0.5984
[137/527] global=136 correct=1 p_gold=0.6007
[138/527] global=137 correct=1 p_gold=0.6275
[139/527] global=138 correct=0 p_gold=0.0196
[140/527] global=139 correct=1 p_gold=0.8282
[141/527] global=140 correct=0 p_gold=0.0977
[142/527] global=141 correct=1 p_gold=0.9956
[143/527] global=142 correct=0 p_gold=0.0594
[144/527] global=143 correct=0 p_gold=0.0622
[145/527] global=144 correct=1 p_gold=0.3633
[146/527] global=145 correct=0 p_gold=0.0238
[147/527] global=146 correct=0 p_gold=0.0729
[148/527] global=147 correct=1 p_gold=0.6746
[149/527] global=148 correct=0 p_gold=0.0340
[150/527] global=149 correct=0 p_gold=0.4771
[151/527] global=150 correct=0 p_gold=0.0608
[152/527] global=151 correct=1 p_gold=0.4910
[153/527] global=152 correct=1 p_gold=0.9558
[154/527] global=153 correct=0 p_gold=0.0731
[155/527] global=154 correct=0 p_gold=0.0215
[156/527] global=155 correct=0 p_gold=0.0071
[157/527] global=156 correct=0 p_gold=0.0026
[158/527] global=157 correct=0 p_gold=0.0006
[159/527] global=158 correct=0 p_gold=0.0076
[160/527] global=159 correct=1 p_gold=0.5955
[161/527] global=160 correct=0 p_gold=0.1365
[162/527] global=161 correct=0 p_gold=0.0541
[163/527] global=162 correct=0 p_gold=0.0246
[164/527] global=163 correct=1 p_gold=0.2388
[165/527] global=164 correct=0 p_gold=0.0276
[166/527] global=165 correct=0 p_gold=0.0509
[167/527] global=166 correct=0 p_gold=0.1135
[168/527] global=167 correct=1 p_gold=0.4071
[169/527] global=168 correct=0 p_gold=0.0085
[170/527] global=169 correct=1 p_gold=0.3185
[171/527] global=170 correct=0 p_gold=0.1664
[172/527] global=171 correct=0 p_gold=0.0693
[173/527] global=172 correct=1 p_gold=0.4000
[174/527] global=173 correct=0 p_gold=0.0004
[175/527] global=174 correct=1 p_gold=0.7272
[176/527] global=175 correct=1 p_gold=0.3991
[177/527] global=176 correct=1 p_gold=0.9939
[178/527] global=177 correct=0 p_gold=0.0117
[179/527] global=178 correct=0 p_gold=0.0129
[180/527] global=179 correct=1 p_gold=0.5639
[181/527] global=180 correct=0 p_gold=0.0002
[182/527] global=181 correct=0 p_gold=0.0002
[183/527] global=182 correct=0 p_gold=0.1232
[184/527] global=183 correct=0 p_gold=0.0573
[185/527] global=184 correct=0 p_gold=0.0171
[186/527] global=185 correct=0 p_gold=0.0040
[187/527] global=186 correct=0 p_gold=0.0005
[188/527] global=187 correct=0 p_gold=0.0001
[189/527] global=188 correct=0 p_gold=0.0017
[190/527] global=189 correct=0 p_gold=0.0003
[191/527] global=190 correct=0 p_gold=0.0099
[192/527] global=191 correct=0 p_gold=0.0016
[193/527] global=192 correct=0 p_gold=0.0040
[194/527] global=193 correct=0 p_gold=0.0011
[195/527] global=194 correct=0 p_gold=0.0020
[196/527] global=195 correct=0 p_gold=0.1558
[197/527] global=196 correct=0 p_gold=0.0020
[198/527] global=197 correct=0 p_gold=0.0030
[199/527] global=198 correct=0 p_gold=0.0009
[200/527] global=199 correct=0 p_gold=0.0046
[201/527] global=200 correct=0 p_gold=0.0016
[202/527] global=201 correct=0 p_gold=0.0815
[203/527] global=202 correct=0 p_gold=0.0017
[204/527] global=203 correct=0 p_gold=0.0010
[205/527] global=204 correct=0 p_gold=0.0012
[206/527] global=205 correct=0 p_gold=0.0856
[207/527] global=206 correct=0 p_gold=0.0023
[208/527] global=207 correct=0 p_gold=0.2366
[209/527] global=208 correct=0 p_gold=0.0091
[210/527] global=209 correct=0 p_gold=0.1500
[211/527] global=210 correct=0 p_gold=0.0106
[212/527] global=211 correct=0 p_gold=0.0827
[213/527] global=212 correct=0 p_gold=0.0167
[214/527] global=213 correct=0 p_gold=0.1531
[215/527] global=214 correct=1 p_gold=0.2662
[216/527] global=215 correct=1 p_gold=0.2039
[217/527] global=216 correct=0 p_gold=0.0047
[218/527] global=217 correct=1 p_gold=0.5722
[219/527] global=218 correct=1 p_gold=0.6502
[220/527] global=219 correct=1 p_gold=0.9803
[221/527] global=220 correct=0 p_gold=0.0113
[222/527] global=221 correct=0 p_gold=0.0659
[223/527] global=222 correct=0 p_gold=0.0808
[224/527] global=223 correct=0 p_gold=0.0664
[225/527] global=224 correct=0 p_gold=0.0218
[226/527] global=225 correct=0 p_gold=0.0764
[227/527] global=226 correct=0 p_gold=0.0205
[228/527] global=227 correct=0 p_gold=0.0234
[229/527] global=228 correct=1 p_gold=0.4949
[230/527] global=229 correct=0 p_gold=0.1304
[231/527] global=230 correct=0 p_gold=0.3725
[232/527] global=231 correct=0 p_gold=0.2346
[233/527] global=232 correct=1 p_gold=0.7930
[234/527] global=233 correct=0 p_gold=0.0382
[235/527] global=234 correct=1 p_gold=0.3103
[236/527] global=235 correct=0 p_gold=0.0245
[237/527] global=236 correct=0 p_gold=0.0319
[238/527] global=237 correct=0 p_gold=0.1217
[239/527] global=238 correct=1 p_gold=0.5058
[240/527] global=239 correct=0 p_gold=0.0130
[241/527] global=240 correct=1 p_gold=0.1880
[242/527] global=241 correct=0 p_gold=0.1227
[243/527] global=242 correct=0 p_gold=0.1186
[244/527] global=243 correct=0 p_gold=0.1092
[245/527] global=244 correct=0 p_gold=0.0688
[246/527] global=245 correct=1 p_gold=0.7669
[247/527] global=246 correct=1 p_gold=0.3189
[248/527] global=247 correct=1 p_gold=0.9593
[249/527] global=248 correct=0 p_gold=0.0615
[250/527] global=249 correct=0 p_gold=0.1259
[251/527] global=250 correct=1 p_gold=0.5125
[252/527] global=251 correct=0 p_gold=0.0169
[253/527] global=252 correct=0 p_gold=0.0847
[254/527] global=253 correct=0 p_gold=0.1680
[255/527] global=254 correct=1 p_gold=0.3746
[256/527] global=255 correct=0 p_gold=0.0088
[257/527] global=256 correct=0 p_gold=0.1803
[258/527] global=257 correct=0 p_gold=0.2065
[259/527] global=258 correct=1 p_gold=0.3707
[260/527] global=259 correct=0 p_gold=0.2440
[261/527] global=260 correct=1 p_gold=0.2880
[262/527] global=261 correct=1 p_gold=0.7849
[263/527] global=262 correct=0 p_gold=0.0124
[264/527] global=263 correct=0 p_gold=0.0652
[265/527] global=264 correct=0 p_gold=0.1300
[266/527] global=265 correct=0 p_gold=0.0971
[267/527] global=266 correct=0 p_gold=0.0333
[268/527] global=267 correct=0 p_gold=0.0522
[269/527] global=268 correct=0 p_gold=0.0421
[270/527] global=269 correct=0 p_gold=0.0305
[271/527] global=270 correct=0 p_gold=0.0215
[272/527] global=271 correct=0 p_gold=0.0091
[273/527] global=272 correct=1 p_gold=0.2877
[274/527] global=273 correct=0 p_gold=0.0098
[275/527] global=274 correct=0 p_gold=0.0338
[276/527] global=275 correct=0 p_gold=0.0387
[277/527] global=276 correct=1 p_gold=0.1748
[278/527] global=277 correct=0 p_gold=0.0110
[279/527] global=278 correct=0 p_gold=0.0114
[280/527] global=279 correct=0 p_gold=0.0670
[281/527] global=280 correct=0 p_gold=0.0039
[282/527] global=281 correct=0 p_gold=0.0114
[283/527] global=282 correct=0 p_gold=0.0560
[284/527] global=283 correct=0 p_gold=0.0036
[285/527] global=284 correct=0 p_gold=0.0079
[286/527] global=285 correct=0 p_gold=0.0504
[287/527] global=286 correct=0 p_gold=0.0046
[288/527] global=287 correct=0 p_gold=0.1760
[289/527] global=288 correct=0 p_gold=0.1108
[290/527] global=289 correct=0 p_gold=0.0375
[291/527] global=290 correct=0 p_gold=0.0252
[292/527] global=291 correct=0 p_gold=0.1958
[293/527] global=292 correct=1 p_gold=0.5053
[294/527] global=293 correct=0 p_gold=0.0291
[295/527] global=294 correct=0 p_gold=0.3628
[296/527] global=295 correct=0 p_gold=0.1056
[297/527] global=296 correct=1 p_gold=0.9923
[298/527] global=297 correct=0 p_gold=0.0817
[299/527] global=298 correct=0 p_gold=0.1910
[300/527] global=299 correct=1 p_gold=0.4365
[301/527] global=300 correct=0 p_gold=0.0350
[302/527] global=301 correct=1 p_gold=0.3330
[303/527] global=302 correct=1 p_gold=0.5325
[304/527] global=303 correct=0 p_gold=0.0126
[305/527] global=304 correct=0 p_gold=0.1074
[306/527] global=305 correct=1 p_gold=0.5694
[307/527] global=306 correct=0 p_gold=0.0268
[308/527] global=307 correct=0 p_gold=0.1568
[309/527] global=308 correct=0 p_gold=0.0830
[310/527] global=309 correct=0 p_gold=0.0188
[311/527] global=310 correct=0 p_gold=0.1320
[312/527] global=311 correct=0 p_gold=0.0801
[313/527] global=312 correct=1 p_gold=0.5589
[314/527] global=313 correct=1 p_gold=0.2548
[315/527] global=314 correct=1 p_gold=0.6450
[316/527] global=315 correct=1 p_gold=0.9921
[317/527] global=316 correct=0 p_gold=0.0113
[318/527] global=317 correct=0 p_gold=0.0659
[319/527] global=318 correct=0 p_gold=0.0808
[320/527] global=319 correct=0 p_gold=0.0729
[321/527] global=320 correct=0 p_gold=0.0237
[322/527] global=321 correct=0 p_gold=0.0763
[323/527] global=322 correct=0 p_gold=0.0165
[324/527] global=323 correct=0 p_gold=0.0337
[325/527] global=324 correct=0 p_gold=0.0296
[326/527] global=325 correct=0 p_gold=0.0332
[327/527] global=326 correct=1 p_gold=0.2480
[328/527] global=327 correct=0 p_gold=0.0183
[329/527] global=328 correct=0 p_gold=0.0343
[330/527] global=329 correct=0 p_gold=0.0448
[331/527] global=330 correct=1 p_gold=0.2513
[332/527] global=331 correct=0 p_gold=0.0111
[333/527] global=332 correct=0 p_gold=0.0102
[334/527] global=333 correct=0 p_gold=0.0721
[335/527] global=334 correct=0 p_gold=0.0117
[336/527] global=335 correct=0 p_gold=0.0312
[337/527] global=336 correct=0 p_gold=0.1615
[338/527] global=337 correct=0 p_gold=0.0067
[339/527] global=338 correct=0 p_gold=0.0200
[340/527] global=339 correct=0 p_gold=0.1619
[341/527] global=340 correct=0 p_gold=0.0238
[342/527] global=341 correct=0 p_gold=0.2095
[343/527] global=342 correct=1 p_gold=0.1494
[344/527] global=343 correct=1 p_gold=0.2923
[345/527] global=344 correct=0 p_gold=0.0473
[346/527] global=345 correct=0 p_gold=0.4475
[347/527] global=346 correct=1 p_gold=0.3672
[348/527] global=347 correct=1 p_gold=0.7928
[349/527] global=348 correct=0 p_gold=0.0650
[350/527] global=349 correct=0 p_gold=0.1281
[351/527] global=350 correct=1 p_gold=0.3842
[352/527] global=351 correct=0 p_gold=0.0180
[353/527] global=352 correct=0 p_gold=0.0934
[354/527] global=353 correct=0 p_gold=0.0846
[355/527] global=354 correct=1 p_gold=0.3674
[356/527] global=355 correct=0 p_gold=0.0166
[357/527] global=356 correct=0 p_gold=0.1672
[358/527] global=357 correct=0 p_gold=0.1682
[359/527] global=358 correct=1 p_gold=0.3260
[360/527] global=359 correct=0 p_gold=0.2571
[361/527] global=360 correct=1 p_gold=0.3983
[362/527] global=361 correct=1 p_gold=0.9539
[363/527] global=362 correct=0 p_gold=0.0196
[364/527] global=363 correct=0 p_gold=0.0308
[365/527] global=364 correct=1 p_gold=0.8893
[366/527] global=365 correct=0 p_gold=0.4387
[367/527] global=366 correct=1 p_gold=0.9959
[368/527] global=367 correct=0 p_gold=0.0410
[369/527] global=368 correct=0 p_gold=0.0713
[370/527] global=369 correct=1 p_gold=0.6813
[371/527] global=370 correct=0 p_gold=0.0536
[372/527] global=371 correct=1 p_gold=0.6782
[373/527] global=372 correct=1 p_gold=0.9924
[374/527] global=373 correct=0 p_gold=0.0248
[375/527] global=374 correct=0 p_gold=0.0170
[376/527] global=375 correct=0 p_gold=0.0116
[377/527] global=376 correct=0 p_gold=0.0193
[378/527] global=377 correct=0 p_gold=0.0023
[379/527] global=378 correct=0 p_gold=0.0200
[380/527] global=379 correct=0 p_gold=0.0091
[381/527] global=380 correct=1 p_gold=0.6579
[382/527] global=381 correct=0 p_gold=0.0025
[383/527] global=382 correct=0 p_gold=0.0092
[384/527] global=383 correct=0 p_gold=0.0016
[385/527] global=384 correct=0 p_gold=0.1976
[386/527] global=385 correct=0 p_gold=0.0027
[387/527] global=386 correct=0 p_gold=0.0009
[388/527] global=387 correct=0 p_gold=0.0017
[389/527] global=388 correct=1 p_gold=0.3572
[390/527] global=389 correct=0 p_gold=0.0035
[391/527] global=390 correct=0 p_gold=0.0042
[392/527] global=391 correct=0 p_gold=0.0030
[393/527] global=392 correct=1 p_gold=0.3933
[394/527] global=393 correct=0 p_gold=0.0174
[395/527] global=394 correct=1 p_gold=0.7874
[396/527] global=395 correct=0 p_gold=0.2234
[397/527] global=396 correct=0 p_gold=0.0110
[398/527] global=397 correct=1 p_gold=0.4459
[399/527] global=398 correct=0 p_gold=0.0092
[400/527] global=399 correct=0 p_gold=0.0970
[401/527] global=400 correct=0 p_gold=0.0504
[402/527] global=401 correct=0 p_gold=0.0176
[403/527] global=402 correct=0 p_gold=0.0356
[404/527] global=403 correct=1 p_gold=0.4831
[405/527] global=404 correct=0 p_gold=0.0108
[406/527] global=405 correct=1 p_gold=0.3759
[407/527] global=406 correct=1 p_gold=0.5232
[408/527] global=407 correct=0 p_gold=0.0085
[409/527] global=408 correct=1 p_gold=0.7036
[410/527] global=409 correct=1 p_gold=0.4561
[411/527] global=410 correct=1 p_gold=0.9885
[412/527] global=411 correct=0 p_gold=0.0080
[413/527] global=412 correct=0 p_gold=0.0606
[414/527] global=413 correct=0 p_gold=0.0400
[415/527] global=414 correct=0 p_gold=0.0219
[416/527] global=415 correct=0 p_gold=0.0123
[417/527] global=416 correct=0 p_gold=0.0319
[418/527] global=417 correct=0 p_gold=0.0232
[419/527] global=418 correct=0 p_gold=0.0220
[420/527] global=419 correct=1 p_gold=0.4623
[421/527] global=420 correct=0 p_gold=0.0412
[422/527] global=421 correct=0 p_gold=0.2975
[423/527] global=422 correct=1 p_gold=0.3633
[424/527] global=423 correct=1 p_gold=0.9955
[425/527] global=424 correct=0 p_gold=0.0108
[426/527] global=425 correct=0 p_gold=0.0786
[427/527] global=426 correct=0 p_gold=0.1587
[428/527] global=427 correct=0 p_gold=0.0979
[429/527] global=428 correct=0 p_gold=0.0310
[430/527] global=429 correct=0 p_gold=0.1623
[431/527] global=430 correct=0 p_gold=0.0452
[432/527] global=431 correct=0 p_gold=0.0429
[433/527] global=432 correct=1 p_gold=0.3936
[434/527] global=433 correct=0 p_gold=0.0834
[435/527] global=434 correct=0 p_gold=0.2333
[436/527] global=435 correct=0 p_gold=0.1716
[437/527] global=436 correct=1 p_gold=0.9897
[438/527] global=437 correct=0 p_gold=0.0133
[439/527] global=438 correct=0 p_gold=0.0919
[440/527] global=439 correct=0 p_gold=0.0837
[441/527] global=440 correct=1 p_gold=0.6707
[442/527] global=441 correct=0 p_gold=0.0257
[443/527] global=442 correct=0 p_gold=0.4065
[444/527] global=443 correct=1 p_gold=0.3675
[445/527] global=444 correct=1 p_gold=0.9907
[446/527] global=445 correct=0 p_gold=0.0148
[447/527] global=446 correct=0 p_gold=0.0151
[448/527] global=447 correct=0 p_gold=0.0140
[449/527] global=448 correct=0 p_gold=0.0026
[450/527] global=449 correct=0 p_gold=0.0040
[451/527] global=450 correct=0 p_gold=0.0120
[452/527] global=451 correct=1 p_gold=0.7097
[453/527] global=452 correct=0 p_gold=0.0273
[454/527] global=453 correct=1 p_gold=0.5789
[455/527] global=454 correct=0 p_gold=0.0118
[456/527] global=455 correct=0 p_gold=0.0555
[457/527] global=456 correct=0 p_gold=0.1097
[458/527] global=457 correct=0 p_gold=0.2157
[459/527] global=458 correct=0 p_gold=0.1017
[460/527] global=459 correct=0 p_gold=0.0575
[461/527] global=460 correct=1 p_gold=0.2915
[462/527] global=461 correct=0 p_gold=0.2767
[463/527] global=462 correct=0 p_gold=0.0095
[464/527] global=463 correct=0 p_gold=0.3087
[465/527] global=464 correct=0 p_gold=0.0664
[466/527] global=465 correct=1 p_gold=0.9876
[467/527] global=466 correct=0 p_gold=0.0127
[468/527] global=467 correct=0 p_gold=0.0895
[469/527] global=468 correct=0 p_gold=0.1274
[470/527] global=469 correct=0 p_gold=0.0860
[471/527] global=470 correct=0 p_gold=0.0436
[472/527] global=471 correct=1 p_gold=0.1161
[473/527] global=472 correct=0 p_gold=0.0228
[474/527] global=473 correct=0 p_gold=0.0468
[475/527] global=474 correct=0 p_gold=0.0591
[476/527] global=475 correct=0 p_gold=0.0346
[477/527] global=476 correct=1 p_gold=0.3871
[478/527] global=477 correct=0 p_gold=0.0332
[479/527] global=478 correct=0 p_gold=0.0329
[480/527] global=479 correct=0 p_gold=0.0668
[481/527] global=480 correct=1 p_gold=0.3641
[482/527] global=481 correct=0 p_gold=0.0106
[483/527] global=482 correct=0 p_gold=0.0121
[484/527] global=483 correct=0 p_gold=0.0528
[485/527] global=484 correct=0 p_gold=0.0039
[486/527] global=485 correct=0 p_gold=0.0170
[487/527] global=486 correct=0 p_gold=0.0808
[488/527] global=487 correct=0 p_gold=0.0037
[489/527] global=488 correct=0 p_gold=0.0057
[490/527] global=489 correct=0 p_gold=0.0578
[491/527] global=490 correct=0 p_gold=0.0018
[492/527] global=491 correct=1 p_gold=0.2310
[493/527] global=492 correct=1 p_gold=0.1499
[494/527] global=493 correct=0 p_gold=0.0422
[495/527] global=494 correct=1 p_gold=0.5150
[496/527] global=495 correct=1 p_gold=0.4522
[497/527] global=496 correct=1 p_gold=0.8841
[498/527] global=497 correct=0 p_gold=0.1529
[499/527] global=498 correct=0 p_gold=0.0054
[500/527] global=499 correct=1 p_gold=0.3812
[501/527] global=500 correct=0 p_gold=0.0187
[502/527] global=501 correct=0 p_gold=0.0700
[503/527] global=502 correct=1 p_gold=0.2516
[504/527] global=503 correct=0 p_gold=0.0091
[505/527] global=504 correct=0 p_gold=0.0208
[506/527] global=505 correct=1 p_gold=0.2934
[507/527] global=506 correct=0 p_gold=0.0241
[508/527] global=507 correct=1 p_gold=0.2828
[509/527] global=508 correct=0 p_gold=0.0484
[510/527] global=509 correct=1 p_gold=0.2379
[511/527] global=510 correct=0 p_gold=0.0157
[512/527] global=511 correct=1 p_gold=0.5086
[513/527] global=512 correct=0 p_gold=0.0991
[514/527] global=513 correct=1 p_gold=0.9898
[515/527] global=514 correct=0 p_gold=0.0080
[516/527] global=515 correct=0 p_gold=0.0606
[517/527] global=516 correct=0 p_gold=0.0400
[518/527] global=517 correct=0 p_gold=0.0219
[519/527] global=518 correct=0 p_gold=0.0123
[520/527] global=519 correct=0 p_gold=0.0319
[521/527] global=520 correct=0 p_gold=0.0232
[522/527] global=521 correct=0 p_gold=0.0201
[523/527] global=522 correct=1 p_gold=0.5819
[524/527] global=523 correct=0 p_gold=0.0345
[525/527] global=524 correct=0 p_gold=0.2543
[526/527] global=525 correct=1 p_gold=0.3633
[527/527] global=526 correct=1 p_gold=0.9946
{
  "decision_file": "/data/user/agent_self_evolution_gradient/data/alfworld_expert_large/valid_unseen.jsonl",
  "model_path": "/data/user/agent_self_evolution_gradient/model",
  "parameter_delta": "/data/user/agent_self_evolution_gradient/outputs/conflict_aware_accumulation_300x_v1/deltas/valid_seen_last_four_blocks_project.pt",
  "tokenizer_path": "/data/user/agent_self_evolution_gradient/model",
  "condition_name": "project300_last4",
  "prompt_mode": "existing_plain_prompt",
  "decision_offset": 0,
  "evaluated_decisions": 527,
  "top1_accuracy": 0.25806451612903225,
  "mean_expert_probability": 0.1827530806134594,
  "mean_nll": 2.8245195943979247
}
