Loading checkpoint shards:   0%|          | 0/2 [00:00<?, ?it/s]Loading checkpoint shards:  50%|█████     | 1/2 [00:05<00:05,  5.88s/it]Loading checkpoint shards: 100%|██████████| 2/2 [00:07<00:00,  3.40s/it]Loading checkpoint shards: 100%|██████████| 2/2 [00:07<00:00,  3.78s/it]
[1/444] global=0 correct=0 p_gold=0.1139
[2/444] global=1 correct=0 p_gold=0.0149
[3/444] global=2 correct=1 p_gold=0.2594
[4/444] global=3 correct=0 p_gold=0.0129
[5/444] global=4 correct=0 p_gold=0.0182
[6/444] global=5 correct=1 p_gold=0.2464
[7/444] global=6 correct=0 p_gold=0.0155
[8/444] global=7 correct=0 p_gold=0.0125
[9/444] global=8 correct=1 p_gold=0.2041
[10/444] global=9 correct=0 p_gold=0.0094
[11/444] global=10 correct=0 p_gold=0.0138
[12/444] global=11 correct=1 p_gold=0.2332
[13/444] global=12 correct=0 p_gold=0.0148
[14/444] global=13 correct=0 p_gold=0.0254
[15/444] global=14 correct=1 p_gold=0.1692
[16/444] global=15 correct=0 p_gold=0.0141
[17/444] global=16 correct=0 p_gold=0.0096
[18/444] global=17 correct=1 p_gold=0.1383
[19/444] global=18 correct=0 p_gold=0.0134
[20/444] global=19 correct=0 p_gold=0.0150
[21/444] global=20 correct=1 p_gold=0.2450
[22/444] global=21 correct=0 p_gold=0.0159
[23/444] global=22 correct=0 p_gold=0.0934
[24/444] global=23 correct=1 p_gold=0.3512
[25/444] global=24 correct=1 p_gold=0.3766
[26/444] global=25 correct=1 p_gold=0.5772
[27/444] global=26 correct=1 p_gold=0.3172
[28/444] global=27 correct=1 p_gold=0.7017
[29/444] global=28 correct=1 p_gold=0.6196
[30/444] global=29 correct=0 p_gold=0.0597
[31/444] global=30 correct=1 p_gold=0.1254
[32/444] global=31 correct=0 p_gold=0.0189
[33/444] global=32 correct=1 p_gold=0.4211
[34/444] global=33 correct=0 p_gold=0.0288
[35/444] global=34 correct=0 p_gold=0.0265
[36/444] global=35 correct=1 p_gold=0.3416
[37/444] global=36 correct=0 p_gold=0.0090
[38/444] global=37 correct=0 p_gold=0.0178
[39/444] global=38 correct=1 p_gold=0.2656
[40/444] global=39 correct=0 p_gold=0.0119
[41/444] global=40 correct=0 p_gold=0.0340
[42/444] global=41 correct=1 p_gold=0.2282
[43/444] global=42 correct=0 p_gold=0.0035
[44/444] global=43 correct=0 p_gold=0.0110
[45/444] global=44 correct=0 p_gold=0.1677
[46/444] global=45 correct=0 p_gold=0.0083
[47/444] global=46 correct=0 p_gold=0.0157
[48/444] global=47 correct=1 p_gold=0.3395
[49/444] global=48 correct=0 p_gold=0.0122
[50/444] global=49 correct=0 p_gold=0.0183
[51/444] global=50 correct=1 p_gold=0.4047
[52/444] global=51 correct=0 p_gold=0.0070
[53/444] global=52 correct=0 p_gold=0.1418
[54/444] global=53 correct=0 p_gold=0.3692
[55/444] global=54 correct=1 p_gold=0.7590
[56/444] global=55 correct=1 p_gold=0.8570
[57/444] global=56 correct=1 p_gold=0.6542
[58/444] global=57 correct=1 p_gold=0.1621
[59/444] global=58 correct=1 p_gold=0.7268
[60/444] global=59 correct=1 p_gold=0.5084
[61/444] global=60 correct=1 p_gold=0.7394
[62/444] global=61 correct=1 p_gold=0.5392
[63/444] global=62 correct=0 p_gold=0.0776
[64/444] global=63 correct=0 p_gold=0.0596
[65/444] global=64 correct=1 p_gold=0.3885
[66/444] global=65 correct=0 p_gold=0.0072
[67/444] global=66 correct=0 p_gold=0.0112
[68/444] global=67 correct=1 p_gold=0.3248
[69/444] global=68 correct=1 p_gold=0.6611
[70/444] global=69 correct=0 p_gold=0.0011
[71/444] global=70 correct=1 p_gold=0.6656
[72/444] global=71 correct=1 p_gold=0.6121
[73/444] global=72 correct=0 p_gold=0.0110
[74/444] global=73 correct=0 p_gold=0.0369
[75/444] global=74 correct=0 p_gold=0.0251
[76/444] global=75 correct=0 p_gold=0.0240
[77/444] global=76 correct=0 p_gold=0.0309
[78/444] global=77 correct=0 p_gold=0.0620
[79/444] global=78 correct=1 p_gold=0.1401
[80/444] global=79 correct=1 p_gold=0.2465
[81/444] global=80 correct=1 p_gold=0.3608
[82/444] global=81 correct=0 p_gold=0.0173
[83/444] global=82 correct=1 p_gold=0.6059
[84/444] global=83 correct=1 p_gold=0.3541
[85/444] global=84 correct=1 p_gold=0.2723
[86/444] global=85 correct=0 p_gold=0.0375
[87/444] global=86 correct=0 p_gold=0.0205
[88/444] global=87 correct=1 p_gold=0.1519
[89/444] global=88 correct=0 p_gold=0.0071
[90/444] global=89 correct=0 p_gold=0.0305
[91/444] global=90 correct=1 p_gold=0.4713
[92/444] global=91 correct=0 p_gold=0.0308
[93/444] global=92 correct=1 p_gold=0.4065
[94/444] global=93 correct=1 p_gold=0.6313
[95/444] global=94 correct=1 p_gold=0.4800
[96/444] global=95 correct=0 p_gold=0.0640
[97/444] global=96 correct=1 p_gold=0.5505
[98/444] global=97 correct=1 p_gold=0.4573
[99/444] global=98 correct=1 p_gold=0.4118
[100/444] global=99 correct=1 p_gold=0.4511
[101/444] global=100 correct=0 p_gold=0.0099
[102/444] global=101 correct=0 p_gold=0.0722
[103/444] global=102 correct=0 p_gold=0.0415
[104/444] global=103 correct=0 p_gold=0.0409
[105/444] global=104 correct=0 p_gold=0.0379
[106/444] global=105 correct=0 p_gold=0.0902
[107/444] global=106 correct=1 p_gold=0.1446
[108/444] global=107 correct=0 p_gold=0.0623
[109/444] global=108 correct=1 p_gold=0.2878
[110/444] global=109 correct=0 p_gold=0.0339
[111/444] global=110 correct=0 p_gold=0.0489
[112/444] global=111 correct=0 p_gold=0.0232
[113/444] global=112 correct=1 p_gold=0.2709
[114/444] global=113 correct=0 p_gold=0.0050
[115/444] global=114 correct=0 p_gold=0.0244
[116/444] global=115 correct=1 p_gold=0.1994
[117/444] global=116 correct=0 p_gold=0.0030
[118/444] global=117 correct=0 p_gold=0.0536
[119/444] global=118 correct=0 p_gold=0.0230
[120/444] global=119 correct=0 p_gold=0.0206
[121/444] global=120 correct=0 p_gold=0.0461
[122/444] global=121 correct=0 p_gold=0.0660
[123/444] global=122 correct=1 p_gold=0.4868
[124/444] global=123 correct=0 p_gold=0.1152
[125/444] global=124 correct=1 p_gold=0.3770
[126/444] global=125 correct=1 p_gold=0.7072
[127/444] global=126 correct=1 p_gold=0.5634
[128/444] global=127 correct=0 p_gold=0.0406
[129/444] global=128 correct=1 p_gold=0.0767
[130/444] global=129 correct=1 p_gold=0.1639
[131/444] global=130 correct=0 p_gold=0.0154
[132/444] global=131 correct=0 p_gold=0.0352
[133/444] global=132 correct=0 p_gold=0.0523
[134/444] global=133 correct=1 p_gold=0.1708
[135/444] global=134 correct=0 p_gold=0.0091
[136/444] global=135 correct=0 p_gold=0.0600
[137/444] global=136 correct=1 p_gold=0.3173
[138/444] global=137 correct=0 p_gold=0.0266
[139/444] global=138 correct=1 p_gold=0.5076
[140/444] global=139 correct=1 p_gold=0.5851
[141/444] global=140 correct=1 p_gold=0.3144
[142/444] global=141 correct=1 p_gold=0.3688
[143/444] global=142 correct=0 p_gold=0.0479
[144/444] global=143 correct=0 p_gold=0.0217
[145/444] global=144 correct=0 p_gold=0.0099
[146/444] global=145 correct=1 p_gold=0.1914
[147/444] global=146 correct=0 p_gold=0.0084
[148/444] global=147 correct=0 p_gold=0.0547
[149/444] global=148 correct=1 p_gold=0.2413
[150/444] global=149 correct=0 p_gold=0.0208
[151/444] global=150 correct=0 p_gold=0.0307
[152/444] global=151 correct=1 p_gold=0.5026
[153/444] global=152 correct=0 p_gold=0.0595
[154/444] global=153 correct=1 p_gold=0.6926
[155/444] global=154 correct=1 p_gold=0.2206
[156/444] global=155 correct=1 p_gold=0.6582
[157/444] global=156 correct=1 p_gold=0.1454
[158/444] global=157 correct=0 p_gold=0.0169
[159/444] global=158 correct=1 p_gold=0.2580
[160/444] global=159 correct=0 p_gold=0.0168
[161/444] global=160 correct=0 p_gold=0.0182
[162/444] global=161 correct=1 p_gold=0.2025
[163/444] global=162 correct=0 p_gold=0.0147
[164/444] global=163 correct=0 p_gold=0.0135
[165/444] global=164 correct=1 p_gold=0.1964
[166/444] global=165 correct=0 p_gold=0.0115
[167/444] global=166 correct=0 p_gold=0.0163
[168/444] global=167 correct=1 p_gold=0.2624
[169/444] global=168 correct=0 p_gold=0.0102
[170/444] global=169 correct=0 p_gold=0.0102
[171/444] global=170 correct=1 p_gold=0.1481
[172/444] global=171 correct=0 p_gold=0.0139
[173/444] global=172 correct=0 p_gold=0.0143
[174/444] global=173 correct=1 p_gold=0.2342
[175/444] global=174 correct=0 p_gold=0.0164
[176/444] global=175 correct=0 p_gold=0.0810
[177/444] global=176 correct=1 p_gold=0.2630
[178/444] global=177 correct=1 p_gold=0.4300
[179/444] global=178 correct=1 p_gold=0.6258
[180/444] global=179 correct=1 p_gold=0.2754
[181/444] global=180 correct=1 p_gold=0.6227
[182/444] global=181 correct=0 p_gold=0.0145
[183/444] global=182 correct=1 p_gold=0.7439
[184/444] global=183 correct=0 p_gold=0.0254
[185/444] global=184 correct=0 p_gold=0.0031
[186/444] global=185 correct=1 p_gold=0.3743
[187/444] global=186 correct=0 p_gold=0.0160
[188/444] global=187 correct=0 p_gold=0.0312
[189/444] global=188 correct=0 p_gold=0.3120
[190/444] global=189 correct=0 p_gold=0.0155
[191/444] global=190 correct=0 p_gold=0.0132
[192/444] global=191 correct=1 p_gold=0.3265
[193/444] global=192 correct=0 p_gold=0.0088
[194/444] global=193 correct=0 p_gold=0.0087
[195/444] global=194 correct=1 p_gold=0.3024
[196/444] global=195 correct=0 p_gold=0.0116
[197/444] global=196 correct=0 p_gold=0.0115
[198/444] global=197 correct=0 p_gold=0.2684
[199/444] global=198 correct=0 p_gold=0.0085
[200/444] global=199 correct=1 p_gold=0.3298
[201/444] global=200 correct=0 p_gold=0.1450
[202/444] global=201 correct=0 p_gold=0.0746
[203/444] global=202 correct=1 p_gold=0.6777
[204/444] global=203 correct=0 p_gold=0.0212
[205/444] global=204 correct=1 p_gold=0.5832
[206/444] global=205 correct=1 p_gold=0.6318
[207/444] global=206 correct=1 p_gold=0.6054
[208/444] global=207 correct=0 p_gold=0.0061
[209/444] global=208 correct=0 p_gold=0.0206
[210/444] global=209 correct=0 p_gold=0.0312
[211/444] global=210 correct=0 p_gold=0.0215
[212/444] global=211 correct=0 p_gold=0.0282
[213/444] global=212 correct=1 p_gold=0.6890
[214/444] global=213 correct=0 p_gold=0.0059
[215/444] global=214 correct=1 p_gold=0.4483
[216/444] global=215 correct=1 p_gold=0.7745
[217/444] global=216 correct=1 p_gold=0.5983
[218/444] global=217 correct=0 p_gold=0.1230
[219/444] global=218 correct=1 p_gold=0.4468
[220/444] global=219 correct=0 p_gold=0.1679
[221/444] global=220 correct=1 p_gold=0.5555
[222/444] global=221 correct=1 p_gold=0.6636
[223/444] global=222 correct=1 p_gold=0.6419
[224/444] global=223 correct=0 p_gold=0.0661
[225/444] global=224 correct=0 p_gold=0.0747
[226/444] global=225 correct=1 p_gold=0.1889
[227/444] global=226 correct=0 p_gold=0.0206
[228/444] global=227 correct=0 p_gold=0.0415
[229/444] global=228 correct=0 p_gold=0.0580
[230/444] global=229 correct=1 p_gold=0.1927
[231/444] global=230 correct=1 p_gold=0.3395
[232/444] global=231 correct=1 p_gold=0.2331
[233/444] global=232 correct=1 p_gold=0.4384
[234/444] global=233 correct=1 p_gold=0.3836
[235/444] global=234 correct=1 p_gold=0.3652
[236/444] global=235 correct=0 p_gold=0.0404
[237/444] global=236 correct=0 p_gold=0.0123
[238/444] global=237 correct=1 p_gold=0.2327
[239/444] global=238 correct=0 p_gold=0.0108
[240/444] global=239 correct=0 p_gold=0.0338
[241/444] global=240 correct=0 p_gold=0.0110
[242/444] global=241 correct=1 p_gold=0.1507
[243/444] global=242 correct=0 p_gold=0.0084
[244/444] global=243 correct=1 p_gold=0.1771
[245/444] global=244 correct=0 p_gold=0.0268
[246/444] global=245 correct=1 p_gold=0.4881
[247/444] global=246 correct=0 p_gold=0.0546
[248/444] global=247 correct=1 p_gold=0.6270
[249/444] global=248 correct=0 p_gold=0.1270
[250/444] global=249 correct=1 p_gold=0.5054
[251/444] global=250 correct=1 p_gold=0.5977
[252/444] global=251 correct=0 p_gold=0.0949
[253/444] global=252 correct=1 p_gold=0.4886
[254/444] global=253 correct=1 p_gold=0.5972
[255/444] global=254 correct=1 p_gold=0.8094
[256/444] global=255 correct=0 p_gold=0.0383
[257/444] global=256 correct=1 p_gold=0.1345
[258/444] global=257 correct=0 p_gold=0.0282
[259/444] global=258 correct=0 p_gold=0.0172
[260/444] global=259 correct=0 p_gold=0.0249
[261/444] global=260 correct=0 p_gold=0.0211
[262/444] global=261 correct=0 p_gold=0.0168
[263/444] global=262 correct=0 p_gold=0.0102
[264/444] global=263 correct=1 p_gold=0.4528
[265/444] global=264 correct=0 p_gold=0.0115
[266/444] global=265 correct=0 p_gold=0.0183
[267/444] global=266 correct=1 p_gold=0.3523
[268/444] global=267 correct=0 p_gold=0.0075
[269/444] global=268 correct=0 p_gold=0.0130
[270/444] global=269 correct=1 p_gold=0.2293
[271/444] global=270 correct=0 p_gold=0.0150
[272/444] global=271 correct=0 p_gold=0.0154
[273/444] global=272 correct=1 p_gold=0.2613
[274/444] global=273 correct=0 p_gold=0.0076
[275/444] global=274 correct=0 p_gold=0.1093
[276/444] global=275 correct=0 p_gold=0.2166
[277/444] global=276 correct=0 p_gold=0.0640
[278/444] global=277 correct=0 p_gold=0.1357
[279/444] global=278 correct=0 p_gold=0.0411
[280/444] global=279 correct=1 p_gold=0.1149
[281/444] global=280 correct=1 p_gold=0.2193
[282/444] global=281 correct=0 p_gold=0.0227
[283/444] global=282 correct=0 p_gold=0.0372
[284/444] global=283 correct=0 p_gold=0.0483
[285/444] global=284 correct=1 p_gold=0.1338
[286/444] global=285 correct=0 p_gold=0.0079
[287/444] global=286 correct=0 p_gold=0.0471
[288/444] global=287 correct=1 p_gold=0.3856
[289/444] global=288 correct=0 p_gold=0.0195
[290/444] global=289 correct=1 p_gold=0.4721
[291/444] global=290 correct=1 p_gold=0.4969
[292/444] global=291 correct=1 p_gold=0.2294
[293/444] global=292 correct=1 p_gold=0.2999
[294/444] global=293 correct=0 p_gold=0.0199
[295/444] global=294 correct=1 p_gold=0.6383
[296/444] global=295 correct=1 p_gold=0.5874
[297/444] global=296 correct=1 p_gold=0.6467
[298/444] global=297 correct=0 p_gold=0.0584
[299/444] global=298 correct=1 p_gold=0.1037
[300/444] global=299 correct=1 p_gold=0.2101
[301/444] global=300 correct=0 p_gold=0.0111
[302/444] global=301 correct=0 p_gold=0.0451
[303/444] global=302 correct=0 p_gold=0.0825
[304/444] global=303 correct=1 p_gold=0.2401
[305/444] global=304 correct=0 p_gold=0.0118
[306/444] global=305 correct=0 p_gold=0.0993
[307/444] global=306 correct=0 p_gold=0.0199
[308/444] global=307 correct=1 p_gold=0.2075
[309/444] global=308 correct=0 p_gold=0.1329
[310/444] global=309 correct=1 p_gold=0.3089
[311/444] global=310 correct=1 p_gold=0.3068
[312/444] global=311 correct=1 p_gold=0.4640
[313/444] global=312 correct=0 p_gold=0.0543
[314/444] global=313 correct=1 p_gold=0.8020
[315/444] global=314 correct=0 p_gold=0.0007
[316/444] global=315 correct=0 p_gold=0.0014
[317/444] global=316 correct=0 p_gold=0.0068
[318/444] global=317 correct=0 p_gold=0.0072
[319/444] global=318 correct=0 p_gold=0.0066
[320/444] global=319 correct=0 p_gold=0.0285
[321/444] global=320 correct=0 p_gold=0.0878
[322/444] global=321 correct=0 p_gold=0.1192
[323/444] global=322 correct=1 p_gold=0.7616
[324/444] global=323 correct=1 p_gold=0.6531
[325/444] global=324 correct=1 p_gold=0.6898
[326/444] global=325 correct=1 p_gold=0.4070
[327/444] global=326 correct=0 p_gold=0.2462
[328/444] global=327 correct=0 p_gold=0.0865
[329/444] global=328 correct=1 p_gold=0.4705
[330/444] global=329 correct=1 p_gold=0.2423
[331/444] global=330 correct=1 p_gold=0.5182
[332/444] global=331 correct=0 p_gold=0.0564
[333/444] global=332 correct=1 p_gold=0.5129
[334/444] global=333 correct=1 p_gold=0.4266
[335/444] global=334 correct=1 p_gold=0.5788
[336/444] global=335 correct=1 p_gold=0.7017
[337/444] global=336 correct=0 p_gold=0.0508
[338/444] global=337 correct=0 p_gold=0.0458
[339/444] global=338 correct=0 p_gold=0.0423
[340/444] global=339 correct=0 p_gold=0.0795
[341/444] global=340 correct=1 p_gold=0.5102
[342/444] global=341 correct=1 p_gold=0.5472
[343/444] global=342 correct=0 p_gold=0.0549
[344/444] global=343 correct=0 p_gold=0.1231
[345/444] global=344 correct=0 p_gold=0.0615
[346/444] global=345 correct=0 p_gold=0.2478
[347/444] global=346 correct=0 p_gold=0.0666
[348/444] global=347 correct=0 p_gold=0.2478
[349/444] global=348 correct=0 p_gold=0.0464
[350/444] global=349 correct=1 p_gold=0.2690
[351/444] global=350 correct=0 p_gold=0.0660
[352/444] global=351 correct=1 p_gold=0.2933
[353/444] global=352 correct=0 p_gold=0.0361
[354/444] global=353 correct=1 p_gold=0.1897
[355/444] global=354 correct=1 p_gold=0.4658
[356/444] global=355 correct=1 p_gold=0.3261
[357/444] global=356 correct=0 p_gold=0.1264
[358/444] global=357 correct=0 p_gold=0.0844
[359/444] global=358 correct=0 p_gold=0.0661
[360/444] global=359 correct=1 p_gold=0.7284
[361/444] global=360 correct=0 p_gold=0.0342
[362/444] global=361 correct=1 p_gold=0.5613
[363/444] global=362 correct=1 p_gold=0.5557
[364/444] global=363 correct=1 p_gold=0.5208
[365/444] global=364 correct=0 p_gold=0.0183
[366/444] global=365 correct=0 p_gold=0.0593
[367/444] global=366 correct=0 p_gold=0.0446
[368/444] global=367 correct=0 p_gold=0.0599
[369/444] global=368 correct=0 p_gold=0.0372
[370/444] global=369 correct=0 p_gold=0.0349
[371/444] global=370 correct=1 p_gold=0.3166
[372/444] global=371 correct=0 p_gold=0.0105
[373/444] global=372 correct=0 p_gold=0.0329
[374/444] global=373 correct=0 p_gold=0.0540
[375/444] global=374 correct=0 p_gold=0.0605
[376/444] global=375 correct=1 p_gold=0.1551
[377/444] global=376 correct=0 p_gold=0.0063
[378/444] global=377 correct=0 p_gold=0.0256
[379/444] global=378 correct=0 p_gold=0.0380
[380/444] global=379 correct=1 p_gold=0.1234
[381/444] global=380 correct=0 p_gold=0.0043
[382/444] global=381 correct=0 p_gold=0.0168
[383/444] global=382 correct=1 p_gold=0.0724
[384/444] global=383 correct=0 p_gold=0.0036
[385/444] global=384 correct=0 p_gold=0.0171
[386/444] global=385 correct=1 p_gold=0.1615
[387/444] global=386 correct=0 p_gold=0.0023
[388/444] global=387 correct=0 p_gold=0.0087
[389/444] global=388 correct=1 p_gold=0.0956
[390/444] global=389 correct=0 p_gold=0.0025
[391/444] global=390 correct=0 p_gold=0.0458
[392/444] global=391 correct=1 p_gold=0.1239
[393/444] global=392 correct=1 p_gold=0.1054
[394/444] global=393 correct=1 p_gold=0.2261
[395/444] global=394 correct=1 p_gold=0.2979
[396/444] global=395 correct=1 p_gold=0.5544
[397/444] global=396 correct=0 p_gold=0.0673
[398/444] global=397 correct=1 p_gold=0.6806
[399/444] global=398 correct=1 p_gold=0.7170
[400/444] global=399 correct=1 p_gold=0.7014
[401/444] global=400 correct=0 p_gold=0.0493
[402/444] global=401 correct=0 p_gold=0.0818
[403/444] global=402 correct=1 p_gold=0.2214
[404/444] global=403 correct=0 p_gold=0.0137
[405/444] global=404 correct=0 p_gold=0.0420
[406/444] global=405 correct=0 p_gold=0.0429
[407/444] global=406 correct=1 p_gold=0.1918
[408/444] global=407 correct=0 p_gold=0.0061
[409/444] global=408 correct=1 p_gold=0.0837
[410/444] global=409 correct=0 p_gold=0.0177
[411/444] global=410 correct=1 p_gold=0.2692
[412/444] global=411 correct=1 p_gold=0.2279
[413/444] global=412 correct=1 p_gold=0.2805
[414/444] global=413 correct=0 p_gold=0.0732
[415/444] global=414 correct=1 p_gold=0.6003
[416/444] global=415 correct=0 p_gold=0.0368
[417/444] global=416 correct=0 p_gold=0.0372
[418/444] global=417 correct=0 p_gold=0.0261
[419/444] global=418 correct=1 p_gold=0.5968
[420/444] global=419 correct=0 p_gold=0.0308
[421/444] global=420 correct=1 p_gold=0.4004
[422/444] global=421 correct=0 p_gold=0.0191
[423/444] global=422 correct=0 p_gold=0.0506
[424/444] global=423 correct=1 p_gold=0.4651
[425/444] global=424 correct=0 p_gold=0.0042
[426/444] global=425 correct=0 p_gold=0.0708
[427/444] global=426 correct=1 p_gold=0.7756
[428/444] global=427 correct=1 p_gold=0.7683
[429/444] global=428 correct=1 p_gold=0.7817
[430/444] global=429 correct=0 p_gold=0.0404
[431/444] global=430 correct=0 p_gold=0.0099
[432/444] global=431 correct=1 p_gold=0.1753
[433/444] global=432 correct=0 p_gold=0.0101
[434/444] global=433 correct=0 p_gold=0.0321
[435/444] global=434 correct=1 p_gold=0.5079
[436/444] global=435 correct=0 p_gold=0.0032
[437/444] global=436 correct=1 p_gold=0.5391
[438/444] global=437 correct=1 p_gold=0.5761
[439/444] global=438 correct=1 p_gold=0.4702
[440/444] global=439 correct=1 p_gold=0.1251
[441/444] global=440 correct=0 p_gold=0.0560
[442/444] global=441 correct=1 p_gold=0.7782
[443/444] global=442 correct=1 p_gold=0.7645
[444/444] global=443 correct=1 p_gold=0.8957
{
  "decision_file": "/data/user/agent_self_evolution_gradient/data/alfworld_expert_large/valid_seen.jsonl",
  "model_path": "/data/user/agent_self_evolution_gradient/seed_model",
  "parameter_delta": null,
  "tokenizer_path": "/data/user/agent_self_evolution_gradient/model",
  "condition_name": "seed_fp32",
  "prompt_mode": "existing_plain_prompt",
  "decision_offset": 0,
  "evaluated_decisions": 444,
  "top1_accuracy": 0.44594594594594594,
  "mean_expert_probability": 0.20891109991020015,
  "mean_nll": 2.481176458183242
}
Loading checkpoint shards:   0%|          | 0/2 [00:00<?, ?it/s]Loading checkpoint shards:  50%|█████     | 1/2 [00:00<00:00,  1.01it/s]Loading checkpoint shards: 100%|██████████| 2/2 [00:01<00:00,  1.59it/s]Loading checkpoint shards: 100%|██████████| 2/2 [00:01<00:00,  1.46it/s]
[1/527] global=0 correct=0 p_gold=0.0318
[2/527] global=1 correct=1 p_gold=0.7023
[3/527] global=2 correct=1 p_gold=0.4353
[4/527] global=3 correct=1 p_gold=0.6377
[5/527] global=4 correct=1 p_gold=0.7028
[6/527] global=5 correct=0 p_gold=0.0227
[7/527] global=6 correct=0 p_gold=0.0326
[8/527] global=7 correct=0 p_gold=0.0179
[9/527] global=8 correct=0 p_gold=0.0318
[10/527] global=9 correct=1 p_gold=0.5757
[11/527] global=10 correct=1 p_gold=0.3182
[12/527] global=11 correct=0 p_gold=0.0136
[13/527] global=12 correct=0 p_gold=0.0453
[14/527] global=13 correct=0 p_gold=0.0368
[15/527] global=14 correct=0 p_gold=0.0327
[16/527] global=15 correct=0 p_gold=0.0278
[17/527] global=16 correct=0 p_gold=0.0420
[18/527] global=17 correct=1 p_gold=0.1096
[19/527] global=18 correct=0 p_gold=0.0424
[20/527] global=19 correct=0 p_gold=0.0327
[21/527] global=20 correct=1 p_gold=0.2981
[22/527] global=21 correct=0 p_gold=0.0135
[23/527] global=22 correct=0 p_gold=0.0541
[24/527] global=23 correct=0 p_gold=0.0331
[25/527] global=24 correct=1 p_gold=0.5574
[26/527] global=25 correct=0 p_gold=0.0035
[27/527] global=26 correct=1 p_gold=0.4778
[28/527] global=27 correct=1 p_gold=0.6525
[29/527] global=28 correct=1 p_gold=0.6472
[30/527] global=29 correct=0 p_gold=0.0599
[31/527] global=30 correct=0 p_gold=0.0213
[32/527] global=31 correct=0 p_gold=0.0196
[33/527] global=32 correct=0 p_gold=0.0083
[34/527] global=33 correct=0 p_gold=0.0041
[35/527] global=34 correct=0 p_gold=0.0081
[36/527] global=35 correct=1 p_gold=0.5520
[37/527] global=36 correct=0 p_gold=0.0603
[38/527] global=37 correct=1 p_gold=0.4774
[39/527] global=38 correct=0 p_gold=0.0219
[40/527] global=39 correct=0 p_gold=0.0921
[41/527] global=40 correct=0 p_gold=0.0486
[42/527] global=41 correct=0 p_gold=0.0278
[43/527] global=42 correct=0 p_gold=0.0239
[44/527] global=43 correct=0 p_gold=0.0211
[45/527] global=44 correct=0 p_gold=0.0344
[46/527] global=45 correct=0 p_gold=0.0342
[47/527] global=46 correct=0 p_gold=0.0173
[48/527] global=47 correct=0 p_gold=0.0149
[49/527] global=48 correct=0 p_gold=0.0249
[50/527] global=49 correct=0 p_gold=0.0266
[51/527] global=50 correct=0 p_gold=0.0187
[52/527] global=51 correct=0 p_gold=0.0204
[53/527] global=52 correct=0 p_gold=0.0422
[54/527] global=53 correct=0 p_gold=0.0352
[55/527] global=54 correct=0 p_gold=0.0458
[56/527] global=55 correct=1 p_gold=0.2821
[57/527] global=56 correct=1 p_gold=0.4758
[58/527] global=57 correct=0 p_gold=0.0192
[59/527] global=58 correct=1 p_gold=0.0771
[60/527] global=59 correct=1 p_gold=0.6933
[61/527] global=60 correct=1 p_gold=0.4293
[62/527] global=61 correct=1 p_gold=0.6787
[63/527] global=62 correct=1 p_gold=0.7351
[64/527] global=63 correct=0 p_gold=0.0325
[65/527] global=64 correct=1 p_gold=0.7849
[66/527] global=65 correct=1 p_gold=0.8446
[67/527] global=66 correct=1 p_gold=0.8628
[68/527] global=67 correct=0 p_gold=0.0159
[69/527] global=68 correct=0 p_gold=0.0721
[70/527] global=69 correct=0 p_gold=0.0440
[71/527] global=70 correct=0 p_gold=0.0406
[72/527] global=71 correct=0 p_gold=0.0366
[73/527] global=72 correct=0 p_gold=0.0611
[74/527] global=73 correct=0 p_gold=0.0144
[75/527] global=74 correct=0 p_gold=0.0153
[76/527] global=75 correct=0 p_gold=0.0156
[77/527] global=76 correct=0 p_gold=0.0515
[78/527] global=77 correct=1 p_gold=0.2970
[79/527] global=78 correct=0 p_gold=0.0193
[80/527] global=79 correct=0 p_gold=0.0399
[81/527] global=80 correct=0 p_gold=0.0264
[82/527] global=81 correct=1 p_gold=0.2401
[83/527] global=82 correct=1 p_gold=0.2726
[84/527] global=83 correct=0 p_gold=0.0487
[85/527] global=84 correct=1 p_gold=0.3879
[86/527] global=85 correct=1 p_gold=0.3703
[87/527] global=86 correct=1 p_gold=0.4419
[88/527] global=87 correct=0 p_gold=0.0143
[89/527] global=88 correct=0 p_gold=0.0689
[90/527] global=89 correct=0 p_gold=0.0425
[91/527] global=90 correct=0 p_gold=0.0396
[92/527] global=91 correct=0 p_gold=0.0366
[93/527] global=92 correct=0 p_gold=0.0594
[94/527] global=93 correct=0 p_gold=0.0153
[95/527] global=94 correct=0 p_gold=0.0164
[96/527] global=95 correct=0 p_gold=0.0157
[97/527] global=96 correct=0 p_gold=0.0252
[98/527] global=97 correct=1 p_gold=0.1637
[99/527] global=98 correct=0 p_gold=0.0120
[100/527] global=99 correct=0 p_gold=0.0343
[101/527] global=100 correct=0 p_gold=0.0387
[102/527] global=101 correct=1 p_gold=0.1491
[103/527] global=102 correct=1 p_gold=0.1128
[104/527] global=103 correct=0 p_gold=0.0194
[105/527] global=104 correct=1 p_gold=0.3139
[106/527] global=105 correct=1 p_gold=0.3341
[107/527] global=106 correct=1 p_gold=0.3665
[108/527] global=107 correct=0 p_gold=0.0142
[109/527] global=108 correct=0 p_gold=0.0574
[110/527] global=109 correct=0 p_gold=0.0396
[111/527] global=110 correct=0 p_gold=0.0405
[112/527] global=111 correct=0 p_gold=0.0353
[113/527] global=112 correct=0 p_gold=0.0823
[114/527] global=113 correct=0 p_gold=0.0154
[115/527] global=114 correct=0 p_gold=0.0165
[116/527] global=115 correct=0 p_gold=0.0136
[117/527] global=116 correct=0 p_gold=0.0417
[118/527] global=117 correct=1 p_gold=0.1930
[119/527] global=118 correct=0 p_gold=0.0189
[120/527] global=119 correct=0 p_gold=0.0387
[121/527] global=120 correct=0 p_gold=0.0261
[122/527] global=121 correct=1 p_gold=0.1971
[123/527] global=122 correct=0 p_gold=0.0053
[124/527] global=123 correct=0 p_gold=0.0110
[125/527] global=124 correct=1 p_gold=0.1508
[126/527] global=125 correct=0 p_gold=0.0090
[127/527] global=126 correct=0 p_gold=0.0109
[128/527] global=127 correct=1 p_gold=0.2390
[129/527] global=128 correct=0 p_gold=0.0097
[130/527] global=129 correct=0 p_gold=0.0083
[131/527] global=130 correct=1 p_gold=0.1849
[132/527] global=131 correct=0 p_gold=0.0042
[133/527] global=132 correct=1 p_gold=0.1314
[134/527] global=133 correct=1 p_gold=0.4609
[135/527] global=134 correct=0 p_gold=0.0280
[136/527] global=135 correct=1 p_gold=0.4132
[137/527] global=136 correct=1 p_gold=0.6744
[138/527] global=137 correct=1 p_gold=0.5892
[139/527] global=138 correct=0 p_gold=0.0319
[140/527] global=139 correct=1 p_gold=0.8140
[141/527] global=140 correct=1 p_gold=0.8436
[142/527] global=141 correct=1 p_gold=0.8676
[143/527] global=142 correct=0 p_gold=0.0646
[144/527] global=143 correct=0 p_gold=0.0691
[145/527] global=144 correct=1 p_gold=0.1974
[146/527] global=145 correct=0 p_gold=0.0349
[147/527] global=146 correct=0 p_gold=0.0647
[148/527] global=147 correct=1 p_gold=0.5401
[149/527] global=148 correct=0 p_gold=0.0909
[150/527] global=149 correct=1 p_gold=0.5796
[151/527] global=150 correct=1 p_gold=0.4071
[152/527] global=151 correct=1 p_gold=0.4268
[153/527] global=152 correct=1 p_gold=0.3574
[154/527] global=153 correct=0 p_gold=0.0903
[155/527] global=154 correct=0 p_gold=0.0180
[156/527] global=155 correct=0 p_gold=0.0138
[157/527] global=156 correct=0 p_gold=0.0056
[158/527] global=157 correct=0 p_gold=0.0069
[159/527] global=158 correct=0 p_gold=0.0273
[160/527] global=159 correct=1 p_gold=0.5539
[161/527] global=160 correct=0 p_gold=0.2408
[162/527] global=161 correct=0 p_gold=0.1025
[163/527] global=162 correct=0 p_gold=0.0130
[164/527] global=163 correct=1 p_gold=0.2467
[165/527] global=164 correct=0 p_gold=0.0120
[166/527] global=165 correct=0 p_gold=0.0424
[167/527] global=166 correct=0 p_gold=0.0236
[168/527] global=167 correct=1 p_gold=0.1931
[169/527] global=168 correct=0 p_gold=0.0081
[170/527] global=169 correct=1 p_gold=0.1961
[171/527] global=170 correct=0 p_gold=0.0396
[172/527] global=171 correct=0 p_gold=0.0253
[173/527] global=172 correct=1 p_gold=0.3916
[174/527] global=173 correct=0 p_gold=0.0609
[175/527] global=174 correct=1 p_gold=0.6851
[176/527] global=175 correct=1 p_gold=0.2830
[177/527] global=176 correct=1 p_gold=0.6190
[178/527] global=177 correct=0 p_gold=0.0461
[179/527] global=178 correct=0 p_gold=0.0216
[180/527] global=179 correct=1 p_gold=0.6625
[181/527] global=180 correct=0 p_gold=0.0003
[182/527] global=181 correct=0 p_gold=0.0007
[183/527] global=182 correct=0 p_gold=0.2429
[184/527] global=183 correct=0 p_gold=0.0388
[185/527] global=184 correct=0 p_gold=0.0203
[186/527] global=185 correct=0 p_gold=0.0122
[187/527] global=186 correct=0 p_gold=0.0019
[188/527] global=187 correct=0 p_gold=0.0017
[189/527] global=188 correct=0 p_gold=0.0105
[190/527] global=189 correct=0 p_gold=0.0063
[191/527] global=190 correct=0 p_gold=0.0967
[192/527] global=191 correct=0 p_gold=0.0036
[193/527] global=192 correct=0 p_gold=0.0143
[194/527] global=193 correct=0 p_gold=0.0057
[195/527] global=194 correct=0 p_gold=0.0186
[196/527] global=195 correct=1 p_gold=0.5126
[197/527] global=196 correct=0 p_gold=0.0042
[198/527] global=197 correct=0 p_gold=0.0133
[199/527] global=198 correct=0 p_gold=0.0187
[200/527] global=199 correct=0 p_gold=0.0129
[201/527] global=200 correct=0 p_gold=0.0076
[202/527] global=201 correct=1 p_gold=0.5877
[203/527] global=202 correct=0 p_gold=0.0069
[204/527] global=203 correct=0 p_gold=0.0084
[205/527] global=204 correct=0 p_gold=0.0129
[206/527] global=205 correct=1 p_gold=0.4872
[207/527] global=206 correct=0 p_gold=0.0095
[208/527] global=207 correct=1 p_gold=0.5430
[209/527] global=208 correct=0 p_gold=0.0070
[210/527] global=209 correct=0 p_gold=0.1723
[211/527] global=210 correct=0 p_gold=0.0665
[212/527] global=211 correct=0 p_gold=0.1958
[213/527] global=212 correct=0 p_gold=0.0135
[214/527] global=213 correct=0 p_gold=0.0541
[215/527] global=214 correct=0 p_gold=0.0331
[216/527] global=215 correct=1 p_gold=0.5574
[217/527] global=216 correct=0 p_gold=0.0035
[218/527] global=217 correct=1 p_gold=0.4778
[219/527] global=218 correct=1 p_gold=0.6525
[220/527] global=219 correct=1 p_gold=0.6472
[221/527] global=220 correct=0 p_gold=0.0149
[222/527] global=221 correct=0 p_gold=0.0633
[223/527] global=222 correct=0 p_gold=0.0404
[224/527] global=223 correct=0 p_gold=0.0421
[225/527] global=224 correct=0 p_gold=0.0310
[226/527] global=225 correct=0 p_gold=0.0766
[227/527] global=226 correct=0 p_gold=0.0140
[228/527] global=227 correct=0 p_gold=0.0151
[229/527] global=228 correct=1 p_gold=0.7017
[230/527] global=229 correct=1 p_gold=0.2441
[231/527] global=230 correct=1 p_gold=0.6251
[232/527] global=231 correct=1 p_gold=0.5205
[233/527] global=232 correct=1 p_gold=0.5482
[234/527] global=233 correct=0 p_gold=0.0431
[235/527] global=234 correct=1 p_gold=0.2293
[236/527] global=235 correct=0 p_gold=0.0268
[237/527] global=236 correct=0 p_gold=0.0465
[238/527] global=237 correct=0 p_gold=0.0330
[239/527] global=238 correct=1 p_gold=0.2176
[240/527] global=239 correct=0 p_gold=0.0110
[241/527] global=240 correct=1 p_gold=0.1240
[242/527] global=241 correct=0 p_gold=0.0278
[243/527] global=242 correct=0 p_gold=0.0326
[244/527] global=243 correct=1 p_gold=0.2725
[245/527] global=244 correct=0 p_gold=0.0552
[246/527] global=245 correct=1 p_gold=0.5939
[247/527] global=246 correct=1 p_gold=0.3368
[248/527] global=247 correct=1 p_gold=0.6213
[249/527] global=248 correct=0 p_gold=0.0612
[250/527] global=249 correct=1 p_gold=0.1020
[251/527] global=250 correct=1 p_gold=0.2400
[252/527] global=251 correct=0 p_gold=0.0136
[253/527] global=252 correct=1 p_gold=0.0994
[254/527] global=253 correct=0 p_gold=0.0808
[255/527] global=254 correct=1 p_gold=0.2699
[256/527] global=255 correct=0 p_gold=0.0060
[257/527] global=256 correct=0 p_gold=0.0628
[258/527] global=257 correct=1 p_gold=0.4984
[259/527] global=258 correct=1 p_gold=0.2641
[260/527] global=259 correct=1 p_gold=0.2573
[261/527] global=260 correct=1 p_gold=0.6221
[262/527] global=261 correct=1 p_gold=0.5060
[263/527] global=262 correct=0 p_gold=0.0106
[264/527] global=263 correct=0 p_gold=0.0518
[265/527] global=264 correct=0 p_gold=0.0372
[266/527] global=265 correct=0 p_gold=0.0365
[267/527] global=266 correct=0 p_gold=0.0263
[268/527] global=267 correct=0 p_gold=0.0845
[269/527] global=268 correct=0 p_gold=0.0151
[270/527] global=269 correct=0 p_gold=0.0123
[271/527] global=270 correct=0 p_gold=0.0125
[272/527] global=271 correct=0 p_gold=0.0150
[273/527] global=272 correct=1 p_gold=0.1513
[274/527] global=273 correct=0 p_gold=0.0067
[275/527] global=274 correct=0 p_gold=0.0320
[276/527] global=275 correct=0 p_gold=0.0301
[277/527] global=276 correct=1 p_gold=0.1622
[278/527] global=277 correct=0 p_gold=0.0039
[279/527] global=278 correct=0 p_gold=0.0146
[280/527] global=279 correct=0 p_gold=0.0376
[281/527] global=280 correct=0 p_gold=0.0025
[282/527] global=281 correct=0 p_gold=0.0066
[283/527] global=282 correct=1 p_gold=0.1235
[284/527] global=283 correct=0 p_gold=0.0030
[285/527] global=284 correct=0 p_gold=0.0074
[286/527] global=285 correct=0 p_gold=0.1012
[287/527] global=286 correct=0 p_gold=0.0026
[288/527] global=287 correct=0 p_gold=0.0780
[289/527] global=288 correct=0 p_gold=0.0321
[290/527] global=289 correct=0 p_gold=0.0258
[291/527] global=290 correct=0 p_gold=0.0301
[292/527] global=291 correct=1 p_gold=0.1582
[293/527] global=292 correct=1 p_gold=0.3834
[294/527] global=293 correct=0 p_gold=0.1441
[295/527] global=294 correct=1 p_gold=0.5215
[296/527] global=295 correct=1 p_gold=0.1991
[297/527] global=296 correct=1 p_gold=0.5746
[298/527] global=297 correct=0 p_gold=0.0879
[299/527] global=298 correct=1 p_gold=0.1275
[300/527] global=299 correct=1 p_gold=0.3451
[301/527] global=300 correct=0 p_gold=0.0219
[302/527] global=301 correct=0 p_gold=0.0220
[303/527] global=302 correct=1 p_gold=0.2748
[304/527] global=303 correct=0 p_gold=0.0257
[305/527] global=304 correct=0 p_gold=0.0189
[306/527] global=305 correct=1 p_gold=0.2716
[307/527] global=306 correct=0 p_gold=0.0251
[308/527] global=307 correct=1 p_gold=0.0917
[309/527] global=308 correct=0 p_gold=0.0293
[310/527] global=309 correct=0 p_gold=0.0253
[311/527] global=310 correct=1 p_gold=0.3958
[312/527] global=311 correct=0 p_gold=0.1153
[313/527] global=312 correct=1 p_gold=0.6799
[314/527] global=313 correct=1 p_gold=0.4406
[315/527] global=314 correct=1 p_gold=0.7240
[316/527] global=315 correct=1 p_gold=0.5862
[317/527] global=316 correct=0 p_gold=0.0149
[318/527] global=317 correct=0 p_gold=0.0633
[319/527] global=318 correct=0 p_gold=0.0404
[320/527] global=319 correct=0 p_gold=0.0425
[321/527] global=320 correct=0 p_gold=0.0312
[322/527] global=321 correct=0 p_gold=0.0771
[323/527] global=322 correct=0 p_gold=0.0119
[324/527] global=323 correct=0 p_gold=0.0174
[325/527] global=324 correct=0 p_gold=0.0175
[326/527] global=325 correct=0 p_gold=0.0381
[327/527] global=326 correct=1 p_gold=0.1599
[328/527] global=327 correct=0 p_gold=0.0147
[329/527] global=328 correct=0 p_gold=0.0432
[330/527] global=329 correct=0 p_gold=0.0265
[331/527] global=330 correct=1 p_gold=0.2296
[332/527] global=331 correct=0 p_gold=0.0107
[333/527] global=332 correct=0 p_gold=0.0114
[334/527] global=333 correct=1 p_gold=0.1478
[335/527] global=334 correct=0 p_gold=0.0063
[336/527] global=335 correct=0 p_gold=0.0080
[337/527] global=336 correct=1 p_gold=0.1886
[338/527] global=337 correct=0 p_gold=0.0043
[339/527] global=338 correct=0 p_gold=0.0057
[340/527] global=339 correct=1 p_gold=0.1747
[341/527] global=340 correct=0 p_gold=0.0053
[342/527] global=341 correct=1 p_gold=0.1179
[343/527] global=342 correct=0 p_gold=0.0363
[344/527] global=343 correct=1 p_gold=0.3763
[345/527] global=344 correct=1 p_gold=0.2165
[346/527] global=345 correct=1 p_gold=0.6411
[347/527] global=346 correct=1 p_gold=0.6141
[348/527] global=347 correct=1 p_gold=0.5476
[349/527] global=348 correct=0 p_gold=0.0618
[350/527] global=349 correct=0 p_gold=0.0970
[351/527] global=350 correct=1 p_gold=0.1929
[352/527] global=351 correct=0 p_gold=0.0157
[353/527] global=352 correct=1 p_gold=0.1015
[354/527] global=353 correct=0 p_gold=0.0710
[355/527] global=354 correct=1 p_gold=0.2244
[356/527] global=355 correct=0 p_gold=0.0063
[357/527] global=356 correct=0 p_gold=0.0614
[358/527] global=357 correct=1 p_gold=0.2306
[359/527] global=358 correct=1 p_gold=0.2716
[360/527] global=359 correct=1 p_gold=0.2852
[361/527] global=360 correct=1 p_gold=0.6600
[362/527] global=361 correct=1 p_gold=0.5993
[363/527] global=362 correct=0 p_gold=0.0319
[364/527] global=363 correct=0 p_gold=0.0192
[365/527] global=364 correct=1 p_gold=0.8697
[366/527] global=365 correct=1 p_gold=0.8522
[367/527] global=366 correct=1 p_gold=0.8715
[368/527] global=367 correct=0 p_gold=0.0248
[369/527] global=368 correct=0 p_gold=0.0249
[370/527] global=369 correct=1 p_gold=0.8251
[371/527] global=370 correct=1 p_gold=0.5504
[372/527] global=371 correct=1 p_gold=0.7400
[373/527] global=372 correct=1 p_gold=0.6759
[374/527] global=373 correct=0 p_gold=0.0593
[375/527] global=374 correct=0 p_gold=0.0223
[376/527] global=375 correct=0 p_gold=0.0140
[377/527] global=376 correct=0 p_gold=0.0046
[378/527] global=377 correct=0 p_gold=0.0014
[379/527] global=378 correct=0 p_gold=0.0215
[380/527] global=379 correct=0 p_gold=0.0208
[381/527] global=380 correct=1 p_gold=0.4974
[382/527] global=381 correct=0 p_gold=0.0045
[383/527] global=382 correct=0 p_gold=0.0205
[384/527] global=383 correct=0 p_gold=0.0087
[385/527] global=384 correct=0 p_gold=0.0292
[386/527] global=385 correct=0 p_gold=0.0020
[387/527] global=386 correct=0 p_gold=0.0129
[388/527] global=387 correct=0 p_gold=0.0117
[389/527] global=388 correct=0 p_gold=0.2819
[390/527] global=389 correct=0 p_gold=0.0047
[391/527] global=390 correct=0 p_gold=0.0107
[392/527] global=391 correct=0 p_gold=0.0146
[393/527] global=392 correct=1 p_gold=0.4112
[394/527] global=393 correct=0 p_gold=0.0037
[395/527] global=394 correct=1 p_gold=0.5351
[396/527] global=395 correct=0 p_gold=0.0300
[397/527] global=396 correct=0 p_gold=0.0109
[398/527] global=397 correct=1 p_gold=0.4411
[399/527] global=398 correct=0 p_gold=0.0160
[400/527] global=399 correct=0 p_gold=0.0756
[401/527] global=400 correct=0 p_gold=0.0536
[402/527] global=401 correct=0 p_gold=0.0246
[403/527] global=402 correct=0 p_gold=0.0130
[404/527] global=403 correct=1 p_gold=0.2353
[405/527] global=404 correct=0 p_gold=0.0089
[406/527] global=405 correct=1 p_gold=0.2053
[407/527] global=406 correct=1 p_gold=0.5688
[408/527] global=407 correct=0 p_gold=0.0768
[409/527] global=408 correct=1 p_gold=0.7327
[410/527] global=409 correct=1 p_gold=0.3120
[411/527] global=410 correct=1 p_gold=0.6835
[412/527] global=411 correct=0 p_gold=0.0104
[413/527] global=412 correct=0 p_gold=0.0488
[414/527] global=413 correct=0 p_gold=0.0259
[415/527] global=414 correct=0 p_gold=0.0330
[416/527] global=415 correct=0 p_gold=0.0237
[417/527] global=416 correct=0 p_gold=0.0857
[418/527] global=417 correct=0 p_gold=0.0172
[419/527] global=418 correct=0 p_gold=0.0132
[420/527] global=419 correct=1 p_gold=0.5855
[421/527] global=420 correct=0 p_gold=0.1421
[422/527] global=421 correct=1 p_gold=0.5856
[423/527] global=422 correct=1 p_gold=0.5896
[424/527] global=423 correct=1 p_gold=0.6083
[425/527] global=424 correct=0 p_gold=0.0112
[426/527] global=425 correct=0 p_gold=0.0594
[427/527] global=426 correct=0 p_gold=0.0451
[428/527] global=427 correct=0 p_gold=0.0412
[429/527] global=428 correct=0 p_gold=0.0287
[430/527] global=429 correct=1 p_gold=0.1212
[431/527] global=430 correct=0 p_gold=0.0185
[432/527] global=431 correct=0 p_gold=0.0218
[433/527] global=432 correct=1 p_gold=0.4769
[434/527] global=433 correct=1 p_gold=0.3712
[435/527] global=434 correct=1 p_gold=0.5221
[436/527] global=435 correct=1 p_gold=0.3618
[437/527] global=436 correct=1 p_gold=0.5696
[438/527] global=437 correct=0 p_gold=0.0149
[439/527] global=438 correct=0 p_gold=0.0552
[440/527] global=439 correct=0 p_gold=0.0371
[441/527] global=440 correct=1 p_gold=0.6193
[442/527] global=441 correct=0 p_gold=0.0721
[443/527] global=442 correct=1 p_gold=0.6453
[444/527] global=443 correct=1 p_gold=0.5652
[445/527] global=444 correct=1 p_gold=0.6670
[446/527] global=445 correct=0 p_gold=0.0599
[447/527] global=446 correct=0 p_gold=0.0191
[448/527] global=447 correct=0 p_gold=0.0192
[449/527] global=448 correct=0 p_gold=0.0085
[450/527] global=449 correct=0 p_gold=0.0083
[451/527] global=450 correct=0 p_gold=0.0308
[452/527] global=451 correct=1 p_gold=0.5474
[453/527] global=452 correct=0 p_gold=0.0764
[454/527] global=453 correct=1 p_gold=0.2978
[455/527] global=454 correct=0 p_gold=0.0204
[456/527] global=455 correct=0 p_gold=0.0567
[457/527] global=456 correct=0 p_gold=0.0965
[458/527] global=457 correct=0 p_gold=0.1560
[459/527] global=458 correct=0 p_gold=0.0682
[460/527] global=459 correct=0 p_gold=0.0533
[461/527] global=460 correct=1 p_gold=0.2658
[462/527] global=461 correct=1 p_gold=0.3294
[463/527] global=462 correct=0 p_gold=0.0947
[464/527] global=463 correct=1 p_gold=0.5416
[465/527] global=464 correct=1 p_gold=0.2720
[466/527] global=465 correct=1 p_gold=0.5930
[467/527] global=466 correct=0 p_gold=0.0152
[468/527] global=467 correct=0 p_gold=0.0609
[469/527] global=468 correct=0 p_gold=0.0405
[470/527] global=469 correct=0 p_gold=0.0374
[471/527] global=470 correct=0 p_gold=0.0335
[472/527] global=471 correct=0 p_gold=0.0860
[473/527] global=472 correct=0 p_gold=0.0145
[474/527] global=473 correct=0 p_gold=0.0189
[475/527] global=474 correct=0 p_gold=0.0222
[476/527] global=475 correct=0 p_gold=0.0342
[477/527] global=476 correct=1 p_gold=0.1935
[478/527] global=477 correct=0 p_gold=0.0118
[479/527] global=478 correct=0 p_gold=0.0351
[480/527] global=479 correct=0 p_gold=0.0465
[481/527] global=480 correct=1 p_gold=0.1529
[482/527] global=481 correct=0 p_gold=0.0035
[483/527] global=482 correct=0 p_gold=0.0135
[484/527] global=483 correct=0 p_gold=0.0414
[485/527] global=484 correct=0 p_gold=0.0040
[486/527] global=485 correct=0 p_gold=0.0117
[487/527] global=486 correct=1 p_gold=0.1607
[488/527] global=487 correct=0 p_gold=0.0043
[489/527] global=488 correct=0 p_gold=0.0075
[490/527] global=489 correct=1 p_gold=0.1011
[491/527] global=490 correct=0 p_gold=0.0040
[492/527] global=491 correct=1 p_gold=0.1049
[493/527] global=492 correct=1 p_gold=0.1126
[494/527] global=493 correct=0 p_gold=0.0526
[495/527] global=494 correct=1 p_gold=0.4817
[496/527] global=495 correct=1 p_gold=0.4844
[497/527] global=496 correct=1 p_gold=0.5571
[498/527] global=497 correct=0 p_gold=0.0866
[499/527] global=498 correct=0 p_gold=0.0107
[500/527] global=499 correct=1 p_gold=0.3321
[501/527] global=500 correct=0 p_gold=0.0147
[502/527] global=501 correct=0 p_gold=0.0145
[503/527] global=502 correct=1 p_gold=0.2766
[504/527] global=503 correct=0 p_gold=0.0072
[505/527] global=504 correct=0 p_gold=0.0094
[506/527] global=505 correct=1 p_gold=0.2223
[507/527] global=506 correct=0 p_gold=0.0128
[508/527] global=507 correct=1 p_gold=0.1309
[509/527] global=508 correct=0 p_gold=0.0214
[510/527] global=509 correct=1 p_gold=0.4160
[511/527] global=510 correct=1 p_gold=0.2644
[512/527] global=511 correct=1 p_gold=0.5650
[513/527] global=512 correct=0 p_gold=0.1824
[514/527] global=513 correct=1 p_gold=0.6619
[515/527] global=514 correct=0 p_gold=0.0104
[516/527] global=515 correct=0 p_gold=0.0488
[517/527] global=516 correct=0 p_gold=0.0259
[518/527] global=517 correct=0 p_gold=0.0330
[519/527] global=518 correct=0 p_gold=0.0237
[520/527] global=519 correct=0 p_gold=0.0857
[521/527] global=520 correct=0 p_gold=0.0172
[522/527] global=521 correct=0 p_gold=0.0120
[523/527] global=522 correct=1 p_gold=0.5265
[524/527] global=523 correct=0 p_gold=0.1050
[525/527] global=524 correct=1 p_gold=0.5970
[526/527] global=525 correct=1 p_gold=0.5896
[527/527] global=526 correct=1 p_gold=0.6179
{
  "decision_file": "/data/user/agent_self_evolution_gradient/data/alfworld_expert_large/valid_unseen.jsonl",
  "model_path": "/data/user/agent_self_evolution_gradient/seed_model",
  "parameter_delta": null,
  "tokenizer_path": "/data/user/agent_self_evolution_gradient/model",
  "condition_name": "seed_fp32",
  "prompt_mode": "existing_plain_prompt",
  "decision_offset": 0,
  "evaluated_decisions": 527,
  "top1_accuracy": 0.3586337760910816,
  "mean_expert_probability": 0.17562271205197438,
  "mean_nll": 2.7888804758584613
}
