{
  "splits": {
    "valid_seen": {
      "states": 444,
      "episodes": 33,
      "candidate_actions": 12680,
      "candidate_success_rate": 0.9409305993690852,
      "states_with_binary_value_variation": 141,
      "states_with_discounted_value_variation": 432,
      "expert_action_value_optimal_rate": 0.40765765765765766,
      "base_top_value_optimal_rate": 0.3153153153153153,
      "seed_top_value_optimal_rate": 0.43018018018018017,
      "practical_threshold": 0.8,
      "meets_practical_threshold": false,
      "gap_to_practical_threshold": -0.3698198198198199,
      "descriptive": {
        "success_expected_value_delta": {
          "count": 444,
          "mean": 0.031217780962292895,
          "std": 0.0899529118716484,
          "p10": -2.803448662450081e-16,
          "p25": -8.326672684688674e-17,
          "median": 2.7755575615628914e-17,
          "p75": 3.1473044402450428e-16,
          "p90": 0.15006951067804292
        },
        "discounted_expected_value_delta": {
          "count": 444,
          "mean": 0.02906681363284658,
          "std": 0.06323007099063821,
          "p10": -0.014630392290788486,
          "p25": -0.0031559057628977472,
          "median": 0.010234426592855513,
          "p75": 0.040762172048978015,
          "p90": 0.11228665079521866
        },
        "discounted_top_value_delta": {
          "count": 444,
          "mean": 0.08487926254307533,
          "std": 0.21984735439764563,
          "p10": 0.0,
          "p25": 0.0,
          "median": 0.0,
          "p75": 0.031544520634936624,
          "p90": 0.42868961841407244
        },
        "discounted_added_minus_removed_value": {
          "count": 444,
          "mean": 0.08302010599686954,
          "std": 0.183555195371625,
          "p10": -0.07218755305074766,
          "p25": -0.013165524770007792,
          "median": 0.03844007653310738,
          "p75": 0.1377545394358836,
          "p90": 0.34607771725468683
        },
        "discounted_probability_on_value_optimal_delta": {
          "count": 444,
          "mean": 0.03918090383096855,
          "std": 0.1031342330906772,
          "p10": -0.05884328591227895,
          "p25": -3.9898639947466563e-17,
          "median": 0.030490460673045637,
          "p75": 0.08230674623823528,
          "p90": 0.13507628860929943
        },
        "delta_logit_value_spearman": {
          "count": 432,
          "mean": -0.061831306892138116,
          "std": 0.30679124291192394,
          "p10": -0.4394126338523687,
          "p25": -0.29132620561479994,
          "median": -0.0820615441828262,
          "p75": 0.16528434078386034,
          "p90": 0.3423825559168854
        },
        "delta_probability_value_spearman": {
          "count": 432,
          "mean": 0.0499661975273698,
          "std": 0.3159932470828576,
          "p10": -0.361835539454883,
          "p25": -0.1996313441989976,
          "median": 0.03963625459004644,
          "p75": 0.3169311651629957,
          "p90": 0.454256762579498
        }
      },
      "episode_cluster_bootstrap": {
        "success_expected_value_delta": {
          "observed": 0.031217780962292895,
          "ci95": [
            0.021926365762713677,
            0.040572666227777165
          ],
          "probability_positive": 1.0,
          "clusters": 33
        },
        "discounted_expected_value_delta": {
          "observed": 0.02906681363284658,
          "ci95": [
            0.022720862912212588,
            0.0353524532645812
          ],
          "probability_positive": 1.0,
          "clusters": 33
        },
        "discounted_top_value_delta": {
          "observed": 0.0848792625430753,
          "ci95": [
            0.0586375626232384,
            0.11078336103600978
          ],
          "probability_positive": 1.0,
          "clusters": 33
        },
        "discounted_added_minus_removed_value": {
          "observed": 0.08302010599686957,
          "ci95": [
            0.06396910201797679,
            0.10253315555381019
          ],
          "probability_positive": 1.0,
          "clusters": 33
        },
        "discounted_probability_on_value_optimal_delta": {
          "observed": 0.03918090383096855,
          "ci95": [
            0.020981488198778604,
            0.059860521380018905
          ],
          "probability_positive": 1.0,
          "clusters": 33
        },
        "delta_logit_value_spearman": {
          "observed": -0.06183130689213812,
          "ci95": [
            -0.14576769574515552,
            0.013349788601826274
          ],
          "probability_positive": 0.0552,
          "clusters": 33
        },
        "delta_probability_value_spearman": {
          "observed": 0.04996619752736979,
          "ci95": [
            -0.025126022724929906,
            0.11851087739812054
          ],
          "probability_positive": 0.902,
          "clusters": 33
        }
      },
      "by_expert_transition": {
        "changed_nonexpert": {
          "states": 127,
          "episodes": 26,
          "expected_discounted_value_delta": {
            "count": 127,
            "mean": 0.05399666175357163,
            "std": 0.08189291160330373,
            "p10": -0.014336434220277642,
            "p25": -0.00321574954221426,
            "median": 0.028122530774338968,
            "p75": 0.09111397383338776,
            "p90": 0.15775742884858437
          },
          "expected_success_delta": {
            "count": 127,
            "mean": 0.06542127335304686,
            "std": 0.11800987811002096,
            "p10": -3.2705645423805905e-16,
            "p25": -3.856329250612016e-17,
            "median": 9.80118763926896e-17,
            "p75": 0.11450772744624088,
            "p90": 0.24816239614241892
          },
          "top_discounted_value_delta": {
            "count": 127,
            "mean": 0.26173008402478676,
            "std": 0.30593723989222876,
            "p10": 0.0,
            "p25": 0.020280213102230965,
            "median": 0.10484248090039072,
            "p75": 0.5478453965074342,
            "p90": 0.7737809374999998
          },
          "delta_logit_value_spearman": {
            "count": 127,
            "mean": -0.0048635685925887,
            "std": 0.2805371464472516,
            "p10": -0.3662413480989991,
            "p25": -0.2256150435529974,
            "median": -0.011099020073031797,
            "p75": 0.20934625090619635,
            "p90": 0.3693563640164864
          },
          "base_top_value_optimal_rate": 0.015748031496062992,
          "seed_top_value_optimal_rate": 0.31496062992125984
        },
        "harmed_from_expert": {
          "states": 12,
          "episodes": 9,
          "expected_discounted_value_delta": {
            "count": 12,
            "mean": -0.01192916932399163,
            "std": 0.05368597448725949,
            "p10": -0.024316598468952875,
            "p25": -0.013469787590841989,
            "median": -0.004301340135834827,
            "p75": 0.005246587432817124,
            "p90": 0.03288489362043377
          },
          "expected_success_delta": {
            "count": 12,
            "mean": -0.015411257266469096,
            "std": 0.051113357900516,
            "p10": -2.6767133446049874e-16,
            "p25": -1.299165043476911e-16,
            "median": -4.437097390896927e-17,
            "p75": 0.0,
            "p90": 1.6393136847980832e-17
          },
          "top_discounted_value_delta": {
            "count": 12,
            "mean": -0.04392795586284537,
            "std": 0.28875603313437603,
            "p10": -0.07218615226562504,
            "p25": -0.034351540364672806,
            "median": -0.005648388524814141,
            "p75": 0.0074842117404797515,
            "p90": 0.09735191750654358
          },
          "delta_logit_value_spearman": {
            "count": 11,
            "mean": -0.18869044976539248,
            "std": 0.2538850935666298,
            "p10": -0.4321186168832806,
            "p25": -0.4016972171604587,
            "median": -0.16721687005934868,
            "p75": -0.0775427272026519,
            "p90": 0.0631694047797072
          },
          "base_top_value_optimal_rate": 0.4166666666666667,
          "seed_top_value_optimal_rate": 0.3333333333333333
        },
        "rescued_to_expert": {
          "states": 27,
          "episodes": 16,
          "expected_discounted_value_delta": {
            "count": 27,
            "mean": 0.043890704265707486,
            "std": 0.05619149219155956,
            "p10": -0.0009482132642651842,
            "p25": 0.0050185149558334575,
            "median": 0.02332497659879355,
            "p75": 0.06744591485028141,
            "p90": 0.12866289995302915
          },
          "expected_success_delta": {
            "count": 27,
            "mean": 0.04783415239419976,
            "std": 0.11120823566524175,
            "p10": -2.609024107869118e-16,
            "p25": -1.249000902703301e-16,
            "median": 8.326672684688674e-17,
            "p75": 0.059263614068529785,
            "p90": 0.14372165802742298
          },
          "top_discounted_value_delta": {
            "count": 27,
            "mean": 0.1842150877159874,
            "std": 0.28099600548063014,
            "p10": -0.03386935886054689,
            "p25": 0.02179570014220117,
            "median": 0.07941435937500008,
            "p75": 0.20107730174628285,
            "p90": 0.550817614070721
          },
          "delta_logit_value_spearman": {
            "count": 27,
            "mean": -0.022208822062020364,
            "std": 0.3167080586419731,
            "p10": -0.4592361257736228,
            "p25": -0.3066796439948365,
            "median": 0.06769129513423529,
            "p75": 0.23313813639795855,
            "p90": 0.28257642672480715
          },
          "base_top_value_optimal_rate": 0.0,
          "seed_top_value_optimal_rate": 0.5185185185185185
        },
        "stable_expert": {
          "states": 171,
          "episodes": 33,
          "expected_discounted_value_delta": {
            "count": 171,
            "mean": 0.008879386549963215,
            "std": 0.03581667911486753,
            "p10": -0.023326163075437806,
            "p25": -0.004833579933629425,
            "median": 0.004798651322345473,
            "p75": 0.02229690374869884,
            "p90": 0.04714022162781202
          },
          "expected_success_delta": {
            "count": 171,
            "mean": 0.001190155440991852,
            "std": 0.04005782089597298,
            "p10": -2.7755575615628914e-16,
            "p25": -1.1102230246251565e-16,
            "median": 0.0,
            "p75": 9.71445146547012e-17,
            "p90": 0.0016128010168540569
          },
          "top_discounted_value_delta": {
            "count": 171,
            "mean": 0.0,
            "std": 0.0,
            "p10": 0.0,
            "p25": 0.0,
            "median": 0.0,
            "p75": 0.0,
            "p90": 0.0
          },
          "delta_logit_value_spearman": {
            "count": 163,
            "mean": -0.13065751734305636,
            "std": 0.3231727114947552,
            "p10": -0.5354786182759977,
            "p25": -0.33732859395233594,
            "median": -0.16320629351200902,
            "p75": 0.11944570007857369,
            "p90": 0.2648103161883024
          },
          "base_top_value_optimal_rate": 0.6491228070175439,
          "seed_top_value_optimal_rate": 0.6491228070175439
        },
        "stable_nonexpert": {
          "states": 107,
          "episodes": 27,
          "expected_discounted_value_delta": {
            "count": 107,
            "mean": 0.03259640305561095,
            "std": 0.06176199375252733,
            "p10": -0.010745894141626253,
            "p25": -0.0010832383775899632,
            "median": 0.011706354041001673,
            "p75": 0.03283855721468587,
            "p90": 0.1279371901086117
          },
          "expected_success_delta": {
            "count": 107,
            "mean": 0.03964569554734322,
            "std": 0.08862556126283895,
            "p10": -1.6873844986206586e-16,
            "p25": -5.551115123125783e-17,
            "median": 6.765421556309548e-17,
            "p75": 0.01657245784130611,
            "p90": 0.16111666076097983
          },
          "top_discounted_value_delta": {
            "count": 107,
            "mean": 0.0,
            "std": 0.0,
            "p10": 0.0,
            "p25": 0.0,
            "median": 0.0,
            "p75": 0.0,
            "p90": 0.0
          },
          "delta_logit_value_spearman": {
            "count": 104,
            "mean": -0.020394643232046657,
            "std": 0.2882613575892278,
            "p10": -0.3909485355107514,
            "p25": -0.2752857551221289,
            "median": -0.0012764408938837424,
            "p75": 0.17982679582882546,
            "p90": 0.37590003944950756
          },
          "base_top_value_optimal_rate": 0.205607476635514,
          "seed_top_value_optimal_rate": 0.205607476635514
        }
      },
      "by_task_type": {
        "look_at_obj_in_light": {
          "states": 52,
          "episodes": 3,
          "expected_discounted_value_delta": {
            "count": 52,
            "mean": 0.020973735861979106,
            "std": 0.05433100523245689,
            "p10": -0.02200464932506848,
            "p25": -0.001618003233050283,
            "median": 0.009023279363043969,
            "p75": 0.023980782620741884,
            "p90": 0.09381786934773212
          },
          "expected_success_delta": {
            "count": 52,
            "mean": -0.007228195700222291,
            "std": 0.021526696412054406,
            "p10": -0.048241974922868115,
            "p25": -2.185751579730777e-16,
            "median": -2.7755575615628914e-17,
            "p75": 1.1102230246251565e-16,
            "p90": 0.0025714837588315647
          },
          "top_discounted_value_delta": {
            "count": 52,
            "mean": 0.031194470310592977,
            "std": 0.10544090584073726,
            "p10": 0.0,
            "p25": 0.0,
            "median": 0.0,
            "p75": 0.0,
            "p90": 0.04749999999999999
          },
          "delta_logit_value_spearman": {
            "count": 52,
            "mean": 0.1220849854543313,
            "std": 0.3005643158109437,
            "p10": -0.3424864468028067,
            "p25": -0.0025128610666540017,
            "median": 0.16349973608857066,
            "p75": 0.3060055350777081,
            "p90": 0.5016137243070175
          },
          "base_top_value_optimal_rate": 0.019230769230769232,
          "seed_top_value_optimal_rate": 0.15384615384615385
        },
        "pick_and_place_simple": {
          "states": 85,
          "episodes": 10,
          "expected_discounted_value_delta": {
            "count": 85,
            "mean": 0.03361390313293479,
            "std": 0.06714690026558283,
            "p10": -0.00944796203861813,
            "p25": -0.002011388539353829,
            "median": 0.015444275431010155,
            "p75": 0.03420695405256324,
            "p90": 0.0990178070588512
          },
          "expected_success_delta": {
            "count": 85,
            "mean": 0.031180500309364076,
            "std": 0.1061769911656518,
            "p10": -1.6139145548417152e-16,
            "p25": -8.108258125485885e-17,
            "median": 0.0,
            "p75": 1.3682631416767066e-16,
            "p90": 0.02895221389340259
          },
          "top_discounted_value_delta": {
            "count": 85,
            "mean": 0.06268652243222651,
            "std": 0.19292319248822176,
            "p10": 0.0,
            "p25": 0.0,
            "median": 0.0,
            "p75": 0.0,
            "p90": 0.1762190625000002
          },
          "delta_logit_value_spearman": {
            "count": 85,
            "mean": 0.009602793648517238,
            "std": 0.32491879179331806,
            "p10": -0.40505887491442966,
            "p25": -0.18742862746295796,
            "median": 0.03931548092307322,
            "p75": 0.23904572186687872,
            "p90": 0.4050526286824638
          },
          "base_top_value_optimal_rate": 0.35294117647058826,
          "seed_top_value_optimal_rate": 0.4235294117647059
        },
        "pick_clean_then_place_in_recep": {
          "states": 80,
          "episodes": 6,
          "expected_discounted_value_delta": {
            "count": 80,
            "mean": 0.03988208438459882,
            "std": 0.05429871888878572,
            "p10": -0.0055144419854000915,
            "p25": 0.005598920724486837,
            "median": 0.027424534924287536,
            "p75": 0.0580537750772698,
            "p90": 0.09195462857566772
          },
          "expected_success_delta": {
            "count": 80,
            "mean": 0.030474199398244937,
            "std": 0.0780978578972261,
            "p10": -2.02805437374276e-16,
            "p25": -9.86623976961809e-17,
            "median": 1.951563910473908e-17,
            "p75": 0.02402968923374196,
            "p90": 0.13167623404201353
          },
          "top_discounted_value_delta": {
            "count": 80,
            "mean": 0.11414496053252594,
            "std": 0.24939635131900847,
            "p10": 0.0,
            "p25": 0.0,
            "median": 0.0,
            "p75": 0.06144931744814941,
            "p90": 0.5484712567317924
          },
          "delta_logit_value_spearman": {
            "count": 80,
            "mean": 0.0656114743962011,
            "std": 0.3340389534578746,
            "p10": -0.43229485716895716,
            "p25": -0.1431261323211651,
            "median": 0.12789320528526227,
            "p75": 0.29385762537358223,
            "p90": 0.5054845396128615
          },
          "base_top_value_optimal_rate": 0.3625,
          "seed_top_value_optimal_rate": 0.525
        },
        "pick_cool_then_place_in_recep": {
          "states": 92,
          "episodes": 7,
          "expected_discounted_value_delta": {
            "count": 92,
            "mean": 0.02358678302722115,
            "std": 0.0697972565468807,
            "p10": -0.02331596895858212,
            "p25": -0.011105649307104563,
            "median": 0.003919779860105383,
            "p75": 0.033342007707061104,
            "p90": 0.12007111159242105
          },
          "expected_success_delta": {
            "count": 92,
            "mean": 0.0389096543562432,
            "std": 0.10174457682699639,
            "p10": -2.1718737919229628e-16,
            "p25": -8.797939978972795e-17,
            "median": 5.551115123125783e-17,
            "p75": 0.035161356434660354,
            "p90": 0.20127818187809357
          },
          "top_discounted_value_delta": {
            "count": 92,
            "mean": 0.11064760164957703,
            "std": 0.2378072456236455,
            "p10": 0.0,
            "p25": 0.0,
            "median": 0.0,
            "p75": 0.016170873012670894,
            "p90": 0.6302494097246091
          },
          "delta_logit_value_spearman": {
            "count": 92,
            "mean": -0.26656455842025506,
            "std": 0.19824341985984317,
            "p10": -0.5337859911608783,
            "p25": -0.3986507371460942,
            "median": -0.3003797981308297,
            "p75": -0.1499158733671981,
            "p90": 0.032538857583232335
          },
          "base_top_value_optimal_rate": 0.391304347826087,
          "seed_top_value_optimal_rate": 0.45652173913043476
        },
        "pick_heat_then_place_in_recep": {
          "states": 111,
          "episodes": 6,
          "expected_discounted_value_delta": {
            "count": 111,
            "mean": 0.027706314700646942,
            "std": 0.05738535732508316,
            "p10": -0.012666585419441156,
            "p25": -0.004264762521779916,
            "median": 0.00834740387079592,
            "p75": 0.03968346817565682,
            "p90": 0.11240535477748714
          },
          "expected_success_delta": {
            "count": 111,
            "mean": 0.045288082980679205,
            "std": 0.0896547098917453,
            "p10": -2.7755575615628914e-16,
            "p25": -6.933472893044801e-17,
            "median": 8.326672684688674e-17,
            "p75": 0.05859143917036775,
            "p90": 0.18936440844502203
          },
          "top_discounted_value_delta": {
            "count": 111,
            "mean": 0.1027269653448508,
            "std": 0.2163011775218801,
            "p10": 0.0,
            "p25": 0.0,
            "median": 0.0,
            "p75": 0.08799375000000009,
            "p90": 0.4664240697749762
          },
          "delta_logit_value_spearman": {
            "count": 111,
            "mean": -0.12015377131319083,
            "std": 0.23253890022879656,
            "p10": -0.40455499929268585,
            "p25": -0.2722054727292981,
            "median": -0.13222742503914756,
            "p75": 0.03695730723438153,
            "p90": 0.2080510486925035
          },
          "base_top_value_optimal_rate": 0.21621621621621623,
          "seed_top_value_optimal_rate": 0.3963963963963964
        },
        "pick_two_obj_and_place": {
          "states": 24,
          "episodes": 1,
          "expected_discounted_value_delta": {
            "count": 24,
            "mean": 0.021745729200727027,
            "std": 0.0841689841388011,
            "p10": -0.019105365049624255,
            "p25": 0.0,
            "median": 0.0,
            "p75": 0.014084067154752793,
            "p90": 0.15740205131158586
          },
          "expected_success_delta": {
            "count": 24,
            "mean": 0.022567376411845693,
            "std": 0.0845658067411787,
            "p10": -1.0511894190539311e-16,
            "p25": 0.0,
            "median": 0.0,
            "p75": 0.013961668995705518,
            "p90": 0.15740205131158586
          },
          "top_discounted_value_delta": {
            "count": 24,
            "mean": 0.0009190149414062496,
            "std": 0.2753919723855386,
            "p10": 0.0,
            "p25": 0.0,
            "median": 0.0,
            "p75": 0.0,
            "p90": 0.0
          },
          "delta_logit_value_spearman": {
            "count": 12,
            "mean": -0.10530760353510864,
            "std": 0.24083506471453198,
            "p10": -0.4740397115150547,
            "p25": -0.21749830388619956,
            "median": 0.0,
            "p75": 0.03506115062819234,
            "p90": 0.12320173051186098
          },
          "base_top_value_optimal_rate": 0.8333333333333334,
          "seed_top_value_optimal_rate": 0.7916666666666666
        }
      },
      "by_action_verb": {
        "clean": {
          "states": 6,
          "episodes": 6,
          "expected_discounted_value_delta": {
            "count": 6,
            "mean": 0.0831546412870439,
            "std": 0.04440898387205487,
            "p10": 0.04811635262372746,
            "p25": 0.0653331798320192,
            "median": 0.07025190030378581,
            "p75": 0.08364016071434122,
            "p90": 0.13109567093361846
          },
          "expected_success_delta": {
            "count": 6,
            "mean": 0.08406217022095247,
            "std": 0.06232559019098046,
            "p10": 0.01689686795727984,
            "p25": 0.046239741969372986,
            "median": 0.08773037642376327,
            "p75": 0.0939952345238465,
            "p90": 0.14755926628181426
          },
          "top_discounted_value_delta": {
            "count": 6,
            "mean": 0.0,
            "std": 0.0,
            "p10": 0.0,
            "p25": 0.0,
            "median": 0.0,
            "p75": 0.0,
            "p90": 0.0
          },
          "delta_logit_value_spearman": {
            "count": 6,
            "mean": -0.2007513251779833,
            "std": 0.11442514748568439,
            "p10": -0.3036825615481784,
            "p25": -0.2848558351995289,
            "median": -0.22701559884534955,
            "p75": -0.17336514098322303,
            "p90": -0.07155581514042199
          },
          "base_top_value_optimal_rate": 1.0,
          "seed_top_value_optimal_rate": 1.0
        },
        "close": {
          "states": 56,
          "episodes": 18,
          "expected_discounted_value_delta": {
            "count": 56,
            "mean": 0.07486421022934127,
            "std": 0.08491731868760737,
            "p10": -0.008289373361729488,
            "p25": 0.014127360328897678,
            "median": 0.047360669895772256,
            "p75": 0.11905172073053387,
            "p90": 0.16903052822453268
          },
          "expected_success_delta": {
            "count": 56,
            "mean": 0.09890866317000967,
            "std": 0.12827232407728906,
            "p10": -1.6928969890413897e-16,
            "p25": -1.252992016071645e-17,
            "median": 0.028384220454468683,
            "p75": 0.18702485329340018,
            "p90": 0.2585840273286232
          },
          "top_discounted_value_delta": {
            "count": 56,
            "mean": 0.205114432058088,
            "std": 0.3217949386692181,
            "p10": 0.0,
            "p25": 0.0,
            "median": 0.031570802762505124,
            "p75": 0.46791640091012165,
            "p90": 0.7737809374999998
          },
          "delta_logit_value_spearman": {
            "count": 56,
            "mean": 0.07665289045145654,
            "std": 0.271663025599183,
            "p10": -0.2825948691634157,
            "p25": -0.14570050699105339,
            "median": 0.11616836267421203,
            "p75": 0.26974925984803855,
            "p90": 0.4190529550400084
          },
          "base_top_value_optimal_rate": 0.017857142857142856,
          "seed_top_value_optimal_rate": 0.23214285714285715
        },
        "cool": {
          "states": 7,
          "episodes": 7,
          "expected_discounted_value_delta": {
            "count": 7,
            "mean": -0.004323766607728206,
            "std": 0.01025447934839293,
            "p10": -0.017313032155730993,
            "p25": -0.011177830430305322,
            "median": -0.002007568246635372,
            "p75": 0.00218487359689196,
            "p90": 0.006695732302817527
          },
          "expected_success_delta": {
            "count": 7,
            "mean": 3.9650822308041306e-17,
            "std": 2.4699550368462457e-16,
            "p10": -2.720046410331633e-16,
            "p25": -4.163336342344337e-17,
            "median": 9.020562075079397e-17,
            "p75": 2.3592239273284576e-16,
            "p90": 2.581268532253489e-16
          },
          "top_discounted_value_delta": {
            "count": 7,
            "mean": 0.0,
            "std": 0.0,
            "p10": 0.0,
            "p25": 0.0,
            "median": 0.0,
            "p75": 0.0,
            "p90": 0.0
          },
          "delta_logit_value_spearman": {
            "count": 7,
            "mean": -0.414728670163987,
            "std": 0.23496509749783556,
            "p10": -0.5501722109393129,
            "p25": -0.5424881056166884,
            "median": -0.5351197410100156,
            "p75": -0.4408233887607964,
            "p90": -0.19677229799261844
          },
          "base_top_value_optimal_rate": 1.0,
          "seed_top_value_optimal_rate": 1.0
        },
        "examine": {
          "states": 1,
          "episodes": 1,
          "expected_discounted_value_delta": {
            "count": 1,
            "mean": 0.02373884942517594,
            "std": 0.0,
            "p10": 0.02373884942517594,
            "p25": 0.02373884942517594,
            "median": 0.02373884942517594,
            "p75": 0.02373884942517594,
            "p90": 0.02373884942517594
          },
          "expected_success_delta": {
            "count": 1,
            "mean": -9.020562075079397e-17,
            "std": 0.0,
            "p10": -9.020562075079397e-17,
            "p25": -9.020562075079397e-17,
            "median": -9.020562075079397e-17,
            "p75": -9.020562075079397e-17,
            "p90": -9.020562075079397e-17
          },
          "top_discounted_value_delta": {
            "count": 1,
            "mean": 0.0,
            "std": 0.0,
            "p10": 0.0,
            "p25": 0.0,
            "median": 0.0,
            "p75": 0.0,
            "p90": 0.0
          },
          "delta_logit_value_spearman": {
            "count": 1,
            "mean": 0.2785704876584159,
            "std": 0.0,
            "p10": 0.2785704876584159,
            "p25": 0.2785704876584159,
            "median": 0.2785704876584159,
            "p75": 0.2785704876584159,
            "p90": 0.2785704876584159
          },
          "base_top_value_optimal_rate": 1.0,
          "seed_top_value_optimal_rate": 1.0
        },
        "go": {
          "states": 238,
          "episodes": 33,
          "expected_discounted_value_delta": {
            "count": 238,
            "mean": 0.03125907378013546,
            "std": 0.06398371563983579,
            "p10": -0.012004768235199708,
            "p25": -0.0028169796247650976,
            "median": 0.009599490272879966,
            "p75": 0.042178136658839016,
            "p90": 0.11363606510060643
          },
          "expected_success_delta": {
            "count": 238,
            "mean": 0.03542754357313394,
            "std": 0.09211013492231619,
            "p10": -2.5201737398339296e-16,
            "p25": -5.572328004498583e-17,
            "median": 5.551115123125783e-17,
            "p75": 0.008106161734561947,
            "p90": 0.15740205131158586
          },
          "top_discounted_value_delta": {
            "count": 238,
            "mean": 0.10288822417024418,
            "std": 0.2318365076807767,
            "p10": 0.0,
            "p25": 0.0,
            "median": 0.0,
            "p75": 0.07167145933593755,
            "p90": 0.5163705126229169
          },
          "delta_logit_value_spearman": {
            "count": 230,
            "mean": -0.06604058570810763,
            "std": 0.2714459711589555,
            "p10": -0.4075285806939018,
            "p25": -0.2740561813805225,
            "median": -0.07117966055060096,
            "p75": 0.13153691556757738,
            "p90": 0.2901096282875613
          },
          "base_top_value_optimal_rate": 0.23949579831932774,
          "seed_top_value_optimal_rate": 0.3697478991596639
        },
        "heat": {
          "states": 6,
          "episodes": 6,
          "expected_discounted_value_delta": {
            "count": 6,
            "mean": 0.0043107757647726005,
            "std": 0.00586420122688105,
            "p10": -0.001164408419912046,
            "p25": 0.000733261907590696,
            "median": 0.0036929102248051773,
            "p75": 0.004463985177559494,
            "p90": 0.01040382548942467
          },
          "expected_success_delta": {
            "count": 6,
            "mean": -7.864079757761526e-17,
            "std": 1.5405108490098862e-16,
            "p10": -2.636779683484747e-16,
            "p25": -2.0816681711721685e-16,
            "median": -8.326672684688674e-17,
            "p75": 4.163336342344337e-17,
            "p90": 1.1102230246251565e-16
          },
          "top_discounted_value_delta": {
            "count": 6,
            "mean": 0.05866250000000006,
            "std": 0.041480651551355885,
            "p10": 0.0,
            "p25": 0.021998437500000023,
            "median": 0.08799375000000009,
            "p75": 0.08799375000000009,
            "p90": 0.08799375000000009
          },
          "delta_logit_value_spearman": {
            "count": 6,
            "mean": -0.5367027644671368,
            "std": 0.09153633081356066,
            "p10": -0.6190285740259795,
            "p25": -0.612999031000552,
            "median": -0.5606875620407774,
            "p75": -0.5015553112108797,
            "p90": -0.4303921573346534
          },
          "base_top_value_optimal_rate": 0.3333333333333333,
          "seed_top_value_optimal_rate": 1.0
        },
        "move": {
          "states": 31,
          "episodes": 30,
          "expected_discounted_value_delta": {
            "count": 31,
            "mean": 0.0003848870278646849,
            "std": 0.04088349948409534,
            "p10": -0.030913802907647114,
            "p25": -0.012959943743677073,
            "median": -0.00522581558561639,
            "p75": 0.0031692208002188768,
            "p90": 0.018622111170635086
          },
          "expected_success_delta": {
            "count": 31,
            "mean": 0.0065862809666877836,
            "std": 0.03607454655521835,
            "p10": -1.1102230246251565e-16,
            "p25": -6.938893903907228e-17,
            "median": 0.0,
            "p75": 5.551115123125783e-17,
            "p90": 1.1102230246251565e-16
          },
          "top_discounted_value_delta": {
            "count": 31,
            "mean": 0.03225806451612903,
            "std": 0.17668469596940847,
            "p10": 0.0,
            "p25": 0.0,
            "median": 0.0,
            "p75": 0.0,
            "p90": 0.0
          },
          "delta_logit_value_spearman": {
            "count": 30,
            "mean": -0.42626577343574135,
            "std": 0.2349869875791712,
            "p10": -0.7674237282972773,
            "p25": -0.5957564769597926,
            "median": -0.43483663465300953,
            "p75": -0.29041109436043544,
            "p90": -0.18500639406786304
          },
          "base_top_value_optimal_rate": 0.967741935483871,
          "seed_top_value_optimal_rate": 1.0
        },
        "open": {
          "states": 62,
          "episodes": 21,
          "expected_discounted_value_delta": {
            "count": 62,
            "mean": 0.014855814109623014,
            "std": 0.03525784264608991,
            "p10": -0.003467361130864639,
            "p25": 0.004926122976244781,
            "median": 0.011020776345055987,
            "p75": 0.026718187682891345,
            "p90": 0.049577061068851715
          },
          "expected_success_delta": {
            "count": 62,
            "mean": -0.004421571155833585,
            "std": 0.03453357468684717,
            "p10": -2.192690473634684e-16,
            "p25": -1.3530843112619095e-16,
            "median": -2.7755575615628914e-17,
            "p75": 5.0306980803327406e-17,
            "p90": 1.373900992973631e-16
          },
          "top_discounted_value_delta": {
            "count": 62,
            "mean": 0.004535446160958057,
            "std": 0.049767457619399415,
            "p10": 0.0,
            "p25": 0.0,
            "median": 0.0,
            "p75": 0.0,
            "p90": 0.0
          },
          "delta_logit_value_spearman": {
            "count": 61,
            "mean": 0.10337818995103774,
            "std": 0.30105871096716325,
            "p10": -0.3258342126550567,
            "p25": -0.13369343548643958,
            "median": 0.13559181084388897,
            "p75": 0.2933435190490276,
            "p90": 0.5408240483450583
          },
          "base_top_value_optimal_rate": 0.0967741935483871,
          "seed_top_value_optimal_rate": 0.12903225806451613
        },
        "take": {
          "states": 34,
          "episodes": 33,
          "expected_discounted_value_delta": {
            "count": 34,
            "mean": -0.00553846562958137,
            "std": 0.027986191046153096,
            "p10": -0.04568970263748263,
            "p25": -0.025896945500632672,
            "median": -0.0007025944679386602,
            "p75": 0.010643395799659687,
            "p90": 0.031059212776027013
          },
          "expected_success_delta": {
            "count": 34,
            "mean": -0.01657526804873376,
            "std": 0.036759165353484106,
            "p10": -0.0799652731152509,
            "p25": -0.032862361235488274,
            "median": -1.22514845490862e-16,
            "p75": 1.0321604682062002e-16,
            "p90": 0.017677542164835452
          },
          "top_discounted_value_delta": {
            "count": 34,
            "mean": 0.0023357164522058846,
            "std": 0.01341766948424625,
            "p10": 0.0,
            "p25": 0.0,
            "median": 0.0,
            "p75": 0.0,
            "p90": 0.0
          },
          "delta_logit_value_spearman": {
            "count": 32,
            "mean": -0.09619968529359314,
            "std": 0.26196067323052724,
            "p10": -0.4054795642648139,
            "p25": -0.2875646499665018,
            "median": -0.12722066618216524,
            "p75": 0.039417654537165586,
            "p90": 0.2016998372881763
          },
          "base_top_value_optimal_rate": 0.8823529411764706,
          "seed_top_value_optimal_rate": 0.9117647058823529
        },
        "use": {
          "states": 3,
          "episodes": 3,
          "expected_discounted_value_delta": {
            "count": 3,
            "mean": 0.0035535979106293865,
            "std": 0.01030492748343106,
            "p10": -0.004146902335130947,
            "p25": -0.003721583809696132,
            "median": -0.0030127196006381057,
            "p75": 0.007545620875321159,
            "p90": 0.013880625160896718
          },
          "expected_success_delta": {
            "count": 3,
            "mean": 0.006401011119073634,
            "std": 0.007241764722383224,
            "p10": 0.0005356008126991247,
            "p25": 0.0013390020317478532,
            "median": 0.002678004063495734,
            "p75": 0.009601516678610464,
            "p90": 0.013755624247679302
          },
          "top_discounted_value_delta": {
            "count": 3,
            "mean": 0.0,
            "std": 0.0,
            "p10": 0.0,
            "p25": 0.0,
            "median": 0.0,
            "p75": 0.0,
            "p90": 0.0
          },
          "delta_logit_value_spearman": {
            "count": 3,
            "mean": 0.26506551899788294,
            "std": 0.21717692413368278,
            "p10": 0.08112474591257135,
            "p25": 0.11499697651977961,
            "median": 0.17145069419846004,
            "p75": 0.3683266490762749,
            "p90": 0.4864522220029638
          },
          "base_top_value_optimal_rate": 0.0,
          "seed_top_value_optimal_rate": 0.0
        }
      }
    },
    "valid_unseen": {
      "states": 527,
      "episodes": 34,
      "candidate_actions": 14980,
      "candidate_success_rate": 0.9283711615487317,
      "states_with_binary_value_variation": 207,
      "states_with_discounted_value_variation": 513,
      "expert_action_value_optimal_rate": 0.36622390891840606,
      "base_top_value_optimal_rate": 0.3206831119544592,
      "seed_top_value_optimal_rate": 0.38330170777988615,
      "practical_threshold": 0.8,
      "meets_practical_threshold": false,
      "gap_to_practical_threshold": -0.4166982922201139,
      "descriptive": {
        "success_expected_value_delta": {
          "count": 527,
          "mean": 0.036664571241077686,
          "std": 0.08028597623165226,
          "p10": -2.373101715136272e-16,
          "p25": -6.959222694641332e-17,
          "median": 9.71445146547012e-17,
          "p75": 0.04339434052272982,
          "p90": 0.14572413469188686
        },
        "discounted_expected_value_delta": {
          "count": 527,
          "mean": 0.02665149915698469,
          "std": 0.0557129367622526,
          "p10": -0.011295762484893779,
          "p25": 0.0006174245349746123,
          "median": 0.012119140951220908,
          "p75": 0.04089986513529917,
          "p90": 0.0967158215389012
        },
        "discounted_top_value_delta": {
          "count": 527,
          "mean": 0.0759200376410338,
          "std": 0.22884820095713843,
          "p10": 0.0,
          "p25": 0.0,
          "median": 0.0,
          "p75": 0.027018004383131844,
          "p90": 0.43477061209483064
        },
        "discounted_added_minus_removed_value": {
          "count": 527,
          "mean": 0.0852113102766362,
          "std": 0.1742548926986696,
          "p10": -0.0606365981228813,
          "p25": 0.004073226683256395,
          "median": 0.04153774113626929,
          "p75": 0.13973494205083384,
          "p90": 0.3158843418203334
        },
        "discounted_probability_on_value_optimal_delta": {
          "count": 527,
          "mean": 0.033770486194957726,
          "std": 0.0947444104120811,
          "p10": -0.05940011467028435,
          "p25": 0.000833197130009098,
          "median": 0.03049151620937067,
          "p75": 0.06863395673098079,
          "p90": 0.1227910270337402
        },
        "delta_logit_value_spearman": {
          "count": 513,
          "mean": -0.055370566366920115,
          "std": 0.24258842197742217,
          "p10": -0.3770526782082765,
          "p25": -0.19477836143904934,
          "median": -0.04953792114800255,
          "p75": 0.10100803763256382,
          "p90": 0.24453815554324565
        },
        "delta_probability_value_spearman": {
          "count": 513,
          "mean": 0.08980057145517611,
          "std": 0.2538051170439946,
          "p10": -0.2503208436271723,
          "p25": -0.07186374232141934,
          "median": 0.11001174750211414,
          "p75": 0.2534611452082787,
          "p90": 0.41763143775050376
        }
      },
      "episode_cluster_bootstrap": {
        "success_expected_value_delta": {
          "observed": 0.03666457124107769,
          "ci95": [
            0.026485521313349338,
            0.046530236896746784
          ],
          "probability_positive": 1.0,
          "clusters": 34
        },
        "discounted_expected_value_delta": {
          "observed": 0.026651499156984688,
          "ci95": [
            0.018155894554498894,
            0.03454981995201793
          ],
          "probability_positive": 1.0,
          "clusters": 34
        },
        "discounted_top_value_delta": {
          "observed": 0.07592003764103379,
          "ci95": [
            0.051912568069460346,
            0.10099844197252462
          ],
          "probability_positive": 1.0,
          "clusters": 34
        },
        "discounted_added_minus_removed_value": {
          "observed": 0.0852113102766362,
          "ci95": [
            0.057493535549721704,
            0.11283775159175267
          ],
          "probability_positive": 1.0,
          "clusters": 34
        },
        "discounted_probability_on_value_optimal_delta": {
          "observed": 0.03377048619495773,
          "ci95": [
            0.007097541258142031,
            0.052127054124467456
          ],
          "probability_positive": 0.9926,
          "clusters": 34
        },
        "delta_logit_value_spearman": {
          "observed": -0.055370566366920115,
          "ci95": [
            -0.11083414836212589,
            -0.005726983840278631
          ],
          "probability_positive": 0.0143,
          "clusters": 34
        },
        "delta_probability_value_spearman": {
          "observed": 0.08980057145517611,
          "ci95": [
            0.04959032118155209,
            0.13052825320934294
          ],
          "probability_positive": 0.9999,
          "clusters": 34
        }
      },
      "by_expert_transition": {
        "changed_nonexpert": {
          "states": 163,
          "episodes": 29,
          "expected_discounted_value_delta": {
            "count": 163,
            "mean": 0.05692310176998163,
            "std": 0.07053190085624339,
            "p10": 0.0,
            "p25": 0.010252393072222869,
            "median": 0.035177668746574964,
            "p75": 0.09059788263506008,
            "p90": 0.15839868639266913
          },
          "expected_success_delta": {
            "count": 163,
            "mean": 0.07983726239899445,
            "std": 0.11086597578471646,
            "p10": -2.220446049250313e-16,
            "p25": 0.0,
            "median": 0.031293440656762414,
            "p75": 0.1427617430683851,
            "p90": 0.25856729795050143
          },
          "top_discounted_value_delta": {
            "count": 163,
            "mean": 0.22806567436201933,
            "std": 0.35849310428829406,
            "p10": -0.019123908188065843,
            "p25": 0.013332310217939736,
            "median": 0.08112511316093013,
            "p75": 0.5688000922764597,
            "p90": 0.7277409717187502
          },
          "delta_logit_value_spearman": {
            "count": 156,
            "mean": -0.009388372399288553,
            "std": 0.23179921566020245,
            "p10": -0.30357017895697525,
            "p25": -0.1494029210848345,
            "median": -0.01489074266169705,
            "p75": 0.12114516238806736,
            "p90": 0.2475752479695808
          },
          "base_top_value_optimal_rate": 0.07975460122699386,
          "seed_top_value_optimal_rate": 0.19631901840490798
        },
        "harmed_from_expert": {
          "states": 10,
          "episodes": 7,
          "expected_discounted_value_delta": {
            "count": 10,
            "mean": 0.02213326478303749,
            "std": 0.0203614637608698,
            "p10": 0.001897532438642697,
            "p25": 0.006518663664650731,
            "median": 0.01819139126554685,
            "p75": 0.028299715193543233,
            "p90": 0.045054124519815955
          },
          "expected_success_delta": {
            "count": 10,
            "mean": 0.020374279890690232,
            "std": 0.025294854122848195,
            "p10": -3.0021558156123615e-17,
            "p25": -2.848741208205663e-17,
            "median": 1.7719929256559963e-18,
            "p75": 0.04737215663025983,
            "p90": 0.049345932476449625
          },
          "top_discounted_value_delta": {
            "count": 10,
            "mean": 0.05224452800262369,
            "std": 0.16690019115680993,
            "p10": -0.038689046874999966,
            "p25": -0.03675459453125007,
            "median": 0.0,
            "p75": 0.020263503287348883,
            "p90": 0.15291986081431036
          },
          "delta_logit_value_spearman": {
            "count": 10,
            "mean": -0.13235261830475945,
            "std": 0.1381206494087806,
            "p10": -0.19892274253617187,
            "p25": -0.1565135200459947,
            "median": -0.12361429702005919,
            "p75": -0.08442946054304641,
            "p90": -0.053941349647505764
          },
          "base_top_value_optimal_rate": 0.2,
          "seed_top_value_optimal_rate": 0.2
        },
        "rescued_to_expert": {
          "states": 32,
          "episodes": 18,
          "expected_discounted_value_delta": {
            "count": 32,
            "mean": 0.01838430756881775,
            "std": 0.03623732667043523,
            "p10": -0.008718887914290964,
            "p25": -0.001000726155710197,
            "median": 0.012857536408275068,
            "p75": 0.027151456597843446,
            "p90": 0.07145698701040534
          },
          "expected_success_delta": {
            "count": 32,
            "mean": 0.01258148212766793,
            "std": 0.058521298357973546,
            "p10": -2.220446049250313e-16,
            "p25": -8.673617379884035e-18,
            "median": 5.551115123125783e-17,
            "p75": 1.8561541192951836e-16,
            "p90": 0.061209557367816046
          },
          "top_discounted_value_delta": {
            "count": 32,
            "mean": 0.07227217611841967,
            "std": 0.15183655700494492,
            "p10": -0.019805700089329456,
            "p25": 0.020263503287348883,
            "median": 0.04286875000000001,
            "p75": 0.08469398437500011,
            "p90": 0.15748708629316424
          },
          "delta_logit_value_spearman": {
            "count": 31,
            "mean": -0.04730094837515182,
            "std": 0.2865642785454392,
            "p10": -0.4022797839837707,
            "p25": -0.26409550708552154,
            "median": -0.03346232279962647,
            "p75": 0.17808988747701665,
            "p90": 0.2855511105907663
          },
          "base_top_value_optimal_rate": 0.09375,
          "seed_top_value_optimal_rate": 0.53125
        },
        "stable_expert": {
          "states": 157,
          "episodes": 32,
          "expected_discounted_value_delta": {
            "count": 157,
            "mean": 0.01392271781205795,
            "std": 0.038401611257676306,
            "p10": -0.012814054100553415,
            "p25": -0.0021434689752845345,
            "median": 0.008732785088827624,
            "p75": 0.018401918372042192,
            "p90": 0.04298861864496063
          },
          "expected_success_delta": {
            "count": 157,
            "mean": 0.007828136708838198,
            "std": 0.042297436628482385,
            "p10": -3.6078639939962286e-16,
            "p25": -1.5265566588595902e-16,
            "median": 0.0,
            "p75": 1.3877787807814457e-16,
            "p90": 0.032940866119632546
          },
          "top_discounted_value_delta": {
            "count": 157,
            "mean": 0.0,
            "std": 0.0,
            "p10": 0.0,
            "p25": 0.0,
            "median": 0.0,
            "p75": 0.0,
            "p90": 0.0
          },
          "delta_logit_value_spearman": {
            "count": 153,
            "mean": -0.12263888447886538,
            "std": 0.2601496739162563,
            "p10": -0.5052733166155101,
            "p25": -0.26789427311581415,
            "median": -0.09487241922160199,
            "p75": 0.06707324676224044,
            "p90": 0.20978194680551868
          },
          "base_top_value_optimal_rate": 0.7197452229299363,
          "seed_top_value_optimal_rate": 0.7197452229299363
        },
        "stable_nonexpert": {
          "states": 165,
          "episodes": 34,
          "expected_discounted_value_delta": {
            "count": 165,
            "mean": 0.01073561988301991,
            "std": 0.044599354335350866,
            "p10": -0.021974825916039123,
            "p25": -0.00021178898025715867,
            "median": 0.00619202787294635,
            "p75": 0.02679585566619566,
            "p90": 0.059157519709458005
          },
          "expected_success_delta": {
            "count": 165,
            "mean": 0.027111439895345278,
            "std": 0.056459675531379976,
            "p10": -1.943379136983708e-16,
            "p25": -5.551115123125783e-17,
            "median": 1.3877787807814457e-16,
            "p75": 0.026794854186949282,
            "p90": 0.12690832651521727
          },
          "top_discounted_value_delta": {
            "count": 165,
            "mean": 0.0,
            "std": 0.0,
            "p10": 0.0,
            "p25": 0.0,
            "median": 0.0,
            "p75": 0.0,
            "p90": 0.0
          },
          "delta_logit_value_spearman": {
            "count": 163,
            "mean": -0.03304852480979941,
            "std": 0.21524344747736,
            "p10": -0.2937836803247024,
            "p25": -0.16710657031001558,
            "median": -0.0379642086548638,
            "p75": 0.08770759851334999,
            "p90": 0.2441449682093842
          },
          "base_top_value_optimal_rate": 0.23030303030303031,
          "seed_top_value_optimal_rate": 0.23030303030303031
        }
      },
      "by_task_type": {
        "look_at_obj_in_light": {
          "states": 93,
          "episodes": 6,
          "expected_discounted_value_delta": {
            "count": 93,
            "mean": 0.012577078240077196,
            "std": 0.03675775222252278,
            "p10": -0.01526404940722366,
            "p25": 0.00020945942972214486,
            "median": 0.00929601347217698,
            "p75": 0.02602365025183262,
            "p90": 0.05016207465792847
          },
          "expected_success_delta": {
            "count": 93,
            "mean": -0.0036781113426046503,
            "std": 0.029097389299221347,
            "p10": -0.009467579621473161,
            "p25": -1.8301332671555315e-16,
            "median": 0.0,
            "p75": 1.5265566588595902e-16,
            "p90": 0.0007734553298118454
          },
          "top_discounted_value_delta": {
            "count": 93,
            "mean": -0.006187046097140627,
            "std": 0.13718956536697555,
            "p10": 0.0,
            "p25": 0.0,
            "median": 0.0,
            "p75": 0.024383748955776496,
            "p90": 0.04072531250000011
          },
          "delta_logit_value_spearman": {
            "count": 93,
            "mean": 0.08037864328402428,
            "std": 0.25116215287736415,
            "p10": -0.2675323987751837,
            "p25": -0.11722094807336403,
            "median": 0.07873758069782394,
            "p75": 0.23570104799785888,
            "p90": 0.44680034289904114
          },
          "base_top_value_optimal_rate": 0.06451612903225806,
          "seed_top_value_optimal_rate": 0.10752688172043011
        },
        "pick_and_place_simple": {
          "states": 42,
          "episodes": 5,
          "expected_discounted_value_delta": {
            "count": 42,
            "mean": 0.02085266622747684,
            "std": 0.05570610202817197,
            "p10": -0.00624445742762995,
            "p25": 0.00019606253195011695,
            "median": 0.0065509436483639,
            "p75": 0.017721074708143436,
            "p90": 0.038889529653515935
          },
          "expected_success_delta": {
            "count": 42,
            "mean": 0.022057620466419427,
            "std": 0.06904947137906461,
            "p10": -2.5532249654357934e-16,
            "p25": -1.3530843112619095e-16,
            "median": -1.409124011052254e-17,
            "p75": 2.850596541232395e-16,
            "p90": 0.036736035004851154
          },
          "top_discounted_value_delta": {
            "count": 42,
            "mean": 0.057005356107912526,
            "std": 0.1679726018748822,
            "p10": 0.0,
            "p25": 0.0,
            "median": 0.0,
            "p75": 0.021731254264680935,
            "p90": 0.07743636471856356
          },
          "delta_logit_value_spearman": {
            "count": 42,
            "mean": -0.30396883962853566,
            "std": 0.22796383908695922,
            "p10": -0.6127284492054502,
            "p25": -0.4657686534152352,
            "median": -0.2867689155610592,
            "p75": -0.14003256559149482,
            "p90": -0.042070323614548086
          },
          "base_top_value_optimal_rate": 0.38095238095238093,
          "seed_top_value_optimal_rate": 0.42857142857142855
        },
        "pick_clean_then_place_in_recep": {
          "states": 184,
          "episodes": 11,
          "expected_discounted_value_delta": {
            "count": 184,
            "mean": 0.03129308100553909,
            "std": 0.06817293221076696,
            "p10": -0.025716004042925653,
            "p25": 8.985636502426438e-06,
            "median": 0.016779652145390775,
            "p75": 0.06867526528508333,
            "p90": 0.10876734428120215
          },
          "expected_success_delta": {
            "count": 184,
            "mean": 0.057384050065493956,
            "std": 0.09660585799152774,
            "p10": -1.943460610965322e-16,
            "p25": -3.122502256758253e-17,
            "median": 2.5673907444456745e-16,
            "p75": 0.09935752058184533,
            "p90": 0.1791899278286221
          },
          "top_discounted_value_delta": {
            "count": 184,
            "mean": 0.09705449953013277,
            "std": 0.2400180353832937,
            "p10": 0.0,
            "p25": 0.0,
            "median": 0.0,
            "p75": 0.03100226517911725,
            "p90": 0.6207956685787405
          },
          "delta_logit_value_spearman": {
            "count": 184,
            "mean": -0.02176657034606026,
            "std": 0.22213628851009945,
            "p10": -0.30062819619827436,
            "p25": -0.14592688685400262,
            "median": 0.0003583191423873161,
            "p75": 0.11379501873722074,
            "p90": 0.2436692598226354
          },
          "base_top_value_optimal_rate": 0.3858695652173913,
          "seed_top_value_optimal_rate": 0.44021739130434784
        },
        "pick_cool_then_place_in_recep": {
          "states": 119,
          "episodes": 7,
          "expected_discounted_value_delta": {
            "count": 119,
            "mean": 0.026335285796014275,
            "std": 0.0420675080048796,
            "p10": -0.006877897594778219,
            "p25": 0.003250936184303851,
            "median": 0.012569586449662915,
            "p75": 0.03499454301294824,
            "p90": 0.09319293120444819
          },
          "expected_success_delta": {
            "count": 119,
            "mean": 0.03142970131435348,
            "std": 0.06541608700128197,
            "p10": -2.220446049250313e-16,
            "p25": -5.551115123125783e-17,
            "median": 1.0061396160665481e-16,
            "p75": 0.036006191267112034,
            "p90": 0.13744785462323572
          },
          "top_discounted_value_delta": {
            "count": 119,
            "mean": 0.08250816142263936,
            "std": 0.24511130986817597,
            "p10": -0.003972143184582174,
            "p25": 0.0,
            "median": 0.0,
            "p75": 0.03096743459390966,
            "p90": 0.4726851527346541
          },
          "delta_logit_value_spearman": {
            "count": 119,
            "mean": -0.08630419029123367,
            "std": 0.2075493947841373,
            "p10": -0.33677467593579286,
            "p25": -0.21011305109072795,
            "median": -0.0795182544534195,
            "p75": 0.04830900660197585,
            "p90": 0.2039382626525722
          },
          "base_top_value_optimal_rate": 0.40336134453781514,
          "seed_top_value_optimal_rate": 0.46218487394957986
        },
        "pick_heat_then_place_in_recep": {
          "states": 68,
          "episodes": 4,
          "expected_discounted_value_delta": {
            "count": 68,
            "mean": 0.0356715922993393,
            "std": 0.0552169530013438,
            "p10": -0.008298053635590018,
            "p25": 0.002740694695768991,
            "median": 0.022304022361208098,
            "p75": 0.05777634195063214,
            "p90": 0.10666212416032714
          },
          "expected_success_delta": {
            "count": 68,
            "mean": 0.0564448700668372,
            "std": 0.08965942585786256,
            "p10": -2.220446049250313e-16,
            "p25": -1.8975523251966455e-17,
            "median": 2.3712260864060306e-16,
            "p75": 0.08485017526630279,
            "p90": 0.20428256420978722
          },
          "top_discounted_value_delta": {
            "count": 68,
            "mean": 0.0883840547373054,
            "std": 0.19352215560194289,
            "p10": 0.0,
            "p25": 0.0,
            "median": 0.0,
            "p75": 0.035625832649386235,
            "p90": 0.44012666865176536
          },
          "delta_logit_value_spearman": {
            "count": 68,
            "mean": -0.1424741791105216,
            "std": 0.18671771089708186,
            "p10": -0.3789941743661028,
            "p25": -0.23202180607826156,
            "median": -0.11642512221716825,
            "p75": -0.03718099662830458,
            "p90": 0.09725949780366944
          },
          "base_top_value_optimal_rate": 0.19117647058823528,
          "seed_top_value_optimal_rate": 0.2647058823529412
        },
        "pick_two_obj_and_place": {
          "states": 21,
          "episodes": 1,
          "expected_discounted_value_delta": {
            "count": 21,
            "mean": 0.032493600321417244,
            "std": 0.060417999228275,
            "p10": 0.0,
            "p25": 0.0,
            "median": 0.0,
            "p75": 0.019648078428303843,
            "p90": 0.11575820740288026
          },
          "expected_success_delta": {
            "count": 21,
            "mean": 0.02861059553888928,
            "std": 0.05949800631733365,
            "p10": 0.0,
            "p25": 0.0,
            "median": 0.0,
            "p75": 1.1102230246251565e-16,
            "p90": 0.11575820740288026
          },
          "top_discounted_value_delta": {
            "count": 21,
            "mean": 0.21449596773101332,
            "std": 0.3918888893630171,
            "p10": 0.0,
            "p25": 0.0,
            "median": 0.0,
            "p75": 0.07321541462773945,
            "p90": 1.0
          },
          "delta_logit_value_spearman": {
            "count": 7,
            "mean": 0.12140980865736924,
            "std": 0.16831171406138692,
            "p10": -0.04832038743792669,
            "p25": 0.08740407776290314,
            "median": 0.12247448713915891,
            "p75": 0.2551551815399144,
            "p90": 0.27343727751721314
          },
          "base_top_value_optimal_rate": 0.7142857142857143,
          "seed_top_value_optimal_rate": 0.9523809523809523
        }
      },
      "by_action_verb": {
        "clean": {
          "states": 11,
          "episodes": 11,
          "expected_discounted_value_delta": {
            "count": 11,
            "mean": 0.06605060146608378,
            "std": 0.055441619351408365,
            "p10": 0.014724472653788238,
            "p25": 0.02262696499724966,
            "median": 0.04109076848374607,
            "p75": 0.09973289018101672,
            "p90": 0.11839216326809913
          },
          "expected_success_delta": {
            "count": 11,
            "mean": 0.05710027679089318,
            "std": 0.076353491581598,
            "p10": -7.632783294297951e-17,
            "p25": 6.245004513516506e-17,
            "median": 2.7755575615628914e-16,
            "p75": 0.09985246210944615,
            "p90": 0.14791541177558495
          },
          "top_discounted_value_delta": {
            "count": 11,
            "mean": 0.0,
            "std": 0.0,
            "p10": 0.0,
            "p25": 0.0,
            "median": 0.0,
            "p75": 0.0,
            "p90": 0.0
          },
          "delta_logit_value_spearman": {
            "count": 11,
            "mean": -0.21411954752998327,
            "std": 0.1682712316922391,
            "p10": -0.3835262736756222,
            "p25": -0.32678216649841507,
            "median": -0.26808512459542333,
            "p75": -0.09575477436930302,
            "p90": 0.0022107884414269093
          },
          "base_top_value_optimal_rate": 1.0,
          "seed_top_value_optimal_rate": 1.0
        },
        "close": {
          "states": 48,
          "episodes": 18,
          "expected_discounted_value_delta": {
            "count": 48,
            "mean": 0.07920982345340134,
            "std": 0.07887163800226307,
            "p10": 0.003146587043139479,
            "p25": 0.011811635927066171,
            "median": 0.05383011860060057,
            "p75": 0.122322095904691,
            "p90": 0.20727911829883042
          },
          "expected_success_delta": {
            "count": 48,
            "mean": 0.12329205262217051,
            "std": 0.1246421206602717,
            "p10": -2.6530596567309728e-17,
            "p25": 3.196382058604549e-16,
            "median": 0.09939987239234943,
            "p75": 0.2166146520350392,
            "p90": 0.30457150583956294
          },
          "top_discounted_value_delta": {
            "count": 48,
            "mean": 0.2409670387756503,
            "std": 0.32375827743601865,
            "p10": 0.0,
            "p25": 0.0,
            "median": 0.03593003421972657,
            "p75": 0.5762843040169394,
            "p90": 0.6983372960937497
          },
          "delta_logit_value_spearman": {
            "count": 48,
            "mean": 0.06495811671312589,
            "std": 0.18355012399468193,
            "p10": -0.13215600891346874,
            "p25": -0.07515112243932892,
            "median": 0.05382949400988636,
            "p75": 0.14982872921833315,
            "p90": 0.27019040869487443
          },
          "base_top_value_optimal_rate": 0.20833333333333334,
          "seed_top_value_optimal_rate": 0.25
        },
        "cool": {
          "states": 7,
          "episodes": 7,
          "expected_discounted_value_delta": {
            "count": 7,
            "mean": 0.002302420040255162,
            "std": 0.006011626689384521,
            "p10": -0.005091870790620556,
            "p25": -0.0017102475676151,
            "median": 0.0010395140614386695,
            "p75": 0.0064355211162928265,
            "p90": 0.010034819091323463
          },
          "expected_success_delta": {
            "count": 7,
            "mean": 7.236275071217538e-17,
            "std": 2.1511713088570182e-16,
            "p10": -1.221245327087672e-16,
            "p25": -5.551115123125783e-17,
            "median": -2.7755575615628914e-17,
            "p75": 2.1163626406917047e-16,
            "p90": 3.6082248300317592e-16
          },
          "top_discounted_value_delta": {
            "count": 7,
            "mean": 0.0,
            "std": 0.0,
            "p10": 0.0,
            "p25": 0.0,
            "median": 0.0,
            "p75": 0.0,
            "p90": 0.0
          },
          "delta_logit_value_spearman": {
            "count": 7,
            "mean": -0.40608373696401323,
            "std": 0.2340371417226158,
            "p10": -0.611479919791069,
            "p25": -0.5847100615513678,
            "median": -0.4949400381216671,
            "p75": -0.25977329541815286,
            "p90": -0.044029372104771675
          },
          "base_top_value_optimal_rate": 1.0,
          "seed_top_value_optimal_rate": 1.0
        },
        "examine": {
          "states": 2,
          "episodes": 2,
          "expected_discounted_value_delta": {
            "count": 2,
            "mean": 0.008267857523875922,
            "std": 0.008267857523875922,
            "p10": 0.0016535715047751845,
            "p25": 0.004133928761937961,
            "median": 0.008267857523875922,
            "p75": 0.012401786285813883,
            "p90": 0.014882143542976659
          },
          "expected_success_delta": {
            "count": 2,
            "mean": -1.5113778284447932e-16,
            "std": 1.5113778284447932e-16,
            "p10": -2.7204800912006275e-16,
            "p25": -2.26706674266719e-16,
            "median": -1.5113778284447932e-16,
            "p75": -7.556889142223966e-17,
            "p90": -3.022755656889586e-17
          },
          "top_discounted_value_delta": {
            "count": 2,
            "mean": 0.029817206405317598,
            "std": 0.029817206405317598,
            "p10": 0.0059634412810635196,
            "p25": 0.014908603202658799,
            "median": 0.029817206405317598,
            "p75": 0.0447258096079764,
            "p90": 0.053670971529571676
          },
          "delta_logit_value_spearman": {
            "count": 1,
            "mean": -0.4589744029198375,
            "std": 0.0,
            "p10": -0.4589744029198375,
            "p25": -0.4589744029198375,
            "median": -0.4589744029198375,
            "p75": -0.4589744029198375,
            "p90": -0.4589744029198375
          },
          "base_top_value_optimal_rate": 0.5,
          "seed_top_value_optimal_rate": 0.5
        },
        "go": {
          "states": 330,
          "episodes": 34,
          "expected_discounted_value_delta": {
            "count": 330,
            "mean": 0.026779743622551668,
            "std": 0.054787581090477926,
            "p10": -0.008037574225410972,
            "p25": 0.0020345983886587296,
            "median": 0.01322038690774274,
            "p75": 0.04233285570805932,
            "p90": 0.09644929595656153
          },
          "expected_success_delta": {
            "count": 330,
            "mean": 0.039473209804133845,
            "std": 0.07602749037727118,
            "p10": -2.220446049250313e-16,
            "p25": -3.61039323437673e-17,
            "median": 1.6653345369377348e-16,
            "p75": 0.05911452121924453,
            "p90": 0.1502745780781385
          },
          "top_discounted_value_delta": {
            "count": 330,
            "mean": 0.08300094853957005,
            "std": 0.24734753514823518,
            "p10": 0.0,
            "p25": 0.0,
            "median": 0.0,
            "p75": 0.03675459453125007,
            "p90": 0.5105689670587824
          },
          "delta_logit_value_spearman": {
            "count": 321,
            "mean": -0.03981933847119539,
            "std": 0.21780434758131048,
            "p10": -0.3101089427480841,
            "p25": -0.17944233615909305,
            "median": -0.04817419039763331,
            "p75": 0.09725020440127011,
            "p90": 0.24289488060295683
          },
          "base_top_value_optimal_rate": 0.21818181818181817,
          "seed_top_value_optimal_rate": 0.2909090909090909
        },
        "heat": {
          "states": 4,
          "episodes": 4,
          "expected_discounted_value_delta": {
            "count": 4,
            "mean": 0.0062873490853577905,
            "std": 0.008120256206221234,
            "p10": -0.0014626284075476754,
            "p25": -0.001000726155710197,
            "median": 0.004436290930544762,
            "p75": 0.011724366171612748,
            "p90": 0.015518173102113678
          },
          "expected_success_delta": {
            "count": 4,
            "mean": -1.3877787807814457e-17,
            "std": 1.3092278833360675e-16,
            "p10": -1.554312234475219e-16,
            "p25": -5.551115123125783e-17,
            "median": 1.3877787807814457e-17,
            "p75": 5.551115123125783e-17,
            "p90": 1.0547118733938989e-16
          },
          "top_discounted_value_delta": {
            "count": 4,
            "mean": 0.08579390625000011,
            "std": 0.0021998437499999857,
            "p10": 0.08359406250000012,
            "p25": 0.08359406250000012,
            "median": 0.08579390625000011,
            "p75": 0.08799375000000009,
            "p90": 0.08799375000000009
          },
          "delta_logit_value_spearman": {
            "count": 4,
            "mean": -0.3940713146581392,
            "std": 0.2354669369115976,
            "p10": -0.6040829852774674,
            "p25": -0.6040829852774674,
            "median": -0.4693699752777315,
            "p75": -0.25935830465840326,
            "p90": -0.12382071554313714
          },
          "base_top_value_optimal_rate": 0.0,
          "seed_top_value_optimal_rate": 1.0
        },
        "move": {
          "states": 29,
          "episodes": 28,
          "expected_discounted_value_delta": {
            "count": 29,
            "mean": 0.006504578517983379,
            "std": 0.02729375327787275,
            "p10": -0.01685803506096446,
            "p25": -0.012250438313317485,
            "median": -0.002891477918647793,
            "p75": 0.018401918372042192,
            "p90": 0.04433237606009015
          },
          "expected_success_delta": {
            "count": 29,
            "mean": 0.0028123518644146304,
            "std": 0.01084126518994147,
            "p10": -1.4432899320127033e-16,
            "p25": -5.551115123125783e-17,
            "median": 4.163336342344337e-17,
            "p75": 9.71445146547012e-17,
            "p90": 0.0020015071027274026
          },
          "top_discounted_value_delta": {
            "count": 29,
            "mean": 0.014868962335294495,
            "std": 0.07867915318555085,
            "p10": 0.0,
            "p25": 0.0,
            "median": 0.0,
            "p75": 0.0,
            "p90": 0.0
          },
          "delta_logit_value_spearman": {
            "count": 28,
            "mean": -0.40585731100012185,
            "std": 0.2278149964082736,
            "p10": -0.6982887644825976,
            "p25": -0.6255282008474728,
            "median": -0.3856396208245524,
            "p75": -0.2532862614660945,
            "p90": -0.10473037338753734
          },
          "base_top_value_optimal_rate": 0.9655172413793104,
          "seed_top_value_optimal_rate": 1.0
        },
        "open": {
          "states": 55,
          "episodes": 19,
          "expected_discounted_value_delta": {
            "count": 55,
            "mean": 0.006628524741627192,
            "std": 0.022249744131044448,
            "p10": -0.016305351138295777,
            "p25": 0.001711270255675428,
            "median": 0.011994513647593135,
            "p75": 0.016001871812865824,
            "p90": 0.0259571342032298
          },
          "expected_success_delta": {
            "count": 55,
            "mean": 0.0005414502071141867,
            "std": 0.003978830185662363,
            "p10": -2.220446049250313e-16,
            "p25": -1.726049858596923e-16,
            "median": -6.938893903907228e-18,
            "p75": 7.632783294297951e-17,
            "p90": 1.4710455076283326e-16
          },
          "top_discounted_value_delta": {
            "count": 55,
            "mean": -0.0024609074032787386,
            "std": 0.04268461938233022,
            "p10": 0.0,
            "p25": 0.0,
            "median": 0.0,
            "p75": 0.0,
            "p90": 0.0
          },
          "delta_logit_value_spearman": {
            "count": 54,
            "mean": 0.03926248442855244,
            "std": 0.22527064231547217,
            "p10": -0.21242174392214494,
            "p25": -0.08760946230465388,
            "median": 0.017530736410507747,
            "p75": 0.15600881364439947,
            "p90": 0.3328687621785505
          },
          "base_top_value_optimal_rate": 0.16363636363636364,
          "seed_top_value_optimal_rate": 0.14545454545454545
        },
        "take": {
          "states": 35,
          "episodes": 34,
          "expected_discounted_value_delta": {
            "count": 35,
            "mean": 0.0031114327023657722,
            "std": 0.03569421595327515,
            "p10": -0.03005690326884196,
            "p25": -0.007553493266175177,
            "median": 0.0030331130022164393,
            "p75": 0.01482911506700492,
            "p90": 0.0427179999793773
          },
          "expected_success_delta": {
            "count": 35,
            "mean": -0.009214326400308153,
            "std": 0.05310195908063542,
            "p10": -0.06711360426522345,
            "p25": -0.015763924628569227,
            "median": -1.1102230246251565e-16,
            "p75": 8.326672684688674e-17,
            "p90": 0.03175907835452212
          },
          "top_discounted_value_delta": {
            "count": 35,
            "mean": 0.00877054054804688,
            "std": 0.029925459385690974,
            "p10": 0.0,
            "p25": 0.0,
            "median": 0.0,
            "p75": 0.0,
            "p90": 0.0
          },
          "delta_logit_value_spearman": {
            "count": 33,
            "mean": -0.06344846334536726,
            "std": 0.2252008091746119,
            "p10": -0.37792928588722347,
            "p25": -0.19475420052231845,
            "median": -0.07902535825170609,
            "p75": 0.10271005751714177,
            "p90": 0.21813659834592966
          },
          "base_top_value_optimal_rate": 0.8857142857142857,
          "seed_top_value_optimal_rate": 0.9714285714285714
        },
        "use": {
          "states": 6,
          "episodes": 6,
          "expected_discounted_value_delta": {
            "count": 6,
            "mean": -0.006751219277681589,
            "std": 0.021067655942918116,
            "p10": -0.031070670059376537,
            "p25": -0.010564598373755712,
            "median": 0.00012583064739990924,
            "p75": 0.007153796793213206,
            "p90": 0.010691181578931858
          },
          "expected_success_delta": {
            "count": 6,
            "mean": -0.00648138388812618,
            "std": 0.01808719687696915,
            "p10": -0.023225686922997184,
            "p25": -1.3183898417423734e-16,
            "median": -1.0928757898653885e-16,
            "p75": -6.852157730108388e-17,
            "p90": 0.003781535258618757
          },
          "top_discounted_value_delta": {
            "count": 6,
            "mean": 0.007916666666666664,
            "std": 0.01770220482187333,
            "p10": 0.0,
            "p25": 0.0,
            "median": 0.0,
            "p75": 0.0,
            "p90": 0.023749999999999993
          },
          "delta_logit_value_spearman": {
            "count": 6,
            "mean": -0.0283819694695564,
            "std": 0.1281731390210648,
            "p10": -0.14805951678931234,
            "p25": -0.1078041043549669,
            "median": -0.0563248253253026,
            "p75": -0.0030818321297321257,
            "p90": 0.11923843370594575
          },
          "base_top_value_optimal_rate": 0.0,
          "seed_top_value_optimal_rate": 0.0
        }
      }
    }
  }
}
