Loading checkpoint shards:   0%|          | 0/2 [00:00<?, ?it/s]Loading checkpoint shards:  50%|█████     | 1/2 [00:04<00:04,  4.72s/it]Loading checkpoint shards: 100%|██████████| 2/2 [00:07<00:00,  3.64s/it]Loading checkpoint shards: 100%|██████████| 2/2 [00:07<00:00,  3.81s/it]
route=close scored=25/56
route=close scored=50/56
route=close scored=56/56
route=go scored=25/238
route=go scored=50/238
route=go scored=75/238
route=go scored=100/238
route=go scored=125/238
route=go scored=150/238
route=go scored=175/238
route=go scored=200/238
route=go scored=225/238
route=go scored=238/238
route=open scored=25/62
route=open scored=50/62
route=open scored=62/62
{
  "decision_file": "/data/user/agent_self_evolution_gradient/data/alfworld_expert_large/valid_seen.jsonl",
  "base_model": "/data/user/agent_self_evolution_gradient/model",
  "delta_manifest": "/data/user/agent_self_evolution_gradient/outputs/skill_gradient_purification_300x_v1/seed_20260938/deltas/manifest.json",
  "aggregate": "mean12",
  "route_mode": "oracle_skill",
  "condition_name": "mean12_oracle_skill_seed_20260938",
  "evaluated_decisions": 444,
  "edited_decisions": 356,
  "route_counts": {
    "close": 56,
    "go": 238,
    "open": 62,
    "base": 88
  },
  "top1_accuracy": 0.27927927927927926,
  "mean_expert_probability": 0.18141991566581944,
  "mean_nll": 3.511246407106666
}
Loading checkpoint shards:   0%|          | 0/2 [00:00<?, ?it/s]Loading checkpoint shards:  50%|█████     | 1/2 [00:00<00:00,  1.50it/s]Loading checkpoint shards: 100%|██████████| 2/2 [00:01<00:00,  2.03it/s]Loading checkpoint shards: 100%|██████████| 2/2 [00:01<00:00,  1.92it/s]
route=close scored=25/48
route=close scored=48/48
route=go scored=25/330
route=go scored=50/330
route=go scored=75/330
route=go scored=100/330
route=go scored=125/330
route=go scored=150/330
route=go scored=175/330
route=go scored=200/330
route=go scored=225/330
route=go scored=250/330
route=go scored=275/330
route=go scored=300/330
route=go scored=325/330
route=go scored=330/330
route=open scored=25/55
route=open scored=50/55
route=open scored=55/55
{
  "decision_file": "/data/user/agent_self_evolution_gradient/data/alfworld_expert_large/valid_unseen.jsonl",
  "base_model": "/data/user/agent_self_evolution_gradient/model",
  "delta_manifest": "/data/user/agent_self_evolution_gradient/outputs/skill_gradient_purification_300x_v1/seed_20260938/deltas/manifest.json",
  "aggregate": "mean12",
  "route_mode": "oracle_skill",
  "condition_name": "mean12_oracle_skill_seed_20260938",
  "evaluated_decisions": 527,
  "edited_decisions": 433,
  "route_counts": {
    "close": 48,
    "go": 330,
    "open": 55,
    "base": 94
  },
  "top1_accuracy": 0.23719165085388993,
  "mean_expert_probability": 0.14793444529095573,
  "mean_nll": 3.4643190231064227
}
Loading checkpoint shards:   0%|          | 0/2 [00:00<?, ?it/s]Loading checkpoint shards:  50%|█████     | 1/2 [00:00<00:00,  1.53it/s]Loading checkpoint shards: 100%|██████████| 2/2 [00:01<00:00,  2.09it/s]Loading checkpoint shards: 100%|██████████| 2/2 [00:01<00:00,  1.98it/s]
route=go scored=25/195
route=go scored=50/195
route=go scored=75/195
route=go scored=100/195
route=go scored=125/195
route=go scored=150/195
route=go scored=175/195
route=go scored=195/195
route=open scored=25/61
route=open scored=50/61
route=open scored=61/61
{
  "decision_file": "/data/user/agent_self_evolution_gradient/data/alfworld_expert_large/valid_seen.jsonl",
  "base_model": "/data/user/agent_self_evolution_gradient/model",
  "delta_manifest": "/data/user/agent_self_evolution_gradient/outputs/skill_gradient_purification_300x_v1/seed_20260938/deltas/manifest.json",
  "aggregate": "mean12",
  "route_mode": "base_predicted_skill",
  "condition_name": "mean12_base_predicted_skill_seed_20260938",
  "evaluated_decisions": 444,
  "edited_decisions": 256,
  "route_counts": {
    "close": 0,
    "go": 195,
    "open": 61,
    "base": 188
  },
  "top1_accuracy": 0.26126126126126126,
  "mean_expert_probability": 0.1739116037337791,
  "mean_nll": 3.4210664726490996
}
Loading checkpoint shards:   0%|          | 0/2 [00:00<?, ?it/s]Loading checkpoint shards:  50%|█████     | 1/2 [00:00<00:00,  1.18it/s]Loading checkpoint shards: 100%|██████████| 2/2 [00:01<00:00,  1.59it/s]Loading checkpoint shards: 100%|██████████| 2/2 [00:01<00:00,  1.51it/s]
route=go scored=25/269
route=go scored=50/269
route=go scored=75/269
route=go scored=100/269
route=go scored=125/269
route=go scored=150/269
route=go scored=175/269
route=go scored=200/269
route=go scored=225/269
route=go scored=250/269
route=go scored=269/269
route=open scored=25/49
route=open scored=49/49
{
  "decision_file": "/data/user/agent_self_evolution_gradient/data/alfworld_expert_large/valid_unseen.jsonl",
  "base_model": "/data/user/agent_self_evolution_gradient/model",
  "delta_manifest": "/data/user/agent_self_evolution_gradient/outputs/skill_gradient_purification_300x_v1/seed_20260938/deltas/manifest.json",
  "aggregate": "mean12",
  "route_mode": "base_predicted_skill",
  "condition_name": "mean12_base_predicted_skill_seed_20260938",
  "evaluated_decisions": 527,
  "edited_decisions": 318,
  "route_counts": {
    "close": 0,
    "go": 269,
    "open": 49,
    "base": 209
  },
  "top1_accuracy": 0.2144212523719165,
  "mean_expert_probability": 0.14223469528150476,
  "mean_nll": 3.3678642350100296
}
