Loading checkpoint shards:   0%|          | 0/2 [00:00<?, ?it/s]Loading checkpoint shards: 100%|██████████| 2/2 [00:00<00:00, 104.20it/s]
[1/111] global=333 reformatted_skill=1 anti_skill=1 task_only_skill=1 general_only_skill=0 length_matched_placebo=1
[2/111] global=334 reformatted_skill=1 anti_skill=1 task_only_skill=1 general_only_skill=1 length_matched_placebo=1
[3/111] global=335 reformatted_skill=1 anti_skill=1 task_only_skill=1 general_only_skill=1 length_matched_placebo=1
[4/111] global=336 reformatted_skill=0 anti_skill=0 task_only_skill=0 general_only_skill=0 length_matched_placebo=0
[5/111] global=337 reformatted_skill=0 anti_skill=0 task_only_skill=0 general_only_skill=0 length_matched_placebo=0
[6/111] global=338 reformatted_skill=0 anti_skill=0 task_only_skill=0 general_only_skill=0 length_matched_placebo=0
[7/111] global=339 reformatted_skill=0 anti_skill=0 task_only_skill=0 general_only_skill=0 length_matched_placebo=0
[8/111] global=340 reformatted_skill=1 anti_skill=1 task_only_skill=1 general_only_skill=1 length_matched_placebo=1
[9/111] global=341 reformatted_skill=1 anti_skill=1 task_only_skill=1 general_only_skill=1 length_matched_placebo=1
[10/111] global=342 reformatted_skill=0 anti_skill=0 task_only_skill=0 general_only_skill=0 length_matched_placebo=0
[11/111] global=343 reformatted_skill=0 anti_skill=1 task_only_skill=1 general_only_skill=0 length_matched_placebo=1
[12/111] global=344 reformatted_skill=0 anti_skill=0 task_only_skill=0 general_only_skill=0 length_matched_placebo=0
[13/111] global=345 reformatted_skill=1 anti_skill=1 task_only_skill=1 general_only_skill=0 length_matched_placebo=1
[14/111] global=346 reformatted_skill=0 anti_skill=0 task_only_skill=0 general_only_skill=0 length_matched_placebo=0
[15/111] global=347 reformatted_skill=1 anti_skill=1 task_only_skill=1 general_only_skill=0 length_matched_placebo=1
[16/111] global=348 reformatted_skill=0 anti_skill=0 task_only_skill=0 general_only_skill=0 length_matched_placebo=0
[17/111] global=349 reformatted_skill=1 anti_skill=1 task_only_skill=1 general_only_skill=1 length_matched_placebo=1
[18/111] global=350 reformatted_skill=0 anti_skill=0 task_only_skill=0 general_only_skill=0 length_matched_placebo=0
[19/111] global=351 reformatted_skill=0 anti_skill=1 task_only_skill=1 general_only_skill=0 length_matched_placebo=1
[20/111] global=352 reformatted_skill=0 anti_skill=0 task_only_skill=0 general_only_skill=0 length_matched_placebo=0
[21/111] global=353 reformatted_skill=0 anti_skill=1 task_only_skill=1 general_only_skill=0 length_matched_placebo=1
[22/111] global=354 reformatted_skill=1 anti_skill=1 task_only_skill=1 general_only_skill=1 length_matched_placebo=1
[23/111] global=355 reformatted_skill=1 anti_skill=1 task_only_skill=1 general_only_skill=1 length_matched_placebo=1
[24/111] global=356 reformatted_skill=0 anti_skill=0 task_only_skill=0 general_only_skill=0 length_matched_placebo=0
[25/111] global=357 reformatted_skill=0 anti_skill=0 task_only_skill=0 general_only_skill=0 length_matched_placebo=0
[26/111] global=358 reformatted_skill=0 anti_skill=0 task_only_skill=0 general_only_skill=0 length_matched_placebo=0
[27/111] global=359 reformatted_skill=1 anti_skill=1 task_only_skill=1 general_only_skill=1 length_matched_placebo=1
[28/111] global=360 reformatted_skill=0 anti_skill=0 task_only_skill=1 general_only_skill=0 length_matched_placebo=0
[29/111] global=361 reformatted_skill=1 anti_skill=1 task_only_skill=1 general_only_skill=1 length_matched_placebo=1
[30/111] global=362 reformatted_skill=1 anti_skill=1 task_only_skill=1 general_only_skill=1 length_matched_placebo=1
[31/111] global=363 reformatted_skill=1 anti_skill=1 task_only_skill=1 general_only_skill=1 length_matched_placebo=1
[32/111] global=364 reformatted_skill=0 anti_skill=0 task_only_skill=0 general_only_skill=0 length_matched_placebo=0
[33/111] global=365 reformatted_skill=0 anti_skill=0 task_only_skill=0 general_only_skill=0 length_matched_placebo=0
[34/111] global=366 reformatted_skill=0 anti_skill=0 task_only_skill=0 general_only_skill=0 length_matched_placebo=0
[35/111] global=367 reformatted_skill=0 anti_skill=0 task_only_skill=0 general_only_skill=0 length_matched_placebo=0
[36/111] global=368 reformatted_skill=0 anti_skill=0 task_only_skill=0 general_only_skill=0 length_matched_placebo=0
[37/111] global=369 reformatted_skill=0 anti_skill=0 task_only_skill=0 general_only_skill=0 length_matched_placebo=0
[38/111] global=370 reformatted_skill=1 anti_skill=1 task_only_skill=1 general_only_skill=1 length_matched_placebo=1
[39/111] global=371 reformatted_skill=0 anti_skill=0 task_only_skill=0 general_only_skill=0 length_matched_placebo=0
[40/111] global=372 reformatted_skill=0 anti_skill=0 task_only_skill=0 general_only_skill=0 length_matched_placebo=0
[41/111] global=373 reformatted_skill=0 anti_skill=0 task_only_skill=0 general_only_skill=0 length_matched_placebo=0
[42/111] global=374 reformatted_skill=0 anti_skill=1 task_only_skill=1 general_only_skill=0 length_matched_placebo=0
[43/111] global=375 reformatted_skill=1 anti_skill=1 task_only_skill=1 general_only_skill=1 length_matched_placebo=1
[44/111] global=376 reformatted_skill=0 anti_skill=0 task_only_skill=0 general_only_skill=0 length_matched_placebo=0
[45/111] global=377 reformatted_skill=0 anti_skill=0 task_only_skill=0 general_only_skill=0 length_matched_placebo=0
[46/111] global=378 reformatted_skill=0 anti_skill=0 task_only_skill=0 general_only_skill=0 length_matched_placebo=0
[47/111] global=379 reformatted_skill=1 anti_skill=1 task_only_skill=1 general_only_skill=1 length_matched_placebo=1
[48/111] global=380 reformatted_skill=0 anti_skill=0 task_only_skill=0 general_only_skill=0 length_matched_placebo=0
[49/111] global=381 reformatted_skill=0 anti_skill=0 task_only_skill=0 general_only_skill=0 length_matched_placebo=0
[50/111] global=382 reformatted_skill=1 anti_skill=0 task_only_skill=0 general_only_skill=1 length_matched_placebo=1
[51/111] global=383 reformatted_skill=0 anti_skill=0 task_only_skill=0 general_only_skill=0 length_matched_placebo=0
[52/111] global=384 reformatted_skill=0 anti_skill=0 task_only_skill=0 general_only_skill=0 length_matched_placebo=0
[53/111] global=385 reformatted_skill=1 anti_skill=1 task_only_skill=1 general_only_skill=1 length_matched_placebo=1
[54/111] global=386 reformatted_skill=0 anti_skill=0 task_only_skill=0 general_only_skill=0 length_matched_placebo=0
[55/111] global=387 reformatted_skill=0 anti_skill=0 task_only_skill=0 general_only_skill=0 length_matched_placebo=0
[56/111] global=388 reformatted_skill=1 anti_skill=0 task_only_skill=0 general_only_skill=1 length_matched_placebo=1
[57/111] global=389 reformatted_skill=0 anti_skill=0 task_only_skill=0 general_only_skill=0 length_matched_placebo=0
[58/111] global=390 reformatted_skill=0 anti_skill=0 task_only_skill=0 general_only_skill=0 length_matched_placebo=0
[59/111] global=391 reformatted_skill=0 anti_skill=0 task_only_skill=1 general_only_skill=1 length_matched_placebo=0
[60/111] global=392 reformatted_skill=1 anti_skill=1 task_only_skill=1 general_only_skill=0 length_matched_placebo=0
[61/111] global=393 reformatted_skill=1 anti_skill=1 task_only_skill=0 general_only_skill=0 length_matched_placebo=1
[62/111] global=394 reformatted_skill=1 anti_skill=1 task_only_skill=1 general_only_skill=1 length_matched_placebo=1
[63/111] global=395 reformatted_skill=0 anti_skill=0 task_only_skill=1 general_only_skill=0 length_matched_placebo=1
[64/111] global=396 reformatted_skill=0 anti_skill=0 task_only_skill=0 general_only_skill=0 length_matched_placebo=0
[65/111] global=397 reformatted_skill=1 anti_skill=1 task_only_skill=1 general_only_skill=1 length_matched_placebo=1
[66/111] global=398 reformatted_skill=1 anti_skill=1 task_only_skill=1 general_only_skill=1 length_matched_placebo=1
[67/111] global=399 reformatted_skill=1 anti_skill=1 task_only_skill=1 general_only_skill=1 length_matched_placebo=1
[68/111] global=400 reformatted_skill=0 anti_skill=0 task_only_skill=0 general_only_skill=0 length_matched_placebo=0
[69/111] global=401 reformatted_skill=0 anti_skill=1 task_only_skill=0 general_only_skill=0 length_matched_placebo=0
[70/111] global=402 reformatted_skill=1 anti_skill=1 task_only_skill=1 general_only_skill=1 length_matched_placebo=1
[71/111] global=403 reformatted_skill=0 anti_skill=0 task_only_skill=0 general_only_skill=0 length_matched_placebo=0
[72/111] global=404 reformatted_skill=0 anti_skill=0 task_only_skill=0 general_only_skill=0 length_matched_placebo=0
[73/111] global=405 reformatted_skill=0 anti_skill=0 task_only_skill=1 general_only_skill=0 length_matched_placebo=1
[74/111] global=406 reformatted_skill=1 anti_skill=1 task_only_skill=1 general_only_skill=1 length_matched_placebo=1
[75/111] global=407 reformatted_skill=0 anti_skill=0 task_only_skill=0 general_only_skill=0 length_matched_placebo=0
[76/111] global=408 reformatted_skill=0 anti_skill=0 task_only_skill=0 general_only_skill=0 length_matched_placebo=0
[77/111] global=409 reformatted_skill=0 anti_skill=0 task_only_skill=0 general_only_skill=0 length_matched_placebo=0
[78/111] global=410 reformatted_skill=1 anti_skill=1 task_only_skill=1 general_only_skill=1 length_matched_placebo=1
[79/111] global=411 reformatted_skill=1 anti_skill=0 task_only_skill=1 general_only_skill=0 length_matched_placebo=0
[80/111] global=412 reformatted_skill=0 anti_skill=1 task_only_skill=1 general_only_skill=0 length_matched_placebo=1
[81/111] global=413 reformatted_skill=0 anti_skill=0 task_only_skill=0 general_only_skill=0 length_matched_placebo=0
[82/111] global=414 reformatted_skill=1 anti_skill=1 task_only_skill=1 general_only_skill=1 length_matched_placebo=1
[83/111] global=415 reformatted_skill=0 anti_skill=0 task_only_skill=0 general_only_skill=0 length_matched_placebo=0
[84/111] global=416 reformatted_skill=0 anti_skill=0 task_only_skill=0 general_only_skill=0 length_matched_placebo=0
[85/111] global=417 reformatted_skill=0 anti_skill=0 task_only_skill=0 general_only_skill=0 length_matched_placebo=0
[86/111] global=418 reformatted_skill=1 anti_skill=1 task_only_skill=1 general_only_skill=1 length_matched_placebo=1
[87/111] global=419 reformatted_skill=0 anti_skill=0 task_only_skill=0 general_only_skill=0 length_matched_placebo=0
[88/111] global=420 reformatted_skill=1 anti_skill=1 task_only_skill=1 general_only_skill=1 length_matched_placebo=1
[89/111] global=421 reformatted_skill=0 anti_skill=0 task_only_skill=0 general_only_skill=0 length_matched_placebo=0
[90/111] global=422 reformatted_skill=0 anti_skill=0 task_only_skill=0 general_only_skill=0 length_matched_placebo=0
[91/111] global=423 reformatted_skill=1 anti_skill=1 task_only_skill=1 general_only_skill=1 length_matched_placebo=1
[92/111] global=424 reformatted_skill=0 anti_skill=0 task_only_skill=0 general_only_skill=0 length_matched_placebo=0
[93/111] global=425 reformatted_skill=0 anti_skill=0 task_only_skill=0 general_only_skill=0 length_matched_placebo=0
[94/111] global=426 reformatted_skill=1 anti_skill=1 task_only_skill=1 general_only_skill=1 length_matched_placebo=1
[95/111] global=427 reformatted_skill=1 anti_skill=1 task_only_skill=1 general_only_skill=1 length_matched_placebo=1
[96/111] global=428 reformatted_skill=1 anti_skill=1 task_only_skill=1 general_only_skill=1 length_matched_placebo=1
[97/111] global=429 reformatted_skill=0 anti_skill=0 task_only_skill=0 general_only_skill=0 length_matched_placebo=0
[98/111] global=430 reformatted_skill=0 anti_skill=0 task_only_skill=0 general_only_skill=0 length_matched_placebo=0
[99/111] global=431 reformatted_skill=1 anti_skill=1 task_only_skill=1 general_only_skill=1 length_matched_placebo=1
[100/111] global=432 reformatted_skill=0 anti_skill=0 task_only_skill=0 general_only_skill=0 length_matched_placebo=0
[101/111] global=433 reformatted_skill=0 anti_skill=0 task_only_skill=0 general_only_skill=0 length_matched_placebo=0
[102/111] global=434 reformatted_skill=1 anti_skill=1 task_only_skill=1 general_only_skill=1 length_matched_placebo=1
[103/111] global=435 reformatted_skill=0 anti_skill=0 task_only_skill=0 general_only_skill=0 length_matched_placebo=0
[104/111] global=436 reformatted_skill=1 anti_skill=1 task_only_skill=0 general_only_skill=1 length_matched_placebo=1
[105/111] global=437 reformatted_skill=0 anti_skill=0 task_only_skill=1 general_only_skill=0 length_matched_placebo=1
[106/111] global=438 reformatted_skill=1 anti_skill=1 task_only_skill=1 general_only_skill=1 length_matched_placebo=1
[107/111] global=439 reformatted_skill=0 anti_skill=0 task_only_skill=0 general_only_skill=0 length_matched_placebo=0
[108/111] global=440 reformatted_skill=0 anti_skill=0 task_only_skill=0 general_only_skill=0 length_matched_placebo=0
[109/111] global=441 reformatted_skill=1 anti_skill=1 task_only_skill=1 general_only_skill=1 length_matched_placebo=1
[110/111] global=442 reformatted_skill=1 anti_skill=1 task_only_skill=1 general_only_skill=1 length_matched_placebo=1
[111/111] global=443 reformatted_skill=1 anti_skill=1 task_only_skill=1 general_only_skill=1 length_matched_placebo=1
{
  "decision_file": "alfworld_expert_large/valid_seen.jsonl",
  "decision_offset": 333,
  "evaluated_decisions": 111,
  "conditions": {
    "reformatted_skill": {
      "count": 111,
      "top1_accuracy": 0.3963963963963964,
      "mean_expert_probability": 0.18403337955021778,
      "mean_nll": 2.3541487821707223,
      "mean_entropy": 2.4026884871560172
    },
    "anti_skill": {
      "count": 111,
      "top1_accuracy": 0.42342342342342343,
      "mean_expert_probability": 0.16207240172871598,
      "mean_nll": 2.3098513175226767,
      "mean_entropy": 2.5273411553185263
    },
    "task_only_skill": {
      "count": 111,
      "top1_accuracy": 0.45045045045045046,
      "mean_expert_probability": 0.20501932539968742,
      "mean_nll": 2.2158380854807302,
      "mean_entropy": 2.356629058047458
    },
    "general_only_skill": {
      "count": 111,
      "top1_accuracy": 0.35135135135135137,
      "mean_expert_probability": 0.1801154535758804,
      "mean_nll": 2.3081014064747416,
      "mean_entropy": 2.4497031113048933
    },
    "length_matched_placebo": {
      "count": 111,
      "top1_accuracy": 0.44144144144144143,
      "mean_expert_probability": 0.20200578017193857,
      "mean_nll": 2.3259720723686064,
      "mean_entropy": 2.3454006443152555
    }
  }
}
Loading checkpoint shards:   0%|          | 0/2 [00:00<?, ?it/s]Loading checkpoint shards: 100%|██████████| 2/2 [00:00<00:00, 102.97it/s]
[1/131] global=396 reformatted_skill=0 anti_skill=0 task_only_skill=0 general_only_skill=0 length_matched_placebo=0
[2/131] global=397 reformatted_skill=1 anti_skill=1 task_only_skill=1 general_only_skill=1 length_matched_placebo=1
[3/131] global=398 reformatted_skill=0 anti_skill=0 task_only_skill=0 general_only_skill=0 length_matched_placebo=0
[4/131] global=399 reformatted_skill=1 anti_skill=0 task_only_skill=1 general_only_skill=0 length_matched_placebo=0
[5/131] global=400 reformatted_skill=0 anti_skill=0 task_only_skill=0 general_only_skill=0 length_matched_placebo=0
[6/131] global=401 reformatted_skill=0 anti_skill=0 task_only_skill=0 general_only_skill=0 length_matched_placebo=0
[7/131] global=402 reformatted_skill=0 anti_skill=0 task_only_skill=0 general_only_skill=0 length_matched_placebo=0
[8/131] global=403 reformatted_skill=1 anti_skill=1 task_only_skill=1 general_only_skill=1 length_matched_placebo=1
[9/131] global=404 reformatted_skill=0 anti_skill=0 task_only_skill=0 general_only_skill=0 length_matched_placebo=0
[10/131] global=405 reformatted_skill=1 anti_skill=1 task_only_skill=1 general_only_skill=1 length_matched_placebo=1
[11/131] global=406 reformatted_skill=1 anti_skill=1 task_only_skill=1 general_only_skill=1 length_matched_placebo=1
[12/131] global=407 reformatted_skill=0 anti_skill=0 task_only_skill=0 general_only_skill=0 length_matched_placebo=0
[13/131] global=408 reformatted_skill=1 anti_skill=1 task_only_skill=1 general_only_skill=1 length_matched_placebo=1
[14/131] global=409 reformatted_skill=0 anti_skill=0 task_only_skill=0 general_only_skill=1 length_matched_placebo=1
[15/131] global=410 reformatted_skill=1 anti_skill=1 task_only_skill=1 general_only_skill=1 length_matched_placebo=1
[16/131] global=411 reformatted_skill=0 anti_skill=0 task_only_skill=0 general_only_skill=0 length_matched_placebo=0
[17/131] global=412 reformatted_skill=0 anti_skill=0 task_only_skill=0 general_only_skill=0 length_matched_placebo=0
[18/131] global=413 reformatted_skill=0 anti_skill=0 task_only_skill=0 general_only_skill=0 length_matched_placebo=0
[19/131] global=414 reformatted_skill=0 anti_skill=0 task_only_skill=0 general_only_skill=0 length_matched_placebo=0
[20/131] global=415 reformatted_skill=0 anti_skill=0 task_only_skill=0 general_only_skill=0 length_matched_placebo=0
[21/131] global=416 reformatted_skill=1 anti_skill=0 task_only_skill=0 general_only_skill=0 length_matched_placebo=0
[22/131] global=417 reformatted_skill=0 anti_skill=0 task_only_skill=0 general_only_skill=0 length_matched_placebo=0
[23/131] global=418 reformatted_skill=0 anti_skill=0 task_only_skill=0 general_only_skill=0 length_matched_placebo=0
[24/131] global=419 reformatted_skill=1 anti_skill=1 task_only_skill=1 general_only_skill=1 length_matched_placebo=1
[25/131] global=420 reformatted_skill=1 anti_skill=1 task_only_skill=1 general_only_skill=0 length_matched_placebo=0
[26/131] global=421 reformatted_skill=1 anti_skill=1 task_only_skill=1 general_only_skill=1 length_matched_placebo=1
[27/131] global=422 reformatted_skill=1 anti_skill=0 task_only_skill=1 general_only_skill=1 length_matched_placebo=1
[28/131] global=423 reformatted_skill=1 anti_skill=1 task_only_skill=1 general_only_skill=1 length_matched_placebo=1
[29/131] global=424 reformatted_skill=0 anti_skill=0 task_only_skill=0 general_only_skill=0 length_matched_placebo=0
[30/131] global=425 reformatted_skill=0 anti_skill=0 task_only_skill=0 general_only_skill=0 length_matched_placebo=0
[31/131] global=426 reformatted_skill=0 anti_skill=0 task_only_skill=0 general_only_skill=1 length_matched_placebo=0
[32/131] global=427 reformatted_skill=0 anti_skill=0 task_only_skill=0 general_only_skill=0 length_matched_placebo=0
[33/131] global=428 reformatted_skill=0 anti_skill=0 task_only_skill=0 general_only_skill=0 length_matched_placebo=0
[34/131] global=429 reformatted_skill=1 anti_skill=0 task_only_skill=1 general_only_skill=0 length_matched_placebo=0
[35/131] global=430 reformatted_skill=0 anti_skill=0 task_only_skill=0 general_only_skill=0 length_matched_placebo=0
[36/131] global=431 reformatted_skill=0 anti_skill=0 task_only_skill=0 general_only_skill=0 length_matched_placebo=0
[37/131] global=432 reformatted_skill=1 anti_skill=1 task_only_skill=1 general_only_skill=1 length_matched_placebo=1
[38/131] global=433 reformatted_skill=1 anti_skill=0 task_only_skill=1 general_only_skill=0 length_matched_placebo=0
[39/131] global=434 reformatted_skill=1 anti_skill=1 task_only_skill=1 general_only_skill=1 length_matched_placebo=1
[40/131] global=435 reformatted_skill=0 anti_skill=0 task_only_skill=0 general_only_skill=1 length_matched_placebo=1
[41/131] global=436 reformatted_skill=1 anti_skill=1 task_only_skill=1 general_only_skill=1 length_matched_placebo=1
[42/131] global=437 reformatted_skill=0 anti_skill=0 task_only_skill=0 general_only_skill=0 length_matched_placebo=0
[43/131] global=438 reformatted_skill=0 anti_skill=0 task_only_skill=0 general_only_skill=0 length_matched_placebo=0
[44/131] global=439 reformatted_skill=0 anti_skill=0 task_only_skill=0 general_only_skill=0 length_matched_placebo=0
[45/131] global=440 reformatted_skill=1 anti_skill=1 task_only_skill=1 general_only_skill=1 length_matched_placebo=1
[46/131] global=441 reformatted_skill=1 anti_skill=1 task_only_skill=1 general_only_skill=0 length_matched_placebo=0
[47/131] global=442 reformatted_skill=1 anti_skill=1 task_only_skill=1 general_only_skill=1 length_matched_placebo=1
[48/131] global=443 reformatted_skill=1 anti_skill=1 task_only_skill=1 general_only_skill=1 length_matched_placebo=1
[49/131] global=444 reformatted_skill=1 anti_skill=1 task_only_skill=1 general_only_skill=1 length_matched_placebo=1
[50/131] global=445 reformatted_skill=0 anti_skill=0 task_only_skill=0 general_only_skill=0 length_matched_placebo=0
[51/131] global=446 reformatted_skill=0 anti_skill=0 task_only_skill=0 general_only_skill=0 length_matched_placebo=0
[52/131] global=447 reformatted_skill=0 anti_skill=0 task_only_skill=0 general_only_skill=0 length_matched_placebo=0
[53/131] global=448 reformatted_skill=0 anti_skill=0 task_only_skill=0 general_only_skill=0 length_matched_placebo=0
[54/131] global=449 reformatted_skill=0 anti_skill=0 task_only_skill=0 general_only_skill=0 length_matched_placebo=0
[55/131] global=450 reformatted_skill=0 anti_skill=0 task_only_skill=0 general_only_skill=0 length_matched_placebo=0
[56/131] global=451 reformatted_skill=1 anti_skill=1 task_only_skill=1 general_only_skill=1 length_matched_placebo=1
[57/131] global=452 reformatted_skill=0 anti_skill=0 task_only_skill=0 general_only_skill=0 length_matched_placebo=0
[58/131] global=453 reformatted_skill=1 anti_skill=0 task_only_skill=1 general_only_skill=0 length_matched_placebo=1
[59/131] global=454 reformatted_skill=0 anti_skill=0 task_only_skill=0 general_only_skill=0 length_matched_placebo=0
[60/131] global=455 reformatted_skill=0 anti_skill=0 task_only_skill=0 general_only_skill=0 length_matched_placebo=0
[61/131] global=456 reformatted_skill=0 anti_skill=0 task_only_skill=0 general_only_skill=0 length_matched_placebo=0
[62/131] global=457 reformatted_skill=0 anti_skill=0 task_only_skill=1 general_only_skill=0 length_matched_placebo=0
[63/131] global=458 reformatted_skill=0 anti_skill=0 task_only_skill=0 general_only_skill=0 length_matched_placebo=0
[64/131] global=459 reformatted_skill=0 anti_skill=0 task_only_skill=0 general_only_skill=0 length_matched_placebo=0
[65/131] global=460 reformatted_skill=0 anti_skill=0 task_only_skill=0 general_only_skill=0 length_matched_placebo=0
[66/131] global=461 reformatted_skill=1 anti_skill=1 task_only_skill=1 general_only_skill=1 length_matched_placebo=1
[67/131] global=462 reformatted_skill=0 anti_skill=0 task_only_skill=0 general_only_skill=0 length_matched_placebo=0
[68/131] global=463 reformatted_skill=1 anti_skill=1 task_only_skill=1 general_only_skill=1 length_matched_placebo=1
[69/131] global=464 reformatted_skill=0 anti_skill=0 task_only_skill=0 general_only_skill=0 length_matched_placebo=0
[70/131] global=465 reformatted_skill=1 anti_skill=1 task_only_skill=1 general_only_skill=1 length_matched_placebo=1
[71/131] global=466 reformatted_skill=0 anti_skill=0 task_only_skill=0 general_only_skill=0 length_matched_placebo=0
[72/131] global=467 reformatted_skill=0 anti_skill=0 task_only_skill=0 general_only_skill=0 length_matched_placebo=0
[73/131] global=468 reformatted_skill=0 anti_skill=0 task_only_skill=0 general_only_skill=0 length_matched_placebo=0
[74/131] global=469 reformatted_skill=0 anti_skill=0 task_only_skill=0 general_only_skill=0 length_matched_placebo=0
[75/131] global=470 reformatted_skill=0 anti_skill=0 task_only_skill=0 general_only_skill=0 length_matched_placebo=0
[76/131] global=471 reformatted_skill=0 anti_skill=0 task_only_skill=0 general_only_skill=0 length_matched_placebo=0
[77/131] global=472 reformatted_skill=0 anti_skill=0 task_only_skill=0 general_only_skill=0 length_matched_placebo=0
[78/131] global=473 reformatted_skill=0 anti_skill=0 task_only_skill=0 general_only_skill=0 length_matched_placebo=0
[79/131] global=474 reformatted_skill=0 anti_skill=0 task_only_skill=0 general_only_skill=0 length_matched_placebo=0
[80/131] global=475 reformatted_skill=0 anti_skill=0 task_only_skill=0 general_only_skill=0 length_matched_placebo=0
[81/131] global=476 reformatted_skill=1 anti_skill=1 task_only_skill=1 general_only_skill=1 length_matched_placebo=1
[82/131] global=477 reformatted_skill=0 anti_skill=0 task_only_skill=0 general_only_skill=0 length_matched_placebo=0
[83/131] global=478 reformatted_skill=0 anti_skill=0 task_only_skill=0 general_only_skill=0 length_matched_placebo=0
[84/131] global=479 reformatted_skill=1 anti_skill=1 task_only_skill=1 general_only_skill=0 length_matched_placebo=0
[85/131] global=480 reformatted_skill=1 anti_skill=1 task_only_skill=1 general_only_skill=1 length_matched_placebo=1
[86/131] global=481 reformatted_skill=0 anti_skill=0 task_only_skill=0 general_only_skill=0 length_matched_placebo=0
[87/131] global=482 reformatted_skill=0 anti_skill=0 task_only_skill=0 general_only_skill=0 length_matched_placebo=0
[88/131] global=483 reformatted_skill=1 anti_skill=0 task_only_skill=0 general_only_skill=1 length_matched_placebo=0
[89/131] global=484 reformatted_skill=0 anti_skill=0 task_only_skill=0 general_only_skill=0 length_matched_placebo=0
[90/131] global=485 reformatted_skill=0 anti_skill=0 task_only_skill=0 general_only_skill=0 length_matched_placebo=0
[91/131] global=486 reformatted_skill=1 anti_skill=1 task_only_skill=1 general_only_skill=1 length_matched_placebo=1
[92/131] global=487 reformatted_skill=0 anti_skill=0 task_only_skill=0 general_only_skill=0 length_matched_placebo=0
[93/131] global=488 reformatted_skill=0 anti_skill=0 task_only_skill=0 general_only_skill=0 length_matched_placebo=0
[94/131] global=489 reformatted_skill=0 anti_skill=0 task_only_skill=0 general_only_skill=1 length_matched_placebo=0
[95/131] global=490 reformatted_skill=0 anti_skill=0 task_only_skill=0 general_only_skill=0 length_matched_placebo=0
[96/131] global=491 reformatted_skill=0 anti_skill=0 task_only_skill=0 general_only_skill=1 length_matched_placebo=1
[97/131] global=492 reformatted_skill=1 anti_skill=1 task_only_skill=1 general_only_skill=1 length_matched_placebo=1
[98/131] global=493 reformatted_skill=1 anti_skill=1 task_only_skill=1 general_only_skill=0 length_matched_placebo=0
[99/131] global=494 reformatted_skill=1 anti_skill=1 task_only_skill=1 general_only_skill=1 length_matched_placebo=1
[100/131] global=495 reformatted_skill=1 anti_skill=1 task_only_skill=1 general_only_skill=1 length_matched_placebo=1
[101/131] global=496 reformatted_skill=1 anti_skill=1 task_only_skill=1 general_only_skill=1 length_matched_placebo=1
[102/131] global=497 reformatted_skill=1 anti_skill=1 task_only_skill=1 general_only_skill=1 length_matched_placebo=1
[103/131] global=498 reformatted_skill=0 anti_skill=0 task_only_skill=0 general_only_skill=0 length_matched_placebo=0
[104/131] global=499 reformatted_skill=1 anti_skill=1 task_only_skill=1 general_only_skill=1 length_matched_placebo=1
[105/131] global=500 reformatted_skill=0 anti_skill=0 task_only_skill=0 general_only_skill=0 length_matched_placebo=0
[106/131] global=501 reformatted_skill=0 anti_skill=0 task_only_skill=0 general_only_skill=0 length_matched_placebo=0
[107/131] global=502 reformatted_skill=1 anti_skill=0 task_only_skill=0 general_only_skill=1 length_matched_placebo=1
[108/131] global=503 reformatted_skill=0 anti_skill=0 task_only_skill=0 general_only_skill=0 length_matched_placebo=0
[109/131] global=504 reformatted_skill=0 anti_skill=0 task_only_skill=0 general_only_skill=0 length_matched_placebo=0
[110/131] global=505 reformatted_skill=0 anti_skill=0 task_only_skill=0 general_only_skill=1 length_matched_placebo=1
[111/131] global=506 reformatted_skill=0 anti_skill=0 task_only_skill=0 general_only_skill=0 length_matched_placebo=0
[112/131] global=507 reformatted_skill=0 anti_skill=0 task_only_skill=0 general_only_skill=0 length_matched_placebo=1
[113/131] global=508 reformatted_skill=0 anti_skill=0 task_only_skill=0 general_only_skill=0 length_matched_placebo=0
[114/131] global=509 reformatted_skill=1 anti_skill=1 task_only_skill=1 general_only_skill=0 length_matched_placebo=1
[115/131] global=510 reformatted_skill=1 anti_skill=1 task_only_skill=1 general_only_skill=0 length_matched_placebo=0
[116/131] global=511 reformatted_skill=1 anti_skill=1 task_only_skill=1 general_only_skill=1 length_matched_placebo=1
[117/131] global=512 reformatted_skill=0 anti_skill=0 task_only_skill=0 general_only_skill=0 length_matched_placebo=0
[118/131] global=513 reformatted_skill=1 anti_skill=1 task_only_skill=1 general_only_skill=1 length_matched_placebo=1
[119/131] global=514 reformatted_skill=0 anti_skill=0 task_only_skill=0 general_only_skill=0 length_matched_placebo=0
[120/131] global=515 reformatted_skill=0 anti_skill=0 task_only_skill=0 general_only_skill=0 length_matched_placebo=0
[121/131] global=516 reformatted_skill=0 anti_skill=0 task_only_skill=0 general_only_skill=0 length_matched_placebo=0
[122/131] global=517 reformatted_skill=0 anti_skill=0 task_only_skill=0 general_only_skill=0 length_matched_placebo=0
[123/131] global=518 reformatted_skill=0 anti_skill=0 task_only_skill=0 general_only_skill=0 length_matched_placebo=0
[124/131] global=519 reformatted_skill=1 anti_skill=0 task_only_skill=0 general_only_skill=0 length_matched_placebo=0
[125/131] global=520 reformatted_skill=0 anti_skill=0 task_only_skill=0 general_only_skill=0 length_matched_placebo=0
[126/131] global=521 reformatted_skill=0 anti_skill=0 task_only_skill=0 general_only_skill=0 length_matched_placebo=0
[127/131] global=522 reformatted_skill=1 anti_skill=1 task_only_skill=1 general_only_skill=1 length_matched_placebo=1
[128/131] global=523 reformatted_skill=1 anti_skill=1 task_only_skill=1 general_only_skill=0 length_matched_placebo=0
[129/131] global=524 reformatted_skill=1 anti_skill=1 task_only_skill=1 general_only_skill=1 length_matched_placebo=1
[130/131] global=525 reformatted_skill=1 anti_skill=0 task_only_skill=1 general_only_skill=1 length_matched_placebo=1
[131/131] global=526 reformatted_skill=1 anti_skill=1 task_only_skill=1 general_only_skill=1 length_matched_placebo=1
{
  "decision_file": "alfworld_expert_large/valid_unseen.jsonl",
  "decision_offset": 396,
  "evaluated_decisions": 131,
  "conditions": {
    "reformatted_skill": {
      "count": 131,
      "top1_accuracy": 0.3893129770992366,
      "mean_expert_probability": 0.15845586855021368,
      "mean_nll": 2.3492932933665913,
      "mean_entropy": 2.5243810196869245
    },
    "anti_skill": {
      "count": 131,
      "top1_accuracy": 0.31297709923664124,
      "mean_expert_probability": 0.13187845244662452,
      "mean_nll": 2.4005711182259977,
      "mean_entropy": 2.6433924027071654
    },
    "task_only_skill": {
      "count": 131,
      "top1_accuracy": 0.366412213740458,
      "mean_expert_probability": 0.1856364054136149,
      "mean_nll": 2.2451755800866593,
      "mean_entropy": 2.454971934092864
    },
    "general_only_skill": {
      "count": 131,
      "top1_accuracy": 0.33587786259541985,
      "mean_expert_probability": 0.15008544711438754,
      "mean_nll": 2.4094176985411564,
      "mean_entropy": 2.538103230581939
    },
    "length_matched_placebo": {
      "count": 131,
      "top1_accuracy": 0.33587786259541985,
      "mean_expert_probability": 0.15561390646825765,
      "mean_nll": 2.480776805380892,
      "mean_entropy": 2.471870975639984
    }
  }
}
