{
  "comparison_label": "mean12_base_predicted_skill_seed_20260955",
  "splits": {
    "valid_seen": {
      "states": 444,
      "episodes": 33,
      "candidate_actions": 12680,
      "candidate_success_rate": 0.9409305993690852,
      "states_with_binary_value_variation": 141,
      "states_with_discounted_value_variation": 432,
      "expert_action_value_optimal_rate": 0.40765765765765766,
      "base_top_value_optimal_rate": 0.3130630630630631,
      "seed_top_value_optimal_rate": 0.3536036036036036,
      "base_expected_discounted_value": 0.5954424736046026,
      "comparison_expected_discounted_value": 0.6230477334996771,
      "relative_expected_discounted_value_gain": 0.04636091834020821,
      "relative_top_value_optimal_rate_gain": 0.12949640287769776,
      "required_relative_improvement": 0.3,
      "meets_required_relative_expected_value_improvement": false,
      "practical_threshold": 0.8,
      "meets_practical_threshold": false,
      "gap_to_practical_threshold": -0.44639639639639644,
      "descriptive": {
        "success_expected_value_delta": {
          "count": 444,
          "mean": 0.018983483288437165,
          "std": 0.07571369529496516,
          "p10": -1.4606371667724711e-16,
          "p25": 0.0,
          "median": 0.0,
          "p75": 7.005290699060125e-17,
          "p90": 0.05640412047475603
        },
        "discounted_expected_value_delta": {
          "count": 444,
          "mean": 0.027605259895074463,
          "std": 0.05739468434953503,
          "p10": 0.0,
          "p25": 0.0,
          "median": 0.0,
          "p75": 0.03449422982667781,
          "p90": 0.10633452019731761
        },
        "discounted_top_value_delta": {
          "count": 444,
          "mean": 0.028800096945800647,
          "std": 0.1256920551811145,
          "p10": -0.014324893649205802,
          "p25": 0.0,
          "median": 0.0,
          "p75": 0.002972836065691653,
          "p90": 0.10033051204443937
        },
        "discounted_added_minus_removed_value": {
          "count": 256,
          "mean": 0.11675890391640714,
          "std": 0.15106723072641917,
          "p10": -0.014329781828555377,
          "p25": 0.029923011477980682,
          "median": 0.06787152241368671,
          "p75": 0.1688241616734569,
          "p90": 0.3503506719207747
        },
        "discounted_probability_on_value_optimal_delta": {
          "count": 444,
          "mean": 0.03199563432713053,
          "std": 0.13363166407737376,
          "p10": -0.015450097099097275,
          "p25": 0.0,
          "median": 0.0,
          "p75": 0.060426428266143625,
          "p90": 0.20444154047564983
        },
        "delta_logit_value_spearman": {
          "count": 248,
          "mean": 0.30134895213616003,
          "std": 0.2146549154658594,
          "p10": 0.038912775582634056,
          "p25": 0.2110061582470856,
          "median": 0.33780247416191983,
          "p75": 0.4308958988923651,
          "p90": 0.5189075593297322
        },
        "delta_probability_value_spearman": {
          "count": 248,
          "mean": 0.32270162970653155,
          "std": 0.2646992347648533,
          "p10": -0.01970092178233335,
          "p25": 0.17685414017006154,
          "median": 0.35309925427095756,
          "p75": 0.5275597825049141,
          "p90": 0.6159063074501681
        },
        "discounted_base_expected_value": {
          "count": 444,
          "mean": 0.5954424736046026,
          "std": 0.22930173481099167,
          "p10": 0.29850265785010116,
          "p25": 0.4258424592848576,
          "median": 0.6051785000275711,
          "p75": 0.7760449478021288,
          "p90": 0.9001514825251565
        },
        "discounted_seed_expected_value": {
          "count": 444,
          "mean": 0.6230477334996771,
          "std": 0.22437839597500742,
          "p10": 0.3318903534904919,
          "p25": 0.4736861438005126,
          "median": 0.6488078872691088,
          "p75": 0.8031687344580719,
          "p90": 0.9083332254296878
        },
        "discounted_base_top_value": {
          "count": 444,
          "mean": 0.5964754861858304,
          "std": 0.3072007387331905,
          "p10": 0.0,
          "p25": 0.3972143184582182,
          "median": 0.6634204312890623,
          "p75": 0.8145062499999999,
          "p90": 0.95
        },
        "discounted_seed_top_value": {
          "count": 444,
          "mean": 0.6252755831316309,
          "std": 0.3046699050789846,
          "p10": 0.0,
          "p25": 0.4815790418765854,
          "median": 0.7350918906249998,
          "p75": 0.8573749999999999,
          "p90": 0.95
        }
      },
      "episode_cluster_bootstrap": {
        "success_expected_value_delta": {
          "observed": 0.018983483288437162,
          "ci95": [
            0.0118235521590666,
            0.026119781963192416
          ],
          "probability_positive": 1.0,
          "clusters": 33
        },
        "discounted_expected_value_delta": {
          "observed": 0.027605259895074463,
          "ci95": [
            0.017867254581238144,
            0.0376874595928932
          ],
          "probability_positive": 1.0,
          "clusters": 33
        },
        "discounted_top_value_delta": {
          "observed": 0.028800096945800647,
          "ci95": [
            -1.5548583164914323e-06,
            0.06391624489842011
          ],
          "probability_positive": 0.9749,
          "clusters": 33
        },
        "discounted_added_minus_removed_value": {
          "observed": 0.11675890391640716,
          "ci95": [
            0.0810131155682367,
            0.1522580971874965
          ],
          "probability_positive": 1.0,
          "clusters": 33
        },
        "discounted_probability_on_value_optimal_delta": {
          "observed": 0.03199563432713053,
          "ci95": [
            0.004291360649287559,
            0.06141102152308319
          ],
          "probability_positive": 0.9884,
          "clusters": 33
        },
        "delta_logit_value_spearman": {
          "observed": 0.30134895213616003,
          "ci95": [
            0.2719990315760297,
            0.3337458419811503
          ],
          "probability_positive": 1.0,
          "clusters": 33
        },
        "delta_probability_value_spearman": {
          "observed": 0.3227016297065316,
          "ci95": [
            0.2848063949294595,
            0.35890793391389614
          ],
          "probability_positive": 1.0,
          "clusters": 33
        },
        "discounted_base_expected_value": {
          "observed": 0.5954424736046026,
          "ci95": [
            0.5413538651838276,
            0.6502775740841471
          ],
          "probability_positive": 1.0,
          "clusters": 33
        },
        "discounted_seed_expected_value": {
          "observed": 0.6230477334996772,
          "ci95": [
            0.5691456736590752,
            0.6759594775786429
          ],
          "probability_positive": 1.0,
          "clusters": 33
        },
        "discounted_base_top_value": {
          "observed": 0.5964754861858304,
          "ci95": [
            0.5507374112009488,
            0.6532270877347336
          ],
          "probability_positive": 1.0,
          "clusters": 33
        },
        "discounted_seed_top_value": {
          "observed": 0.625275583131631,
          "ci95": [
            0.5786920955353086,
            0.67478542393159
          ],
          "probability_positive": 1.0,
          "clusters": 33
        }
      },
      "by_expert_transition": {
        "changed_nonexpert": {
          "states": 95,
          "episodes": 19,
          "expected_discounted_value_delta": {
            "count": 95,
            "mean": 0.048963707146036116,
            "std": 0.06839831200971418,
            "p10": -0.00713357994493218,
            "p25": 0.012388369154442195,
            "median": 0.02743684908035608,
            "p75": 0.08516356325034928,
            "p90": 0.1387041635254965
          },
          "expected_success_delta": {
            "count": 95,
            "mean": 0.046862128626523336,
            "std": 0.10725974805200006,
            "p10": -2.425066339417376e-16,
            "p25": -8.283304597789254e-17,
            "median": 9.020562075079397e-17,
            "p75": 0.044195843453867914,
            "p90": 0.19502878473913798
          },
          "top_discounted_value_delta": {
            "count": 95,
            "mean": 0.07491597720554381,
            "std": 0.19167578432918322,
            "p10": -0.04110498819449215,
            "p25": 0.0,
            "median": 0.038689046874999966,
            "p75": 0.11036050621093751,
            "p90": 0.3510095280566917
          },
          "delta_logit_value_spearman": {
            "count": 93,
            "mean": 0.26719195551424313,
            "std": 0.25855697709479025,
            "p10": 0.015267127777048558,
            "p25": 0.2070003282547643,
            "median": 0.3139391707092777,
            "p75": 0.4106925016139539,
            "p90": 0.5087342160905318
          },
          "base_top_value_optimal_rate": 0.12631578947368421,
          "seed_top_value_optimal_rate": 0.30526315789473685
        },
        "harmed_from_expert": {
          "states": 82,
          "episodes": 22,
          "expected_discounted_value_delta": {
            "count": 82,
            "mean": 0.03994797489459102,
            "std": 0.07453158876836254,
            "p10": -0.012071733532148297,
            "p25": 0.0,
            "median": 0.03228788190670083,
            "p75": 0.06566011864060846,
            "p90": 0.11792040411649937
          },
          "expected_success_delta": {
            "count": 82,
            "mean": 0.00250960825219176,
            "std": 0.06725314040600523,
            "p10": -2.220446049250313e-16,
            "p25": -1.1102230246251565e-16,
            "median": 0.0,
            "p75": 1.1102230246251565e-16,
            "p90": 2.4077961846558094e-16
          },
          "top_discounted_value_delta": {
            "count": 82,
            "mean": 0.06198134462469382,
            "std": 0.18804737742811306,
            "p10": -0.04749999999999999,
            "p25": -0.03820543378906249,
            "median": 0.027018004383131844,
            "p75": 0.06572855678882203,
            "p90": 0.2883280127896332
          },
          "delta_logit_value_spearman": {
            "count": 76,
            "mean": 0.3095297695191044,
            "std": 0.19888166031062962,
            "p10": 0.08706756162623863,
            "p25": 0.2026527143262271,
            "median": 0.32909782158847023,
            "p75": 0.4521797456449767,
            "p90": 0.5490260664464439
          },
          "base_top_value_optimal_rate": 0.32926829268292684,
          "seed_top_value_optimal_rate": 0.2926829268292683
        },
        "rescued_to_expert": {
          "states": 5,
          "episodes": 5,
          "expected_discounted_value_delta": {
            "count": 5,
            "mean": 0.05948307109895277,
            "std": 0.08013398917753196,
            "p10": 0.005730675549235258,
            "p25": 0.00791161454194647,
            "median": 0.0330851986802568,
            "p75": 0.034323446292572106,
            "p90": 0.14442040637256526
          },
          "expected_success_delta": {
            "count": 5,
            "mean": 0.12152130175477001,
            "std": 0.24304260350953988,
            "p10": -2.5226674048306473e-17,
            "p25": -6.166399856011306e-19,
            "median": 1.2032887844712527e-16,
            "p75": 1.8041124150158794e-16,
            "p90": 0.36456390526431004
          },
          "top_discounted_value_delta": {
            "count": 5,
            "mean": 0.11755099003678651,
            "std": 0.12295139517266929,
            "p10": 0.04036092812499999,
            "p25": 0.04286875000000001,
            "median": 0.04286875000000001,
            "p75": 0.10484248090039072,
            "p90": 0.25702854580528145
          },
          "delta_logit_value_spearman": {
            "count": 5,
            "mean": 0.37493318613566323,
            "std": 0.03933048547552102,
            "p10": 0.3325600988480568,
            "p25": 0.3841866516201841,
            "median": 0.3867288844747839,
            "p75": 0.39735970711951313,
            "p90": 0.40389285712612305
          },
          "base_top_value_optimal_rate": 0.0,
          "seed_top_value_optimal_rate": 0.8
        },
        "stable_expert": {
          "states": 100,
          "episodes": 32,
          "expected_discounted_value_delta": {
            "count": 100,
            "mean": 0.011983643536079462,
            "std": 0.03653851141271948,
            "p10": 0.0,
            "p25": 0.0,
            "median": 0.0,
            "p75": 0.0,
            "p90": 0.030996807867976327
          },
          "expected_success_delta": {
            "count": 100,
            "mean": 0.006953333478403679,
            "std": 0.03898909635611181,
            "p10": 0.0,
            "p25": 0.0,
            "median": 0.0,
            "p75": 0.0,
            "p90": 6.98387558857117e-17
          },
          "top_discounted_value_delta": {
            "count": 100,
            "mean": 0.0,
            "std": 0.0,
            "p10": 0.0,
            "p25": 0.0,
            "median": 0.0,
            "p75": 0.0,
            "p90": 0.0
          },
          "delta_logit_value_spearman": {
            "count": 25,
            "mean": 0.3197632888535324,
            "std": 0.16441518732161928,
            "p10": 0.09361353562069984,
            "p25": 0.2096569673443837,
            "median": 0.35089510921760114,
            "p75": 0.40951676291056066,
            "p90": 0.5161507051919604
          },
          "base_top_value_optimal_rate": 0.88,
          "seed_top_value_optimal_rate": 0.88
        },
        "stable_nonexpert": {
          "states": 162,
          "episodes": 30,
          "expected_discounted_value_delta": {
            "count": 162,
            "mean": 0.0174917874325954,
            "std": 0.04268441779378249,
            "p10": 0.0,
            "p25": 0.0,
            "median": 0.0,
            "p75": 0.007495278251979631,
            "p90": 0.05419615773213401
          },
          "expected_success_delta": {
            "count": 162,
            "mean": 0.015234793995385453,
            "std": 0.05378622848411748,
            "p10": -1.9717988658393218e-17,
            "p25": 0.0,
            "median": 0.0,
            "p75": 0.0,
            "p90": 2.2987796562123923e-16
          },
          "top_discounted_value_delta": {
            "count": 162,
            "mean": 0.0,
            "std": 0.0,
            "p10": 0.0,
            "p25": 0.0,
            "median": 0.0,
            "p75": 0.0,
            "p90": 0.0
          },
          "delta_logit_value_spearman": {
            "count": 49,
            "mean": 0.3365852577851943,
            "std": 0.16352005989164203,
            "p10": 0.06663397719505491,
            "p25": 0.25423162949692113,
            "median": 0.3584979686039801,
            "p75": 0.4422383249601312,
            "p90": 0.5067631488167524
          },
          "base_top_value_optimal_rate": 0.07407407407407407,
          "seed_top_value_optimal_rate": 0.07407407407407407
        }
      },
      "by_task_type": {
        "look_at_obj_in_light": {
          "states": 52,
          "episodes": 3,
          "expected_discounted_value_delta": {
            "count": 52,
            "mean": 0.010352818534988399,
            "std": 0.04876432778278718,
            "p10": 0.0,
            "p25": 0.0,
            "median": 0.0,
            "p75": 0.0,
            "p90": 0.0
          },
          "expected_success_delta": {
            "count": 52,
            "mean": 0.0028350106204191243,
            "std": 0.019653000557092674,
            "p10": 0.0,
            "p25": 0.0,
            "median": 0.0,
            "p75": 0.0,
            "p90": 0.0
          },
          "top_discounted_value_delta": {
            "count": 52,
            "mean": 0.009853382192388887,
            "std": 0.06686605318482844,
            "p10": 0.0,
            "p25": 0.0,
            "median": 0.0,
            "p75": 0.0,
            "p90": 0.0
          },
          "delta_logit_value_spearman": {
            "count": 5,
            "mean": 0.3475926047368082,
            "std": 0.07869796650327945,
            "p10": 0.2619991227974273,
            "p25": 0.30364123251026204,
            "median": 0.344273383412453,
            "p75": 0.3874423635497603,
            "p90": 0.4359979421535211
          },
          "base_top_value_optimal_rate": 0.019230769230769232,
          "seed_top_value_optimal_rate": 0.038461538461538464
        },
        "pick_and_place_simple": {
          "states": 85,
          "episodes": 10,
          "expected_discounted_value_delta": {
            "count": 85,
            "mean": 0.03685338480524954,
            "std": 0.05628420971312715,
            "p10": -2.3037140898277153e-05,
            "p25": 0.0,
            "median": 0.0038589695992051537,
            "p75": 0.057504635028645806,
            "p90": 0.12867352417846964
          },
          "expected_success_delta": {
            "count": 85,
            "mean": 0.005682658335192566,
            "std": 0.03206628235179248,
            "p10": -2.0062873210642194e-16,
            "p25": -2.7755575615628914e-17,
            "median": 0.0,
            "p75": 8.326672684688674e-17,
            "p90": 2.1924556337500585e-16
          },
          "top_discounted_value_delta": {
            "count": 85,
            "mean": 0.05299695226414311,
            "std": 0.15000719877679355,
            "p10": 0.0,
            "p25": 0.0,
            "median": 0.0,
            "p75": 0.0,
            "p90": 0.2507267721185
          },
          "delta_logit_value_spearman": {
            "count": 53,
            "mean": 0.2796399114811232,
            "std": 0.16053887705095193,
            "p10": 0.08440786381606644,
            "p25": 0.14808721943977307,
            "median": 0.29017970331586473,
            "p75": 0.39031126363809,
            "p90": 0.46935188729793376
          },
          "base_top_value_optimal_rate": 0.35294117647058826,
          "seed_top_value_optimal_rate": 0.49411764705882355
        },
        "pick_clean_then_place_in_recep": {
          "states": 80,
          "episodes": 6,
          "expected_discounted_value_delta": {
            "count": 80,
            "mean": 0.024904573948216224,
            "std": 0.035924417406393176,
            "p10": 0.0,
            "p25": 0.0,
            "median": 0.012604569905346634,
            "p75": 0.032926409651964694,
            "p90": 0.07056721827557584
          },
          "expected_success_delta": {
            "count": 80,
            "mean": 0.014390738104627257,
            "std": 0.04912636580125183,
            "p10": -5.915407053080911e-17,
            "p25": 0.0,
            "median": 0.0,
            "p75": 9.020562075079397e-17,
            "p90": 3.3380145435940595e-16
          },
          "top_discounted_value_delta": {
            "count": 80,
            "mean": 0.001840540628307661,
            "std": 0.11850204466332788,
            "p10": -0.012238994175115068,
            "p25": 0.0,
            "median": 0.0,
            "p75": 0.03152048302340696,
            "p90": 0.06663636646497516
          },
          "delta_logit_value_spearman": {
            "count": 48,
            "mean": 0.28340041845968006,
            "std": 0.2104937036645676,
            "p10": 0.02993408442075214,
            "p25": 0.14327898053359567,
            "median": 0.24673172506162466,
            "p75": 0.4117596627602809,
            "p90": 0.551238570494585
          },
          "base_top_value_optimal_rate": 0.3625,
          "seed_top_value_optimal_rate": 0.3375
        },
        "pick_cool_then_place_in_recep": {
          "states": 92,
          "episodes": 7,
          "expected_discounted_value_delta": {
            "count": 92,
            "mean": 0.016392065167883572,
            "std": 0.061778628117907616,
            "p10": -0.0036384366692962487,
            "p25": 0.0,
            "median": 0.0,
            "p75": 0.023011634212292777,
            "p90": 0.04463323724760436
          },
          "expected_success_delta": {
            "count": 92,
            "mean": 0.016584969007368847,
            "std": 0.0854350155248345,
            "p10": -1.2420620087993938e-16,
            "p25": 0.0,
            "median": 0.0,
            "p75": 6.982261990806649e-17,
            "p90": 0.10666748549268638
          },
          "top_discounted_value_delta": {
            "count": 92,
            "mean": -0.011838042837804829,
            "std": 0.08596768392475435,
            "p10": -0.04512500000000008,
            "p25": 0.0,
            "median": 0.0,
            "p75": 0.0,
            "p90": 0.034916864804687475
          },
          "delta_logit_value_spearman": {
            "count": 52,
            "mean": 0.33054549699109625,
            "std": 0.1543771462514255,
            "p10": 0.19304423594442974,
            "p25": 0.2608878854557878,
            "median": 0.358402360870797,
            "p75": 0.43977931908451345,
            "p90": 0.492362380195313
          },
          "base_top_value_optimal_rate": 0.391304347826087,
          "seed_top_value_optimal_rate": 0.2608695652173913
        },
        "pick_heat_then_place_in_recep": {
          "states": 111,
          "episodes": 6,
          "expected_discounted_value_delta": {
            "count": 111,
            "mean": 0.04396276999527118,
            "std": 0.05994827779416596,
            "p10": 0.0,
            "p25": 0.0,
            "median": 0.021646059723232244,
            "p75": 0.08434210651016207,
            "p90": 0.12553407596790514
          },
          "expected_success_delta": {
            "count": 111,
            "mean": 0.0357850732195219,
            "std": 0.08203503229409918,
            "p10": -1.5612511283791264e-16,
            "p25": -5.74762676688878e-17,
            "median": 0.0,
            "p75": 1.8710618991668593e-16,
            "p90": 0.1619388740921835
          },
          "top_discounted_value_delta": {
            "count": 111,
            "mean": 0.07468554359367705,
            "std": 0.1469877956395083,
            "p10": 0.0,
            "p25": 0.0,
            "median": 0.0,
            "p75": 0.07706885750288361,
            "p90": 0.3104897073402467
          },
          "delta_logit_value_spearman": {
            "count": 84,
            "mean": 0.31448022938983666,
            "std": 0.2709337911090753,
            "p10": 0.017599736734901186,
            "p25": 0.25359440602045685,
            "median": 0.37394330918508534,
            "p75": 0.4477103965591231,
            "p90": 0.5454196677818848
          },
          "base_top_value_optimal_rate": 0.2072072072072072,
          "seed_top_value_optimal_rate": 0.3783783783783784
        },
        "pick_two_obj_and_place": {
          "states": 24,
          "episodes": 1,
          "expected_discounted_value_delta": {
            "count": 24,
            "mean": 0.008564489182073642,
            "std": 0.07721521376674423,
            "p10": -0.008588706895144758,
            "p25": 0.0,
            "median": 0.0,
            "p75": 0.0,
            "p90": 0.06594153166982092
          },
          "expected_success_delta": {
            "count": 24,
            "mean": 0.04787503103741223,
            "std": 0.17606764480939252,
            "p10": -7.771561172376093e-17,
            "p25": 0.0,
            "median": 0.0,
            "p75": 0.0,
            "p90": 0.1534619025477817
          },
          "top_discounted_value_delta": {
            "count": 24,
            "mean": 0.01757864914143265,
            "std": 0.07973098796187449,
            "p10": -0.013207376088735756,
            "p25": 0.0,
            "median": 0.0,
            "p75": 0.0,
            "p90": 0.0
          },
          "delta_logit_value_spearman": {
            "count": 6,
            "mean": 0.1612894332060331,
            "std": 0.21228482378452804,
            "p10": -0.11030852862319701,
            "p25": 0.006638712015813293,
            "median": 0.19681712112178318,
            "p75": 0.3534262808234982,
            "p90": 0.39735970711951313
          },
          "base_top_value_optimal_rate": 0.8333333333333334,
          "seed_top_value_optimal_rate": 0.8333333333333334
        }
      },
      "by_action_verb": {
        "clean": {
          "states": 6,
          "episodes": 6,
          "expected_discounted_value_delta": {
            "count": 6,
            "mean": 0.0,
            "std": 0.0,
            "p10": 0.0,
            "p25": 0.0,
            "median": 0.0,
            "p75": 0.0,
            "p90": 0.0
          },
          "expected_success_delta": {
            "count": 6,
            "mean": 0.0,
            "std": 0.0,
            "p10": 0.0,
            "p25": 0.0,
            "median": 0.0,
            "p75": 0.0,
            "p90": 0.0
          },
          "top_discounted_value_delta": {
            "count": 6,
            "mean": 0.0,
            "std": 0.0,
            "p10": 0.0,
            "p25": 0.0,
            "median": 0.0,
            "p75": 0.0,
            "p90": 0.0
          },
          "delta_logit_value_spearman": {
            "count": 0,
            "mean": NaN,
            "median": NaN
          },
          "base_top_value_optimal_rate": 1.0,
          "seed_top_value_optimal_rate": 1.0
        },
        "close": {
          "states": 56,
          "episodes": 18,
          "expected_discounted_value_delta": {
            "count": 56,
            "mean": 0.056371931971456304,
            "std": 0.076135418671389,
            "p10": 0.0,
            "p25": 0.0,
            "median": 0.02483560145644151,
            "p75": 0.08774323217863243,
            "p90": 0.17927885774465774
          },
          "expected_success_delta": {
            "count": 56,
            "mean": 0.05364049715401177,
            "std": 0.10408797068520263,
            "p10": -1.25172834879346e-16,
            "p25": 0.0,
            "median": 0.0,
            "p75": 0.01742134089274417,
            "p90": 0.21643295225560893
          },
          "top_discounted_value_delta": {
            "count": 56,
            "mean": 0.04109455383509552,
            "std": 0.09360846977275754,
            "p10": 0.0,
            "p25": 0.0,
            "median": 0.0,
            "p75": 0.05487616077236769,
            "p90": 0.10012491413645497
          },
          "delta_logit_value_spearman": {
            "count": 32,
            "mean": 0.30072698826956146,
            "std": 0.15747257616997498,
            "p10": 0.05277119707474069,
            "p25": 0.18950877631936175,
            "median": 0.3388997011718634,
            "p75": 0.4399628927589537,
            "p90": 0.4881700035521151
          },
          "base_top_value_optimal_rate": 0.017857142857142856,
          "seed_top_value_optimal_rate": 0.125
        },
        "cool": {
          "states": 7,
          "episodes": 7,
          "expected_discounted_value_delta": {
            "count": 7,
            "mean": 0.0,
            "std": 0.0,
            "p10": 0.0,
            "p25": 0.0,
            "median": 0.0,
            "p75": 0.0,
            "p90": 0.0
          },
          "expected_success_delta": {
            "count": 7,
            "mean": 0.0,
            "std": 0.0,
            "p10": 0.0,
            "p25": 0.0,
            "median": 0.0,
            "p75": 0.0,
            "p90": 0.0
          },
          "top_discounted_value_delta": {
            "count": 7,
            "mean": 0.0,
            "std": 0.0,
            "p10": 0.0,
            "p25": 0.0,
            "median": 0.0,
            "p75": 0.0,
            "p90": 0.0
          },
          "delta_logit_value_spearman": {
            "count": 0,
            "mean": NaN,
            "median": NaN
          },
          "base_top_value_optimal_rate": 1.0,
          "seed_top_value_optimal_rate": 1.0
        },
        "examine": {
          "states": 1,
          "episodes": 1,
          "expected_discounted_value_delta": {
            "count": 1,
            "mean": 0.022591560555837508,
            "std": 0.0,
            "p10": 0.022591560555837508,
            "p25": 0.022591560555837508,
            "median": 0.022591560555837508,
            "p75": 0.022591560555837508,
            "p90": 0.022591560555837508
          },
          "expected_success_delta": {
            "count": 1,
            "mean": 9.020562075079397e-17,
            "std": 0.0,
            "p10": 9.020562075079397e-17,
            "p25": 9.020562075079397e-17,
            "median": 9.020562075079397e-17,
            "p75": 9.020562075079397e-17,
            "p90": 9.020562075079397e-17
          },
          "top_discounted_value_delta": {
            "count": 1,
            "mean": -0.3104897073402467,
            "std": 0.0,
            "p10": -0.3104897073402467,
            "p25": -0.3104897073402467,
            "median": -0.3104897073402467,
            "p75": -0.3104897073402467,
            "p90": -0.3104897073402467
          },
          "delta_logit_value_spearman": {
            "count": 1,
            "mean": 0.5288613575498747,
            "std": 0.0,
            "p10": 0.5288613575498747,
            "p25": 0.5288613575498747,
            "median": 0.5288613575498747,
            "p75": 0.5288613575498747,
            "p90": 0.5288613575498747
          },
          "base_top_value_optimal_rate": 1.0,
          "seed_top_value_optimal_rate": 0.0
        },
        "go": {
          "states": 238,
          "episodes": 33,
          "expected_discounted_value_delta": {
            "count": 238,
            "mean": 0.028447042527294113,
            "std": 0.048772166592534,
            "p10": -1.1518570449138473e-05,
            "p25": 0.0,
            "median": 0.006957932607712711,
            "p75": 0.031803081990625794,
            "p90": 0.11273968405712524
          },
          "expected_success_delta": {
            "count": 238,
            "mean": 0.025430083326131194,
            "std": 0.07850729819537695,
            "p10": -1.5106639384889354e-16,
            "p25": -1.9081958235744878e-17,
            "median": 0.0,
            "p75": 1.3530843112619095e-16,
            "p90": 0.1393327573259921
          },
          "top_discounted_value_delta": {
            "count": 238,
            "mean": 0.025320926467670653,
            "std": 0.13028471157528232,
            "p10": -0.03604851942578121,
            "p25": 0.0,
            "median": 0.0,
            "p75": 0.0,
            "p90": 0.08540094452213606
          },
          "delta_logit_value_spearman": {
            "count": 155,
            "mean": 0.3091283376536844,
            "std": 0.17126548299398547,
            "p10": 0.08322145979334672,
            "p25": 0.2109054979441226,
            "median": 0.3275169844808531,
            "p75": 0.40829935229918785,
            "p90": 0.511932561056451
          },
          "base_top_value_optimal_rate": 0.23529411764705882,
          "seed_top_value_optimal_rate": 0.24369747899159663
        },
        "heat": {
          "states": 6,
          "episodes": 6,
          "expected_discounted_value_delta": {
            "count": 6,
            "mean": -0.01174900623177478,
            "std": 0.00850136785778816,
            "p10": -0.01901499594104386,
            "p25": -0.01866056019185379,
            "median": -0.01623202275428048,
            "p75": -0.00345752858526606,
            "p90": 0.0
          },
          "expected_success_delta": {
            "count": 6,
            "mean": -4.625929269271486e-17,
            "std": 1.3753876507444553e-16,
            "p10": -2.220446049250313e-16,
            "p25": -1.6653345369377348e-16,
            "median": 0.0,
            "p75": 0.0,
            "p90": 8.326672684688674e-17
          },
          "top_discounted_value_delta": {
            "count": 6,
            "mean": 0.0,
            "std": 0.0,
            "p10": 0.0,
            "p25": 0.0,
            "median": 0.0,
            "p75": 0.0,
            "p90": 0.0
          },
          "delta_logit_value_spearman": {
            "count": 4,
            "mean": -0.6522260281272453,
            "std": 0.03833535785304667,
            "p10": -0.6897456194185155,
            "p25": -0.6662952200149661,
            "median": -0.6532672203463274,
            "p75": -0.6391980284586066,
            "p90": -0.6138734830607092
          },
          "base_top_value_optimal_rate": 0.3333333333333333,
          "seed_top_value_optimal_rate": 0.3333333333333333
        },
        "move": {
          "states": 31,
          "episodes": 30,
          "expected_discounted_value_delta": {
            "count": 31,
            "mean": -0.007904361386013255,
            "std": 0.043293970337922594,
            "p10": 0.0,
            "p25": 0.0,
            "median": 0.0,
            "p75": 0.0,
            "p90": 0.0
          },
          "expected_success_delta": {
            "count": 31,
            "mean": -0.007904361386013255,
            "std": 0.043293970337922594,
            "p10": 0.0,
            "p25": 0.0,
            "median": 0.0,
            "p75": 0.0,
            "p90": 0.0
          },
          "top_discounted_value_delta": {
            "count": 31,
            "mean": 0.0,
            "std": 0.0,
            "p10": 0.0,
            "p25": 0.0,
            "median": 0.0,
            "p75": 0.0,
            "p90": 0.0
          },
          "delta_logit_value_spearman": {
            "count": 1,
            "mean": -0.17213259316477408,
            "std": 0.0,
            "p10": -0.17213259316477408,
            "p25": -0.17213259316477408,
            "median": -0.17213259316477408,
            "p75": -0.17213259316477408,
            "p90": -0.17213259316477408
          },
          "base_top_value_optimal_rate": 0.967741935483871,
          "seed_top_value_optimal_rate": 0.967741935483871
        },
        "open": {
          "states": 62,
          "episodes": 21,
          "expected_discounted_value_delta": {
            "count": 62,
            "mean": 0.04085870942844777,
            "std": 0.07687179509914327,
            "p10": 0.0,
            "p25": 0.02182148107698616,
            "median": 0.038322778122282616,
            "p75": 0.06193006603902456,
            "p90": 0.09878577401825318
          },
          "expected_success_delta": {
            "count": 62,
            "mean": -0.007969189185192356,
            "std": 0.062241357250887336,
            "p10": -2.220446049250313e-16,
            "p25": -1.1102230246251565e-16,
            "median": 0.0,
            "p75": 5.551115123125783e-17,
            "p90": 1.7746221159242734e-16
          },
          "top_discounted_value_delta": {
            "count": 62,
            "mean": 0.07631239016660916,
            "std": 0.18605140936546855,
            "p10": -0.033079135078125044,
            "p25": 0.012385877861097891,
            "median": 0.03321466764545894,
            "p75": 0.0815564572265626,
            "p90": 0.2883280127896332
          },
          "delta_logit_value_spearman": {
            "count": 54,
            "mean": 0.3599601378298117,
            "std": 0.1870162241187626,
            "p10": 0.15758388472779356,
            "p25": 0.28508532473843057,
            "median": 0.38172094907573656,
            "p75": 0.4638112746828882,
            "p90": 0.551238570494585
          },
          "base_top_value_optimal_rate": 0.0967741935483871,
          "seed_top_value_optimal_rate": 0.27419354838709675
        },
        "take": {
          "states": 34,
          "episodes": 33,
          "expected_discounted_value_delta": {
            "count": 34,
            "mean": 0.0026237875515579233,
            "std": 0.015072511961131116,
            "p10": 0.0,
            "p25": 0.0,
            "median": 0.0,
            "p75": 0.0,
            "p90": 0.0
          },
          "expected_success_delta": {
            "count": 34,
            "mean": 0.0032812894197221886,
            "std": 0.018849572633016527,
            "p10": 0.0,
            "p25": 0.0,
            "median": 0.0,
            "p75": 0.0,
            "p90": 0.0
          },
          "top_discounted_value_delta": {
            "count": 34,
            "mean": 0.001137913143382352,
            "std": 0.006536813338478931,
            "p10": 0.0,
            "p25": 0.0,
            "median": 0.0,
            "p75": 0.0,
            "p90": 0.0
          },
          "delta_logit_value_spearman": {
            "count": 1,
            "mean": 0.010712074134687917,
            "std": 0.0,
            "p10": 0.010712074134687917,
            "p25": 0.010712074134687917,
            "median": 0.010712074134687917,
            "p75": 0.010712074134687917,
            "p90": 0.010712074134687917
          },
          "base_top_value_optimal_rate": 0.8823529411764706,
          "seed_top_value_optimal_rate": 0.8823529411764706
        },
        "use": {
          "states": 3,
          "episodes": 3,
          "expected_discounted_value_delta": {
            "count": 3,
            "mean": 0.0,
            "std": 0.0,
            "p10": 0.0,
            "p25": 0.0,
            "median": 0.0,
            "p75": 0.0,
            "p90": 0.0
          },
          "expected_success_delta": {
            "count": 3,
            "mean": 0.0,
            "std": 0.0,
            "p10": 0.0,
            "p25": 0.0,
            "median": 0.0,
            "p75": 0.0,
            "p90": 0.0
          },
          "top_discounted_value_delta": {
            "count": 3,
            "mean": 0.0,
            "std": 0.0,
            "p10": 0.0,
            "p25": 0.0,
            "median": 0.0,
            "p75": 0.0,
            "p90": 0.0
          },
          "delta_logit_value_spearman": {
            "count": 0,
            "mean": NaN,
            "median": NaN
          },
          "base_top_value_optimal_rate": 0.0,
          "seed_top_value_optimal_rate": 0.0
        }
      }
    },
    "valid_unseen": {
      "states": 527,
      "episodes": 34,
      "candidate_actions": 14980,
      "candidate_success_rate": 0.9283711615487317,
      "states_with_binary_value_variation": 207,
      "states_with_discounted_value_variation": 513,
      "expert_action_value_optimal_rate": 0.36622390891840606,
      "base_top_value_optimal_rate": 0.3187855787476281,
      "seed_top_value_optimal_rate": 0.3092979127134725,
      "base_expected_discounted_value": 0.569995599316029,
      "comparison_expected_discounted_value": 0.5896239595430313,
      "relative_expected_discounted_value_gain": 0.03443598555945964,
      "relative_top_value_optimal_rate_gain": -0.029761904761904684,
      "required_relative_improvement": 0.3,
      "meets_required_relative_expected_value_improvement": false,
      "practical_threshold": 0.8,
      "meets_practical_threshold": false,
      "gap_to_practical_threshold": -0.49070208728652753,
      "descriptive": {
        "success_expected_value_delta": {
          "count": 527,
          "mean": 0.02438245459517416,
          "std": 0.0714200220422053,
          "p10": -1.3299094898250316e-16,
          "p25": 0.0,
          "median": 0.0,
          "p75": 2.0221493828126505e-16,
          "p90": 0.11067896104938527
        },
        "discounted_expected_value_delta": {
          "count": 527,
          "mean": 0.019628360227002224,
          "std": 0.05624636045902821,
          "p10": -0.0003411636801842063,
          "p25": 0.0,
          "median": 0.0,
          "p75": 0.03121054609357183,
          "p90": 0.09196959503286456
        },
        "discounted_top_value_delta": {
          "count": 527,
          "mean": 0.004478918921076558,
          "std": 0.1294894873869276,
          "p10": -0.035651956695312514,
          "p25": 0.0,
          "median": 0.0,
          "p75": 0.0,
          "p90": 0.057854532377432884
        },
        "discounted_added_minus_removed_value": {
          "count": 318,
          "mean": 0.09443113088775931,
          "std": 0.160464077266258,
          "p10": -0.047538181297461415,
          "p25": 0.01841757096954491,
          "median": 0.05541212606336959,
          "p75": 0.1713625793119955,
          "p90": 0.3189608907870797
        },
        "discounted_probability_on_value_optimal_delta": {
          "count": 527,
          "mean": 0.012039150022251935,
          "std": 0.13869562958318815,
          "p10": -0.07238032887912996,
          "p25": 0.0,
          "median": 0.0,
          "p75": 0.040390082968795496,
          "p90": 0.196130439812787
        },
        "delta_logit_value_spearman": {
          "count": 308,
          "mean": 0.2959073560586113,
          "std": 0.20265627822450225,
          "p10": 0.06859918152911434,
          "p25": 0.2237311273663413,
          "median": 0.3331836249736714,
          "p75": 0.4100411605415044,
          "p90": 0.5030105023929745
        },
        "delta_probability_value_spearman": {
          "count": 308,
          "mean": 0.2573688017034022,
          "std": 0.2487406035779373,
          "p10": -0.077584714751712,
          "p25": 0.12223224696258993,
          "median": 0.2930753297079016,
          "p75": 0.4369069662689301,
          "p90": 0.5418725545846921
        },
        "discounted_base_expected_value": {
          "count": 527,
          "mean": 0.569995599316029,
          "std": 0.22943774383673984,
          "p10": 0.2778905480608312,
          "p25": 0.40418869744766,
          "median": 0.5806712517961489,
          "p75": 0.744005640160603,
          "p90": 0.884801393035802
        },
        "discounted_seed_expected_value": {
          "count": 527,
          "mean": 0.5896239595430313,
          "std": 0.23162270793208078,
          "p10": 0.2778905480608312,
          "p25": 0.42557420846397714,
          "median": 0.6117797515482833,
          "p75": 0.7638657747020818,
          "p90": 0.8883410047381736
        },
        "discounted_base_top_value": {
          "count": 527,
          "mean": 0.5749407111454756,
          "std": 0.31094271603759305,
          "p10": 0.0,
          "p25": 0.37735360253530725,
          "median": 0.6634204312890623,
          "p75": 0.8145062499999999,
          "p90": 0.95
        },
        "discounted_seed_top_value": {
          "count": 527,
          "mean": 0.5794196300665523,
          "std": 0.3106477075124736,
          "p10": 0.0,
          "p25": 0.37735360253530725,
          "median": 0.6634204312890623,
          "p75": 0.8145062499999999,
          "p90": 0.9025
        }
      },
      "episode_cluster_bootstrap": {
        "success_expected_value_delta": {
          "observed": 0.02438245459517416,
          "ci95": [
            0.014801579302021303,
            0.034264684204805385
          ],
          "probability_positive": 1.0,
          "clusters": 34
        },
        "discounted_expected_value_delta": {
          "observed": 0.019628360227002224,
          "ci95": [
            0.009174132321156714,
            0.029913881246281422
          ],
          "probability_positive": 1.0,
          "clusters": 34
        },
        "discounted_top_value_delta": {
          "observed": 0.0044789189210765554,
          "ci95": [
            -0.04035381835995999,
            0.04168808566251796
          ],
          "probability_positive": 0.6014,
          "clusters": 34
        },
        "discounted_added_minus_removed_value": {
          "observed": 0.09443113088775931,
          "ci95": [
            0.053886705693141565,
            0.13552932670771625
          ],
          "probability_positive": 1.0,
          "clusters": 34
        },
        "discounted_probability_on_value_optimal_delta": {
          "observed": 0.012039150022251942,
          "ci95": [
            -0.02618437321797019,
            0.0464469354688264
          ],
          "probability_positive": 0.7543,
          "clusters": 34
        },
        "delta_logit_value_spearman": {
          "observed": 0.2959073560586113,
          "ci95": [
            0.24637018654478102,
            0.3434254336071702
          ],
          "probability_positive": 1.0,
          "clusters": 34
        },
        "delta_probability_value_spearman": {
          "observed": 0.2573688017034022,
          "ci95": [
            0.20663222514553597,
            0.30510580279543437
          ],
          "probability_positive": 1.0,
          "clusters": 34
        },
        "discounted_base_expected_value": {
          "observed": 0.5699955993160291,
          "ci95": [
            0.5192916776295902,
            0.6219632045152541
          ],
          "probability_positive": 1.0,
          "clusters": 34
        },
        "discounted_seed_expected_value": {
          "observed": 0.5896239595430313,
          "ci95": [
            0.5337885965904028,
            0.6451778045083876
          ],
          "probability_positive": 1.0,
          "clusters": 34
        },
        "discounted_base_top_value": {
          "observed": 0.5749407111454756,
          "ci95": [
            0.5166980309883825,
            0.6338006358088026
          ],
          "probability_positive": 1.0,
          "clusters": 34
        },
        "discounted_seed_top_value": {
          "observed": 0.5794196300665523,
          "ci95": [
            0.5191209434134534,
            0.6397434359531788
          ],
          "probability_positive": 1.0,
          "clusters": 34
        }
      },
      "by_expert_transition": {
        "changed_nonexpert": {
          "states": 128,
          "episodes": 21,
          "expected_discounted_value_delta": {
            "count": 128,
            "mean": 0.026175688832250632,
            "std": 0.08106426481889378,
            "p10": -0.056795424727839446,
            "p25": -0.0034924696546344085,
            "median": 0.019415363789444195,
            "p75": 0.06291690862066691,
            "p90": 0.12386838310441761
          },
          "expected_success_delta": {
            "count": 128,
            "mean": 0.052461811711305845,
            "std": 0.08994840961344132,
            "p10": -1.9025081561523527e-16,
            "p25": -9.1441441820838e-18,
            "median": 1.43982048506075e-16,
            "p75": 0.09263182383739552,
            "p90": 0.15505067779843174
          },
          "top_discounted_value_delta": {
            "count": 128,
            "mean": 0.005264636523990644,
            "std": 0.23778755326108336,
            "p10": -0.3303127808507071,
            "p25": 0.0,
            "median": 0.0,
            "p75": 0.06898377961083987,
            "p90": 0.2934210830712031
          },
          "delta_logit_value_spearman": {
            "count": 121,
            "mean": 0.27967493012763595,
            "std": 0.24471586820433164,
            "p10": 0.06675067610890516,
            "p25": 0.2027885796311631,
            "median": 0.3453844497999812,
            "p75": 0.4174636056819391,
            "p90": 0.5004295199837299
          },
          "base_top_value_optimal_rate": 0.234375,
          "seed_top_value_optimal_rate": 0.2734375
        },
        "harmed_from_expert": {
          "states": 70,
          "episodes": 23,
          "expected_discounted_value_delta": {
            "count": 70,
            "mean": 0.023190270526370387,
            "std": 0.05409482441234778,
            "p10": -0.029361780407463643,
            "p25": 0.0010838584339446765,
            "median": 0.02404486879143325,
            "p75": 0.03902108037071066,
            "p90": 0.09737994863543034
          },
          "expected_success_delta": {
            "count": 70,
            "mean": 0.009673892183801186,
            "std": 0.0879624794617505,
            "p10": -1.9706458687096528e-16,
            "p25": -1.1102230246251565e-16,
            "median": 5.551115123125783e-17,
            "p75": 2.220446049250313e-16,
            "p90": 0.10207158747584436
          },
          "top_discounted_value_delta": {
            "count": 70,
            "mean": 0.01778329738689305,
            "std": 0.14588217005150228,
            "p10": -0.09438081102350059,
            "p25": -0.04512500000000008,
            "median": 0.01839598812359622,
            "p75": 0.05140090902627138,
            "p90": 0.11682885541600596
          },
          "delta_logit_value_spearman": {
            "count": 69,
            "mean": 0.24950357007446192,
            "std": 0.20295005517589762,
            "p10": -0.024941517089950765,
            "p25": 0.1532681235344839,
            "median": 0.3021150576058408,
            "p75": 0.3763847446444291,
            "p90": 0.46296424981233697
          },
          "base_top_value_optimal_rate": 0.32857142857142857,
          "seed_top_value_optimal_rate": 0.15714285714285714
        },
        "rescued_to_expert": {
          "states": 12,
          "episodes": 9,
          "expected_discounted_value_delta": {
            "count": 12,
            "mean": 0.03066699083115508,
            "std": 0.040075317291074324,
            "p10": 0.004485581239294026,
            "p25": 0.01507064612580082,
            "median": 0.022795566443485335,
            "p75": 0.04362368227720681,
            "p90": 0.07823445122323966
          },
          "expected_success_delta": {
            "count": 12,
            "mean": 0.03180866230762131,
            "std": 0.06502966828971467,
            "p10": -5.811323644522304e-16,
            "p25": -1.4427681597171949e-16,
            "median": 1.1102230246251565e-16,
            "p75": 0.023711765750613394,
            "p90": 0.09910643398745182
          },
          "top_discounted_value_delta": {
            "count": 12,
            "mean": 0.03680716493783586,
            "std": 0.08057628510623327,
            "p10": -0.09723385391374786,
            "p25": 0.0301047703635796,
            "median": 0.04077889843749999,
            "p75": 0.10484248090039072,
            "p90": 0.10980870367988284
          },
          "delta_logit_value_spearman": {
            "count": 12,
            "mean": 0.39644040304241673,
            "std": 0.10510796378320555,
            "p10": 0.29907700642147944,
            "p25": 0.3122356108675777,
            "median": 0.35531024643689424,
            "p75": 0.48879175911276984,
            "p90": 0.5397817532530922
          },
          "base_top_value_optimal_rate": 0.16666666666666666,
          "seed_top_value_optimal_rate": 0.3333333333333333
        },
        "stable_expert": {
          "states": 97,
          "episodes": 33,
          "expected_discounted_value_delta": {
            "count": 97,
            "mean": 0.010403290161666195,
            "std": 0.037576309689824436,
            "p10": 0.0,
            "p25": 0.0,
            "median": 0.0,
            "p75": 0.0,
            "p90": 0.018405298901510214
          },
          "expected_success_delta": {
            "count": 97,
            "mean": 0.006784000921697978,
            "std": 0.03841882873456916,
            "p10": 0.0,
            "p25": 0.0,
            "median": 0.0,
            "p75": 0.0,
            "p90": 4.3021142204224934e-17
          },
          "top_discounted_value_delta": {
            "count": 97,
            "mean": 0.0,
            "std": 0.0,
            "p10": 0.0,
            "p25": 0.0,
            "median": 0.0,
            "p75": 0.0,
            "p90": 0.0
          },
          "delta_logit_value_spearman": {
            "count": 21,
            "mean": 0.3608819961758806,
            "std": 0.07112967757170299,
            "p10": 0.30914295802962855,
            "p25": 0.33709397359550775,
            "median": 0.3697834236421625,
            "p75": 0.39823557181855945,
            "p90": 0.4137426283773525
          },
          "base_top_value_optimal_rate": 0.9587628865979382,
          "seed_top_value_optimal_rate": 0.9587628865979382
        },
        "stable_nonexpert": {
          "states": 220,
          "episodes": 33,
          "expected_discounted_value_delta": {
            "count": 220,
            "mean": 0.018150980439094012,
            "std": 0.04514923573738026,
            "p10": 0.0,
            "p25": 0.0,
            "median": 0.0,
            "p75": 0.008708200882647692,
            "p90": 0.07597795854868482
          },
          "expected_success_delta": {
            "count": 220,
            "mean": 0.020079623557488147,
            "std": 0.05901238308451335,
            "p10": -2.7263565940304373e-17,
            "p25": 0.0,
            "median": 0.0,
            "p75": 2.8257866153350714e-17,
            "p90": 0.09475485974093387
          },
          "top_discounted_value_delta": {
            "count": 220,
            "mean": 0.0,
            "std": 0.0,
            "p10": 0.0,
            "p25": 0.0,
            "median": 0.0,
            "p75": 0.0,
            "p90": 0.0
          },
          "delta_logit_value_spearman": {
            "count": 85,
            "mean": 0.326438188579623,
            "std": 0.14763887267036815,
            "p10": 0.15012637620561647,
            "p25": 0.24427093202734054,
            "median": 0.3311076882169011,
            "p75": 0.39960991715785893,
            "p90": 0.527833273558248
          },
          "base_top_value_optimal_rate": 0.09090909090909091,
          "seed_top_value_optimal_rate": 0.09090909090909091
        }
      },
      "by_task_type": {
        "look_at_obj_in_light": {
          "states": 93,
          "episodes": 6,
          "expected_discounted_value_delta": {
            "count": 93,
            "mean": 0.010275108104164288,
            "std": 0.040335779923555574,
            "p10": 0.0,
            "p25": 0.0,
            "median": 0.0,
            "p75": 0.0071972821430880424,
            "p90": 0.038870842345865596
          },
          "expected_success_delta": {
            "count": 93,
            "mean": 0.01267066102829829,
            "std": 0.047406298402679216,
            "p10": -4.4622860331659017e-17,
            "p25": 0.0,
            "median": 0.0,
            "p75": 0.0,
            "p90": 5.370243095700883e-16
          },
          "top_discounted_value_delta": {
            "count": 93,
            "mean": 0.000202878280932961,
            "std": 0.0019459401101875773,
            "p10": 0.0,
            "p25": 0.0,
            "median": 0.0,
            "p75": 0.0,
            "p90": 0.0
          },
          "delta_logit_value_spearman": {
            "count": 31,
            "mean": 0.2546970904744104,
            "std": 0.13728351838076328,
            "p10": 0.06510765398497828,
            "p25": 0.12538456132318032,
            "median": 0.28840215568307825,
            "p75": 0.3680515978184253,
            "p90": 0.39960991715785893
          },
          "base_top_value_optimal_rate": 0.07526881720430108,
          "seed_top_value_optimal_rate": 0.07526881720430108
        },
        "pick_and_place_simple": {
          "states": 42,
          "episodes": 5,
          "expected_discounted_value_delta": {
            "count": 42,
            "mean": 0.01597240488233451,
            "std": 0.05098373413184594,
            "p10": 0.0,
            "p25": 0.0,
            "median": 0.0022149062726257674,
            "p75": 0.00820991810873313,
            "p90": 0.061706951836107284
          },
          "expected_success_delta": {
            "count": 42,
            "mean": 0.020406704205988942,
            "std": 0.06195319396762222,
            "p10": -1.9149958040750452e-16,
            "p25": -3.110304982317791e-18,
            "median": 0.0,
            "p75": 7.976763374177923e-17,
            "p90": 0.08962172768720644
          },
          "top_discounted_value_delta": {
            "count": 42,
            "mean": 0.0036025434137665173,
            "std": 0.037731231979207566,
            "p10": 0.0,
            "p25": 0.0,
            "median": 0.0,
            "p75": 0.0,
            "p90": 0.03194452108410373
          },
          "delta_logit_value_spearman": {
            "count": 27,
            "mean": 0.4021435324723369,
            "std": 0.22858718491104277,
            "p10": 0.15646986338389024,
            "p25": 0.2855300140619864,
            "median": 0.44501859559634893,
            "p75": 0.5520982720451437,
            "p90": 0.6175382490427862
          },
          "base_top_value_optimal_rate": 0.38095238095238093,
          "seed_top_value_optimal_rate": 0.35714285714285715
        },
        "pick_clean_then_place_in_recep": {
          "states": 184,
          "episodes": 11,
          "expected_discounted_value_delta": {
            "count": 184,
            "mean": 0.014147085005961532,
            "std": 0.062369869817628626,
            "p10": -0.027715070671965995,
            "p25": 0.0,
            "median": 0.0,
            "p75": 0.028997063049205154,
            "p90": 0.08574175520944222
          },
          "expected_success_delta": {
            "count": 184,
            "mean": 0.03559771252998723,
            "std": 0.0750452980736598,
            "p10": -7.360273472227132e-17,
            "p25": 0.0,
            "median": 0.0,
            "p75": 3.0531133177191805e-16,
            "p90": 0.1332331901104385
          },
          "top_discounted_value_delta": {
            "count": 184,
            "mean": -0.043553294483967386,
            "std": 0.14180585942170984,
            "p10": -0.2064540532187713,
            "p25": 0.0,
            "median": 0.0,
            "p75": 0.0,
            "p90": 0.031534905590324756
          },
          "delta_logit_value_spearman": {
            "count": 114,
            "mean": 0.31193599823511775,
            "std": 0.14137127553290071,
            "p10": 0.16455849994775582,
            "p25": 0.2249080408068902,
            "median": 0.3294343814772849,
            "p75": 0.3970318190461375,
            "p90": 0.4742678828539085
          },
          "base_top_value_optimal_rate": 0.3858695652173913,
          "seed_top_value_optimal_rate": 0.22826086956521738
        },
        "pick_cool_then_place_in_recep": {
          "states": 119,
          "episodes": 7,
          "expected_discounted_value_delta": {
            "count": 119,
            "mean": 0.041669305744535305,
            "std": 0.05486838474018108,
            "p10": 0.0,
            "p25": 0.0,
            "median": 0.01743776916452237,
            "p75": 0.07302497665789584,
            "p90": 0.12523942651647849
          },
          "expected_success_delta": {
            "count": 119,
            "mean": 0.021003850376698382,
            "std": 0.05888972398921271,
            "p10": -1.3079815008865124e-16,
            "p25": 0.0,
            "median": 0.0,
            "p75": 1.5005358067199381e-16,
            "p90": 0.09317175043034537
          },
          "top_discounted_value_delta": {
            "count": 119,
            "mean": 0.08334166254469931,
            "std": 0.16605366419003711,
            "p10": 0.0,
            "p25": 0.0,
            "median": 0.0,
            "p75": 0.0698796728525391,
            "p90": 0.40020087099004564
          },
          "delta_logit_value_spearman": {
            "count": 78,
            "mean": 0.35186394088669837,
            "std": 0.12390613553809553,
            "p10": 0.2005856799569885,
            "p25": 0.3021150576058408,
            "median": 0.36093693232311486,
            "p75": 0.4148467951932867,
            "p90": 0.5173273066520457
          },
          "base_top_value_optimal_rate": 0.3865546218487395,
          "seed_top_value_optimal_rate": 0.5882352941176471
        },
        "pick_heat_then_place_in_recep": {
          "states": 68,
          "episodes": 4,
          "expected_discounted_value_delta": {
            "count": 68,
            "mean": 0.022518930645240968,
            "std": 0.05529545139504255,
            "p10": -0.014551122521265818,
            "p25": 0.0,
            "median": 0.002411529580715322,
            "p75": 0.04030677275268319,
            "p90": 0.08452063637818014
          },
          "expected_success_delta": {
            "count": 68,
            "mean": 0.039270518043499444,
            "std": 0.07241338127790493,
            "p10": -1.8037543252199827e-16,
            "p25": 0.0,
            "median": 3.469446951953614e-17,
            "p75": 0.06942124605345401,
            "p90": 0.143621815254258
          },
          "top_discounted_value_delta": {
            "count": 68,
            "mean": 0.004692089160919004,
            "std": 0.0949199409693244,
            "p10": -0.044258125,
            "p25": 0.0,
            "median": 0.0,
            "p75": 0.0,
            "p90": 0.11036050621093751
          },
          "delta_logit_value_spearman": {
            "count": 51,
            "mean": 0.20787619187939016,
            "std": 0.29730613729260996,
            "p10": -0.024614753930608555,
            "p25": 0.1142069623943662,
            "median": 0.2900869207637692,
            "p75": 0.38804640831750326,
            "p90": 0.4710905502256351
          },
          "base_top_value_optimal_rate": 0.19117647058823528,
          "seed_top_value_optimal_rate": 0.22058823529411764
        },
        "pick_two_obj_and_place": {
          "states": 21,
          "episodes": 1,
          "expected_discounted_value_delta": {
            "count": 21,
            "mean": -0.01787040608038872,
            "std": 0.032878090757490874,
            "p10": -0.06763762580931118,
            "p25": -0.025296171662397664,
            "median": 0.0,
            "p75": 0.0,
            "p90": 0.0
          },
          "expected_success_delta": {
            "count": 21,
            "mean": -0.04313009561567684,
            "std": 0.13160138714772052,
            "p10": -0.07403800703914903,
            "p25": 0.0,
            "median": 0.0,
            "p75": 0.0,
            "p90": 0.0
          },
          "top_discounted_value_delta": {
            "count": 21,
            "mean": -0.001557045371872481,
            "std": 0.026944795609283857,
            "p10": 0.0,
            "p25": 0.0,
            "median": 0.0,
            "p75": 0.0,
            "p90": 0.0
          },
          "delta_logit_value_spearman": {
            "count": 7,
            "mean": -0.1745423556031899,
            "std": 0.1165944678819124,
            "p10": -0.2702978557927703,
            "p25": -0.2143303524935281,
            "median": -0.2041241452319315,
            "p75": -0.159731618645939,
            "p90": -0.04144689598085763
          },
          "base_top_value_optimal_rate": 0.7142857142857143,
          "seed_top_value_optimal_rate": 0.6666666666666666
        }
      },
      "by_action_verb": {
        "clean": {
          "states": 11,
          "episodes": 11,
          "expected_discounted_value_delta": {
            "count": 11,
            "mean": 0.0,
            "std": 0.0,
            "p10": 0.0,
            "p25": 0.0,
            "median": 0.0,
            "p75": 0.0,
            "p90": 0.0
          },
          "expected_success_delta": {
            "count": 11,
            "mean": 0.0,
            "std": 0.0,
            "p10": 0.0,
            "p25": 0.0,
            "median": 0.0,
            "p75": 0.0,
            "p90": 0.0
          },
          "top_discounted_value_delta": {
            "count": 11,
            "mean": 0.0,
            "std": 0.0,
            "p10": 0.0,
            "p25": 0.0,
            "median": 0.0,
            "p75": 0.0,
            "p90": 0.0
          },
          "delta_logit_value_spearman": {
            "count": 0,
            "mean": NaN,
            "median": NaN
          },
          "base_top_value_optimal_rate": 1.0,
          "seed_top_value_optimal_rate": 1.0
        },
        "close": {
          "states": 48,
          "episodes": 18,
          "expected_discounted_value_delta": {
            "count": 48,
            "mean": 0.030037572466114323,
            "std": 0.05494173095298661,
            "p10": 0.0,
            "p25": 0.0,
            "median": 0.0,
            "p75": 0.050197722427813354,
            "p90": 0.10508888152303958
          },
          "expected_success_delta": {
            "count": 48,
            "mean": 0.049454377467832045,
            "std": 0.08888878851512227,
            "p10": -4.347870940233158e-17,
            "p25": 0.0,
            "median": 0.0,
            "p75": 0.08825456505128554,
            "p90": 0.1582348300475463
          },
          "top_discounted_value_delta": {
            "count": 48,
            "mean": -0.010875471859728578,
            "std": 0.12506898660617458,
            "p10": -0.04305945833261718,
            "p25": 0.0,
            "median": 0.0,
            "p75": 0.0,
            "p90": 0.04729870477197336
          },
          "delta_logit_value_spearman": {
            "count": 25,
            "mean": 0.2993530714078368,
            "std": 0.15697276598621898,
            "p10": 0.15259606403725207,
            "p25": 0.23139881242866145,
            "median": 0.31073878100060864,
            "p75": 0.4037374588653717,
            "p90": 0.45394193066280736
          },
          "base_top_value_optimal_rate": 0.20833333333333334,
          "seed_top_value_optimal_rate": 0.16666666666666666
        },
        "cool": {
          "states": 7,
          "episodes": 7,
          "expected_discounted_value_delta": {
            "count": 7,
            "mean": 0.0,
            "std": 0.0,
            "p10": 0.0,
            "p25": 0.0,
            "median": 0.0,
            "p75": 0.0,
            "p90": 0.0
          },
          "expected_success_delta": {
            "count": 7,
            "mean": 0.0,
            "std": 0.0,
            "p10": 0.0,
            "p25": 0.0,
            "median": 0.0,
            "p75": 0.0,
            "p90": 0.0
          },
          "top_discounted_value_delta": {
            "count": 7,
            "mean": 0.0,
            "std": 0.0,
            "p10": 0.0,
            "p25": 0.0,
            "median": 0.0,
            "p75": 0.0,
            "p90": 0.0
          },
          "delta_logit_value_spearman": {
            "count": 0,
            "mean": NaN,
            "median": NaN
          },
          "base_top_value_optimal_rate": 1.0,
          "seed_top_value_optimal_rate": 1.0
        },
        "examine": {
          "states": 2,
          "episodes": 2,
          "expected_discounted_value_delta": {
            "count": 2,
            "mean": 0.0,
            "std": 0.0,
            "p10": 0.0,
            "p25": 0.0,
            "median": 0.0,
            "p75": 0.0,
            "p90": 0.0
          },
          "expected_success_delta": {
            "count": 2,
            "mean": 0.0,
            "std": 0.0,
            "p10": 0.0,
            "p25": 0.0,
            "median": 0.0,
            "p75": 0.0,
            "p90": 0.0
          },
          "top_discounted_value_delta": {
            "count": 2,
            "mean": 0.0,
            "std": 0.0,
            "p10": 0.0,
            "p25": 0.0,
            "median": 0.0,
            "p75": 0.0,
            "p90": 0.0
          },
          "delta_logit_value_spearman": {
            "count": 0,
            "mean": NaN,
            "median": NaN
          },
          "base_top_value_optimal_rate": 0.5,
          "seed_top_value_optimal_rate": 0.5
        },
        "go": {
          "states": 330,
          "episodes": 34,
          "expected_discounted_value_delta": {
            "count": 330,
            "mean": 0.025444048709773605,
            "std": 0.06354495579155345,
            "p10": 0.0,
            "p25": 0.0,
            "median": 0.00661333030569434,
            "p75": 0.04401160209638062,
            "p90": 0.11167045122285656
          },
          "expected_success_delta": {
            "count": 330,
            "mean": 0.03278664057340442,
            "std": 0.0724964044360419,
            "p10": -1.5998810188507246e-16,
            "p25": 0.0,
            "median": 0.0,
            "p75": 3.473732938666721e-16,
            "p90": 0.1312517710191095
          },
          "top_discounted_value_delta": {
            "count": 330,
            "mean": 0.006991206018868235,
            "std": 0.14624403157961063,
            "p10": -0.038689046874999966,
            "p25": 0.0,
            "median": 0.0,
            "p75": 0.0,
            "p90": 0.08247463574609769
          },
          "delta_logit_value_spearman": {
            "count": 229,
            "mean": 0.31617797826803384,
            "std": 0.16071088080958382,
            "p10": 0.10425408608153995,
            "p25": 0.2261689607997604,
            "median": 0.33709397359550775,
            "p75": 0.4137426283773525,
            "p90": 0.502536734692577
          },
          "base_top_value_optimal_rate": 0.21515151515151515,
          "seed_top_value_optimal_rate": 0.20909090909090908
        },
        "heat": {
          "states": 4,
          "episodes": 4,
          "expected_discounted_value_delta": {
            "count": 4,
            "mean": -0.015585772041044527,
            "std": 0.004592016769841533,
            "p10": -0.020281052188060967,
            "p25": -0.01989236123903661,
            "median": -0.015889492747561986,
            "p75": -0.011582903549569904,
            "p90": -0.010647515328814116
          },
          "expected_success_delta": {
            "count": 4,
            "mean": 6.938893903907228e-17,
            "std": 1.977280401740251e-16,
            "p10": -1.554312234475219e-16,
            "p25": -5.551115123125783e-17,
            "median": 1.1102230246251565e-16,
            "p75": 2.3592239273284576e-16,
            "p90": 2.609024107869118e-16
          },
          "top_discounted_value_delta": {
            "count": 4,
            "mean": 0.0,
            "std": 0.0,
            "p10": 0.0,
            "p25": 0.0,
            "median": 0.0,
            "p75": 0.0,
            "p90": 0.0
          },
          "delta_logit_value_spearman": {
            "count": 4,
            "mean": -0.6674852811083386,
            "std": 0.0,
            "p10": -0.6674852811083386,
            "p25": -0.6674852811083386,
            "median": -0.6674852811083386,
            "p75": -0.6674852811083386,
            "p90": -0.6674852811083386
          },
          "base_top_value_optimal_rate": 0.0,
          "seed_top_value_optimal_rate": 0.0
        },
        "move": {
          "states": 29,
          "episodes": 28,
          "expected_discounted_value_delta": {
            "count": 29,
            "mean": -0.0008722817814619884,
            "std": 0.0046156813338416244,
            "p10": 0.0,
            "p25": 0.0,
            "median": 0.0,
            "p75": 0.0,
            "p90": 0.0
          },
          "expected_success_delta": {
            "count": 29,
            "mean": 1.6270509843644534e-17,
            "std": 8.609544550102373e-17,
            "p10": 0.0,
            "p25": 0.0,
            "median": 0.0,
            "p75": 0.0,
            "p90": 0.0
          },
          "top_discounted_value_delta": {
            "count": 29,
            "mean": 0.0010323050676523794,
            "std": 0.005462444972319808,
            "p10": 0.0,
            "p25": 0.0,
            "median": 0.0,
            "p75": 0.0,
            "p90": 0.0
          },
          "delta_logit_value_spearman": {
            "count": 1,
            "mean": -0.11533909205994644,
            "std": 0.0,
            "p10": -0.11533909205994644,
            "p25": -0.11533909205994644,
            "median": -0.11533909205994644,
            "p75": -0.11533909205994644,
            "p90": -0.11533909205994644
          },
          "base_top_value_optimal_rate": 0.9655172413793104,
          "seed_top_value_optimal_rate": 0.9655172413793104
        },
        "open": {
          "states": 55,
          "episodes": 19,
          "expected_discounted_value_delta": {
            "count": 55,
            "mean": 0.0074449351663085,
            "std": 0.045576353826818246,
            "p10": -0.052105725560603076,
            "p25": 0.0,
            "median": 0.01878677559415301,
            "p75": 0.031903851196072815,
            "p90": 0.03979817484128556
          },
          "expected_success_delta": {
            "count": 55,
            "mean": -0.011187871631233918,
            "std": 0.0822137304128474,
            "p10": -1.6653345369377348e-16,
            "p25": -1.1102230246251565e-16,
            "median": 0.0,
            "p75": 1.6653345369377348e-16,
            "p90": 2.220446049250313e-16
          },
          "top_discounted_value_delta": {
            "count": 55,
            "mean": 0.00867800365666801,
            "std": 0.13530676009155193,
            "p10": -0.1301921607592365,
            "p25": -0.016585510782226587,
            "median": 0.025667104163975274,
            "p75": 0.054071558772030986,
            "p90": 0.07544364140625004
          },
          "delta_logit_value_spearman": {
            "count": 47,
            "mean": 0.29327730127852253,
            "std": 0.2100150564863793,
            "p10": 0.009423174014197113,
            "p25": 0.2461238131657274,
            "median": 0.34333354829412344,
            "p75": 0.40554109051391596,
            "p90": 0.5068697325963447
          },
          "base_top_value_optimal_rate": 0.16363636363636364,
          "seed_top_value_optimal_rate": 0.14545454545454545
        },
        "take": {
          "states": 35,
          "episodes": 34,
          "expected_discounted_value_delta": {
            "count": 35,
            "mean": 0.005256403220314386,
            "std": 0.02135162101593314,
            "p10": 0.0,
            "p25": 0.0,
            "median": 0.0,
            "p75": 0.0,
            "p90": 0.0
          },
          "expected_success_delta": {
            "count": 35,
            "mean": 0.007756714391292907,
            "std": 0.03158339768386406,
            "p10": 0.0,
            "p25": 0.0,
            "median": 0.0,
            "p75": 0.0,
            "p90": 0.0
          },
          "top_discounted_value_delta": {
            "count": 35,
            "mean": 0.0019453681819754471,
            "std": 0.01134334828686149,
            "p10": 0.0,
            "p25": 0.0,
            "median": 0.0,
            "p75": 0.0,
            "p90": 0.0
          },
          "delta_logit_value_spearman": {
            "count": 2,
            "mean": 0.1260644569396725,
            "std": 0.07672412269149058,
            "p10": 0.06468515878648005,
            "p25": 0.08770239559392723,
            "median": 0.1260644569396725,
            "p75": 0.1644265182854178,
            "p90": 0.18744375509286498
          },
          "base_top_value_optimal_rate": 0.8857142857142857,
          "seed_top_value_optimal_rate": 0.8857142857142857
        },
        "use": {
          "states": 6,
          "episodes": 6,
          "expected_discounted_value_delta": {
            "count": 6,
            "mean": 0.0,
            "std": 0.0,
            "p10": 0.0,
            "p25": 0.0,
            "median": 0.0,
            "p75": 0.0,
            "p90": 0.0
          },
          "expected_success_delta": {
            "count": 6,
            "mean": 0.0,
            "std": 0.0,
            "p10": 0.0,
            "p25": 0.0,
            "median": 0.0,
            "p75": 0.0,
            "p90": 0.0
          },
          "top_discounted_value_delta": {
            "count": 6,
            "mean": 0.0,
            "std": 0.0,
            "p10": 0.0,
            "p25": 0.0,
            "median": 0.0,
            "p75": 0.0,
            "p90": 0.0
          },
          "delta_logit_value_spearman": {
            "count": 0,
            "mean": NaN,
            "median": NaN
          },
          "base_top_value_optimal_rate": 0.0,
          "seed_top_value_optimal_rate": 0.0
        }
      }
    }
  }
}
