{
  "comparison_label": "mean12_base_predicted_skill_seed_20260904",
  "splits": {
    "valid_seen": {
      "states": 444,
      "episodes": 33,
      "candidate_actions": 12680,
      "candidate_success_rate": 0.9409305993690852,
      "states_with_binary_value_variation": 141,
      "states_with_discounted_value_variation": 432,
      "expert_action_value_optimal_rate": 0.40765765765765766,
      "base_top_value_optimal_rate": 0.3130630630630631,
      "seed_top_value_optimal_rate": 0.3310810810810811,
      "base_expected_discounted_value": 0.5954424736046026,
      "comparison_expected_discounted_value": 0.6197604370072735,
      "relative_expected_discounted_value_gain": 0.040840155818006,
      "relative_top_value_optimal_rate_gain": 0.057553956834532315,
      "required_relative_improvement": 0.3,
      "meets_required_relative_expected_value_improvement": false,
      "practical_threshold": 0.8,
      "meets_practical_threshold": false,
      "gap_to_practical_threshold": -0.46891891891891896,
      "descriptive": {
        "success_expected_value_delta": {
          "count": 444,
          "mean": 0.01595528828552079,
          "std": 0.06330429655665913,
          "p10": -1.4814144614521458e-16,
          "p25": 0.0,
          "median": 0.0,
          "p75": 7.28583859910259e-17,
          "p90": 0.02285129400389506
        },
        "discounted_expected_value_delta": {
          "count": 444,
          "mean": 0.024317963402670915,
          "std": 0.05239212447216352,
          "p10": 0.0,
          "p25": 0.0,
          "median": 0.0,
          "p75": 0.03462065398005272,
          "p90": 0.09334271732677123
        },
        "discounted_top_value_delta": {
          "count": 444,
          "mean": 0.018431091976387873,
          "std": 0.10423784060830896,
          "p10": 0.0,
          "p25": 0.0,
          "median": 0.0,
          "p75": 0.0,
          "p90": 0.06808788636914065
        },
        "discounted_added_minus_removed_value": {
          "count": 256,
          "mean": 0.12496831180808274,
          "std": 0.17011325079974415,
          "p10": -0.006794950219871088,
          "p25": 0.03250426088284869,
          "median": 0.06319026104440742,
          "p75": 0.19170451336449867,
          "p90": 0.3860430149079287
        },
        "discounted_probability_on_value_optimal_delta": {
          "count": 444,
          "mean": 0.03401368404886534,
          "std": 0.11176711714961998,
          "p10": -0.0054090516305924236,
          "p25": 0.0,
          "median": 0.0,
          "p75": 0.08039818589811484,
          "p90": 0.16507744217936257
        },
        "delta_logit_value_spearman": {
          "count": 248,
          "mean": 0.21209343653354076,
          "std": 0.2298494648809696,
          "p10": -0.04984276743523958,
          "p25": 0.07931409404701291,
          "median": 0.2353369820702356,
          "p75": 0.3848107689203498,
          "p90": 0.46367101064460253
        },
        "delta_probability_value_spearman": {
          "count": 248,
          "mean": 0.2230357798782695,
          "std": 0.28268885511506847,
          "p10": -0.14741057971698965,
          "p25": 0.011497813245340993,
          "median": 0.21558292322710088,
          "p75": 0.4484381157570986,
          "p90": 0.5883018363558846
        },
        "discounted_base_expected_value": {
          "count": 444,
          "mean": 0.5954424736046026,
          "std": 0.22930173481099167,
          "p10": 0.29850265785010116,
          "p25": 0.4258424592848576,
          "median": 0.6051785000275711,
          "p75": 0.7760449478021288,
          "p90": 0.9001514825251565
        },
        "discounted_seed_expected_value": {
          "count": 444,
          "mean": 0.6197604370072735,
          "std": 0.22518249702194432,
          "p10": 0.3337979788836808,
          "p25": 0.47243066862107214,
          "median": 0.6455144842922781,
          "p75": 0.8015663500651098,
          "p90": 0.9088657180278625
        },
        "discounted_base_top_value": {
          "count": 444,
          "mean": 0.5964754861858304,
          "std": 0.3072007387331905,
          "p10": 0.0,
          "p25": 0.3972143184582182,
          "median": 0.6634204312890623,
          "p75": 0.8145062499999999,
          "p90": 0.95
        },
        "discounted_seed_top_value": {
          "count": 444,
          "mean": 0.6149065781622182,
          "std": 0.30747950831590093,
          "p10": 0.0,
          "p25": 0.46329123015975304,
          "median": 0.6983372960937497,
          "p75": 0.8573749999999999,
          "p90": 0.95
        }
      },
      "episode_cluster_bootstrap": {
        "success_expected_value_delta": {
          "observed": 0.015955288285520793,
          "ci95": [
            0.009973982426886826,
            0.02207871505711556
          ],
          "probability_positive": 1.0,
          "clusters": 33
        },
        "discounted_expected_value_delta": {
          "observed": 0.024317963402670915,
          "ci95": [
            0.01597386643336354,
            0.03255480781277627
          ],
          "probability_positive": 1.0,
          "clusters": 33
        },
        "discounted_top_value_delta": {
          "observed": 0.018431091976387877,
          "ci95": [
            -0.0026415079108146494,
            0.04318409117305865
          ],
          "probability_positive": 0.9487,
          "clusters": 33
        },
        "discounted_added_minus_removed_value": {
          "observed": 0.12496831180808275,
          "ci95": [
            0.0879384024585009,
            0.16069147435791872
          ],
          "probability_positive": 1.0,
          "clusters": 33
        },
        "discounted_probability_on_value_optimal_delta": {
          "observed": 0.03401368404886534,
          "ci95": [
            0.00956588790408458,
            0.05694782426431227
          ],
          "probability_positive": 0.9984,
          "clusters": 33
        },
        "delta_logit_value_spearman": {
          "observed": 0.21209343653354076,
          "ci95": [
            0.17274262432475085,
            0.24270284961940777
          ],
          "probability_positive": 1.0,
          "clusters": 33
        },
        "delta_probability_value_spearman": {
          "observed": 0.2230357798782695,
          "ci95": [
            0.18059337861410027,
            0.2585527471734879
          ],
          "probability_positive": 1.0,
          "clusters": 33
        },
        "discounted_base_expected_value": {
          "observed": 0.5954424736046026,
          "ci95": [
            0.5416615512874872,
            0.6500842491316557
          ],
          "probability_positive": 1.0,
          "clusters": 33
        },
        "discounted_seed_expected_value": {
          "observed": 0.6197604370072736,
          "ci95": [
            0.5651350731443373,
            0.6727601517346945
          ],
          "probability_positive": 1.0,
          "clusters": 33
        },
        "discounted_base_top_value": {
          "observed": 0.5964754861858304,
          "ci95": [
            0.5510014359604969,
            0.6529195332074516
          ],
          "probability_positive": 1.0,
          "clusters": 33
        },
        "discounted_seed_top_value": {
          "observed": 0.6149065781622182,
          "ci95": [
            0.5671805823514247,
            0.6661965698073296
          ],
          "probability_positive": 1.0,
          "clusters": 33
        }
      },
      "by_expert_transition": {
        "changed_nonexpert": {
          "states": 89,
          "episodes": 20,
          "expected_discounted_value_delta": {
            "count": 89,
            "mean": 0.0562276553547103,
            "std": 0.06214499369918529,
            "p10": 0.0028070354383689213,
            "p25": 0.01047873801684978,
            "median": 0.036097958021157645,
            "p75": 0.08093591129633079,
            "p90": 0.13625295085541922
          },
          "expected_success_delta": {
            "count": 89,
            "mean": 0.046185096540645273,
            "std": 0.08866225805742982,
            "p10": -2.0521177327413076e-16,
            "p25": -8.326672684688674e-17,
            "median": 7.245105578762519e-17,
            "p75": 0.0601650822044882,
            "p90": 0.19465179612873532
          },
          "top_discounted_value_delta": {
            "count": 89,
            "mean": 0.0753371162211556,
            "std": 0.1849512044882098,
            "p10": -0.06955903737656252,
            "p25": 0.0,
            "median": 0.038689046874999966,
            "p75": 0.11036050621093751,
            "p90": 0.34635845383256064
          },
          "delta_logit_value_spearman": {
            "count": 89,
            "mean": 0.19949746907005161,
            "std": 0.25534264591078387,
            "p10": -0.002707651805369402,
            "p25": 0.08297992817215975,
            "median": 0.2266587902291916,
            "p75": 0.38163563536880724,
            "p90": 0.4588844249513675
          },
          "base_top_value_optimal_rate": 0.10112359550561797,
          "seed_top_value_optimal_rate": 0.2808988764044944
        },
        "harmed_from_expert": {
          "states": 71,
          "episodes": 23,
          "expected_discounted_value_delta": {
            "count": 71,
            "mean": 0.029738846228023127,
            "std": 0.06772667916813244,
            "p10": -0.014152028868645217,
            "p25": 0.017770587760908105,
            "median": 0.0344216490839774,
            "p75": 0.04665350985965298,
            "p90": 0.06772390925452422
          },
          "expected_success_delta": {
            "count": 71,
            "mean": -0.005014852132435589,
            "std": 0.061230270649599856,
            "p10": -2.220446049250313e-16,
            "p25": -1.283629727169425e-16,
            "median": 0.0,
            "p75": 1.2750217548429532e-16,
            "p90": 2.220446049250313e-16
          },
          "top_discounted_value_delta": {
            "count": 71,
            "mean": 0.018742116379337714,
            "std": 0.13980870432647471,
            "p10": -0.04749999999999999,
            "p25": -0.024270275900318106,
            "median": 0.027018004383131844,
            "p75": 0.034916864804687475,
            "p90": 0.06468349205068358
          },
          "delta_logit_value_spearman": {
            "count": 70,
            "mean": 0.2684932770660717,
            "std": 0.23658750428723332,
            "p10": -0.1144320012437744,
            "p25": 0.1414730746789035,
            "median": 0.3386038543864822,
            "p75": 0.43977131453274687,
            "p90": 0.5030953230351324
          },
          "base_top_value_optimal_rate": 0.22535211267605634,
          "seed_top_value_optimal_rate": 0.09859154929577464
        },
        "rescued_to_expert": {
          "states": 2,
          "episodes": 2,
          "expected_discounted_value_delta": {
            "count": 2,
            "mean": 0.025645197639954258,
            "std": 0.0026352088481954063,
            "p10": 0.023537030561397932,
            "p25": 0.024327593215856556,
            "median": 0.025645197639954258,
            "p75": 0.02696280206405196,
            "p90": 0.027753364718510583
          },
          "expected_success_delta": {
            "count": 2,
            "mean": 1.0408340855860843e-16,
            "std": 1.5959455978986625e-16,
            "p10": -2.3592239273284573e-17,
            "p25": 2.42861286636753e-17,
            "median": 1.0408340855860843e-16,
            "p75": 1.8388068845354155e-16,
            "p90": 2.317590563905014e-16
          },
          "top_discounted_value_delta": {
            "count": 2,
            "mean": 0.07385561545019537,
            "std": 0.030986865450195356,
            "p10": 0.049066123090039084,
            "p25": 0.05836218272509769,
            "median": 0.07385561545019537,
            "p75": 0.08934904817529304,
            "p90": 0.09864510781035166
          },
          "delta_logit_value_spearman": {
            "count": 2,
            "mean": 0.29140116686020884,
            "std": 0.09532771761457505,
            "p10": 0.21513899276854878,
            "p25": 0.2437373080529213,
            "median": 0.29140116686020884,
            "p75": 0.33906502566749636,
            "p90": 0.36766334095186887
          },
          "base_top_value_optimal_rate": 0.0,
          "seed_top_value_optimal_rate": 0.5
        },
        "stable_expert": {
          "states": 111,
          "episodes": 32,
          "expected_discounted_value_delta": {
            "count": 111,
            "mean": 0.01352913556998104,
            "std": 0.03867422546958014,
            "p10": 0.0,
            "p25": 0.0,
            "median": 0.0,
            "p75": 0.0,
            "p90": 0.04368589385410079
          },
          "expected_success_delta": {
            "count": 111,
            "mean": 0.00945937903901697,
            "std": 0.04169914347699677,
            "p10": -4.6024382222009663e-17,
            "p25": 0.0,
            "median": 0.0,
            "p75": 0.0,
            "p90": 2.1091543903105706e-16
          },
          "top_discounted_value_delta": {
            "count": 111,
            "mean": 0.0,
            "std": 0.0,
            "p10": 0.0,
            "p25": 0.0,
            "median": 0.0,
            "p75": 0.0,
            "p90": 0.0
          },
          "delta_logit_value_spearman": {
            "count": 31,
            "mean": 0.15041459388108905,
            "std": 0.15815955695614584,
            "p10": -0.05272602713114901,
            "p25": 0.04856697304919068,
            "median": 0.165392538757801,
            "p75": 0.26979828210718904,
            "p90": 0.2958039891549808
          },
          "base_top_value_optimal_rate": 0.8918918918918919,
          "seed_top_value_optimal_rate": 0.8918918918918919
        },
        "stable_nonexpert": {
          "states": 171,
          "episodes": 31,
          "expected_discounted_value_delta": {
            "count": 171,
            "mean": 0.012446970166545166,
            "std": 0.03851002977698526,
            "p10": 0.0,
            "p25": 0.0,
            "median": 0.0,
            "p75": 0.0062280226381410675,
            "p90": 0.044799523158749376
          },
          "expected_success_delta": {
            "count": 171,
            "mean": 0.013331800203075115,
            "std": 0.05415755525798584,
            "p10": -4.721700461174372e-17,
            "p25": 0.0,
            "median": 0.0,
            "p75": 0.0,
            "p90": 2.715574923403078e-16
          },
          "top_discounted_value_delta": {
            "count": 171,
            "mean": 0.0,
            "std": 0.0,
            "p10": 0.0,
            "p25": 0.0,
            "median": 0.0,
            "p75": 0.0,
            "p90": 0.0
          },
          "delta_logit_value_spearman": {
            "count": 56,
            "mean": 0.19292345311471998,
            "std": 0.19818770797694882,
            "p10": -0.04004769106188204,
            "p25": 0.02901456767504092,
            "median": 0.20574444469264058,
            "p75": 0.3286469608067247,
            "p90": 0.4472431299513554
          },
          "base_top_value_optimal_rate": 0.08771929824561403,
          "seed_top_value_optimal_rate": 0.08771929824561403
        }
      },
      "by_task_type": {
        "look_at_obj_in_light": {
          "states": 52,
          "episodes": 3,
          "expected_discounted_value_delta": {
            "count": 52,
            "mean": 0.010121755399315277,
            "std": 0.04902751764600095,
            "p10": 0.0,
            "p25": 0.0,
            "median": 0.0,
            "p75": 0.0,
            "p90": 0.0
          },
          "expected_success_delta": {
            "count": 52,
            "mean": 0.0028595754554964718,
            "std": 0.019818311526313668,
            "p10": 0.0,
            "p25": 0.0,
            "median": 0.0,
            "p75": 0.0,
            "p90": 0.0
          },
          "top_discounted_value_delta": {
            "count": 52,
            "mean": 0.009853382192388887,
            "std": 0.06686605318482844,
            "p10": 0.0,
            "p25": 0.0,
            "median": 0.0,
            "p75": 0.0,
            "p90": 0.0
          },
          "delta_logit_value_spearman": {
            "count": 5,
            "mean": 0.3313390429220334,
            "std": 0.11009608572278984,
            "p10": 0.2181139330208915,
            "p25": 0.2342377163222042,
            "median": 0.305542627778552,
            "p75": 0.40645793967490196,
            "p90": 0.46443848787865627
          },
          "base_top_value_optimal_rate": 0.019230769230769232,
          "seed_top_value_optimal_rate": 0.038461538461538464
        },
        "pick_and_place_simple": {
          "states": 85,
          "episodes": 10,
          "expected_discounted_value_delta": {
            "count": 85,
            "mean": 0.031229266412792323,
            "std": 0.047568595649185336,
            "p10": 0.0,
            "p25": 0.0,
            "median": 0.006527310851843519,
            "p75": 0.05368194546346922,
            "p90": 0.10294473528429092
          },
          "expected_success_delta": {
            "count": 85,
            "mean": 0.005432653947565463,
            "std": 0.03036648783995801,
            "p10": -1.7277845820728998e-16,
            "p25": -5.551115123125783e-17,
            "median": 0.0,
            "p75": 0.0,
            "p90": 2.4424906541753456e-16
          },
          "top_discounted_value_delta": {
            "count": 85,
            "mean": 0.03163026457195226,
            "std": 0.11700634220380991,
            "p10": -0.016210802629879097,
            "p25": 0.0,
            "median": 0.0,
            "p75": 0.0,
            "p90": 0.10354732218750047
          },
          "delta_logit_value_spearman": {
            "count": 53,
            "mean": 0.22894642420552458,
            "std": 0.21139991845692782,
            "p10": 0.0033717556222338883,
            "p25": 0.06050778945733867,
            "median": 0.269050113268593,
            "p75": 0.4004182285565194,
            "p90": 0.4616400253092291
          },
          "base_top_value_optimal_rate": 0.35294117647058826,
          "seed_top_value_optimal_rate": 0.4117647058823529
        },
        "pick_clean_then_place_in_recep": {
          "states": 80,
          "episodes": 6,
          "expected_discounted_value_delta": {
            "count": 80,
            "mean": 0.027717198515580133,
            "std": 0.037831931448302984,
            "p10": 0.0,
            "p25": 0.0,
            "median": 0.01697111647943971,
            "p75": 0.04087701505950679,
            "p90": 0.06651914080921151
          },
          "expected_success_delta": {
            "count": 80,
            "mean": 0.013693837201650415,
            "std": 0.04683108304470278,
            "p10": -8.955509944730265e-17,
            "p25": 0.0,
            "median": 0.0,
            "p75": 9.242823520438925e-17,
            "p90": 2.571890183461496e-16
          },
          "top_discounted_value_delta": {
            "count": 80,
            "mean": -0.0038383088134992882,
            "std": 0.08796947914758488,
            "p10": -0.001189134426276657,
            "p25": 0.0,
            "median": 0.0,
            "p75": 0.027018004383131844,
            "p90": 0.06144931744814941
          },
          "delta_logit_value_spearman": {
            "count": 48,
            "mean": 0.19843596788413734,
            "std": 0.24122257032564787,
            "p10": -0.09846933988741018,
            "p25": 0.050586341754239234,
            "median": 0.19571414828731548,
            "p75": 0.358369033677406,
            "p90": 0.5302695912879714
          },
          "base_top_value_optimal_rate": 0.3625,
          "seed_top_value_optimal_rate": 0.3375
        },
        "pick_cool_then_place_in_recep": {
          "states": 92,
          "episodes": 7,
          "expected_discounted_value_delta": {
            "count": 92,
            "mean": 0.01370762381943802,
            "std": 0.0597915600199212,
            "p10": -0.0018531459068714114,
            "p25": 0.0,
            "median": 0.0,
            "p75": 0.013084815906735547,
            "p90": 0.04596859677185267
          },
          "expected_success_delta": {
            "count": 92,
            "mean": 0.016240087850524103,
            "std": 0.08472675422821058,
            "p10": -1.4814538484841934e-16,
            "p25": 0.0,
            "median": 0.0,
            "p75": 7.979727989493313e-17,
            "p90": 0.11146934508055754
          },
          "top_discounted_value_delta": {
            "count": 92,
            "mean": -0.011378718099163737,
            "std": 0.08557573057745568,
            "p10": -0.04410418648046883,
            "p25": 0.0,
            "median": 0.0,
            "p75": 0.0,
            "p90": 0.034916864804687475
          },
          "delta_logit_value_spearman": {
            "count": 52,
            "mean": 0.14819191890557337,
            "std": 0.19057412161112353,
            "p10": -0.052356903623024295,
            "p25": 0.0172670681857261,
            "median": 0.11710103836169619,
            "p75": 0.250444002756675,
            "p90": 0.4303510761831515
          },
          "base_top_value_optimal_rate": 0.391304347826087,
          "seed_top_value_optimal_rate": 0.2717391304347826
        },
        "pick_heat_then_place_in_recep": {
          "states": 111,
          "episodes": 6,
          "expected_discounted_value_delta": {
            "count": 111,
            "mean": 0.037760829626170764,
            "std": 0.055388573739473285,
            "p10": 0.0,
            "p25": 0.0,
            "median": 0.016990638050920413,
            "p75": 0.055795582335504974,
            "p90": 0.11894037877873534
          },
          "expected_success_delta": {
            "count": 111,
            "mean": 0.0331855523354649,
            "std": 0.07816430919766736,
            "p10": -2.1420827961350815e-16,
            "p25": -4.789463096954716e-17,
            "median": 0.0,
            "p75": 1.6653345369377348e-16,
            "p90": 0.15236775253725926
          },
          "top_discounted_value_delta": {
            "count": 111,
            "mean": 0.05708435355945098,
            "std": 0.12809149432059935,
            "p10": 0.0,
            "p25": 0.0,
            "median": 0.0,
            "p75": 0.03675459453125007,
            "p90": 0.2049808452235401
          },
          "delta_logit_value_spearman": {
            "count": 84,
            "mean": 0.24705663043355583,
            "std": 0.2501874859815255,
            "p10": 0.012031475897726162,
            "p25": 0.19171280462146115,
            "median": 0.3122190952464374,
            "p75": 0.3944846018895179,
            "p90": 0.4698273650407608
          },
          "base_top_value_optimal_rate": 0.2072072072072072,
          "seed_top_value_optimal_rate": 0.34234234234234234
        },
        "pick_two_obj_and_place": {
          "states": 24,
          "episodes": 1,
          "expected_discounted_value_delta": {
            "count": 24,
            "mean": -0.002232189008563264,
            "std": 0.0477342888461149,
            "p10": 0.0,
            "p25": 0.0,
            "median": 0.0,
            "p75": 0.0,
            "p90": 0.016171233768372803
          },
          "expected_success_delta": {
            "count": 24,
            "mean": 0.008353463413562351,
            "std": 0.0687240509846015,
            "p10": 0.0,
            "p25": 0.0,
            "median": 0.0,
            "p75": 0.0,
            "p90": 0.04165000250710596
          },
          "top_discounted_value_delta": {
            "count": 24,
            "mean": 0.0,
            "std": 0.0,
            "p10": 0.0,
            "p25": 0.0,
            "median": 0.0,
            "p75": 0.0,
            "p90": 0.0
          },
          "delta_logit_value_spearman": {
            "count": 6,
            "mean": 0.13744222747800713,
            "std": 0.21978029891432624,
            "p10": -0.1239627572420446,
            "p25": 0.003546901817734975,
            "median": 0.13892973255655283,
            "p75": 0.3393679150290851,
            "p90": 0.39735970711951313
          },
          "base_top_value_optimal_rate": 0.8333333333333334,
          "seed_top_value_optimal_rate": 0.8333333333333334
        }
      },
      "by_action_verb": {
        "clean": {
          "states": 6,
          "episodes": 6,
          "expected_discounted_value_delta": {
            "count": 6,
            "mean": 0.0,
            "std": 0.0,
            "p10": 0.0,
            "p25": 0.0,
            "median": 0.0,
            "p75": 0.0,
            "p90": 0.0
          },
          "expected_success_delta": {
            "count": 6,
            "mean": 0.0,
            "std": 0.0,
            "p10": 0.0,
            "p25": 0.0,
            "median": 0.0,
            "p75": 0.0,
            "p90": 0.0
          },
          "top_discounted_value_delta": {
            "count": 6,
            "mean": 0.0,
            "std": 0.0,
            "p10": 0.0,
            "p25": 0.0,
            "median": 0.0,
            "p75": 0.0,
            "p90": 0.0
          },
          "delta_logit_value_spearman": {
            "count": 0,
            "mean": NaN,
            "median": NaN
          },
          "base_top_value_optimal_rate": 1.0,
          "seed_top_value_optimal_rate": 1.0
        },
        "close": {
          "states": 56,
          "episodes": 18,
          "expected_discounted_value_delta": {
            "count": 56,
            "mean": 0.051950285882195094,
            "std": 0.07186714722266638,
            "p10": 0.0,
            "p25": 0.0,
            "median": 0.017578000468115706,
            "p75": 0.07614051730956292,
            "p90": 0.16211218670348507
          },
          "expected_success_delta": {
            "count": 56,
            "mean": 0.04997509815143654,
            "std": 0.10055262574577872,
            "p10": -1.016324128466097e-16,
            "p25": 0.0,
            "median": 0.0,
            "p75": 2.845902589041177e-16,
            "p90": 0.20602743302785662
          },
          "top_discounted_value_delta": {
            "count": 56,
            "mean": 0.043194417351360856,
            "std": 0.0941958039922885,
            "p10": 0.0,
            "p25": 0.0,
            "median": 0.0,
            "p75": 0.06310895967839722,
            "p90": 0.1163218077929688
          },
          "delta_logit_value_spearman": {
            "count": 32,
            "mean": 0.2090787685957114,
            "std": 0.17400110011129608,
            "p10": 0.012462875226577465,
            "p25": 0.07539891109498856,
            "median": 0.21343797919817803,
            "p75": 0.33855487808017265,
            "p90": 0.4338426776222899
          },
          "base_top_value_optimal_rate": 0.017857142857142856,
          "seed_top_value_optimal_rate": 0.125
        },
        "cool": {
          "states": 7,
          "episodes": 7,
          "expected_discounted_value_delta": {
            "count": 7,
            "mean": 0.0,
            "std": 0.0,
            "p10": 0.0,
            "p25": 0.0,
            "median": 0.0,
            "p75": 0.0,
            "p90": 0.0
          },
          "expected_success_delta": {
            "count": 7,
            "mean": 0.0,
            "std": 0.0,
            "p10": 0.0,
            "p25": 0.0,
            "median": 0.0,
            "p75": 0.0,
            "p90": 0.0
          },
          "top_discounted_value_delta": {
            "count": 7,
            "mean": 0.0,
            "std": 0.0,
            "p10": 0.0,
            "p25": 0.0,
            "median": 0.0,
            "p75": 0.0,
            "p90": 0.0
          },
          "delta_logit_value_spearman": {
            "count": 0,
            "mean": NaN,
            "median": NaN
          },
          "base_top_value_optimal_rate": 1.0,
          "seed_top_value_optimal_rate": 1.0
        },
        "examine": {
          "states": 1,
          "episodes": 1,
          "expected_discounted_value_delta": {
            "count": 1,
            "mean": 0.04658963563720821,
            "std": 0.0,
            "p10": 0.04658963563720821,
            "p25": 0.04658963563720821,
            "median": 0.04658963563720821,
            "p75": 0.04658963563720821,
            "p90": 0.04658963563720821
          },
          "expected_success_delta": {
            "count": 1,
            "mean": -2.0816681711721685e-17,
            "std": 0.0,
            "p10": -2.0816681711721685e-17,
            "p25": -2.0816681711721685e-17,
            "median": -2.0816681711721685e-17,
            "p75": -2.0816681711721685e-17,
            "p90": -2.0816681711721685e-17
          },
          "top_discounted_value_delta": {
            "count": 1,
            "mean": -0.3104897073402467,
            "std": 0.0,
            "p10": -0.3104897073402467,
            "p25": -0.3104897073402467,
            "median": -0.3104897073402467,
            "p75": -0.3104897073402467,
            "p90": -0.3104897073402467
          },
          "delta_logit_value_spearman": {
            "count": 1,
            "mean": 0.4830288735827375,
            "std": 0.0,
            "p10": 0.4830288735827375,
            "p25": 0.4830288735827375,
            "median": 0.4830288735827375,
            "p75": 0.4830288735827375,
            "p90": 0.4830288735827375
          },
          "base_top_value_optimal_rate": 1.0,
          "seed_top_value_optimal_rate": 0.0
        },
        "go": {
          "states": 238,
          "episodes": 33,
          "expected_discounted_value_delta": {
            "count": 238,
            "mean": 0.026567876765375403,
            "std": 0.044727956812329696,
            "p10": 0.0,
            "p25": 0.0,
            "median": 0.006519448889436072,
            "p75": 0.03298954777582574,
            "p90": 0.10716276387803897
          },
          "expected_success_delta": {
            "count": 238,
            "mean": 0.02058725679016894,
            "std": 0.05737192038793586,
            "p10": -1.653191472605897e-16,
            "p25": -2.0816681711721685e-17,
            "median": 0.0,
            "p75": 9.71445146547012e-17,
            "p90": 0.1259383256853179
          },
          "top_discounted_value_delta": {
            "count": 238,
            "mean": 0.022027199069261264,
            "std": 0.11676752648653796,
            "p10": -0.024383748955776496,
            "p25": 0.0,
            "median": 0.0,
            "p75": 0.0,
            "p90": 0.07167145933593755
          },
          "delta_logit_value_spearman": {
            "count": 155,
            "mean": 0.1909199372179687,
            "std": 0.1997874435497372,
            "p10": -0.051728043334360825,
            "p25": 0.05466363189306725,
            "median": 0.20242295951437025,
            "p75": 0.3295501842798575,
            "p90": 0.44606217885925453
          },
          "base_top_value_optimal_rate": 0.23529411764705882,
          "seed_top_value_optimal_rate": 0.2605042016806723
        },
        "heat": {
          "states": 6,
          "episodes": 6,
          "expected_discounted_value_delta": {
            "count": 6,
            "mean": -0.011860486783713682,
            "std": 0.008591575546738946,
            "p10": -0.01923314389318705,
            "p25": -0.01902488320430634,
            "median": -0.016348316457954,
            "p75": -0.00346181668083786,
            "p90": 0.0
          },
          "expected_success_delta": {
            "count": 6,
            "mean": -4.625929269271485e-18,
            "std": 1.4896641501916403e-16,
            "p10": -1.5265566588595902e-16,
            "p25": 0.0,
            "median": 0.0,
            "p75": 8.326672684688674e-17,
            "p90": 1.3877787807814457e-16
          },
          "top_discounted_value_delta": {
            "count": 6,
            "mean": 0.0,
            "std": 0.0,
            "p10": 0.0,
            "p25": 0.0,
            "median": 0.0,
            "p75": 0.0,
            "p90": 0.0
          },
          "delta_logit_value_spearman": {
            "count": 4,
            "mean": -0.6522260281272453,
            "std": 0.03833535785304667,
            "p10": -0.6897456194185155,
            "p25": -0.6662952200149661,
            "median": -0.6532672203463274,
            "p75": -0.6391980284586066,
            "p90": -0.6138734830607092
          },
          "base_top_value_optimal_rate": 0.3333333333333333,
          "seed_top_value_optimal_rate": 0.3333333333333333
        },
        "move": {
          "states": 31,
          "episodes": 30,
          "expected_discounted_value_delta": {
            "count": 31,
            "mean": -0.0068412483389172045,
            "std": 0.03747106036719701,
            "p10": 0.0,
            "p25": 0.0,
            "median": 0.0,
            "p75": 0.0,
            "p90": 0.0
          },
          "expected_success_delta": {
            "count": 31,
            "mean": -0.0068412483389172045,
            "std": 0.03747106036719701,
            "p10": 0.0,
            "p25": 0.0,
            "median": 0.0,
            "p75": 0.0,
            "p90": 0.0
          },
          "top_discounted_value_delta": {
            "count": 31,
            "mean": 0.0,
            "std": 0.0,
            "p10": 0.0,
            "p25": 0.0,
            "median": 0.0,
            "p75": 0.0,
            "p90": 0.0
          },
          "delta_logit_value_spearman": {
            "count": 1,
            "mean": -0.2151657414559676,
            "std": 0.0,
            "p10": -0.2151657414559676,
            "p25": -0.2151657414559676,
            "median": -0.2151657414559676,
            "p75": -0.2151657414559676,
            "p90": -0.2151657414559676
          },
          "base_top_value_optimal_rate": 0.967741935483871,
          "seed_top_value_optimal_rate": 0.967741935483871
        },
        "open": {
          "states": 62,
          "episodes": 21,
          "expected_discounted_value_delta": {
            "count": 62,
            "mean": 0.02782528918302558,
            "std": 0.06892686765044034,
            "p10": 0.0,
            "p25": 0.02104489242667912,
            "median": 0.031077034457331093,
            "p75": 0.046160109033065895,
            "p90": 0.06156841120080348
          },
          "expected_success_delta": {
            "count": 62,
            "mean": -0.00803001955094138,
            "std": 0.06271645759526408,
            "p10": -2.220446049250313e-16,
            "p25": -1.0581813203458523e-16,
            "median": 0.0,
            "p75": 1.1102230246251565e-16,
            "p90": 2.220446049250313e-16
          },
          "top_discounted_value_delta": {
            "count": 62,
            "mean": 0.012803947545501203,
            "std": 0.12082854139599312,
            "p10": -0.039281878532976454,
            "p25": 0.002972836065691653,
            "median": 0.027729004498477428,
            "p75": 0.034916864804687475,
            "p90": 0.04560210591668772
          },
          "delta_logit_value_spearman": {
            "count": 54,
            "mean": 0.33924309925692725,
            "std": 0.1793861101362652,
            "p10": 0.14169142103706914,
            "p25": 0.26085167874027676,
            "median": 0.36817414542484417,
            "p75": 0.44732172965329686,
            "p90": 0.5110397068223217
          },
          "base_top_value_optimal_rate": 0.0967741935483871,
          "seed_top_value_optimal_rate": 0.04838709677419355
        },
        "take": {
          "states": 34,
          "episodes": 33,
          "expected_discounted_value_delta": {
            "count": 34,
            "mean": 0.0022437978072805133,
            "std": 0.01288963707008757,
            "p10": 0.0,
            "p25": 0.0,
            "median": 0.0,
            "p75": 0.0,
            "p90": 0.0
          },
          "expected_success_delta": {
            "count": 34,
            "mean": 0.002815155791040476,
            "std": 0.016171838801396336,
            "p10": 0.0,
            "p25": 0.0,
            "median": 0.0,
            "p75": 0.0,
            "p90": 0.0
          },
          "top_discounted_value_delta": {
            "count": 34,
            "mean": 0.001137913143382352,
            "std": 0.006536813338478931,
            "p10": 0.0,
            "p25": 0.0,
            "median": 0.0,
            "p75": 0.0,
            "p90": 0.0
          },
          "delta_logit_value_spearman": {
            "count": 1,
            "mean": 0.3379750169783315,
            "std": 0.0,
            "p10": 0.3379750169783315,
            "p25": 0.3379750169783315,
            "median": 0.3379750169783315,
            "p75": 0.3379750169783315,
            "p90": 0.3379750169783315
          },
          "base_top_value_optimal_rate": 0.8823529411764706,
          "seed_top_value_optimal_rate": 0.8823529411764706
        },
        "use": {
          "states": 3,
          "episodes": 3,
          "expected_discounted_value_delta": {
            "count": 3,
            "mean": 0.0,
            "std": 0.0,
            "p10": 0.0,
            "p25": 0.0,
            "median": 0.0,
            "p75": 0.0,
            "p90": 0.0
          },
          "expected_success_delta": {
            "count": 3,
            "mean": 0.0,
            "std": 0.0,
            "p10": 0.0,
            "p25": 0.0,
            "median": 0.0,
            "p75": 0.0,
            "p90": 0.0
          },
          "top_discounted_value_delta": {
            "count": 3,
            "mean": 0.0,
            "std": 0.0,
            "p10": 0.0,
            "p25": 0.0,
            "median": 0.0,
            "p75": 0.0,
            "p90": 0.0
          },
          "delta_logit_value_spearman": {
            "count": 0,
            "mean": NaN,
            "median": NaN
          },
          "base_top_value_optimal_rate": 0.0,
          "seed_top_value_optimal_rate": 0.0
        }
      }
    },
    "valid_unseen": {
      "states": 527,
      "episodes": 34,
      "candidate_actions": 14980,
      "candidate_success_rate": 0.9283711615487317,
      "states_with_binary_value_variation": 207,
      "states_with_discounted_value_variation": 513,
      "expert_action_value_optimal_rate": 0.36622390891840606,
      "base_top_value_optimal_rate": 0.3187855787476281,
      "seed_top_value_optimal_rate": 0.3567362428842505,
      "base_expected_discounted_value": 0.569995599316029,
      "comparison_expected_discounted_value": 0.5929152820951094,
      "relative_expected_discounted_value_gain": 0.04021028023125631,
      "relative_top_value_optimal_rate_gain": 0.11904761904761908,
      "required_relative_improvement": 0.3,
      "meets_required_relative_expected_value_improvement": false,
      "practical_threshold": 0.8,
      "meets_practical_threshold": false,
      "gap_to_practical_threshold": -0.44326375711574956,
      "descriptive": {
        "success_expected_value_delta": {
          "count": 527,
          "mean": 0.023420213373521685,
          "std": 0.06906581483495781,
          "p10": -1.310834307852865e-16,
          "p25": 0.0,
          "median": 0.0,
          "p75": 2.0204869813919904e-16,
          "p90": 0.1082416932594634
        },
        "discounted_expected_value_delta": {
          "count": 527,
          "mean": 0.022919682779080346,
          "std": 0.04935295347915325,
          "p10": 0.0,
          "p25": 0.0,
          "median": 0.0,
          "p75": 0.03189703406761146,
          "p90": 0.08626245379890886
        },
        "discounted_top_value_delta": {
          "count": 527,
          "mean": 0.018372784495151156,
          "std": 0.10361358199777668,
          "p10": 0.0,
          "p25": 0.0,
          "median": 0.0,
          "p75": 0.0,
          "p90": 0.048176580383188686
        },
        "discounted_added_minus_removed_value": {
          "count": 318,
          "mean": 0.12076998098259945,
          "std": 0.1673465629619742,
          "p10": -0.031482106143089036,
          "p25": 0.02226631550381672,
          "median": 0.05871006801263072,
          "p75": 0.2188917591487335,
          "p90": 0.3447560652058003
        },
        "discounted_probability_on_value_optimal_delta": {
          "count": 527,
          "mean": 0.027583699156718777,
          "std": 0.10957274104099093,
          "p10": -0.014241101014616838,
          "p25": 0.0,
          "median": 0.0,
          "p75": 0.03600502548102609,
          "p90": 0.1867382311782181
        },
        "delta_logit_value_spearman": {
          "count": 308,
          "mean": 0.23713031460235956,
          "std": 0.21650210678093146,
          "p10": -0.055384923673575115,
          "p25": 0.11839116320133683,
          "median": 0.29429835599022164,
          "p75": 0.3928454581338183,
          "p90": 0.4566852243900035
        },
        "delta_probability_value_spearman": {
          "count": 308,
          "mean": 0.18416760963619966,
          "std": 0.2820173082374832,
          "p10": -0.20566533824217664,
          "p25": 0.006602102144650235,
          "median": 0.19810842566592546,
          "p75": 0.39437406058164903,
          "p90": 0.5381122667052235
        },
        "discounted_base_expected_value": {
          "count": 527,
          "mean": 0.569995599316029,
          "std": 0.22943774383673984,
          "p10": 0.2778905480608312,
          "p25": 0.40418869744766,
          "median": 0.5806712517961489,
          "p75": 0.744005640160603,
          "p90": 0.884801393035802
        },
        "discounted_seed_expected_value": {
          "count": 527,
          "mean": 0.5929152820951094,
          "std": 0.22803902373880391,
          "p10": 0.3044448750602654,
          "p25": 0.4368416138972151,
          "median": 0.6143487766902394,
          "p75": 0.7625230729000417,
          "p90": 0.8891383587718876
        },
        "discounted_base_top_value": {
          "count": 527,
          "mean": 0.5749407111454756,
          "std": 0.31094271603759305,
          "p10": 0.0,
          "p25": 0.37735360253530725,
          "median": 0.6634204312890623,
          "p75": 0.8145062499999999,
          "p90": 0.95
        },
        "discounted_seed_top_value": {
          "count": 527,
          "mean": 0.5933134956406267,
          "std": 0.3111774432642223,
          "p10": 0.0,
          "p25": 0.3972143184582182,
          "median": 0.6983372960937497,
          "p75": 0.8145062499999999,
          "p90": 0.9025
        }
      },
      "episode_cluster_bootstrap": {
        "success_expected_value_delta": {
          "observed": 0.023420213373521685,
          "ci95": [
            0.013859224317904114,
            0.03317063216659474
          ],
          "probability_positive": 1.0,
          "clusters": 34
        },
        "discounted_expected_value_delta": {
          "observed": 0.022919682779080346,
          "ci95": [
            0.014960234237339531,
            0.030916631315383983
          ],
          "probability_positive": 1.0,
          "clusters": 34
        },
        "discounted_top_value_delta": {
          "observed": 0.018372784495151156,
          "ci95": [
            -0.003289563863570445,
            0.043900933984523355
          ],
          "probability_positive": 0.9419,
          "clusters": 34
        },
        "discounted_added_minus_removed_value": {
          "observed": 0.12076998098259947,
          "ci95": [
            0.08489114944006054,
            0.15425037485657897
          ],
          "probability_positive": 1.0,
          "clusters": 34
        },
        "discounted_probability_on_value_optimal_delta": {
          "observed": 0.027583699156718777,
          "ci95": [
            0.007111945631305981,
            0.050145280197896484
          ],
          "probability_positive": 0.997,
          "clusters": 34
        },
        "delta_logit_value_spearman": {
          "observed": 0.2371303146023595,
          "ci95": [
            0.18204840087962978,
            0.2920491791144363
          ],
          "probability_positive": 1.0,
          "clusters": 34
        },
        "delta_probability_value_spearman": {
          "observed": 0.18416760963619966,
          "ci95": [
            0.11792663691626233,
            0.24954776744675147
          ],
          "probability_positive": 1.0,
          "clusters": 34
        },
        "discounted_base_expected_value": {
          "observed": 0.5699955993160291,
          "ci95": [
            0.5196173570919189,
            0.6231223983586383
          ],
          "probability_positive": 1.0,
          "clusters": 34
        },
        "discounted_seed_expected_value": {
          "observed": 0.5929152820951094,
          "ci95": [
            0.5389685698124618,
            0.6454058351539802
          ],
          "probability_positive": 1.0,
          "clusters": 34
        },
        "discounted_base_top_value": {
          "observed": 0.5749407111454756,
          "ci95": [
            0.5155278207686657,
            0.632866984525995
          ],
          "probability_positive": 1.0,
          "clusters": 34
        },
        "discounted_seed_top_value": {
          "observed": 0.5933134956406269,
          "ci95": [
            0.5330952086778608,
            0.6507882031080207
          ],
          "probability_positive": 1.0,
          "clusters": 34
        }
      },
      "by_expert_transition": {
        "changed_nonexpert": {
          "states": 93,
          "episodes": 21,
          "expected_discounted_value_delta": {
            "count": 93,
            "mean": 0.03915177490771698,
            "std": 0.056968202308249484,
            "p10": -0.010950935137494299,
            "p25": 0.001359508117678105,
            "median": 0.022773373620221422,
            "p75": 0.07036597212061933,
            "p90": 0.11778342682714693
          },
          "expected_success_delta": {
            "count": 93,
            "mean": 0.03908191924408601,
            "std": 0.07901812328915063,
            "p10": -2.5127098972609626e-16,
            "p25": -7.806255641895632e-17,
            "median": 5.551115123125783e-17,
            "p75": 0.07949638245817053,
            "p90": 0.12725322016794657
          },
          "top_discounted_value_delta": {
            "count": 93,
            "mean": 0.07442070642418457,
            "std": 0.20069585072618534,
            "p10": -0.02935307844616157,
            "p25": 0.0,
            "median": 0.0,
            "p75": 0.1435315277753907,
            "p90": 0.3723854156895897
          },
          "delta_logit_value_spearman": {
            "count": 86,
            "mean": 0.1888395129693207,
            "std": 0.26287581813932126,
            "p10": -0.1371080338760393,
            "p25": 0.10957573552603553,
            "median": 0.24690891082935895,
            "p75": 0.3522409525232616,
            "p90": 0.44603687945007797
          },
          "base_top_value_optimal_rate": 0.11827956989247312,
          "seed_top_value_optimal_rate": 0.3763440860215054
        },
        "harmed_from_expert": {
          "states": 64,
          "episodes": 22,
          "expected_discounted_value_delta": {
            "count": 64,
            "mean": 0.022234312850089602,
            "std": 0.05169589627046125,
            "p10": -0.03367884916895595,
            "p25": 0.009236593022890413,
            "median": 0.0259784520785872,
            "p75": 0.03397896641662444,
            "p90": 0.0801496096602651
          },
          "expected_success_delta": {
            "count": 64,
            "mean": 0.006284983675725707,
            "std": 0.08933714824887391,
            "p10": -1.6653345369377348e-16,
            "p25": -9.020562075079397e-17,
            "median": 5.551115123125783e-17,
            "p75": 2.220446049250313e-16,
            "p90": 0.07690699926196616
          },
          "top_discounted_value_delta": {
            "count": 64,
            "mean": 0.030965894595557847,
            "std": 0.15006928129154865,
            "p10": -0.09262500000000007,
            "p25": -0.038689046874999966,
            "median": 0.029936846961919006,
            "p75": 0.038698884168669054,
            "p90": 0.1556389506464162
          },
          "delta_logit_value_spearman": {
            "count": 63,
            "mean": 0.2547357959006746,
            "std": 0.21303161620371433,
            "p10": -0.01808927203718991,
            "p25": 0.1725847736800762,
            "median": 0.3191794542699543,
            "p75": 0.4094848826811438,
            "p90": 0.4813477189557014
          },
          "base_top_value_optimal_rate": 0.265625,
          "seed_top_value_optimal_rate": 0.140625
        },
        "rescued_to_expert": {
          "states": 10,
          "episodes": 8,
          "expected_discounted_value_delta": {
            "count": 10,
            "mean": 0.03590894245475499,
            "std": 0.043010655101372135,
            "p10": 0.00783707341478567,
            "p25": 0.012282322525322104,
            "median": 0.020520814718973726,
            "p75": 0.03315494744218936,
            "p90": 0.08347730869382004
          },
          "expected_success_delta": {
            "count": 10,
            "mean": 0.027030605234560835,
            "std": 0.0631911072627672,
            "p10": -0.0017582657944725413,
            "p25": -1.9847676020062766e-16,
            "median": 4.5102810375396984e-17,
            "p75": 1.679814565171047e-16,
            "p90": 0.10203553240743331
          },
          "top_discounted_value_delta": {
            "count": 10,
            "mean": 0.07795144773797905,
            "std": 0.033432802411378686,
            "p10": 0.034742280480664044,
            "p25": 0.03973397265624998,
            "median": 0.09973140995649665,
            "p75": 0.10484248090039072,
            "p90": 0.11036050621093751
          },
          "delta_logit_value_spearman": {
            "count": 10,
            "mean": 0.2548039684413508,
            "std": 0.1789862770179635,
            "p10": -0.04645506619448529,
            "p25": 0.241699464985307,
            "median": 0.33396724273750245,
            "p75": 0.36728330594554615,
            "p90": 0.39236388812020195
          },
          "base_top_value_optimal_rate": 0.0,
          "seed_top_value_optimal_rate": 0.4
        },
        "stable_expert": {
          "states": 103,
          "episodes": 33,
          "expected_discounted_value_delta": {
            "count": 103,
            "mean": 0.010959618300397435,
            "std": 0.03738830874479545,
            "p10": 0.0,
            "p25": 0.0,
            "median": 0.0,
            "p75": 0.0,
            "p90": 0.020762011126003184
          },
          "expected_success_delta": {
            "count": 103,
            "mean": 0.008359053164322046,
            "std": 0.03857046187388668,
            "p10": 0.0,
            "p25": 0.0,
            "median": 0.0,
            "p75": 0.0,
            "p90": 2.955968803064477e-16
          },
          "top_discounted_value_delta": {
            "count": 103,
            "mean": 0.0,
            "std": 0.0,
            "p10": 0.0,
            "p25": 0.0,
            "median": 0.0,
            "p75": 0.0,
            "p90": 0.0
          },
          "delta_logit_value_spearman": {
            "count": 27,
            "mean": 0.2560377100391892,
            "std": 0.1404677902585876,
            "p10": 0.08396528155834458,
            "p25": 0.1307489626965551,
            "median": 0.31256174479556303,
            "p75": 0.36279089551567884,
            "p90": 0.3891553307882271
          },
          "base_top_value_optimal_rate": 0.9611650485436893,
          "seed_top_value_optimal_rate": 0.9611650485436893
        },
        "stable_nonexpert": {
          "states": 257,
          "episodes": 33,
          "expected_discounted_value_delta": {
            "count": 257,
            "mean": 0.02150440321503285,
            "std": 0.04859156054138427,
            "p10": 0.0,
            "p25": 0.0,
            "median": 0.0,
            "p75": 0.022588658155178177,
            "p90": 0.08294772905330776
          },
          "expected_success_delta": {
            "count": 257,
            "mean": 0.027915589395442426,
            "std": 0.06715191227582397,
            "p10": -6.54411302301568e-17,
            "p25": 0.0,
            "median": 0.0,
            "p75": 2.220446049250313e-16,
            "p90": 0.1197038171040388
          },
          "top_discounted_value_delta": {
            "count": 257,
            "mean": 0.0,
            "std": 0.0,
            "p10": 0.0,
            "p25": 0.0,
            "median": 0.0,
            "p75": 0.0,
            "p90": 0.0
          },
          "delta_logit_value_spearman": {
            "count": 122,
            "mean": 0.25644693266353313,
            "std": 0.19212871881280305,
            "p10": -0.04892656780701633,
            "p25": 0.10577046890491097,
            "median": 0.3035135787125387,
            "p75": 0.41622128754687926,
            "p90": 0.45904094644632976
          },
          "base_top_value_optimal_rate": 0.15953307392996108,
          "seed_top_value_optimal_rate": 0.15953307392996108
        }
      },
      "by_task_type": {
        "look_at_obj_in_light": {
          "states": 93,
          "episodes": 6,
          "expected_discounted_value_delta": {
            "count": 93,
            "mean": 0.00841889383704402,
            "std": 0.039375852448742824,
            "p10": 0.0,
            "p25": 0.0,
            "median": 0.0,
            "p75": 0.002313741101369583,
            "p90": 0.032911415265511335
          },
          "expected_success_delta": {
            "count": 93,
            "mean": 0.012451810515252777,
            "std": 0.04715439064155919,
            "p10": 0.0,
            "p25": 0.0,
            "median": 0.0,
            "p75": 0.0,
            "p90": 3.890151580598345e-16
          },
          "top_discounted_value_delta": {
            "count": 93,
            "mean": 0.000202878280932961,
            "std": 0.0019459401101875773,
            "p10": 0.0,
            "p25": 0.0,
            "median": 0.0,
            "p75": 0.0,
            "p90": 0.0
          },
          "delta_logit_value_spearman": {
            "count": 31,
            "mean": 0.12633368472774825,
            "std": 0.1749170003884587,
            "p10": -0.1096311554930329,
            "p25": -0.017581440451193406,
            "median": 0.12191019918866665,
            "p75": 0.26460821352533237,
            "p90": 0.3679017082251458
          },
          "base_top_value_optimal_rate": 0.07526881720430108,
          "seed_top_value_optimal_rate": 0.07526881720430108
        },
        "pick_and_place_simple": {
          "states": 42,
          "episodes": 5,
          "expected_discounted_value_delta": {
            "count": 42,
            "mean": 0.012233414604154178,
            "std": 0.04956656688687626,
            "p10": -0.008394830322676594,
            "p25": -0.003923949957160345,
            "median": 0.0,
            "p75": 0.009034640710327127,
            "p90": 0.0517036922861971
          },
          "expected_success_delta": {
            "count": 42,
            "mean": 0.019851147138508964,
            "std": 0.06026270086797727,
            "p10": -1.0939699843796735e-16,
            "p25": 0.0,
            "median": 0.0,
            "p75": 2.3692866787418387e-16,
            "p90": 0.08725872924205325
          },
          "top_discounted_value_delta": {
            "count": 42,
            "mean": 0.0009338541231348342,
            "std": 0.03948783177658543,
            "p10": -0.04061250000000005,
            "p25": 0.0,
            "median": 0.0,
            "p75": 0.0,
            "p90": 0.029853919408007808
          },
          "delta_logit_value_spearman": {
            "count": 27,
            "mean": 0.10966744589979617,
            "std": 0.18081016672990718,
            "p10": -0.06989740950152525,
            "p25": -0.041141552128130185,
            "median": 0.11871737427906336,
            "p75": 0.2595231908701504,
            "p90": 0.32257982145101377
          },
          "base_top_value_optimal_rate": 0.38095238095238093,
          "seed_top_value_optimal_rate": 0.35714285714285715
        },
        "pick_clean_then_place_in_recep": {
          "states": 184,
          "episodes": 11,
          "expected_discounted_value_delta": {
            "count": 184,
            "mean": 0.0277170486522846,
            "std": 0.048512667025089225,
            "p10": 0.0,
            "p25": 0.0,
            "median": 0.006264410788988329,
            "p75": 0.03533613559608412,
            "p90": 0.09356454591474264
          },
          "expected_success_delta": {
            "count": 184,
            "mean": 0.03423799516154324,
            "std": 0.07188351313142664,
            "p10": -7.418045619092408e-17,
            "p25": 0.0,
            "median": 0.0,
            "p75": 3.642919299551295e-16,
            "p90": 0.12574364771851615
          },
          "top_discounted_value_delta": {
            "count": 184,
            "mean": -0.005659538768407357,
            "std": 0.08033248912654495,
            "p10": 0.0,
            "p25": 0.0,
            "median": 0.0,
            "p75": 0.0,
            "p90": 0.031534905590324756
          },
          "delta_logit_value_spearman": {
            "count": 114,
            "mean": 0.28792993583706505,
            "std": 0.17050443205696433,
            "p10": 0.07756219562193314,
            "p25": 0.1892745585559244,
            "median": 0.31819950128150853,
            "p75": 0.42235025443697194,
            "p90": 0.4730577185086718
          },
          "base_top_value_optimal_rate": 0.3858695652173913,
          "seed_top_value_optimal_rate": 0.3532608695652174
        },
        "pick_cool_then_place_in_recep": {
          "states": 119,
          "episodes": 7,
          "expected_discounted_value_delta": {
            "count": 119,
            "mean": 0.038157178600907234,
            "std": 0.05040582758168414,
            "p10": 0.0,
            "p25": 0.0,
            "median": 0.017987576495316456,
            "p75": 0.06398473726978221,
            "p90": 0.11332236376958073
          },
          "expected_success_delta": {
            "count": 119,
            "mean": 0.01959094696971503,
            "std": 0.055603479024748714,
            "p10": -1.942890293094024e-16,
            "p25": -4.336639283352567e-17,
            "median": 0.0,
            "p75": 2.1059610760994218e-16,
            "p90": 0.08569218998138725
          },
          "top_discounted_value_delta": {
            "count": 119,
            "mean": 0.0817991548248688,
            "std": 0.16180586232095073,
            "p10": 0.0,
            "p25": 0.0,
            "median": 0.0,
            "p75": 0.04916337949847743,
            "p90": 0.40020087099004564
          },
          "delta_logit_value_spearman": {
            "count": 78,
            "mean": 0.2955403834138134,
            "std": 0.15931641098462626,
            "p10": 0.06260404118620137,
            "p25": 0.21644640051745867,
            "median": 0.32238929736623145,
            "p75": 0.4102922193749135,
            "p90": 0.4944063358221606
          },
          "base_top_value_optimal_rate": 0.3865546218487395,
          "seed_top_value_optimal_rate": 0.5798319327731093
        },
        "pick_heat_then_place_in_recep": {
          "states": 68,
          "episodes": 4,
          "expected_discounted_value_delta": {
            "count": 68,
            "mean": 0.021888031739652553,
            "std": 0.05338622395287396,
            "p10": -0.01077564615186369,
            "p25": 0.0,
            "median": 0.0011607995979647176,
            "p75": 0.040257164775776,
            "p90": 0.08549550403970477
          },
          "expected_success_delta": {
            "count": 68,
            "mean": 0.03809937283047353,
            "std": 0.06978456371841946,
            "p10": -1.6653345369377348e-16,
            "p25": 0.0,
            "median": 0.0,
            "p75": 0.06808938625203992,
            "p90": 0.1425332740389529
          },
          "top_discounted_value_delta": {
            "count": 68,
            "mean": 0.0148804389433365,
            "std": 0.09675405606502832,
            "p10": 0.0,
            "p25": 0.0,
            "median": 0.0,
            "p75": 0.0,
            "p90": 0.1203118126802736
          },
          "delta_logit_value_spearman": {
            "count": 51,
            "mean": 0.2282507860583474,
            "std": 0.29962190608060935,
            "p10": -0.05690507629119182,
            "p25": 0.19240559911576532,
            "median": 0.32457899072804147,
            "p75": 0.40182582022576674,
            "p90": 0.4475021268752339
          },
          "base_top_value_optimal_rate": 0.19117647058823528,
          "seed_top_value_optimal_rate": 0.2647058823529412
        },
        "pick_two_obj_and_place": {
          "states": 21,
          "episodes": 1,
          "expected_discounted_value_delta": {
            "count": 21,
            "mean": -0.01652928949852049,
            "std": 0.029339729781541746,
            "p10": -0.06274675290672402,
            "p25": -0.02310465132961724,
            "median": 0.0,
            "p75": 0.0,
            "p90": 0.0
          },
          "expected_success_delta": {
            "count": 21,
            "mean": -0.041485012451533416,
            "std": 0.13211790694295014,
            "p10": -0.06274675290672402,
            "p25": -2.0816681711721685e-17,
            "median": 0.0,
            "p75": 0.0,
            "p90": 0.0
          },
          "top_discounted_value_delta": {
            "count": 21,
            "mean": -0.0038212506320517274,
            "std": 0.02462083080764143,
            "p10": 0.0,
            "p25": 0.0,
            "median": 0.0,
            "p75": 0.0,
            "p90": 0.0
          },
          "delta_logit_value_spearman": {
            "count": 7,
            "mean": -0.19402586414379194,
            "std": 0.0832927386174537,
            "p10": -0.2726519947340165,
            "p25": -0.21629213494456656,
            "median": -0.2041241452319315,
            "p75": -0.1735055234471418,
            "p90": -0.11218830456810967
          },
          "base_top_value_optimal_rate": 0.7142857142857143,
          "seed_top_value_optimal_rate": 0.6666666666666666
        }
      },
      "by_action_verb": {
        "clean": {
          "states": 11,
          "episodes": 11,
          "expected_discounted_value_delta": {
            "count": 11,
            "mean": 0.0,
            "std": 0.0,
            "p10": 0.0,
            "p25": 0.0,
            "median": 0.0,
            "p75": 0.0,
            "p90": 0.0
          },
          "expected_success_delta": {
            "count": 11,
            "mean": 0.0,
            "std": 0.0,
            "p10": 0.0,
            "p25": 0.0,
            "median": 0.0,
            "p75": 0.0,
            "p90": 0.0
          },
          "top_discounted_value_delta": {
            "count": 11,
            "mean": 0.0,
            "std": 0.0,
            "p10": 0.0,
            "p25": 0.0,
            "median": 0.0,
            "p75": 0.0,
            "p90": 0.0
          },
          "delta_logit_value_spearman": {
            "count": 0,
            "mean": NaN,
            "median": NaN
          },
          "base_top_value_optimal_rate": 1.0,
          "seed_top_value_optimal_rate": 1.0
        },
        "close": {
          "states": 48,
          "episodes": 18,
          "expected_discounted_value_delta": {
            "count": 48,
            "mean": 0.03745679034521439,
            "std": 0.05682984429411599,
            "p10": 0.0,
            "p25": 0.0,
            "median": 0.0024986256214859907,
            "p75": 0.06421467945288893,
            "p90": 0.1066192527856837
          },
          "expected_success_delta": {
            "count": 48,
            "mean": 0.047662969393102515,
            "std": 0.08839200925635249,
            "p10": -6.829321721850412e-17,
            "p25": 0.0,
            "median": 0.0,
            "p75": 0.08453234680522363,
            "p90": 0.14468395222971234
          },
          "top_discounted_value_delta": {
            "count": 48,
            "mean": 0.012826392254423329,
            "std": 0.08831706147262455,
            "p10": 0.0,
            "p25": 0.0,
            "median": 0.0,
            "p75": 0.0,
            "p90": 0.04729870477197336
          },
          "delta_logit_value_spearman": {
            "count": 25,
            "mean": 0.27666473901650784,
            "std": 0.19732161152791308,
            "p10": -0.011230908230189926,
            "p25": 0.12218787453528733,
            "median": 0.3295620798087335,
            "p75": 0.4394443916979823,
            "p90": 0.48689272957156665
          },
          "base_top_value_optimal_rate": 0.20833333333333334,
          "seed_top_value_optimal_rate": 0.25
        },
        "cool": {
          "states": 7,
          "episodes": 7,
          "expected_discounted_value_delta": {
            "count": 7,
            "mean": 0.0,
            "std": 0.0,
            "p10": 0.0,
            "p25": 0.0,
            "median": 0.0,
            "p75": 0.0,
            "p90": 0.0
          },
          "expected_success_delta": {
            "count": 7,
            "mean": 0.0,
            "std": 0.0,
            "p10": 0.0,
            "p25": 0.0,
            "median": 0.0,
            "p75": 0.0,
            "p90": 0.0
          },
          "top_discounted_value_delta": {
            "count": 7,
            "mean": 0.0,
            "std": 0.0,
            "p10": 0.0,
            "p25": 0.0,
            "median": 0.0,
            "p75": 0.0,
            "p90": 0.0
          },
          "delta_logit_value_spearman": {
            "count": 0,
            "mean": NaN,
            "median": NaN
          },
          "base_top_value_optimal_rate": 1.0,
          "seed_top_value_optimal_rate": 1.0
        },
        "examine": {
          "states": 2,
          "episodes": 2,
          "expected_discounted_value_delta": {
            "count": 2,
            "mean": 0.0,
            "std": 0.0,
            "p10": 0.0,
            "p25": 0.0,
            "median": 0.0,
            "p75": 0.0,
            "p90": 0.0
          },
          "expected_success_delta": {
            "count": 2,
            "mean": 0.0,
            "std": 0.0,
            "p10": 0.0,
            "p25": 0.0,
            "median": 0.0,
            "p75": 0.0,
            "p90": 0.0
          },
          "top_discounted_value_delta": {
            "count": 2,
            "mean": 0.0,
            "std": 0.0,
            "p10": 0.0,
            "p25": 0.0,
            "median": 0.0,
            "p75": 0.0,
            "p90": 0.0
          },
          "delta_logit_value_spearman": {
            "count": 0,
            "mean": NaN,
            "median": NaN
          },
          "base_top_value_optimal_rate": 0.5,
          "seed_top_value_optimal_rate": 0.5
        },
        "go": {
          "states": 330,
          "episodes": 34,
          "expected_discounted_value_delta": {
            "count": 330,
            "mean": 0.0290614043061264,
            "std": 0.05308929550768561,
            "p10": -0.0014612574931322103,
            "p25": 0.0,
            "median": 0.005803497231112831,
            "p75": 0.04514246384389164,
            "p90": 0.10594264741303848
          },
          "expected_success_delta": {
            "count": 330,
            "mean": 0.03149867503613478,
            "std": 0.0689208254006366,
            "p10": -1.5664458226259594e-16,
            "p25": 0.0,
            "median": 0.0,
            "p75": 4.305447366155761e-16,
            "p90": 0.1260211530456393
          },
          "top_discounted_value_delta": {
            "count": 330,
            "mean": 0.02281222619484348,
            "std": 0.1154689066297717,
            "p10": 0.0,
            "p25": 0.0,
            "median": 0.0,
            "p75": 0.0,
            "p90": 0.09564255320138162
          },
          "delta_logit_value_spearman": {
            "count": 229,
            "mean": 0.23674500438675064,
            "std": 0.1808085282993289,
            "p10": -0.04573959074853374,
            "p25": 0.11871737427906336,
            "median": 0.2729579697894016,
            "p75": 0.37795256482182965,
            "p90": 0.4376031054065168
          },
          "base_top_value_optimal_rate": 0.21515151515151515,
          "seed_top_value_optimal_rate": 0.2696969696969697
        },
        "heat": {
          "states": 4,
          "episodes": 4,
          "expected_discounted_value_delta": {
            "count": 4,
            "mean": -0.015889894412659984,
            "std": 0.004431063294520336,
            "p10": -0.020430740858057607,
            "p25": -0.020074280317336837,
            "median": -0.016110361835808253,
            "p75": -0.0119259759311314,
            "p90": -0.011172674028743754
          },
          "expected_success_delta": {
            "count": 4,
            "mean": -2.7755575615628914e-17,
            "std": 9.205483015737869e-17,
            "p10": -1.3322676295501878e-16,
            "p25": -8.326672684688674e-17,
            "median": 0.0,
            "p75": 5.551115123125783e-17,
            "p90": 5.551115123125783e-17
          },
          "top_discounted_value_delta": {
            "count": 4,
            "mean": 0.0,
            "std": 0.0,
            "p10": 0.0,
            "p25": 0.0,
            "median": 0.0,
            "p75": 0.0,
            "p90": 0.0
          },
          "delta_logit_value_spearman": {
            "count": 4,
            "mean": -0.6674852811083386,
            "std": 0.0,
            "p10": -0.6674852811083386,
            "p25": -0.6674852811083386,
            "median": -0.6674852811083386,
            "p75": -0.6674852811083386,
            "p90": -0.6674852811083386
          },
          "base_top_value_optimal_rate": 0.0,
          "seed_top_value_optimal_rate": 0.0
        },
        "move": {
          "states": 29,
          "episodes": 28,
          "expected_discounted_value_delta": {
            "count": 29,
            "mean": -0.0007967121148143876,
            "std": 0.004215804244622417,
            "p10": 0.0,
            "p25": 0.0,
            "median": 0.0,
            "p75": 0.0,
            "p90": 0.0
          },
          "expected_success_delta": {
            "count": 29,
            "mean": 4.785444071660158e-18,
            "std": 2.5322189853242263e-17,
            "p10": 0.0,
            "p25": 0.0,
            "median": 0.0,
            "p75": 0.0,
            "p90": 0.0
          },
          "top_discounted_value_delta": {
            "count": 29,
            "mean": 0.0010323050676523794,
            "std": 0.005462444972319808,
            "p10": 0.0,
            "p25": 0.0,
            "median": 0.0,
            "p75": 0.0,
            "p90": 0.0
          },
          "delta_logit_value_spearman": {
            "count": 1,
            "mean": -0.2284601246572016,
            "std": 0.0,
            "p10": -0.2284601246572016,
            "p25": -0.2284601246572016,
            "median": -0.2284601246572016,
            "p75": -0.2284601246572016,
            "p90": -0.2284601246572016
          },
          "base_top_value_optimal_rate": 0.9655172413793104,
          "seed_top_value_optimal_rate": 0.9655172413793104
        },
        "open": {
          "states": 55,
          "episodes": 19,
          "expected_discounted_value_delta": {
            "count": 55,
            "mean": 0.010756769521305531,
            "std": 0.04347567689409971,
            "p10": -0.0423213841536056,
            "p25": 0.0,
            "median": 0.025804384168750215,
            "p75": 0.03226054960202637,
            "p90": 0.03934975699664612
          },
          "expected_success_delta": {
            "count": 55,
            "mean": -0.011268014902582136,
            "std": 0.08280266077620918,
            "p10": -1.6653345369377348e-16,
            "p25": -8.326672684688674e-17,
            "median": 0.0,
            "p75": 1.5265566588595902e-16,
            "p90": 2.7755575615628914e-16
          },
          "top_discounted_value_delta": {
            "count": 55,
            "mean": 0.026195113147326,
            "std": 0.12346796132967378,
            "p10": -0.09262500000000007,
            "p25": 0.0,
            "median": 0.031512470486230404,
            "p75": 0.0377405115610962,
            "p90": 0.06758260258082231
          },
          "delta_logit_value_spearman": {
            "count": 47,
            "mean": 0.30555365176382954,
            "std": 0.21674806196783375,
            "p10": 0.00689408248032926,
            "p25": 0.22707315669765213,
            "median": 0.37085276411655066,
            "p75": 0.43960941585083024,
            "p90": 0.5147402995747521
          },
          "base_top_value_optimal_rate": 0.16363636363636364,
          "seed_top_value_optimal_rate": 0.16363636363636364
        },
        "take": {
          "states": 35,
          "episodes": 34,
          "expected_discounted_value_delta": {
            "count": 35,
            "mean": 0.005300724922622637,
            "std": 0.021622749602759794,
            "p10": 0.0,
            "p25": 0.0,
            "median": 0.0,
            "p75": 0.0,
            "p90": 0.0
          },
          "expected_success_delta": {
            "count": 35,
            "mean": 0.00799451356270128,
            "std": 0.03276151596238946,
            "p10": 0.0,
            "p25": 0.0,
            "median": 0.0,
            "p75": 0.0,
            "p90": 0.0
          },
          "top_discounted_value_delta": {
            "count": 35,
            "mean": 0.0019453681819754471,
            "std": 0.01134334828686149,
            "p10": 0.0,
            "p25": 0.0,
            "median": 0.0,
            "p75": 0.0,
            "p90": 0.0
          },
          "delta_logit_value_spearman": {
            "count": 2,
            "mean": 0.22114601686935928,
            "std": 0.098318787743167,
            "p10": 0.14249098667482568,
            "p25": 0.17198662299777578,
            "median": 0.22114601686935928,
            "p75": 0.2703054107409428,
            "p90": 0.2998010470638929
          },
          "base_top_value_optimal_rate": 0.8857142857142857,
          "seed_top_value_optimal_rate": 0.8857142857142857
        },
        "use": {
          "states": 6,
          "episodes": 6,
          "expected_discounted_value_delta": {
            "count": 6,
            "mean": 0.0,
            "std": 0.0,
            "p10": 0.0,
            "p25": 0.0,
            "median": 0.0,
            "p75": 0.0,
            "p90": 0.0
          },
          "expected_success_delta": {
            "count": 6,
            "mean": 0.0,
            "std": 0.0,
            "p10": 0.0,
            "p25": 0.0,
            "median": 0.0,
            "p75": 0.0,
            "p90": 0.0
          },
          "top_discounted_value_delta": {
            "count": 6,
            "mean": 0.0,
            "std": 0.0,
            "p10": 0.0,
            "p25": 0.0,
            "median": 0.0,
            "p75": 0.0,
            "p90": 0.0
          },
          "delta_logit_value_spearman": {
            "count": 0,
            "mean": NaN,
            "median": NaN
          },
          "base_top_value_optimal_rate": 0.0,
          "seed_top_value_optimal_rate": 0.0
        }
      }
    }
  }
}
