# ALFWorld 价值梯度微小写回实验

每个条件只在内存中沿源状态的负梯度更新；每次测量后逐参数精确恢复。不同参数区通过源状态候选分布 KL=1e-4 校准，因此比较的是等功能扰动，而非等原始梯度尺度。置信区间按源状态聚类 bootstrap。

## valid_seen

源状态数：32；恢复最大误差：0；基线重算最大误差：0；KL 校准命中率：99.6%。

### 源状态：折扣价值期望变化（均值与 95% CI）

| 目标 | 参数区 | Δ价值 | 正值源比例 | 源 KL |
|---|---|---:|---:|---:|
| value_expectation | all_rmsnorm | +0.001319 [+0.000883, +0.001799] | 100.0% | 0.000101217 |
| value_expectation | last_attention | +0.001369 [+0.000959, +0.001836] | 100.0% | 9.97557e-05 |
| value_expectation | last_mlp | +0.001415 [+0.000959, +0.001917] | 100.0% | 0.000102571 |
| value_expectation | last_four_blocks | +0.001453 [+0.000983, +0.001954] | 100.0% | 9.91121e-05 |
| value_expectation | tied_embedding_output | +0.001376 [+0.000926, +0.001868] | 100.0% | 0.000102071 |
| value_optimal_set | all_rmsnorm | +0.000806 [+0.000471, +0.001199] | 90.6% | 0.000100187 |
| value_optimal_set | last_attention | +0.000730 [+0.000364, +0.001158] | 84.4% | 9.88781e-05 |
| value_optimal_set | last_mlp | +0.000811 [+0.000394, +0.001252] | 81.2% | 0.000101154 |
| value_optimal_set | last_four_blocks | +0.000810 [+0.000412, +0.001259] | 81.2% | 9.98037e-05 |
| value_optimal_set | tied_embedding_output | +0.000885 [+0.000551, +0.001274] | 93.8% | 0.000102885 |
| expert_nll_control | all_rmsnorm | +0.000415 [+0.000103, +0.000794] | 65.6% | 0.000100117 |
| expert_nll_control | last_attention | +0.000217 [-0.000126, +0.000645] | 62.5% | 0.00010068 |
| expert_nll_control | last_mlp | +0.000299 [-0.000077, +0.000721] | 59.4% | 9.94066e-05 |
| expert_nll_control | last_four_blocks | +0.000281 [-0.000055, +0.000702] | 59.4% | 9.86379e-05 |
| expert_nll_control | tied_embedding_output | +0.000391 [+0.000070, +0.000756] | 62.5% | 0.000100821 |

### 留出迁移：value_expectation 的 Δ价值

| 参数区 | 同任务同动作 | 同任务异动作 | 异任务同动作 | 异任务异动作 |
|---|---:|---:|---:|---:|
| all_rmsnorm | +0.000266 [+0.000089, +0.000461] | -0.000037 [-0.000159, +0.000093] | +0.000120 [-0.000015, +0.000274] | -0.000004 [-0.000139, +0.000136] |
| last_attention | +0.000425 [+0.000117, +0.000821] | +0.000223 [-0.000054, +0.000564] | +0.000314 [+0.000075, +0.000600] | +0.000229 [-0.000121, +0.000658] |
| last_mlp | +0.000527 [+0.000082, +0.001125] | +0.000165 [-0.000151, +0.000522] | +0.000520 [+0.000134, +0.000986] | +0.000437 [-0.000093, +0.001041] |
| last_four_blocks | +0.000439 [+0.000113, +0.000840] | +0.000152 [-0.000122, +0.000478] | +0.000476 [+0.000139, +0.000866] | +0.000287 [-0.000130, +0.000759] |
| tied_embedding_output | +0.000315 [-0.000002, +0.000782] | -0.000049 [-0.000244, +0.000155] | +0.000197 [+0.000018, +0.000414] | +0.000131 [-0.000081, +0.000357] |

### 留出迁移：value_optimal_set 的 Δ价值

| 参数区 | 同任务同动作 | 同任务异动作 | 异任务同动作 | 异任务异动作 |
|---|---:|---:|---:|---:|
| all_rmsnorm | +0.000142 [-0.000034, +0.000338] | -0.000061 [-0.000216, +0.000090] | +0.000128 [-0.000020, +0.000286] | -0.000088 [-0.000237, +0.000048] |
| last_attention | +0.000162 [-0.000040, +0.000349] | -0.000163 [-0.000544, +0.000147] | +0.000212 [-0.000005, +0.000445] | -0.000123 [-0.000544, +0.000337] |
| last_mlp | +0.000360 [-0.000042, +0.000804] | -0.000183 [-0.000690, +0.000254] | +0.000437 [+0.000104, +0.000836] | +0.000091 [-0.000561, +0.000837] |
| last_four_blocks | +0.000137 [-0.000182, +0.000421] | -0.000163 [-0.000537, +0.000170] | +0.000375 [+0.000096, +0.000721] | -0.000067 [-0.000556, +0.000458] |
| tied_embedding_output | +0.000013 [-0.000195, +0.000212] | -0.000188 [-0.000432, +0.000020] | +0.000147 [-0.000032, +0.000329] | -0.000069 [-0.000317, +0.000180] |

### 相对专家 NLL 对照：留出 Δ价值差

正值表示价值目标在等源 KL 下优于专家 NLL；下表汇总四类留出状态。

| 价值目标 | 参数区 | 四类留出平均差 |
|---|---|---:|
| value_expectation | all_rmsnorm | +0.000080 |
| value_expectation | last_attention | +0.000515 |
| value_expectation | last_mlp | +0.000643 |
| value_expectation | last_four_blocks | +0.000548 |
| value_expectation | tied_embedding_output | +0.000331 |
| value_optimal_set | all_rmsnorm | +0.000024 |
| value_optimal_set | last_attention | +0.000240 |
| value_optimal_set | last_mlp | +0.000407 |
| value_optimal_set | last_four_blocks | +0.000280 |
| value_optimal_set | tied_embedding_output | +0.000158 |

## valid_unseen

源状态数：32；恢复最大误差：0；基线重算最大误差：0；KL 校准命中率：100.0%。

### 源状态：折扣价值期望变化（均值与 95% CI）

| 目标 | 参数区 | Δ价值 | 正值源比例 | 源 KL |
|---|---|---:|---:|---:|
| value_expectation | all_rmsnorm | +0.001612 [+0.001153, +0.002115] | 100.0% | 0.000103198 |
| value_expectation | last_attention | +0.001619 [+0.001175, +0.002091] | 100.0% | 9.84876e-05 |
| value_expectation | last_mlp | +0.001669 [+0.001215, +0.002152] | 100.0% | 0.000102467 |
| value_expectation | last_four_blocks | +0.001765 [+0.001290, +0.002276] | 100.0% | 0.000100271 |
| value_expectation | tied_embedding_output | +0.001623 [+0.001163, +0.002118] | 100.0% | 0.000101187 |
| value_optimal_set | all_rmsnorm | +0.000589 [+0.000237, +0.000978] | 84.4% | 0.000100267 |
| value_optimal_set | last_attention | +0.000473 [+0.000182, +0.000770] | 84.4% | 0.000100049 |
| value_optimal_set | last_mlp | +0.000571 [+0.000150, +0.001030] | 81.2% | 0.000100556 |
| value_optimal_set | last_four_blocks | +0.000638 [+0.000241, +0.001065] | 84.4% | 0.000100135 |
| value_optimal_set | tied_embedding_output | +0.000540 [+0.000181, +0.000923] | 81.2% | 0.000101098 |
| expert_nll_control | all_rmsnorm | +0.000527 [+0.000235, +0.000827] | 75.0% | 0.000100183 |
| expert_nll_control | last_attention | +0.000175 [-0.000109, +0.000464] | 56.2% | 9.90514e-05 |
| expert_nll_control | last_mlp | +0.000260 [-0.000059, +0.000587] | 68.8% | 9.86779e-05 |
| expert_nll_control | last_four_blocks | +0.000307 [+0.000034, +0.000608] | 68.8% | 9.75738e-05 |
| expert_nll_control | tied_embedding_output | +0.000435 [+0.000129, +0.000742] | 75.0% | 0.000100602 |

### 留出迁移：value_expectation 的 Δ价值

| 参数区 | 同任务同动作 | 同任务异动作 | 异任务同动作 | 异任务异动作 |
|---|---:|---:|---:|---:|
| all_rmsnorm | +0.000374 [+0.000164, +0.000616] | -0.000009 [-0.000116, +0.000084] | +0.000127 [-0.000034, +0.000260] | +0.000069 [-0.000039, +0.000177] |
| last_attention | +0.000594 [+0.000320, +0.000898] | -0.000061 [-0.000212, +0.000093] | +0.000437 [+0.000175, +0.000736] | +0.000338 [-0.000047, +0.000842] |
| last_mlp | +0.000749 [+0.000351, +0.001177] | -0.000043 [-0.000291, +0.000219] | +0.000615 [+0.000335, +0.000935] | +0.000381 [-0.000016, +0.000858] |
| last_four_blocks | +0.000721 [+0.000341, +0.001136] | -0.000065 [-0.000222, +0.000103] | +0.000499 [+0.000242, +0.000784] | +0.000318 [-0.000048, +0.000745] |
| tied_embedding_output | +0.000522 [+0.000237, +0.000845] | -0.000044 [-0.000200, +0.000092] | +0.000337 [+0.000166, +0.000540] | +0.000233 [+0.000052, +0.000440] |

### 留出迁移：value_optimal_set 的 Δ价值

| 参数区 | 同任务同动作 | 同任务异动作 | 异任务同动作 | 异任务异动作 |
|---|---:|---:|---:|---:|
| all_rmsnorm | +0.000178 [+0.000042, +0.000330] | +0.000006 [-0.000134, +0.000189] | +0.000079 [+0.000001, +0.000150] | -0.000055 [-0.000209, +0.000066] |
| last_attention | +0.000335 [+0.000088, +0.000570] | -0.000178 [-0.000380, -0.000008] | +0.000097 [-0.000083, +0.000276] | +0.000093 [-0.000108, +0.000305] |
| last_mlp | +0.000426 [+0.000062, +0.000787] | -0.000190 [-0.000472, +0.000047] | +0.000285 [+0.000103, +0.000453] | +0.000087 [-0.000157, +0.000356] |
| last_four_blocks | +0.000352 [+0.000042, +0.000651] | -0.000167 [-0.000412, +0.000036] | +0.000203 [+0.000025, +0.000365] | +0.000110 [-0.000136, +0.000383] |
| tied_embedding_output | +0.000284 [+0.000089, +0.000494] | -0.000076 [-0.000269, +0.000089] | +0.000124 [+0.000026, +0.000214] | -0.000000 [-0.000092, +0.000099] |

### 相对专家 NLL 对照：留出 Δ价值差

正值表示价值目标在等源 KL 下优于专家 NLL；下表汇总四类留出状态。

| 价值目标 | 参数区 | 四类留出平均差 |
|---|---|---:|
| value_expectation | all_rmsnorm | +0.000088 |
| value_expectation | last_attention | +0.000415 |
| value_expectation | last_mlp | +0.000486 |
| value_expectation | last_four_blocks | +0.000416 |
| value_expectation | tied_embedding_output | +0.000279 |
| value_optimal_set | all_rmsnorm | -0.000000 |
| value_optimal_set | last_attention | +0.000175 |
| value_optimal_set | last_mlp | +0.000212 |
| value_optimal_set | last_four_blocks | +0.000172 |
| value_optimal_set | tied_embedding_output | +0.000100 |

## 解释边界

该实验检验局部、一阶、单状态更新能否迁移；它不是训练算法，也不做多步累计。若留出 CI 跨零，不能把源状态的必然改善解释为可泛化学习规则。专家 NLL 只用于等 KL 的行为克隆对照。

