# ALFWorld 价值梯度微小写回实验

每个条件只在内存中沿源状态的负梯度更新；每次测量后逐参数精确恢复。不同参数区通过源状态候选分布 KL=1e-4 校准，因此比较的是等功能扰动，而非等原始梯度尺度。置信区间按源状态聚类 bootstrap。

## valid_seen

源状态数：32；恢复最大误差：0；基线重算最大误差：0；KL 校准命中率：99.6%。

### 源状态：折扣价值期望变化（均值与 95% CI）

| 目标 | 参数区 | Δ价值 | 正值源比例 | 源 KL |
|---|---|---:|---:|---:|
| value_expectation | all_rmsnorm | +0.001319 [+0.000883, +0.001799] | 100.0% | 0.000101217 |
| value_expectation | last_attention | +0.001369 [+0.000953, +0.001826] | 100.0% | 9.97557e-05 |
| value_expectation | last_mlp | +0.001415 [+0.000965, +0.001900] | 100.0% | 0.000102571 |
| value_expectation | last_four_blocks | +0.001453 [+0.001012, +0.001945] | 100.0% | 9.91121e-05 |
| value_expectation | tied_embedding_output | +0.001376 [+0.000923, +0.001870] | 100.0% | 0.000102071 |
| value_optimal_set | all_rmsnorm | +0.000806 [+0.000474, +0.001183] | 90.6% | 0.000100187 |
| value_optimal_set | last_attention | +0.000730 [+0.000357, +0.001156] | 84.4% | 9.88781e-05 |
| value_optimal_set | last_mlp | +0.000811 [+0.000388, +0.001255] | 81.2% | 0.000101154 |
| value_optimal_set | last_four_blocks | +0.000810 [+0.000416, +0.001257] | 81.2% | 9.98037e-05 |
| value_optimal_set | tied_embedding_output | +0.000885 [+0.000549, +0.001267] | 93.8% | 0.000102885 |
| expert_nll_control | all_rmsnorm | +0.000415 [+0.000099, +0.000790] | 65.6% | 0.000100117 |
| expert_nll_control | last_attention | +0.000217 [-0.000129, +0.000639] | 62.5% | 0.00010068 |
| expert_nll_control | last_mlp | +0.000299 [-0.000077, +0.000710] | 59.4% | 9.94066e-05 |
| expert_nll_control | last_four_blocks | +0.000281 [-0.000060, +0.000689] | 59.4% | 9.86379e-05 |
| expert_nll_control | tied_embedding_output | +0.000391 [+0.000065, +0.000775] | 62.5% | 0.000100821 |

### 四类留出合并：折扣价值期望变化

| 目标 | 参数区 | 留出 Δ价值 | 正值源比例 |
|---|---|---:|---:|
| value_expectation | all_rmsnorm | +0.000086 [-0.000004, +0.000190] | 59.4% |
| value_expectation | last_attention | +0.000298 [+0.000086, +0.000526] | 71.9% |
| value_expectation | last_mlp | +0.000412 [+0.000115, +0.000742] | 65.6% |
| value_expectation | last_four_blocks | +0.000339 [+0.000104, +0.000616] | 71.9% |
| value_expectation | tied_embedding_output | +0.000149 [-0.000009, +0.000344] | 56.2% |
| value_optimal_set | all_rmsnorm | +0.000030 [-0.000068, +0.000135] | 46.9% |
| value_optimal_set | last_attention | +0.000022 [-0.000196, +0.000228] | 65.6% |
| value_optimal_set | last_mlp | +0.000176 [-0.000177, +0.000528] | 65.6% |
| value_optimal_set | last_four_blocks | +0.000070 [-0.000189, +0.000338] | 62.5% |
| value_optimal_set | tied_embedding_output | -0.000024 [-0.000176, +0.000122] | 50.0% |
| expert_nll_control | all_rmsnorm | +0.000007 [-0.000081, +0.000092] | 56.2% |
| expert_nll_control | last_attention | -0.000217 [-0.000421, -0.000021] | 34.4% |
| expert_nll_control | last_mlp | -0.000231 [-0.000530, +0.000075] | 43.8% |
| expert_nll_control | last_four_blocks | -0.000210 [-0.000434, +0.000011] | 40.6% |
| expert_nll_control | tied_embedding_output | -0.000183 [-0.000359, -0.000019] | 37.5% |

### 留出迁移：value_expectation 的 Δ价值

| 参数区 | 同任务同动作 | 同任务异动作 | 异任务同动作 | 异任务异动作 |
|---|---:|---:|---:|---:|
| all_rmsnorm | +0.000266 [+0.000089, +0.000461] | -0.000037 [-0.000159, +0.000093] | +0.000120 [-0.000015, +0.000274] | -0.000004 [-0.000139, +0.000136] |
| last_attention | +0.000425 [+0.000111, +0.000821] | +0.000223 [-0.000057, +0.000579] | +0.000314 [+0.000077, +0.000591] | +0.000229 [-0.000129, +0.000655] |
| last_mlp | +0.000527 [+0.000090, +0.001143] | +0.000165 [-0.000155, +0.000516] | +0.000520 [+0.000129, +0.000986] | +0.000437 [-0.000092, +0.001051] |
| last_four_blocks | +0.000439 [+0.000125, +0.000853] | +0.000152 [-0.000124, +0.000476] | +0.000476 [+0.000154, +0.000867] | +0.000287 [-0.000121, +0.000765] |
| tied_embedding_output | +0.000315 [-0.000002, +0.000789] | -0.000049 [-0.000254, +0.000159] | +0.000197 [+0.000014, +0.000414] | +0.000131 [-0.000083, +0.000356] |

### 留出迁移：value_optimal_set 的 Δ价值

| 参数区 | 同任务同动作 | 同任务异动作 | 异任务同动作 | 异任务异动作 |
|---|---:|---:|---:|---:|
| all_rmsnorm | +0.000142 [-0.000029, +0.000337] | -0.000061 [-0.000219, +0.000091] | +0.000128 [-0.000019, +0.000288] | -0.000088 [-0.000235, +0.000046] |
| last_attention | +0.000162 [-0.000041, +0.000347] | -0.000163 [-0.000546, +0.000147] | +0.000212 [-0.000012, +0.000441] | -0.000123 [-0.000534, +0.000333] |
| last_mlp | +0.000360 [-0.000039, +0.000801] | -0.000183 [-0.000680, +0.000259] | +0.000437 [+0.000098, +0.000826] | +0.000091 [-0.000570, +0.000830] |
| last_four_blocks | +0.000137 [-0.000173, +0.000418] | -0.000163 [-0.000529, +0.000182] | +0.000375 [+0.000092, +0.000720] | -0.000067 [-0.000552, +0.000464] |
| tied_embedding_output | +0.000013 [-0.000195, +0.000212] | -0.000188 [-0.000425, +0.000024] | +0.000147 [-0.000030, +0.000328] | -0.000069 [-0.000327, +0.000181] |

### 相对专家 NLL 对照：留出 Δ价值差

正值表示价值目标在等源 KL 下优于专家 NLL；下表汇总四类留出状态。

| 价值目标 | 参数区 | 四类留出配对差（均值与 95% CI） |
|---|---|---:|
| value_expectation | all_rmsnorm | +0.000080 [-0.000051, +0.000222] |
| value_expectation | last_attention | +0.000515 [+0.000232, +0.000846] |
| value_expectation | last_mlp | +0.000643 [+0.000244, +0.001114] |
| value_expectation | last_four_blocks | +0.000548 [+0.000243, +0.000887] |
| value_expectation | tied_embedding_output | +0.000331 [+0.000097, +0.000632] |
| value_optimal_set | all_rmsnorm | +0.000024 [-0.000073, +0.000129] |
| value_optimal_set | last_attention | +0.000240 [+0.000101, +0.000398] |
| value_optimal_set | last_mlp | +0.000407 [+0.000118, +0.000751] |
| value_optimal_set | last_four_blocks | +0.000280 [+0.000077, +0.000517] |
| value_optimal_set | tied_embedding_output | +0.000158 [+0.000005, +0.000335] |

## valid_unseen

源状态数：32；恢复最大误差：0；基线重算最大误差：0；KL 校准命中率：100.0%。

### 源状态：折扣价值期望变化（均值与 95% CI）

| 目标 | 参数区 | Δ价值 | 正值源比例 | 源 KL |
|---|---|---:|---:|---:|
| value_expectation | all_rmsnorm | +0.001612 [+0.001153, +0.002115] | 100.0% | 0.000103198 |
| value_expectation | last_attention | +0.001619 [+0.001169, +0.002106] | 100.0% | 9.84876e-05 |
| value_expectation | last_mlp | +0.001669 [+0.001205, +0.002163] | 100.0% | 0.000102467 |
| value_expectation | last_four_blocks | +0.001765 [+0.001275, +0.002274] | 100.0% | 0.000100271 |
| value_expectation | tied_embedding_output | +0.001623 [+0.001166, +0.002108] | 100.0% | 0.000101187 |
| value_optimal_set | all_rmsnorm | +0.000589 [+0.000241, +0.000975] | 84.4% | 0.000100267 |
| value_optimal_set | last_attention | +0.000473 [+0.000179, +0.000770] | 84.4% | 0.000100049 |
| value_optimal_set | last_mlp | +0.000571 [+0.000150, +0.001030] | 81.2% | 0.000100556 |
| value_optimal_set | last_four_blocks | +0.000638 [+0.000231, +0.001074] | 84.4% | 0.000100135 |
| value_optimal_set | tied_embedding_output | +0.000540 [+0.000185, +0.000935] | 81.2% | 0.000101098 |
| expert_nll_control | all_rmsnorm | +0.000527 [+0.000239, +0.000821] | 75.0% | 0.000100183 |
| expert_nll_control | last_attention | +0.000175 [-0.000101, +0.000470] | 56.2% | 9.90514e-05 |
| expert_nll_control | last_mlp | +0.000260 [-0.000054, +0.000582] | 68.8% | 9.86779e-05 |
| expert_nll_control | last_four_blocks | +0.000307 [+0.000035, +0.000599] | 68.8% | 9.75738e-05 |
| expert_nll_control | tied_embedding_output | +0.000435 [+0.000134, +0.000749] | 75.0% | 0.000100602 |

### 四类留出合并：折扣价值期望变化

| 目标 | 参数区 | 留出 Δ价值 | 正值源比例 |
|---|---|---:|---:|
| value_expectation | all_rmsnorm | +0.000140 [+0.000045, +0.000237] | 81.2% |
| value_expectation | last_attention | +0.000327 [+0.000139, +0.000552] | 75.0% |
| value_expectation | last_mlp | +0.000425 [+0.000222, +0.000648] | 78.1% |
| value_expectation | last_four_blocks | +0.000368 [+0.000181, +0.000576] | 78.1% |
| value_expectation | tied_embedding_output | +0.000262 [+0.000129, +0.000411] | 71.9% |
| value_optimal_set | all_rmsnorm | +0.000052 [-0.000005, +0.000113] | 65.6% |
| value_optimal_set | last_attention | +0.000087 [-0.000039, +0.000202] | 65.6% |
| value_optimal_set | last_mlp | +0.000152 [-0.000011, +0.000307] | 75.0% |
| value_optimal_set | last_four_blocks | +0.000124 [-0.000012, +0.000258] | 75.0% |
| value_optimal_set | tied_embedding_output | +0.000083 [-0.000004, +0.000163] | 68.8% |
| expert_nll_control | all_rmsnorm | +0.000052 [+0.000001, +0.000112] | 59.4% |
| expert_nll_control | last_attention | -0.000088 [-0.000210, +0.000023] | 46.9% |
| expert_nll_control | last_mlp | -0.000060 [-0.000212, +0.000076] | 53.1% |
| expert_nll_control | last_four_blocks | -0.000048 [-0.000166, +0.000064] | 50.0% |
| expert_nll_control | tied_embedding_output | -0.000017 [-0.000126, +0.000084] | 50.0% |

### 留出迁移：value_expectation 的 Δ价值

| 参数区 | 同任务同动作 | 同任务异动作 | 异任务同动作 | 异任务异动作 |
|---|---:|---:|---:|---:|
| all_rmsnorm | +0.000374 [+0.000164, +0.000616] | -0.000009 [-0.000116, +0.000084] | +0.000127 [-0.000034, +0.000260] | +0.000069 [-0.000039, +0.000177] |
| last_attention | +0.000594 [+0.000325, +0.000888] | -0.000061 [-0.000212, +0.000084] | +0.000437 [+0.000174, +0.000728] | +0.000338 [-0.000040, +0.000849] |
| last_mlp | +0.000749 [+0.000355, +0.001181] | -0.000043 [-0.000293, +0.000216] | +0.000615 [+0.000334, +0.000925] | +0.000381 [-0.000013, +0.000856] |
| last_four_blocks | +0.000721 [+0.000334, +0.001141] | -0.000065 [-0.000220, +0.000096] | +0.000499 [+0.000246, +0.000782] | +0.000318 [-0.000050, +0.000766] |
| tied_embedding_output | +0.000522 [+0.000239, +0.000849] | -0.000044 [-0.000198, +0.000091] | +0.000337 [+0.000163, +0.000539] | +0.000233 [+0.000043, +0.000434] |

### 留出迁移：value_optimal_set 的 Δ价值

| 参数区 | 同任务同动作 | 同任务异动作 | 异任务同动作 | 异任务异动作 |
|---|---:|---:|---:|---:|
| all_rmsnorm | +0.000178 [+0.000043, +0.000329] | +0.000006 [-0.000132, +0.000190] | +0.000079 [+0.000001, +0.000151] | -0.000055 [-0.000212, +0.000066] |
| last_attention | +0.000335 [+0.000094, +0.000571] | -0.000178 [-0.000386, -0.000007] | +0.000097 [-0.000085, +0.000280] | +0.000093 [-0.000108, +0.000305] |
| last_mlp | +0.000426 [+0.000063, +0.000796] | -0.000190 [-0.000473, +0.000052] | +0.000285 [+0.000104, +0.000455] | +0.000087 [-0.000157, +0.000348] |
| last_four_blocks | +0.000352 [+0.000040, +0.000656] | -0.000167 [-0.000415, +0.000038] | +0.000203 [+0.000023, +0.000371] | +0.000110 [-0.000140, +0.000380] |
| tied_embedding_output | +0.000284 [+0.000088, +0.000497] | -0.000076 [-0.000270, +0.000088] | +0.000124 [+0.000025, +0.000211] | -0.000000 [-0.000094, +0.000093] |

### 相对专家 NLL 对照：留出 Δ价值差

正值表示价值目标在等源 KL 下优于专家 NLL；下表汇总四类留出状态。

| 价值目标 | 参数区 | 四类留出配对差（均值与 95% CI） |
|---|---|---:|
| value_expectation | all_rmsnorm | +0.000088 [+0.000009, +0.000180] |
| value_expectation | last_attention | +0.000415 [+0.000204, +0.000657] |
| value_expectation | last_mlp | +0.000486 [+0.000237, +0.000768] |
| value_expectation | last_four_blocks | +0.000416 [+0.000212, +0.000657] |
| value_expectation | tied_embedding_output | +0.000279 [+0.000102, +0.000488] |
| value_optimal_set | all_rmsnorm | -0.000000 [-0.000038, +0.000042] |
| value_optimal_set | last_attention | +0.000175 [+0.000077, +0.000293] |
| value_optimal_set | last_mlp | +0.000212 [+0.000096, +0.000354] |
| value_optimal_set | last_four_blocks | +0.000172 [+0.000096, +0.000261] |
| value_optimal_set | tied_embedding_output | +0.000100 [+0.000030, +0.000184] |

## 解释边界

该实验检验局部、一阶、单状态更新能否迁移；它不是训练算法，也不做多步累计。若留出 CI 跨零，不能把源状态的必然改善解释为可泛化学习规则。专家 NLL 只用于等 KL 的行为克隆对照。

